2024-09-30 19-06-58 - utils.py - utils - download_chromedriver - 317 - INFO - Chromedriver is already installed.
2024-09-30 19-06-58 - logger.py - logger - log - 11 - INFO - xdist worker is: gw0
2024-09-30 19-06-58 - logger.py - logger - log - 11 - INFO - ====== WebDriver manager ======
2024-09-30 19-06-58 - logger.py - logger - log - 11 - INFO - Get LATEST chromedriver version for google-chrome
2024-09-30 19-06-58 - connectionpool.py - connectionpool - _new_conn - 1051 - DEBUG - Starting new HTTPS connection (1): googlechromelabs.github.io:443
2024-09-30 19-06-58 - connectionpool.py - connectionpool - _make_request - 546 - DEBUG - https://googlechromelabs.github.io:443 "GET /chrome-for-testing/latest-patch-versions-per-build.json HTTP/11" 200 7489
2024-09-30 19-06-58 - logger.py - logger - log - 11 - INFO - Get LATEST chromedriver version for google-chrome
2024-09-30 19-06-58 - connectionpool.py - connectionpool - _new_conn - 1051 - DEBUG - Starting new HTTPS connection (1): googlechromelabs.github.io:443
2024-09-30 19-06-58 - connectionpool.py - connectionpool - _make_request - 546 - DEBUG - https://googlechromelabs.github.io:443 "GET /chrome-for-testing/latest-patch-versions-per-build.json HTTP/11" 200 7489
2024-09-30 19-06-58 - logger.py - logger - log - 11 - INFO - Driver [/Users/hans/.wdm/gw0/drivers/chromedriver/mac64/129.0.6668.70/chromedriver-mac-arm64/chromedriver] found in cache
2024-09-30 19-06-58 - driver_finder.py - driver_finder - _binary_paths - 60 - DEBUG - Skipping Selenium Manager; path to chrome driver specified in Service class: /Users/hans/.wdm/gw0/drivers/chromedriver/mac64/129.0.6668.70/chromedriver-mac-arm64/chromedriver
2024-09-30 19-06-58 - service.py - service - _start_process - 219 - DEBUG - Started executable: `/Users/hans/.wdm/gw0/drivers/chromedriver/mac64/129.0.6668.70/chromedriver-mac-arm64/chromedriver` in a child process with pid: 32477 using 0 to output -3
2024-09-30 19-06-58 - remote_connection.py - remote_connection - execute - 305 - DEBUG - POST http://localhost:51858/session {'capabilities': {'firstMatch': [{}], 'alwaysMatch': {'browserName': 'chrome', 'pageLoadStrategy': <PageLoadStrategy.normal: 'normal'>, 'goog:chromeOptions': {'excludeSwitches': ['enable-automation'], 'extensions': [], 'args': ['window-size=1920,1080', '--ignore-certificate-errors', '--allow-insecure-localhost', '--incognito', '--disable-gpu', '--no-sandbox', '--disable-dev-shm-usage']}}}}
2024-09-30 19-06-58 - connectionpool.py - connectionpool - _new_conn - 243 - DEBUG - Starting new HTTP connection (1): localhost:51858
2024-09-30 19-06-59 - connectionpool.py - connectionpool - _make_request - 546 - DEBUG - http://localhost:51858 "POST /session HTTP/11" 200 0
2024-09-30 19-06-59 - remote_connection.py - remote_connection - _request - 334 - DEBUG - Remote response: status=200 | data={"value":{"capabilities":{"acceptInsecureCerts":false,"browserName":"chrome","browserVersion":"129.0.6668.70","chrome":{"chromedriverVersion":"129.0.6668.70 (df87d5cf12b1397be7495a04cab2db6239b227a8-refs/branch-heads/6668@{#1420})","userDataDir":"/var/folders/n1/85qjm51176x6fjwxd5l6llgr0000gn/T/.org.chromium.Chromium.4cV30M"},"fedcm:accounts":true,"goog:chromeOptions":{"debuggerAddress":"localhost:51869"},"networkConnectionEnabled":false,"pageLoadStrategy":"normal","platformName":"mac","proxy":{},"setWindowRect":true,"strictFileInteractability":false,"timeouts":{"implicit":0,"pageLoad":300000,"script":30000},"unhandledPromptBehavior":"dismiss and notify","webauthn:extension:credBlob":true,"webauthn:extension:largeBlob":true,"webauthn:extension:minPinLength":true,"webauthn:extension:prf":true,"webauthn:virtualAuthenticators":true},"sessionId":"efbf0fb3ffcb2acc43fffe3fb1be594d"}} | headers=HTTPHeaderDict({'Content-Length': '890', 'Content-Type': 'application/json; charset=utf-8', 'cache-control': 'no-cache'})
2024-09-30 19-06-59 - remote_connection.py - remote_connection - _request - 361 - DEBUG - Finished Request
2024-09-30 19-06-59 - remote_connection.py - remote_connection - execute - 305 - DEBUG - DELETE http://localhost:51858/session/efbf0fb3ffcb2acc43fffe3fb1be594d/cookie {}
2024-09-30 19-06-59 - connectionpool.py - connectionpool - _make_request - 546 - DEBUG - http://localhost:51858 "DELETE /session/efbf0fb3ffcb2acc43fffe3fb1be594d/cookie HTTP/11" 200 0
2024-09-30 19-06-59 - remote_connection.py - remote_connection - _request - 334 - DEBUG - Remote response: status=200 | data={"value":null} | headers=HTTPHeaderDict({'Content-Length': '14', 'Content-Type': 'application/json; charset=utf-8', 'cache-control': 'no-cache'})
2024-09-30 19-06-59 - remote_connection.py - remote_connection - _request - 361 - DEBUG - Finished Request
2024-09-30 19-06-59 - remote_connection.py - remote_connection - execute - 305 - DEBUG - POST http://localhost:51858/session/efbf0fb3ffcb2acc43fffe3fb1be594d/url {'url': 'http://www.tcpjwtester.top/login'}
2024-09-30 19-07-14 - connectionpool.py - connectionpool - _make_request - 546 - DEBUG - http://localhost:51858 "POST /session/efbf0fb3ffcb2acc43fffe3fb1be594d/url HTTP/11" 200 0
2024-09-30 19-07-14 - remote_connection.py - remote_connection - _request - 334 - DEBUG - Remote response: status=200 | data={"value":null} | headers=HTTPHeaderDict({'Content-Length': '14', 'Content-Type': 'application/json; charset=utf-8', 'cache-control': 'no-cache'})
2024-09-30 19-07-14 - remote_connection.py - remote_connection - _request - 361 - DEBUG - Finished Request
2024-09-30 19-07-14 - remote_connection.py - remote_connection - execute - 305 - DEBUG - POST http://localhost:51858/session/efbf0fb3ffcb2acc43fffe3fb1be594d/execute/sync {'script': 'return document.readyState', 'args': []}
2024-09-30 19-07-14 - connectionpool.py - connectionpool - _make_request - 546 - DEBUG - http://localhost:51858 "POST /session/efbf0fb3ffcb2acc43fffe3fb1be594d/execute/sync HTTP/11" 200 0
2024-09-30 19-07-14 - remote_connection.py - remote_connection - _request - 334 - DEBUG - Remote response: status=200 | data={"value":"complete"} | headers=HTTPHeaderDict({'Content-Length': '20', 'Content-Type': 'application/json; charset=utf-8', 'cache-control': 'no-cache'})
2024-09-30 19-07-14 - remote_connection.py - remote_connection - _request - 361 - DEBUG - Finished Request
2024-09-30 19-07-14 - remote_connection.py - remote_connection - execute - 305 - DEBUG - POST http://localhost:51858/session/efbf0fb3ffcb2acc43fffe3fb1be594d/element {'using': 'xpath', 'value': "//input[@placeholder='用户名']"}
2024-09-30 19-07-14 - connectionpool.py - connectionpool - _make_request - 546 - DEBUG - http://localhost:51858 "POST /session/efbf0fb3ffcb2acc43fffe3fb1be594d/element HTTP/11" 200 0
2024-09-30 19-07-14 - remote_connection.py - remote_connection - _request - 334 - DEBUG - Remote response: status=200 | data={"value":{"element-6066-11e4-a52e-4f735466cecf":"f.29CA5E4FDE6B3066ACAAEB176FC5BB17.d.C4E1AEE512EDCC382EFDA4C9BB7DE0D2.e.4"}} | headers=HTTPHeaderDict({'Content-Length': '125', 'Content-Type': 'application/json; charset=utf-8', 'cache-control': 'no-cache'})
2024-09-30 19-07-14 - remote_connection.py - remote_connection - _request - 361 - DEBUG - Finished Request
2024-09-30 19-07-14 - remote_connection.py - remote_connection - execute - 305 - DEBUG - POST http://localhost:51858/session/efbf0fb3ffcb2acc43fffe3fb1be594d/execute/sync {'script': '/* isDisplayed */return (function(){return (function(){var g=this||self;\nfunction aa(a){var b=typeof...', 'args': [{'element-6066-11e4-a52e-4f735466cecf': 'f.29CA5E4FDE6B3066ACAAEB176FC5BB17.d.C4E1AEE512EDCC382EFDA4C9BB7DE0D2.e.4'}]}
2024-09-30 19-07-14 - connectionpool.py - connectionpool - _make_request - 546 - DEBUG - http://localhost:51858 "POST /session/efbf0fb3ffcb2acc43fffe3fb1be594d/execute/sync HTTP/11" 200 0
2024-09-30 19-07-14 - remote_connection.py - remote_connection - _request - 334 - DEBUG - Remote response: status=200 | data={"value":true} | headers=HTTPHeaderDict({'Content-Length': '14', 'Content-Type': 'application/json; charset=utf-8', 'cache-control': 'no-cache'})
2024-09-30 19-07-14 - remote_connection.py - remote_connection - _request - 361 - DEBUG - Finished Request
2024-09-30 19-07-14 - remote_connection.py - remote_connection - execute - 305 - DEBUG - POST http://localhost:51858/session/efbf0fb3ffcb2acc43fffe3fb1be594d/element/f.29CA5E4FDE6B3066ACAAEB176FC5BB17.d.C4E1AEE512EDCC382EFDA4C9BB7DE0D2.e.4/clear {}
2024-09-30 19-07-14 - connectionpool.py - connectionpool - _make_request - 546 - DEBUG - http://localhost:51858 "POST /session/efbf0fb3ffcb2acc43fffe3fb1be594d/element/f.29CA5E4FDE6B3066ACAAEB176FC5BB17.d.C4E1AEE512EDCC382EFDA4C9BB7DE0D2.e.4/clear HTTP/11" 200 0
2024-09-30 19-07-14 - remote_connection.py - remote_connection - _request - 334 - DEBUG - Remote response: status=200 | data={"value":null} | headers=HTTPHeaderDict({'Content-Length': '14', 'Content-Type': 'application/json; charset=utf-8', 'cache-control': 'no-cache'})
2024-09-30 19-07-14 - remote_connection.py - remote_connection - _request - 361 - DEBUG - Finished Request
2024-09-30 19-07-14 - remote_connection.py - remote_connection - execute - 305 - DEBUG - POST http://localhost:51858/session/efbf0fb3ffcb2acc43fffe3fb1be594d/element/f.29CA5E4FDE6B3066ACAAEB176FC5BB17.d.C4E1AEE512EDCC382EFDA4C9BB7DE0D2.e.4/value {'text': 'william', 'value': ['w', 'i', 'l', 'l', 'i', 'a', 'm']}
2024-09-30 19-07-14 - connectionpool.py - connectionpool - _make_request - 546 - DEBUG - http://localhost:51858 "POST /session/efbf0fb3ffcb2acc43fffe3fb1be594d/element/f.29CA5E4FDE6B3066ACAAEB176FC5BB17.d.C4E1AEE512EDCC382EFDA4C9BB7DE0D2.e.4/value HTTP/11" 200 0
2024-09-30 19-07-14 - remote_connection.py - remote_connection - _request - 334 - DEBUG - Remote response: status=200 | data={"value":null} | headers=HTTPHeaderDict({'Content-Length': '14', 'Content-Type': 'application/json; charset=utf-8', 'cache-control': 'no-cache'})
2024-09-30 19-07-14 - remote_connection.py - remote_connection - _request - 361 - DEBUG - Finished Request
2024-09-30 19-07-14 - remote_connection.py - remote_connection - execute - 305 - DEBUG - POST http://localhost:51858/session/efbf0fb3ffcb2acc43fffe3fb1be594d/execute/sync {'script': 'return document.readyState', 'args': []}
2024-09-30 19-07-14 - connectionpool.py - connectionpool - _make_request - 546 - DEBUG - http://localhost:51858 "POST /session/efbf0fb3ffcb2acc43fffe3fb1be594d/execute/sync HTTP/11" 200 0
2024-09-30 19-07-14 - remote_connection.py - remote_connection - _request - 334 - DEBUG - Remote response: status=200 | data={"value":"complete"} | headers=HTTPHeaderDict({'Content-Length': '20', 'Content-Type': 'application/json; charset=utf-8', 'cache-control': 'no-cache'})
2024-09-30 19-07-14 - remote_connection.py - remote_connection - _request - 361 - DEBUG - Finished Request
2024-09-30 19-07-14 - remote_connection.py - remote_connection - execute - 305 - DEBUG - POST http://localhost:51858/session/efbf0fb3ffcb2acc43fffe3fb1be594d/element {'using': 'xpath', 'value': "//input[@placeholder='密码']"}
2024-09-30 19-07-14 - connectionpool.py - connectionpool - _make_request - 546 - DEBUG - http://localhost:51858 "POST /session/efbf0fb3ffcb2acc43fffe3fb1be594d/element HTTP/11" 200 0
2024-09-30 19-07-14 - remote_connection.py - remote_connection - _request - 334 - DEBUG - Remote response: status=200 | data={"value":{"element-6066-11e4-a52e-4f735466cecf":"f.29CA5E4FDE6B3066ACAAEB176FC5BB17.d.C4E1AEE512EDCC382EFDA4C9BB7DE0D2.e.5"}} | headers=HTTPHeaderDict({'Content-Length': '125', 'Content-Type': 'application/json; charset=utf-8', 'cache-control': 'no-cache'})
2024-09-30 19-07-14 - remote_connection.py - remote_connection - _request - 361 - DEBUG - Finished Request
2024-09-30 19-07-14 - remote_connection.py - remote_connection - execute - 305 - DEBUG - POST http://localhost:51858/session/efbf0fb3ffcb2acc43fffe3fb1be594d/execute/sync {'script': '/* isDisplayed */return (function(){return (function(){var g=this||self;\nfunction aa(a){var b=typeof...', 'args': [{'element-6066-11e4-a52e-4f735466cecf': 'f.29CA5E4FDE6B3066ACAAEB176FC5BB17.d.C4E1AEE512EDCC382EFDA4C9BB7DE0D2.e.5'}]}
2024-09-30 19-07-14 - connectionpool.py - connectionpool - _make_request - 546 - DEBUG - http://localhost:51858 "POST /session/efbf0fb3ffcb2acc43fffe3fb1be594d/execute/sync HTTP/11" 200 0
2024-09-30 19-07-14 - remote_connection.py - remote_connection - _request - 334 - DEBUG - Remote response: status=200 | data={"value":true} | headers=HTTPHeaderDict({'Content-Length': '14', 'Content-Type': 'application/json; charset=utf-8', 'cache-control': 'no-cache'})
2024-09-30 19-07-14 - remote_connection.py - remote_connection - _request - 361 - DEBUG - Finished Request
2024-09-30 19-07-14 - remote_connection.py - remote_connection - execute - 305 - DEBUG - POST http://localhost:51858/session/efbf0fb3ffcb2acc43fffe3fb1be594d/element/f.29CA5E4FDE6B3066ACAAEB176FC5BB17.d.C4E1AEE512EDCC382EFDA4C9BB7DE0D2.e.5/clear {}
2024-09-30 19-07-14 - connectionpool.py - connectionpool - _make_request - 546 - DEBUG - http://localhost:51858 "POST /session/efbf0fb3ffcb2acc43fffe3fb1be594d/element/f.29CA5E4FDE6B3066ACAAEB176FC5BB17.d.C4E1AEE512EDCC382EFDA4C9BB7DE0D2.e.5/clear HTTP/11" 200 0
2024-09-30 19-07-14 - remote_connection.py - remote_connection - _request - 334 - DEBUG - Remote response: status=200 | data={"value":null} | headers=HTTPHeaderDict({'Content-Length': '14', 'Content-Type': 'application/json; charset=utf-8', 'cache-control': 'no-cache'})
2024-09-30 19-07-14 - remote_connection.py - remote_connection - _request - 361 - DEBUG - Finished Request
2024-09-30 19-07-14 - remote_connection.py - remote_connection - execute - 305 - DEBUG - POST http://localhost:51858/session/efbf0fb3ffcb2acc43fffe3fb1be594d/element/f.29CA5E4FDE6B3066ACAAEB176FC5BB17.d.C4E1AEE512EDCC382EFDA4C9BB7DE0D2.e.5/value {'text': '1234abcd!', 'value': ['1', '2', '3', '4', 'a', 'b', 'c', 'd', '!']}
2024-09-30 19-07-14 - connectionpool.py - connectionpool - _make_request - 546 - DEBUG - http://localhost:51858 "POST /session/efbf0fb3ffcb2acc43fffe3fb1be594d/element/f.29CA5E4FDE6B3066ACAAEB176FC5BB17.d.C4E1AEE512EDCC382EFDA4C9BB7DE0D2.e.5/value HTTP/11" 200 0
2024-09-30 19-07-14 - remote_connection.py - remote_connection - _request - 334 - DEBUG - Remote response: status=200 | data={"value":null} | headers=HTTPHeaderDict({'Content-Length': '14', 'Content-Type': 'application/json; charset=utf-8', 'cache-control': 'no-cache'})
2024-09-30 19-07-14 - remote_connection.py - remote_connection - _request - 361 - DEBUG - Finished Request
2024-09-30 19-07-14 - remote_connection.py - remote_connection - execute - 305 - DEBUG - POST http://localhost:51858/session/efbf0fb3ffcb2acc43fffe3fb1be594d/execute/sync {'script': 'return document.readyState', 'args': []}
2024-09-30 19-07-14 - connectionpool.py - connectionpool - _make_request - 546 - DEBUG - http://localhost:51858 "POST /session/efbf0fb3ffcb2acc43fffe3fb1be594d/execute/sync HTTP/11" 200 0
2024-09-30 19-07-14 - remote_connection.py - remote_connection - _request - 334 - DEBUG - Remote response: status=200 | data={"value":"complete"} | headers=HTTPHeaderDict({'Content-Length': '20', 'Content-Type': 'application/json; charset=utf-8', 'cache-control': 'no-cache'})
2024-09-30 19-07-14 - remote_connection.py - remote_connection - _request - 361 - DEBUG - Finished Request
2024-09-30 19-07-14 - remote_connection.py - remote_connection - execute - 305 - DEBUG - POST http://localhost:51858/session/efbf0fb3ffcb2acc43fffe3fb1be594d/element {'using': 'xpath', 'value': "//span[text()='登录']/parent::button"}
2024-09-30 19-07-14 - connectionpool.py - connectionpool - _make_request - 546 - DEBUG - http://localhost:51858 "POST /session/efbf0fb3ffcb2acc43fffe3fb1be594d/element HTTP/11" 200 0
2024-09-30 19-07-14 - remote_connection.py - remote_connection - _request - 334 - DEBUG - Remote response: status=200 | data={"value":{"element-6066-11e4-a52e-4f735466cecf":"f.29CA5E4FDE6B3066ACAAEB176FC5BB17.d.C4E1AEE512EDCC382EFDA4C9BB7DE0D2.e.6"}} | headers=HTTPHeaderDict({'Content-Length': '125', 'Content-Type': 'application/json; charset=utf-8', 'cache-control': 'no-cache'})
2024-09-30 19-07-14 - remote_connection.py - remote_connection - _request - 361 - DEBUG - Finished Request
2024-09-30 19-07-14 - remote_connection.py - remote_connection - execute - 305 - DEBUG - POST http://localhost:51858/session/efbf0fb3ffcb2acc43fffe3fb1be594d/execute/sync {'script': '/* isDisplayed */return (function(){return (function(){var g=this||self;\nfunction aa(a){var b=typeof...', 'args': [{'element-6066-11e4-a52e-4f735466cecf': 'f.29CA5E4FDE6B3066ACAAEB176FC5BB17.d.C4E1AEE512EDCC382EFDA4C9BB7DE0D2.e.6'}]}
2024-09-30 19-07-15 - connectionpool.py - connectionpool - _make_request - 546 - DEBUG - http://localhost:51858 "POST /session/efbf0fb3ffcb2acc43fffe3fb1be594d/execute/sync HTTP/11" 200 0
2024-09-30 19-07-15 - remote_connection.py - remote_connection - _request - 334 - DEBUG - Remote response: status=200 | data={"value":true} | headers=HTTPHeaderDict({'Content-Length': '14', 'Content-Type': 'application/json; charset=utf-8', 'cache-control': 'no-cache'})
2024-09-30 19-07-15 - remote_connection.py - remote_connection - _request - 361 - DEBUG - Finished Request
2024-09-30 19-07-15 - remote_connection.py - remote_connection - execute - 305 - DEBUG - POST http://localhost:51858/session/efbf0fb3ffcb2acc43fffe3fb1be594d/element/f.29CA5E4FDE6B3066ACAAEB176FC5BB17.d.C4E1AEE512EDCC382EFDA4C9BB7DE0D2.e.6/click {}
2024-09-30 19-07-15 - connectionpool.py - connectionpool - _make_request - 546 - DEBUG - http://localhost:51858 "POST /session/efbf0fb3ffcb2acc43fffe3fb1be594d/element/f.29CA5E4FDE6B3066ACAAEB176FC5BB17.d.C4E1AEE512EDCC382EFDA4C9BB7DE0D2.e.6/click HTTP/11" 200 0
2024-09-30 19-07-15 - remote_connection.py - remote_connection - _request - 334 - DEBUG - Remote response: status=200 | data={"value":null} | headers=HTTPHeaderDict({'Content-Length': '14', 'Content-Type': 'application/json; charset=utf-8', 'cache-control': 'no-cache'})
2024-09-30 19-07-15 - remote_connection.py - remote_connection - _request - 361 - DEBUG - Finished Request
2024-09-30 19-07-20 - remote_connection.py - remote_connection - execute - 305 - DEBUG - GET http://localhost:51858/session/efbf0fb3ffcb2acc43fffe3fb1be594d/screenshot {}
2024-09-30 19-07-20 - connectionpool.py - connectionpool - _make_request - 546 - DEBUG - http://localhost:51858 "GET /session/efbf0fb3ffcb2acc43fffe3fb1be594d/screenshot HTTP/11" 200 0
2024-09-30 19-07-20 - remote_connection.py - remote_connection - _request - 334 - DEBUG - Remote response: status=200 | data={"value":"iVBORw0KGgoAAAANSUhEUgAADVwAAAdmCAIAAADHXxJNAAABK2lDQ1BTa2lhAAAokX2QMUvDUBSFv1cKomYRFR0cMnbRppWmDdahqbXo2Cqk3dI0FLFNQxrRvas/wtlNcBGhs4uT4CTi4i4IrpXXDClIPNPHuQfuPRdSmwBpDQZeGDTqpmq12urCBwLBTLYz8kmWgJ/XKPuy/U8uSYtdd+QAX0AYWK02iC6w1ov4SnIn4mvJl6EfgriRHJw0qiDugUxvjjtz7PiBzL8B5UH/wonvRnG90yZgAVvUGTKkRx+XLE3OOcMmi0YNgxK71KhQoUCFHHlKGOgU0KhiUqRKkUN0SuTJcTBjA13+M1o5fof9yXQ6fYy94wnc6bD0EHuZPVhR4Ok59uIf+3Zgz6w0kHJN+F4H5RZWP2F5DGzIcUJX9U9XlSM8HHZQyaORQ/8FDJRN2vTWQQEAACAASURBVHic7N1nfFRFFwbwM3dbeiUQIoHQBEEQpFfpSAfpHUSqAtI7wktHAQEp0nuX3mtABKQjRZpKLyGE1E2yZeb9MJtlTdlsQiCAz1/Um3tn5s692YQvz+8cFpinNAEAAAAAAAAAAAAAAAAAAAAAAADAu0/J7A0AAAAAAAAAAAAAAAAAAAAAAAAAQMZAKBAAAAAAAAAAAAAAAAAAAAAAAADgPYFQIAAAAAAAAAAAAAAAAAAAAAAAAMB7AqFAAAAAAAAAAAAAAAAAAAAAAAAAgPcEQoEAAAAAAAAAAAAAAAAAAAAAAAAA7wmEAgEAAAAAAAAAAAAAAAAAAAAAAADeEwgFAgAAAAAAAAAAAAAAAAAAAAAAALwnEAoEAAAAAAAAAAAAAAAAAAAAAAAAeE8gFAgAAAAAAAAAAAAAAAAAAAAAAADwnkAoEAAAAAAAAAAAAAAAAAAAAAAAAOA9gVAgAAAAAAAAAAAAAAAAAAAAAAAAwHsCoUAAAAAAAAAAAAAAAAAAAAAAAACA9wRCgQAAAAAAAAAAAAAAAAAAAAAAAADvCYQCAQAAAAAAAAAAAAAAAAAAAAAAAN4TCAUCAAAAAAAAAAAAAAAAAAAAAAAAvCcQCgQAAAAAAAAAAAAAAAAAAAAAAAB4TyAUCAAAAAAAAAAAAAAAAAAAAAAAAPCeQCgQAAAAAAAAAAAAAAAAAAAAAAAA4D2BUCAAAAAAAAAAAAAAAAAAAAAAAADAe0Kd2RsAAAAAAAAAAAAAAAAAAAAAAAAAyEgfFcxfqWLpXDk/CMju7+fn6+3t6enh7uLiTEQxen1kZPSLFxEhIaGPnzy9e+/hr8dP/3n9VmZvOcOwwDylM3sPAAAAAAAAAAAAAAAAAAAAAAAAAK9ErVbXr1O9UcPaxYt/7OPtmaa5YS8izp+/vHXHvt17DptMpte2xzcBoUAAAAAAAAAAAAAAAAAAAAAAAAB4h/X5pnPtmlU//DC3Tqt9xaXiDYabN//ZtefQ3PnLM2h3bxpCgQAAAAAAAAAAAAAAAAAAAAAAAPDuURTl295dvuzc2sPdNcMXj4yKWbRkzayflnDOM3zx1wqhQAAAAAAAAAAAAAAAAAAAAAAAAHjHtGrecMjgr319vF7rXUKfv5j+44JVaza/1rtkLIQCAQAAAAAAAAAAAAAAAAAAAAAA4J1Rs0alcWMGBWTPlqZZQoiXXzAiwZg8cMD9B4/HT5y5Z9+RtG41UyAUCAAAAAAAAAAAAAAAAAAAAAAAAO8ARVF+njO5Vs3KjDmW5rMhhOBmE+cmImKKSlHUjDFGzMFcoBBi777gnr2Hv/3dhBEKBAAAAAAAAAAAAAAAAAAAAAAAgLddliy+m9b9nCd3YFonCiGE4Ma4WH1MBGOkKIrZzFVqjbOrh1qjIyLHawb+/c/9Zq26h4Y+T9cTvCFKZm8AAAAAAAAAAAAAAAAAAAAAAAAAwJ4ypYsHH9yQjkSgZIyPe/HsflxMlM7JxcnZ3RSvD3l4Kzz0oclkEOJfjYXty5M7MPjghiIfF0zfNt4Mlaf3B5m9BwAAAAAAAAAAAAAAAAAAAAAAAIDktWnVeO6sCc7OTuldQMTGROmjX/jnKmjmXB8VrlIrxnh9fGy0EETENFotEXOwJbFOp23etH7o87DLV66ndz+vF0KBAAAAAAAAAAAAAAAAAAAAAAAA8Jaa8cN3vXt1VqlU6V6Bm0366AhFUWudXCJfhBjiol3dvYmphRBciLiYaI1Gp9FqicjBXKBKpaperWJgjuz7DxxL965eH4QCAQAAAAAAAAAAAAAAAAAAAAAA4G3UqX3zXj06OJjVS4nJaIh88czFzcNsNkVFvPALCHJy9RDE4mL1bu5eBoOBiJyc3RhztFigjA8W+ih/ZGTUhYtXX2Vvr4OS2RsAAAAAAAAAAAAAAAAAAAAAAAAASKx06eKjR377iolAIuLcHB8Xo9HoTAaj2WTSObkwYjqds+A8Pj5O5+TGOTebjWldljE2YmifMqWLv+L2MhxCgQAAAAAAAAAAAAAAAAAAAAAAAPB2yZLFd8mCaWq1+tWXElwYDCZSVESkMEbEiEil1iiKSnCuc3Y1GAxGg8F2BpGwwYXgQghBItHKGo168YIfsmbN8uqbzEAIBQIAAAAAAAAAAAAAAAAAAAAAAMBbxMlJu3XTIg931wxZTQhhNpsYY0JwLgSRkHX+VGoNU1RanTY+PtZgjCObzJ8QQggz52ZuNnOzyWwyioSJiXi4u21at0ClUmXIVjNEBuQoAQAAAAAAAAAAAAAAAAAAAAAAADLKmhVzcgYGODhYECeRXIthIYgxIuKcGw3xxLnRaODCbDYbGZHgXPB4s9lsitNFhj0xxoZFhTibDPFmk8FsMpKZm00msynebIiNi41hjAUULBWQ52OmaIgRI0YkiBgRY4yCcn2wevnsVu16ZfBbSC+EAgEAAAAAAAAAAAAAAAAAAAAAAOBt0ap5w5Ilijo2NqGnrzALWcVPcCISgjHGBefcbDAZDRFPH4bcuSxin714/iw+JjLs1hnGiJgID31GRF5ZsoaEhOpUQqNiJkM8kVkIwTk3m0yGuOg4fbTZaNQ5O8XHRDy5dZ4xlbtvNv88H7t6ZVPUWkaWMGL5ciVaNW+4buP21/heHMYC85TO7D0AAAAAAAAAAAAAAAAAAAAAAAAAEBGdPrHTP5ufnQFC8Id/Xwl//A83GYxxcdwcT4ILzoUQXJhJmBkJxhjjgkgRihKnj37y6K63t3dUTEx8bKyHk1ZRFKawyIgIRVF5+PjGxhs1jJgwm80mtUar1miFECTMZmO8wWhQmMrJxUWtczGZzca4OK2zi4uHj5d/UIFyjRRFzRJqFD56HFK2YoM39I7sQqVAAAAAAAAAAAAAAAAAAAAAAAAAeCv06tHBfiJQenH/+r0rx4UwkWBCEBMkhBDEhTALs5GEUBQVMcYUjUqtFYKrhdlsiFczxjQatVanVmsYIy9vFSehqFSuLmrigimk0mjVah1jiskUL7hZrXNWm8yMkUajJYWpFcVsNJkNcZEh9wVjRIJsuhYHZM/auWPLpcvXv94X5ACEAgEA3go6nbZd6yYVK5S+cfOvpSs2PH0amtk7AgAAAAAAAAAAAAAAAAAAAHjTundtn/ogQWZDvDEuhoRJpWiJKWRJ5wkiRVHpNFqtzsnFbDaQYFwQEblptCqtVueiIaZWFBVjgpuNGpWKiIgxlaIWxEhhiqJiiqIoiprpzGYTN5tUTCHOBSnEBRFpNGrOzYKIkYoEkSDbXGDf3l0QCgQAACIidzfXdavnFvm4IBFVr1axTavGX7TodvuvO5m9LwAAAAAAAAAAAAAAAAAAAIA3Z0C/bt5eHo6MFEKQEMwkuMqkdnJ1cnHTaLRcUQsihSlEnAQXBkUIntDflylqtaJSM0VNxIiEwhShqIiYwhgpKmKMOBdms1kIIhVjKpVKIc64vJpAUam44EKuKRLvysfbc0C/btNmLMjIl5J2SubeHgAAXFycVy2fLROBkpeX58a184Ny5cjUfQEAAAAAAAAAAAAAAAAAAAC8OWq1+qvOrR0cLIQgzoXgJpNRq3PSubprXNy1Omet1kmt0TCmcC6IMUWlUlRqRaVRqTUqRc2ISJiFMBMJYoxIIUXFmcKFbD9sFtwkuFkILoQgUogpjBRijBgRk/8oikrFGEuaCJS6dG6tVmdyqT6EAgEAMpObq8valXOKFyuc6Lyvr/emdT9/EOCfSfsCAAAAAAAAAAAAAAAAAAAAeKPGjOrn6uri4GCWUKjPZDIxpjBFRcQkIuJCCNk2WJ5UGEuo9ieEsMxkCqlUTFGYzPwRkSDOzdxs5pyTkGMYJaxJxIgxIqYoCjEmSBBLJhjo5uoyZFCvDHgdrwChQACATOPm6rJ6xU9JE4FS1qxZJk8Y+sY3BQAAAAAAAAAAAAAAAAAAAJAJSpUslpbhQpDgJIhIMCZr+8nAH+eCBCdmiQ4SMRIkBOdCcM4F58Q552YhhMIUxhRijBEJEiTL/wlOZs65mYgpipqpVLZ3ZS+7Bstag8moXLFM+t9CRkAoEAAgc9hPBEqfVS73BncEAAAAAAAAAAAAAAAAAAAAkDmcnZzy5wtyfLws1Gep8WcTzpMthUkIm6qBXFb4ezlXyIigEJbCgSTTfgoxhRiR4MIsiAthZkwoioqxxCk7JgTJP8nFAvPlDWIp5AXfDIQCAQAygauL86rls+0nAokoNDTsTe0IAAAAAAAAAAAAAAAAAAAAINO0atlIrVY7PFxwLjjnXJBgjJGl2J8QgnOT4OaX44QgIZgM78ksIDcJzhkxRVEYo4T6gkwIEkwhRUVE3GwWZi4EyWbBTFEzxogLwc1CcLK2DWaW2oKJaDTq+vVqZMhrSR+EAgEA3jRXF+fVK376tPjHqY6cMXPhG9kRAAAAAAAAAAAAAAAAAAAAQGaqXfOzNM4QJEghUjGFWQoBJjQLTqj/x5g1LMhl19+ECCAXJNsNM0VRFOVliI5ZUn5CcFksUAYD5b9EZIkXMnkgmEgmE0hE1KxJvXS/ileHUCAAwBvl4uK8ZuUcRxKBCxauWrlm8xvZVOoURfmyU0utVpPs1bx5ct28dqxblzavdQ/16lS7evFwFl+f13oXAAAAAAAAAAAAAAAAAAAAePM+/rhAmsbLdJ8QQhb0E0IwJtsIs4QGwaaEkSRICCEYCSJOL1sGyy8FEWNMIWLymEhhisKYIM7/FTRkRMQZCUvfYkVQSpFAohIlirzS63g1CAUCALw5Li7Oa1fOSbVrsEwEjp88+41syiEuLk7Dhnxz8+qxRfO/12m1ia4OGdjLSacbObzvqV+3+2fzex0bKFgg35xZE9zdXXfvWGGb0AcAAAAAAAAAAAAAAAAAAIB3XbmyJTzc3dI0hRERE5yIMcYsQUDi3JIVJGFONF52G35ZRFAmCgVPCAjK9B8jIoUxhSmMKSSs/YctiwhZn9C6BWYtT5iYh7tbubIl0vYWMo7jbZjfeSeObTUZTdNnLti6fX9KY349svnGjb/+N2HGvfuPHFw2Z2BAntw5g4+depW96bTaeIPhVVbIFIyxup9XvfbnrX/u3E/fCj/9OM7fP+vEKbPPX7jy6vtRFEX+6DqiXZsmGzftet2vPTBH9h7d2mnU6sHDJ6U6uMCHeR49fhoVFZPs1QHfdmtQv+badVuXrdj4Ln5agIicnHQrl858FxOBRBQdrW/fsc/6NfNq1ax84cy+ytWahj4Pk5cURalWtYI81mg1Tk66ZFfI4uvz+287LH/1pp1GrZZZQP9sfmNG9Rs9dtorPA0AAAAAAAAAAAAAAAAAAAC8RazBA8cJS+0+wRhjCmOMCRn7Ezwh6seYDPpZ6gcml1iwxP44MSKFSDBGCinEiBhjgkj2HSZiCTOZbDEsI4H2ExDVqlY4eepcWp8rQ/yHQoFarTbHB9lnzRg3cdywL1p0vX7jdtIx9+8/rFWzcq2alYOPnuzaY7Aj0avGDWsP7N/jytUbPb4e6niU0Fa5siXWrvzpz+u323fqaw3ZvM2KFS1UrWr5WjWrFCyQV1GU6Gh96Qr1oqP16VjqwqUr3zXov3XT4gsXr3bo3DciMupVNnbq1+0ms2nK93O27Thgf2S7Nk0mjhs6fEifNh2+uXjp6qvcNKmcgQF1aletWqVC0SIfubm5yJMnf7+wZdte+xMXzpv6wQfZJ0yetWTZ+qRXDx0+3qtHxxHD+gwZ9PXipWsnvGWJMUiVk5Nu9fLZpUp+kurItzARKJ06feHQ4eM1qldyc3MZNrjXgCHj5flB/bvLtsJLlq4bM36GdXyNahWDj500mSzR+9DnYQOHjCtfrsTVqzdi9LGJFtdoNJMnDCOiq9duLlm2zv5Orl67mdEPBwAAAAAAAAAAAAAAAAAAAJkmnW0JLf1+LRX7hCAhzCS4MHPZTTilMn6W2cJyXZBgch1ZCvDfLJUFLWFA2dtQWO7O7KUCX1OvRUewwDylM+veb9ipX7cHBGQjolu377Rs0zPZ+J1Oq71y6ZDsjLl9x/5vvh2V6rKd2jf735hB8tt/5+4DkXKj6JTkDPxArVYRkclkHjhk3Oate9K6wmuV44PsJUsUKVa0cMGC+fPnz53F19uSobVx6/ad6rVbpm/97ZuXFPukMBE9ePi4fOXGr7LVc7/v8cviQ0SxsXEGo9HOSA93N/kUQohv+o7csevgq9w3i69P5UplqlQuW+yTwh98kF2jSSZrG28wFCj8mZ1Chm5uLlcvHpa7+uvvu9Vrt0o6uHbNygvnfy+Pe34zbNeew6+ybXiT3oNEoOTt7Xnh9F5FUWbMXDBj1mJZJvD6lWAnne5/42csWvoyzFendpWf50754/L1+o07OrJyxfKl1qz8iYhq1W2bbGgbAAAAAAAAAAAAAAAAAAAA3lfrVs0tXy4NzXYFN5/ds/TuxWBGXDBVloAgjbObEGQ2xXOTmXMj55wxUqnUlkhfQt5JCCGEYIwpikJMIWJMUclygYy9bBUsI4CMqZiiyJbCnJvIbBYk5BpGY7yrT/ayDXspag1LIXp44uS5Vu16ZdAbSpv/UKVAQ0LZPzvxtXiD4fjx09WrVSQi+V9b5cqWSFrR0VrvKjIqOiYmPdXyQkPD/P39iEitVuXNkzMdK2QIHx+vQgXzFyiQJ2/uXLlyBQYEZMvql8XNzSVpBNCWEMJoNOXNk/OzSmWO/vp7Ou67es1mGQrM8UF2O22U27f94tz5y9f+vGVnKaPBEgS8eOmq/XBmwQJ5fXy8iMhoND0Pe5GmDXt7e5YtXbxMqeKFCn2YO3dOXx9vmelMinMeGRUd/iIiOkbv5KTL4usd8ux5SssO/La79VVHR8coCksaINx34Fh4eKSXlwcRyfijVZXKZbNlzbJ+0840PQu8GY4nAmfMXDhj1qI3sqlULJg7hXMeGRlprfNnFfYi3MvTM8cH2Sf+bzARffhhXied7s6d+3ly55Rn5F+LLVs0IqKiRQrOmz2xZ+/hqd6xVs3KMmGcNBGY1c/XYDSGh0dm3PMBAAAAAAAAAAAAAAAAAADAW8Tb2zM905iM8BH/VyxPtg/mtlk920JvidJQQgimKEIIwQWRIEGyLXDCIOvghKKClkKBzH4ZwvQ/VEb4D4UCjUmiLclau36bjAOeO3/Z9nyfrzsP7N/jh+nzZ81ZanvemphZt36bIx1dtVpN32++/H76z9YzlSuWXrV8NhHt3HXQ9vyrW7Lgh+0792/dvt/OmNYtG40Z1d/JSZfo484551wYjEazyezi4izPHAk+8fTpswcPH9+99/DO3Qd//X1Xn6QHaFpt2b5v6uSRjLHw8MiUEoHlypYYP3ZwXFx82UoNX7yISGkpk9nyvWjd/hs7NfmIaN7sifXqVieimbMXnThpr3X3F43rVCxfMleuQH//rD7eni4uzsmmJMPCwl+ER4SEhD5+/PT2X3cuX7l+8dK1NHVDbtWykTwYO3764qXJtA+Wrly9XrFCaSHEhl92WU8G5cqxeME0tVp178HjzOpEDilxPBE4ftLMBYvWvJFNOaRunWpGo0kfG5u0AGp0TEyzpvXlz4LJZA6PiPTy9qxfv2aiMfKgdOnijLFEi/j4eB09tGn4yMnWOp3Vq1USQnzVfWCie7m5uRw5sFGtVjVr1f3yleuv4UEBAAAAAAAAAAAAAAAAAAAgk3l6eqRvIkv4n5BhPS6E4IILxgWpEscV7K+TMPblJGsuUAjBiFnTSPI6Y6nkAtP9UK/uPxQKNNgEzjw93OvWqbZ5y56sWX0fPwmxLYV1OPi36Gh9dHTMsJGTrCfLlysxoF93IhrYv8f1G3/tP3jMeolzh7KGVju2LPuoYD5fH++hIycnumTNtGWI/43uX6N6perVKj589PTM2Usp7mfXgfMXLqtUKqPRGBUVExkVnTTnd+fWSUVR9Pq4zl0HOL6B3EGBn9eu8uTJs6chz7jZXkTv7Lk/cucO/GnusrKliye9qlarlyyaxhhzdnbat2t1+cqNkpYue31KlSiaI0dAbGzcn3/eiouL0+v1Ic+ePw0Jffw45NHjp5PGDyterLAQYsWqjdNnpr/AW7s2TWTyct/+ozIRWLF8qRrVKoaEPjfEG4RNq/J79x4aShn37Q9u3bKh9eS3fbrKnsUrl86sWLXJkyfPXvm5IWO8u4nAbr2GeHq42wm23v7zuFarEUK0bNvTzm+YlBiNRk8P9zmzJowZPUDW+JTt3deunJNopJeXh/zp2LFladlKDfHxBgAAAAAAAAAAAAAAAAAAeP94erqneU7iwl6COBcJmEg+rycLG9nm+WQBwIQigcKyFDESQjBOpCScZgpTuJCxJcEsoUB7oUM3N5c0P1QG+Q+FAm2Dn9s2L8mTO2e1KhVq1/os0SXJ1dX5ePAW65e2xeHmz5lctESN6GhLp2DO/zU3ICDbupVzIiKjDAmtbG35ZfEJCgokojatm1y6/Ofa9dsc3HzhQh/6+niFPAsLj0ixTp6talUqdOrYUu587co51Wq1uHf/UbIjo6P1N27+7eA20sTTw33IwF6Kojg4fsyo/qmO8c/mN6hf90nfz7U/bPHP39uvFPjJJ4Ud3NWwUVNSutS6ZaPixQrLl9y9a/sfZy+xvemsGf8LPnpy89Y9jtxl8MBeRBQeHtn966FEpCiKwWDo1LGFfHvWz6f1c1i/Xo369WrYriDHaDTq4UN69+k32sGng9fq3U0ESraJwG97f/nn9dv7Dljy0AUL5NNqNUQ0e84S20Sgt7dn44a1ly7fkOrisbFx1oNTv9srb1m0yEcFC+QjoidPUokXAwAAAAAAAAAAAAAAAAAAwDvK2UmX1imMiDFigtHLZB+X7VETygammAskYsRkro8RCSYSBcgEkRCkkOAkzIwU4kSKIhgjSw5QEEvchji5h3JK60NllPc5FLhr23JPT4/IyKi4uHgiypsnlzx/9NCm3EGBRFSrZuXjv5328vL85597d+7ed7BcpMFgNBpMKV199Ohp6PMXJUsUDY+I1Mck01r30aOn8qBGtYqOhwL79+1as0ZlBwcnotVq1q6aW+Gzxumbbl/VKuXPnL1ojUjauvjHtTYdvvm02MeXr1z/586/Xm/dz6t179aufae+kWlpsCs9ePgk1TFlSn9q/7v56jncYkULTRo/VKbxNmzaMWL0VNtE4JiR/Ro3rN2oQS2NWrV+0077S3Xp3NLL00MI0br913KRKROH1a9bY/ioKY+fhBw9dsq68tlTu7P6+er1sV92G2C/6zG8DcaM7PfuJgITqVSxbP9vu/924sz4SbPMZt7n687yt9nO3YdlYk9aMHdyUFBgndpV23T4xn5FT3NCvO/3388NHDJeHnt5efhl8bl1+47tyIH9uslbfNltQMiz56/n+QAAAAAAAAAAAAAAAAAAACAzmc3c8dJjFkxYO/zK+n/cbDabTcQ5s9QRtLQPllf/VSYwIRH4smWwpR6gXJPZBo+sFQQFCSGEpUwgMZVKZblut4lwpnifQ4G/bNk9ZlR/znlkZHS8weDsbIleurg4Pw0Jlcdnzl6cMWuxrM0WfGDD3v3BP8z42WAw6rTagf27/zR3mZ3umSlp2rKbSqVkbIvbLt0HzZk53mQyXfzj2pMnIWmdfvfewwzcjFW5siWWLZr+z537VWo0T3bAiZPnkmbXAgKyDR7YS6NRr105p1qtlqHPw6yXGGM3rh69cuXG9B8XHD9xJt0b+7h4dfuVAufNnlivbnX5YUjH+jkDAzatX6AoSnhEZLuOvf+4fN32ap+vO3/ZuZV8nO+njLr34PHJUykG+BRFGdS/JxH9OGvh1Ws3iUin1X7RuK5Go544bki7jn2sDzJp3JCsfr5yz106tUIo8C2n0+latWyU6rB3IhFobb9eoXypPTtWWk8GBGTbv3t10sFly3w6cmifMeNn2Fkw2dhul06t+vbu8jQkdOGi1QsWvwOvBQAAAAAAAAAAAAAAAAAAADJEbFycRuOWpikvg3iMkSAhzGZulmUCBRdMISZ7ApO1ya8QQjCmEDHGFKYoRIwEF4IL6/WETp4viwAKYowJxTIgYRnBGGNMlepDpemJMtD7HApcsmz9xl92RkXFEFGxTwpv37xEni9Vrl7SwX2+7hQUFNijW/sunVs3b91dr4/r9lXbbl+1PXjo14FDx7944VDTXkkI4UgisHy5EqVLfvLj7CUOLvt135GO7yFNdFpthQolHz0Kefz4abzBkHSAtdalk02hzqx+viuXzmSM5cmdc+G8qV17DnbkXoyxrRsXazRqWRVs/Zp51Wu3tF4VQkyYOGvsdwPWrPzpwcPHI0ZPPRJ8wvEHSbUmZ1IeHmn4bSLzyJ6e7vt2rdZqNbdu36nToF2iPtE/TBnZolkDeWwymU+fuWi/GuLk8UNcXJwvXroqw6lENHHcYPl+iChr1izyoE7tKm3bfEFEcfHxXbsPyu6f9caVo8FHT46fNPP+g8dpfGiANJPdfmNj42p83srOsF/WL/T39wt59vx/E2em+17Zsmb56ss2CAUCAAAAAAAAAAAAAAAAAAD8d0RH6z3c0xYKTCjpZ638J2QtP3lJcCGYYFyQwhKaCSedzYgxwQXJ8oFETEYNE2eQGGOKbBlMjAnZtdi6SMplApNtvvpmvM+hQCKSiUAi6v5VW/sju3ZpJw9i9PqwsPA7dx90+qr/0oXTataofOH03m3b9w0YMi4Di/8FBGRbsWSmVqt58uTZo8dPM2rZ9MmXL2jpwumpJurc3FxuXj2W7KXatT5r3LDW1u37U73XvNkT/f395PHhI799O3BMogHLV206cerszq3Lc3yQffniGddv3O7Wc8iduw8ceRCN2vJ57talNef22gfnzWvpJe3l6enIytJ3I/p27vQyEZXF1/v4kS362Fi9PjYqKjomRv/BB9k/KmhppRp8iPBxJgAAIABJREFU9GSPb4bp9cm0kLbKny+oZYtGen3sN31HFvgwj4+Pd7asvk2/qEdEnPMGTTpfvnKdiAoX+nDOrIlE9Cw0rHbdtqHPwxRFadyoTp3Pq9b5vOqFi1d79h5mbUsNb4n4+PgNG7e3aplK2+6Rw/oS0dtfLFD+9jObuf0QqtFkIqKwsBf2S3WmxNXVUrlzzrxl6d0pAAAAAAAAAAAAAAAAAAAAvHsiIiIDsmdN0xSbbBBL+CMEs+QCRUK9wOTigAkLCGvLYFkjUGEJscCESoSMhBCMM1IpChOkMsuuxUJh3JywcoqZq4iIyDQ9UQZ6z0OBVpUrlbUeb1gzb826Ldt2HLD2r2zZrL67u6sMEZYuXz8uLp6IjgSfaNy0y6b1C7RaTZPGdapVq1ivYYd79x+ldIvq1So2/aJudFRMdIw+2c6YtvLkzqnVaohoyqQRk7+fk3EPmh5Xr90cNnJy7Zqf/XH5z5u3/k6a5pn30yRZo67fgMQZPolzceLk2VRv1Lplo7p1qsmfuklTZs9fmEzj0fLlSvx5/fZn1Zvt37PGy9OjYIF8Rw9tWrBo9YTJs1NdX6W21OQcPrRPqoMl29qHqVq1dottKNDb2xIoNBpNarXKmqqMidH36jMi1RqHjRvWmjVjnGwHfDx4S6Kro8Z8LxOBOQMDtv6yWK1WXbl6o3GzLrIwIee8VbteQwf17NWjU/FihU8c3Tp2/Iylyzc4/izwBowaMy1nzhzly5W0P2zksL6uLi4zZi16U/t6e2Xx9ZEHv5+5mNl7AQAAAAAAAAAAAAAAAAAAgDcnTX1cLQQjYrKIHxMWTJBsASysZ/4d2hNCEBOMhBD/qixoGcSEIPavoJ8QQnBGiqWyIDFiisIURgqRknIgML0PlUH+E6HAQh/ll5k/qWyZT8uW+XTq5JHlKzUOfR5GRAP695DfwRZteshEoIynXL/5V71GHfbtWq0oiqeH+9ZfFn9auk5Kdzl+/Pe6dWsEBPiHhobFxcd7eXr4+HgRUXhEZFhYeEBANiedjoj+/uceET0NCbVO/Khg/tf8AlK3Zt3WNeu2pnSVc64oislo3rXncLpv0ap5g8kThhGRwWCMjIr6rHK5ZEOBi+b/4OLitH3ngc/rt9u3a7WnhztjrHvXdhERkT/NW27/FrJS4IOHj8+fv9ywQS29Pnbp8vVTp81PmtGcO2tC/Xo1Qp49Hzt+huOPcOv2nXUbtmX3z3b9xu2bt/6+cfOvf+7cj4qKGdivW++vv5QfoZ27DvYbNDZRT+Fk7d575MdpXLYkNhpN12/cjonRly3zqawyuHL1ZpkIPLBnrU6rXbN2y9CRk61zdVqts4vTitWbs/tna9K4jqIoY0cPePEi3JFijfDGxBsMHb/st3zJjFRzgf36dnV1cR7vQPI1c7m5udy9fcrOgHS08Lbl72+J/N+89ferrAMAAAAAAAAAAAAAAAAAAADvlmehz9MxS/bxZbKeHxeCC+KC5D8WQiS0Bn5JkBCWhsOCv6wkyIiTJUP47ybCQnAyM6GSx5Y7KypFUZhcLoVsYPoeKkP8J0KBiXoHH//tdMUKpZ10uqmThn/ZbWDP7u39s/kR0czZi65eu2kd9sOUkZUrld1/4OjkqT/JynNZfH3y5wu6dftOsneJNxhLlq1r/bJGtYpLFk4jomEjJu3ac3j18tmVKpYWQlSp0TzRxMoVSzduWDujHzoTZPXzDXmW/Ee5Y7tm48YOkg1w6zXqMODbbk2b1FOrVYk6MpctXdzNzYWIGjesXatG5So1mgcf3Oji4kxEXbu0TTUU2Omrftmy+un1+pXLZskKfF/37HT02KlTpy8kGjlj1sIduw7s2Rec1mccPGyi7Zf+2fx2bFmWJ3dOGUb8qvsgIjpzYte583/8NG/Z+QtX7CxlMBjXrd/24Yd5585ffvDwcRcX54tn9xHRkyfPOnbpR0TXLh1xdXWWv5VatWzUulVj+6GrEcP6IhT4tok3GDp91X/18tmlSn5if2S3ru2I6C3PBer1sW06fGNnwIJ5U7P6+TqylCyVmkhQrkCZkU22+7BWk8wUAAAAAAAAAAAAAAAAAAAAeA88efosrVOYjPcRCUucRsjigdymfJil7l9yc5klOciJuKX1sEhYVmFECr1sISwbDMsShEwIwYkzIkVRCRIs5VBgOh4qo/wnQoFVq1aw/fLLbgOvXjys0aifPn0WmCP7kIG95Pk7dx/aDitQIK9arapbp1qdz6v+9ffdvHlyyf7CDt7U1dVZHsTHGzLoOd5q//tuQId2zRo37XLxj2uJLn3VudXokf2I6MzZSy3b9jSZzBs27WzZvOFXnVslKhYo6+1Jc+cvf/L0Wau2vbZtXsIY8/LySHUP5y9c8fRw//23HfLLh4+efNV9kG3Q0+rW7TvWcGdWP9/jR7fs3Hmg/+BxaXrkXj06DOzXQ61WxRsMU6bOWbR0nTy/fuP27l3b1aheKTpav2rNL1OnzUuUfbSyLf63dOE0J50u3mCo37ij/B0T9iJcRiSJSFGU6Gh9dHRMeEREXFy8Tqf7/fT5kJDQR49DHj8JmTNrfBZfH0deEbx5cXHxbTv2fj9ygZwL+1FXx3/debi7Jz3p6+tNRM/DXiQ7xc3NNdnzAAAAAAAAAAAAAAAAAAAA8K47fOS3RHXfUmMNAspQoGAkLD2BiV5WB0wurWdpAkxExIRlsO2CjARjKsX2Fsx6U6bIhUXCtJQSgfKh0vJEGen9DwUWLvShl6eHLMDm7+8nMzrTfvy5Qb2a035cuH3LEkVRHj166ufn26Nbu81b91gnZvXLIg+O/3Zm6IiJhw9suHHjb8fzmx98kF0e3L334DU81tulZbP6nTq0IKKN63+uVPWLJ09evqVePToMHfQ153zcxB8XL10vT545e8loNHXs0MI2FMgYk81ziWjr9n2z5iwloot/XJs5e9G3fbo+evw01W2o1aoDe9bKyoKyLffUSSNSnZU7KKeTTtesaf3s2bO1bm+vCppV0SIFF83/wd/fTwixa/ehfoPGWrtOE9HEKT9t3rp3/eq53t6ePbq179yp5egxP6xdv83Ogp3aNytXtoQQok37b6zVFkeOnlKo0Ifnz1+Oi4vfvmWpPjZ24pRZW7fv7/5V2xHD+mTLmmX12s1bt+/jnHfvNXTj2vlPn4bauQVkovcpF5hRsmXLkuhMoY/yazRqIrpy5XqyU/wcq0EIAAAAAAAAAAAAAAAAAAAA75yTp85FRkV7uLs5PEMQEReCkWCMhCASgoRI3JyQMbLWAHx5gixFBsW/htLLZKBglgbDJGzCgowx4pbOwkzhCqXc8ZMoMir65KlzDj9OBnv/Q4ETxw0loitXbxCRDAUS0dz5K+bOXzF6RN8cH2R/GhJarXbLrZsWFfgwr5eXR3h4pBwp4ymc8/ad+3LO839UKU33zR0UKA/u3XuU0pg/zh8oXb7+qz1f+rVq3mDE8L6x+rjomBgh7I1UFIWIXFycDu1bn+yAfHlzyQOdVrtv5+pipWrLn6VaNSoPHfT1H5evd+s1+NGjf6X6bt3+p9BH+UuV/OTM2UvyTL8+XeQ7fxYa1qffaOvI6TMX/XPnwdFfT6X6RDu2LJPf4pBnzw0Gg5eXR46EaGZ4RGR0dAwRWc+EhYXrY2OJyFqNr0L5UmVLF0/aa9iWt7fnnJnjK1YoTUR/Xr/dq/fwv/6+m3TY9Ru3y1RscHDvupyBATqtdsrE4R7ubj8vWp3cklSyRNGx3w0komEjJ1vfBhEFHzsVfOwUERX5uKCsaDhrxrg9e4MjIiKJyMfHq/fXXx4/cfbkqXNnzl4qW7FhjF6f6iuCzPJ+5ALd3FxuXDlqZ4Czs5ODS+UMDJAH1pq97Vo3kQe3bv2dN0+upD9Z4RGRad8yAAAAAAAAAAAAAAAAAAAAvBuuXLlRvlwJx8cL638FJ+KCk+DCbDYriiLLBDJLqk+w5Ir5CSIhuOByGUaM2Q4TgsuJQgimKMQ5qRQmBCdOREwwIibsJq7OnbuchofPaO95KDBnYEDxYoWJaMjwiVMmDre9lD9fUJfOra/fuF2/cSeDwXjkyG8FC+Tr17vLd+NmEFHtGp/JYZf++DNxgNQxZUoVJ6LY2Lh4Q/L9NANzZPfy9LCWtXvzNvyy69s+XbNmzeLkpIuKTr0tsqIoTk66ZC89ePjEemw2mbJlzSJLKv5++kLDL768eOlq0im79xwq9FH+FUt+LF7687i4eG9vz296WXoHd+k2MNHgLdv2prq91ctnFy70IRHNnL142o8LiKhBvRpzZk0gouhofcmydQ0GY8EC+fbvXk1EJpO5dIX6BoORiC6d3e/t7UlE/QeNTSkR2KZV48Ac2f38fJt9UU9GJC9fuX737oMxo/q7uDi7uDg7Ozu5ODtrtRqtVqvWqNQqtUpl+f0ide/WLtlQYBZfnzUrf2KMrVi18dq1m926tPmkaKH8+XP7+2d98iSkVt22RCSzkkS06Zed8QZDjD5Wfrlh0w5roDgTe5CDg96DXKDRaPpl8y47A5o1q++k06lUqf/NotNpZep6/cYdROTl5dGqZWMiiouPV6lVh/evf/EiYveeQz/OXnz5yvUrV2/8OGvRkeATGfo0AAAAAAAAAAAAAAAAAAAA8BbZd+BomkKBlligkNk+M+fcbDbIWoEqlUpm/Ky5PdsYjxCCOCdiQnAibgkOJpQGJEZEwmzixJjMFwouywMKLkRCdUEhuDCbTSLl5sGbttiLWLxu73koUAYBz52/fDlJP8qIiKiFi1ePn2SJ3SxdsbFnj44tmjccO2Em57xD++by/MrVm9JxX61WkytXDiI6eOjXlMZ8XLggEblmXiiQc162UkNHRt65dVJRlOhofYXPGqfpFhGRUckmAonop3nLe/Xo6Orqsm7V3MbNuiycN1WtVhHRzl0HU5qSEsbYlo2LPi3+sdFo6tpz0OEjJ4jIxcV52veWcoNfdu0v83/Tpo6SZw4dPi7PEJGbm6uMCW7avDulW3Tt0iZvnly2Z4p8XFAW8LMVbzDoY2LDIyIiI6NfvIgIC3sRGvq8bZumWq3GbE4mWvrL+gWFC33opNMRUYd2zTu0s3zqIiKjTp++sHT5BvmlTmfJYl65dlMmTeWXz0PD0vSiINO967nA+HjD8NFT7Qz47LPygTmya9SqVJc6EnxyyPCJ23bs1+tjGWNrVvwkfwNMnDRr2cpNG3/Z9fPcKe3aNm3Xtuk/d+7/vHDV/oPHMvRRAAAAAAAAAAAAAAAAAAAA4O2ybv22kcP6WItnpYoxRQghzGZFoxFCCM652fyvZsGCmLCUCqSXZQCFEFwmjhgjQUz2HRbESVhOEyM5UwgSZiFIqFRqwU0ioZcwCSLBOeckks8EmkymnbsOvvo7Sbf3ORSYxdenfLmScfHx7Tv3SXo15NlzayJQFloLefY8q5/vhLGD5sxfkT9fkAyK/bJlTzpu3aJZfRkv/WHGzymNqVm9IhHlzZMrfZUI33Wc81Fjvp82dfSnxT9eNP/70qWKEZFeH9un/2gHZr+k1Wr27VqdN0+u8PDI+o073rv/SBY13LNjpQzbbdi0Q9b/K1zoQ2uMb+z4GfLAyUknf5VERUXbucvmLbsHDehJRDEx+tDnL8LCwr28PPbsPfTg4ZN79x4OHfzNx4ULEFHLNj2vXr3p5KSLiIyyzr334NF3I/ufPHk26bJ+WXxsS0U+Cw07cODowiVrEzVOzeLrLQ/+/vsuERmNxjS9InirvKO5QLUDOb+Xgx346zkiMmrt+m2yEfbubSsCArIR0cVLV5et3EREN27+XaVG82Zf1B0/dnDuoMDJE4aNGt531pwl835e+WrPAQAAAAAAAAAAAAAAAAAAAG+p2Li423/d+ahgPseGM8aYSqXiTBBjZrOZm0xCCEb/7hUshLC0BbYU9RPCkumzXrceCOKMkZARQpkOJEs9Qi44MzMiIoWYYEIILnjCIsnkAm/dvmO/ufDrpmTivV+3SeOHMsZ6fTM8OlrvyPh167cSUZvWTaz15C5eupqOb4+7u+uo4d8S0fUbt/+5c1+elOswxvyz+ckcTJ3PqxFRj24dbKtT/qds/GXX3XsPiahWzcryTN/+o00ms+Mr5M8XdPq3nXnz5Dpz9lKpcvVkIpAxdmDP2txBgbIi4MAh4+XgaVMtccM9e488ePhYHhdNiAk+fPQkhZuQrGv4ef12eQqU/6ho1UpVv4iPj88dFJg7KNeqNVuOHT9tGyjs2L7Z5QsHjxzY0LplI/mdXbx0fcmydfv0/y7pspOm/kREYWHhq1b/Ur5y4xJl6gwdOTlRIpCIPin6kTyQl4wmk+OvCN5CcXHx7Tv3PXP2Uqoju3Vt16lD8zeyqVS4uLgQkUarljUyU/qj1WqISKvVOrhsp/bNTh3fLhOBu3YfatS0i+3VTZt3f1Ki1p0794nI1dVl2OBvfju6NRNbrgMAAAAAAAAAAAAAAAAAAMBrtf/g0bQMZ0TEBGNCMMEF5zLnpSgvKx8JQST7CFtjgJbzXP5JCAgmNAUWXAgzCc4sZQOJqRQloRkxY0zekJi8npAwfNUHyXjvbaVANzeXmjUq7d5z+ODh4w5OmTVnaa8endRqVbmylu7UQ4ZPSHWWoiSO9G3dtMTZ2enJ02cNGne2ngwPj5AHv/+2I95g0Gm1MjFWvlwJa+E3rUbj4FbTavrUUSHPQid/P+81rZ9uvb8dtX3zEnn85MmzfQfS0CG0+1dthw35JuTZ85Zte508dU6ezOrnu2ndz0FBgUS0fuP2QUMt38EeXdsW+ii/7PDbd8DLfF7RIpa83a1bf9u5lxDi2p+35HH7tl+ULfMpEdX5vOryxTM6dulnO3LB4jVmbh42uPeUicPHjRl0+MhvQ0dOCnn2PNll9+wLzv9RpXiDIekltVpVuVIZXx/vjb/sKlggv9zDg4f2kouBObLPnT2xQZPOdsbAW0Kvj+3Que+q5bNKfFrU/sgB33ZftmLjm9pXiry8PIhIp9Xu2rY81cE6XeqhwFbNGwwf2kcuG/o87Lux03YkVzU33mCoUrPF3p0rCxbIJz/kQwf1Gj12WnqfAwAAAAAAAAAAAAAAAAAAAN5eM2cv+apza1dXl9SHMlKpFEVRzNwsmKAk6TwhhExnCRIkKOWqbdZqf8K25p8QgsllbSYKEkww8XJe8quGR0TOnL3EsSd+Xd7bSoEqRXUk+ESvPiOsZ9TqVBKQBoNx8dK11i+PHjt16/adVG9kWxPL39/v2KFN+fMFhT4Pq1arhW3Ya+v2ffKAMeak01k/EfEGw/ad++Wxk5PO4edLg57d2zdrWr9Xj06tmjd4Heunm4uL89zZL2OX/v5+Rw9tCsyR3ZG5AQHZ+nzT5bux00qXr29NBLZp1fjkr9uDggI55z9Mn29NBLZsVn/4UEsL6cFDJ8TFxVvXsUayLl3+05H7VqlcdvzYwfL4+o3bU6clk7NcvHR9sVK1Lly8qtVqPq9d5cLpvXNnTXB3d012QdsPScEC+fr16bJhzbw/zh34+8aJpQun165ZhYjy5Q0ioqchofbrVlYoV1KOhHdCjD62Xcc+587/YX+Yp6e7Ixm7183Hx4uIoqP1+T6qaOePrMGZUr6ZMdagXo11q+be+vPXqZNHeni4nTl7qWnLbp+WrpNsIlDinNeu1+78hSuWnXh7vbanBAAAAAAAAAAAAAAAAAAAgMxkMpkW2cS37BNMRUxhxMhMZrORc86IiJEQQghL8T9rZo9ZCvtZsjeMsYRhCmMqxpSEsYxIXuIkuHjZXtiyrLBWFlRSKBJINH/BSlNmNwJ9bysFRkRGde46wPaM7Gtpn9n88vtRtMhH+fMFpZoLdHG29LKsVLFMl86tiWjpsnVjJ8zknNsOO3j4eMcu/Vq3aOTl5eHq6mIwGGNi9Feu/jln/orinxSWY5ydnRIt7p/N78WLiGQryTnos0plhg76Wh5PmTTizt0Hp05fSPdqGcjHx+vwvvUyacQ5VxSFiHIHBR4P3nL23B+Tpv509py9sNSjR08LF6tm/bJkiaJTJo7Iny9INn3u8c2wR4+eyku1a1aeOnmkPF6xauOWbXtt1ylatJA8OHHyXKp7LvJxwSULp8tA58rVm0aM/j6lkdHR+kZNvxw5rHe3r9oxxurXq1GjRqUmzb66eu2m7TBvb8/Pa1WpUrlckSIF/bNlVastxUvj4uPXrd86ceqc8PDIggXyyeaqp1P7xpUq+Umm9iKHNJO5wNUrZn9avEhKY44eOxkfn/7fABnF3c2ViGLj4gwGo51h8hN4M4W6m2tWzC5T+tPHT0IOHDi270Dwjl2HEv2eTHlZ0bhZl5VLZ5YrW2L7zgPpfAYAAAAAAAAAAAAAAAAAAAB4602bsaBl84b+2fxSHSmYIkgIEgojbjYLbjkruwCrVAoRMbViSQkyy6UU6/slrCoSygpyzpmiYuxl0UGSkxmTmcFky3s9DQmdO39Fuh8/o7y3ocCkUg0FdmrfrFePTtYvvb09D+5dd/y3M8NGTrp3/1FKs1zdLPUq3dxc9+0PHjRsfHS0PtmRR4JPHAk+YWcDbm7/KianVquOHfnFSadLyKWmhwzbSYyxVctnF/6kWlpThnZ/EtKjVfMG4/83RH5H7t1/1Lhpl+pVy0+aMFytVjHGSpX8ZPOGhaHPw37//cLuvYf3HThqJ4f0afGPv588Kn++IJPJ/Ovx04m+Wc2+qPvDlFFy/wcP/Tryux9s52q1mg8Cssmf5us3btvf82eVyixdNEOtVplM5mEjJq7ftNN6SaWyhPls3zYRjZ80+/qNv6Z//x0ROel0O7Ys+7TM5+HhkfLq5PFD27RukuguT54+mztv2bKVm6xnxozqLw9WrNpEdpUo8Ylao7I/Bt42MfrYth16p5QLfPbs+fDRUzNjX4n9ef12ZGTU6LE/2B82fuJMV1fnTZt3J3u1fee+JpM53Xto37lvuucCAAAAAAAAAAAAAAAAAADAu2L6jAVTJ49IbRQjYpTQ45eIKQoTQjCFMWJCcEt+T+aeZPZJCC6EwogRk1ks2SPYNpb174yWZZptW2EiEsSYojCjMJtMLNE1omnTf37V588I/6FQoP32wT9MGdmiWQNZpK17r6ET/jc4xwfZGWOVKpY+Hrzlzp37W7btWbR0XVRUTKKJ3l6e8iA6OubZs9DB/XukdWM5cgTIg0T9sE0mc6u2vWb/OP7hw8ehoWH37z9M68pJxcXHm3kqoZwG9Wr4+ng9Dwt/HvaCiFq1aJSBoUBvb8/li2cUSyiOuHnL7m8HjiWi9Zt2/nby3Krls/LkzikvZfH1qVe3er261YUQkVHRYWHhjx49vXL1+oTJs20XbNW8QXh4RJ9+o7btOGD7Y5nF12fxgh+KF7Pc6OeFq35euLp503oXL129/dddIYR/Nr8pE4fLGN+LFxH2t92yWf2pk0cyxh4+etK8VQ/ZI9XK+n6UJC9q0+bdapVKlipUq1XtWjf5ad5yeWnuzytat2psnXv5yvXv/jctUX3Ezh1blC9XgoguXLx6+uylRIs7uzhbj728PHIHBTLGcgcF/nPnvv3HgbdKjD62TYfea1fOsX5cpfDwiKYtu91POZH8Jn3Roqsjw/bsO2Ln6qskAgEAAAAAAAAAAAAAAAAAAOA/Yt3G7V/36pwrZ4D9YYwJQUJG9hhTZAtgpihExLmwNvdllJDOYTKnY8kX2eQCX/YZVhRFCGKMhCDGFLK5RIyYTTtipiiCJ67zdvfeo3Ubt2fcm0i//1AoUKtJvlJgYI7sK5dZsmjXb9xu07536POwCp81mTtrQr261eWYoKDAfn279evbLTw88uq1GytWbdqzL1he8va2hAILfZQ/X96gdGzMGgtLVCmQiM5fuFLhs8bpWPNVVK9aoXr1Sp4e7onOvwhPJTlnn7+/36RxQ6tWKa8oihDi8pUb4yf+aNvL+MHDx1VqNC9XtsTEcUPy5sllPc8Y8/Rw9/Rwzx0U6O3tSfSvUODg4ZMS3Sirn++UicOrVa0gX+zdew/7DRxz9twfpUt+8r/vBsrkpclktvbqJSL7rYqnThreqkUjk8k8d/6yH2YsSDrAWinQyUmX9Oq6jTtKlyrWrGl9InJze5n7vHf/0YmTZyuUL3X9xu3uvYYmTfJ92amlLBNoMpm7dBtoPW/9bdKwfq29+4Pj4uIDc2QfNaKffN69O1cV/bTmq7SchjdPr49t3f5r21xgZFR0izY979x9kNlbAwAAAAAAAAAAAAAAAAAAAHjTRn43deXSH+0MkEFAYgpTFGKMiDNFYUwl8zOywy8lqeNnmWU5y22CW9ZygExRLCsQU2Q60DqbKQoxxRIvVNQqJXFLzxGjJ2fYK3g1/6VQoFYrD3RarYxMqdWqKROGNWtanzEWFRUzfNSkbTsOyDFCiJ69hxf8Kd+CuZODggKti3h5eZQvV/LWrb+tocCsflnkwc8LVyUqYuegyhVLr1o+m4g0dmsZvjGydJ9/Nr+f506xLV22ZWvyLUFTVad2la5d2pb4tAhjzGAw7tq9b8Lk2SHPnic7+OSpc1Vrtvi0+McjhvYp8WkRa0PekGfPq9dqGREZZedGjRrU/LpnpwIf5pU/rs9Cw0aP+X7XnsPy6umzlz4qWrVK5bI/Thvr4+NlnRUbG9dv0JhkF/T29tyycVGe3DnPnL3UtefgsLDwZIdZs4Cenh7JDhgwZHyN6pW9vDz2H/zV9nzXnoNLFC9y9NffE40v8nHBWTP+J5ORL15ENG7WJfR5mPXq48dP5YGPj9e6VXMTzeWcp/B64K2m18c2avpll04tK1YoffPW30uWr3/6NDSzNwUAAAAAAAAAAAAAAAAAAACQCY4eO3kk+GTVKuXsjFEUtaJSc25kjBGTQT2WUAeQGGOJmqMKkp2GZeyPJRQLfFlG0HKNJSzCmCwrKISayewUAAAgAElEQVRglqAhUylMditmikbt5ERMWAOFR4JPHkuSAsosb0UK7c3QaC0P6+Skc3LSjRrRt3HDz7VazdOQ0Ok/Lli7flvSKddv3K5cvVm9OtVGDf82ICAbEYWHR1ao0ti2ibC1vN+1P2+lb2ORUTFE9PDRk779RqdvhdfhydNnTZp/dfrEzqx+vpzzUWO+X7l6c5pWKFXyk6GDvi72SWGNRh0WFn74yG+79hz6ZcuexHUzk3P+wpWmLbs5Oem6dWnT7It6Hh7uTZp1STYRqCjKF40/b9WiUbFPCmu1GrnzgwePLVyyNtkuusHHTjVp/tXRQ5vkl2Fh4S3b9kzaFVr+qP/+2464uPgOnfsGHztlZ7eahCKUUVHRyQ4QQtSq2yZf3qDzF67Yno+O1idKBDaoV6NHt/ZFPi5IREajad/+4D79Rydqunrn7oPdew5/VrmsTqdTqSyhSbOZx8fHnzl7qfe3o1Am8N21eNn6xcvWZ/YuAAAAAAAAAAAAAAAAAAAAADLZl90GHN6/IXdQjuQvM/LI4u/k5h4bHseYwpiKKSpSGHFBQpDyMuqXNKpkLRbImHjZE5gplnWZQoql3iBxLoiTIC4EU9RanYuTm6fW2VWlcWIqjauXL7MEB9m9+4++7Dbgtb6QNGGBeUpn9h7ekL+u/6bRqK/fuD35+zlLF043Gk2/nTgze+5S+61jrSqWL9W4Ue0fZy1+8PCx7flePTq0at5w8dJ1y1dtSvfe1GpVouDXWyIgINt3I/qNGvN9SoX97GjetF79ujX27D28fddBvT729WyQpk8d9Xntag8ePr5+/daZc5d27j704kXqbY7Xr55bpnTxrdv29h88zk5pvTq1q+zdfzTVFOPUScOLFik0/ccF+w8eS9dDkLe354zvv6tYobRWq+Gc37n7YOmy9StW/+JIgBIAAAAAAAAAAAAAAAAAAAAA4P2TNWuWw/vWe3i4JXs1Xh914cCKJ7cuMCJXd29FrTYLTmYuuCCVQowUYjIdKISQhQAFESOmUqkYUwniggtFURhjQlBCTJCRohBTEWOKRqdzcnV2dVNpnRRFzbROLq5eLh6+Lh4+GicXpqgURSFijFhktL5KjeahoWmOV70+/6FQ4NBBPS/98eeefcFubi4VypXcdyCd+S14D1h+zt+ayF1WP9+Z0/939tylQ4ePX/zjWmZvB+D/7N1ngFxV3Qfgc2dmZ7ZvNo0QEhISCCVAQhWkhCYdpIO8gFIERJoUpYqIAlIUbAhWEKmiCAJSFRANvQcCSUgjvbctszP3/TAQQ7JJNtlNdnd4ni/cPffcc/53lywL++N/AAAAAAAAAADa3447bHPnH35aUtLMcbj5fDx+xIsj//vX+rmzqmq6RqlUtqkpyufjfBxFURziRCIRRyH+NBSYSCQKTQETUTKRTOXjOM7nUsmSKJHMxXEikSoprSitrMmUV6dSmSiVKimtLK2qqazqmimvTiRSUSqViBJhmVOJm5qajjn+zJdeen3tfVJa4HMUCgQAAAAAAAAAAKAT+fpJX7nsknOWiuIV2oE1ZevffPreySNfrqiqjpLJxsbGRByHOMRxHIc4iqIQRXGIQxxCFEXJKJFIhDjEIUqk0sl0Waasurq2e7qsKiSTyXR5ury6vKq2rKImVZJOJJNRlIiiKIQl9i2cKvzZGq648sY//PH+tfXJaKlmQpQAAAAAAAAAAADQ7n79u7u33HKzLx+091LjURSlSkr7bbHT3GnjQ67+k8xeHEIihHyIoiiKCym+RBxF+UQyU1lT1aVnWVWXVKYimc6kyypLy2rKqmpKMuVRMpVIpKIlugAum0Fs1kN/f7IDJgJ1CgQAAAAAAAAAAKBD+8apx194/ump1NIt8PK57IgXHpo14d1sQ30+2xSHOJFINoU4VVJWUd21vKZraUVNsqQ0mc5kKmrKK2rTZVWpdCaZSkWJ5NKNAJew0lBgU1PTZVdcf9c9D7bdK7YloUAAAAAAAAAAAAA6tB132OZ3v76xorxsycF8HM+fNfm9fz/Y0LCoqqpbWXWXdHl1MlOaylSWlVVmyqtTmbJUMpVIpqJEFEIU4ij+NO8XtbAf4DLmzV9w8qkXvPjS623xWmuEUCAAAAAAAAAAAAAdXZ8+6977p1v69ll38UgchzjOzZk6Ls7HmbLKkkxZoiSdTCajRHKpLoBRFOJ48QeLx1bZxI+nHHzYSTNmzGzVm6xhQoEAAAAAAAAAAAB0AqlU6r67btl2my0Xj8RxHEJcCPqtbu+/lnru+ZdOOvW8xsbsGt2l9ZI1teu1dw0AAAAAAAAAAACwEvl8/t77H548edqQIYMrKso/OQU4ClG0ZhOB06bPvPKqn3z/6ptyufya26Wt6BQIAAAAAAAAAABAJ3PG6SecfurxXWqq1+guM2fN+enPf/f72+9do7u0LaFAAAAAAAAAAAAAOp9UKnXOWSed9LVjqior2nzx+QsW/v72+3580235fCfoDrgkoUAAAAAAAAAAAAA6sbPOOHG/ffcYNGiDdElJK5dqzGY//HDsw488+ctf3d5G1a1tQoEAAAAAAAAAAAB0eul0ycEH7X3IQfsOHTq4umrVegfOm7/wzTff/dvDTzz40D8aG7NrrMa1QSgQAAAAAAAAAACAotKttstWW28xaKMBAzZYv0+fddfp2aO2tqZwyvD8BQtnz547ddr0iRMnj/lo/Acfjnn9tbdnzp7T3iW3GaFAAAAAAAAAAAAAKBKJ9i4AAAAAAAAAAAAAaBtCgQAAAAAAAAAAAFAkhAIBAAAAAAAAAACgSAgFAgAAAAAAAAAAQJEQCgQAAAAAAAAAAIAiIRQIAAAAAAAAAAAARUIoEAAAAAAAAAAAAIqEUCAAAAAAAAAAAAAUCaFAAAAAAAAAAAAAKBJCgQAAAAAAAAAAAFAkhAIBAAAAAAAAAACgSAgFAgAAAAAAAAAAQJEQCgQAAAAAAAAAAIAiIRQIAAAAAAAAAAAARUIoEAAAAAAAAAAAAIqEUCAAAAAAAAAAAAAUCaFAAAAAAAAAAAAAKBJCgQAAAAAAAAAAAFAkhAIBAAAAAAAAAACgSAgFAgAAAAAAAAAAQJEQCgQAAAAAAAAAAIAiIRQIAAAAAAAAAAAARUIoEAAAAAAAAAAAAIqEUCAAAAAAAAAAAAAUCaFAAAAAAAAAAAAAKBJCgQAAAAAAAAAAAFAkhAIBAAAAAAAAAACgSKTauwCAlho/+sX2LgEAAAAAAAAAADo0nQIBAAAAAAAAAACgSAgFAgAAAAAAAAAAQJEQCgQAAAAAAAAAAIAiIRQIAAAAAAAAAAAARUIoEAAAAAAAAAAAAIqEUCAAAAAAAAAAAAAUCaFAAAAAAAAAAAAAKBJCgQAAAAAAAAAAAFAkhAIBAAAAAAAAAACgSAgFAgAAAAAAAAAAQJEQCgQAAAAAAAAAAIAiIRQIAAAAAAAAAAAARUIoEAAAAAAAAAAAAIqEUCAAAAAAAAAAAAAUCaFAAAAAAAAAAAAAKBJCgQAAAAAAAAAAAFAkhAIBAAAAAAAAAACgSAgFAgAAAAAAAAAAQJEQCgQAAAAAAAAAAIAiIRQIAAAAAAAAAAAARUIoEAAAAAAAAAAAAIqEUCAAAAAAAAAAAAAUCaFAAAAAAAAAAAAAKBJCgQAAAAAAAAAAAFAkhAIBAAAAAAAAAACgSAgFAgAAAAAAAAAAQJEQCgQAAAAAAAAAAIAiIRQIAAAAAAAAAAAARUIoEAAAAAAAAAAAAIqEUCAAAAAAAAAAAAAUCaFAAAAAAAAAAAAAKBJCgQAAAAAAAAAAAFAkhAIBAAAAAAAAAACgSAgFAgAAAAAAAAAAQJEQCgQAAAAAAAAAAIAiIRQIAAAAAAAAAAAARUIoEAAAAAAAAAAAAIqEUCAAAAAAAAAAAAAUCaFAAAAAAAAAAAAAKBKp9i4AoDMZOS3/rw9zk2bHk+fEixrau5q2U54J63aJ1quNdh+U3KiHvDgAAAAAAAAAQGclFAjQIk35cPcrTY+/nWvvQtaIRQ1h9NR49NT4+ZH5/bZMHrV1KiUZCAAAAAAAAADQCQl9ALTIdx9uLNZE4GJxHOI4PPpm7oqHG9u7FgAAAAAAAAAAVodQIMDK3fNq0/gZcXtXscZFUShEA8fNiO97ram9ywEAAAAAAAAAYJUJBQKsxJiZ+b+/kQshhKi9S1krCtHAh17PjZ2Vb+9aAAAAAAAAAABYNZ04FBglkgP3Pnfg3udGiWR71wIUs3+M+PTU4OLvFfiJwos+8V6RH5cMAAAAAAAAAFB8OmsoMFVaOfjo69bb5rD1tjls8NHXpUor26GIKNFjsy8tL5KYrl7ni+f9o8fm+6zREmr6bbPD2Q+mSqvW6C7wOTdp9ucmDPipQkvEz+GLAwAAAAAAAAB0dp0yFJip7TP0hFu79t+u8GHX/tsNPeHWTG2ftVxGlExttO/5O13w1Ib7XRAlU0vd7bvjcalM+aYHXbr1KXekymvWRAGltettcfQN6YquQ0+4JUSd8ksJncLnMBsXxyGEMGXu5+7FAQAAAAAAAAA6u6WjbB1fTb9tNj30ynRZ9ZKD5d36bvXVX7331yvmjnt1rVUSNzW+eddZW331172HHtx9o11eue24pvr5n9yLEut82iMwkUpHyZJmV0iVVn3hrL/E+TjE+dUoIJHKJJLJEEJ5t/X77HjcxP/csfovAyxfY1N7V7DWRVEIISyob+86AAAAAAAAAABYRZ0sFNhrq0M2/NI5hSTcUtJl1VscfcOoJ2+e8vqDa62ehVM+nPL2o72HHJiuqF1vh2PH/evWwvi62x6WSpeGEEb/87aPh9+5eH5V3y0XfPxunM8VPmyqn//uA5fX9N1y4bTR+ewy6ZtEavPDrwohzB776scv/3kllcwa18bvBgAAAAAAAAAAQGfTaUKBUSI5YK+z1tvmsBXMSSSTg/Y9r6JH/zFP/Wxx8G5N++jpn/fafL9EMtkwd+riWjfY5ZQQwoiHfjDj3ScWz6zpt9WQY2+e9dFL79xzweLBOWOGzxkzvNmVK9fdpHDx4T9uqJ/98Zp9DQAAAAAAAAAAADq/zhEKTJVWbnLolV37b9eSyettc1hZt77v//WKpvoFbVjDwH3Oj+NcU/2CEC8dN2yYPz1d2S1Ts876u5wYQqjoMSCVKZ83eWR51/UKIyGEEEd9d/y/EELXDbYf8KVzxjx580p37LLB9iGEORPfXjYRmCqrivNNuYa6Nns9AAAAAAAAAAAAOr9OEArM1PbZ4sgflXfr2/JHuvbfbugJt759/3caZk9sw0r6bHNYrqmhqX5BHOeXupWtm9P3C19JJBIhhFxTtn7+9HRl115DDlxqTrZQ3sAdRz95c/TZFZKZim1PvXPkwz+cM/aVwkjPTXfP5/PvP3TlUntFqfS2X/9jlEy/fsfp9TPHt+ELAgAAAAAAAAAA0KlFfQds3941rEhNv202PfTKdFn1ajzbWDfvvb9eMXfcq21VTCJdlm9cbnO+L57/RCpdms/nX/vDKYumjlrlxUtKd77giRDCotmT8k2NIYTKHv1DCAumj11qZrqya+ETks/lhv/i0KaFc1brbaDzGT/6xXbZ97jfNrTJOuWZMKBH9M7EeNlbF+xTMmlu/q7hbXzu+Tl7pd6dnH/q3aVzzC1358mZNq0IAAAAAAAAAIA1q0N3Cuy11SEbfumcRDK5eo+ny6q3OPqGUU/ePOX1B9ukniUTgb22/vKiGePmjX+j8GFp7XqpdGkIYfTTP1syEZjMlHcd+MXpI55a6eJxrtBGMOQaF84a82IIYeaofzc7s3q9zdPrDw0hLJo1IeTbOEIErDnl6ejbe6frm8Ltw7MvfPC/oF5FJgzpkxjaJzFso9S3H2iYu2jpB0vTIZMK8+tCvpk84XIdtX1yu37Jbfslx81s/HDKqjwJAAAAAAAAAECn1UFDgVEiOWCvs9bb5rBWrpNIJgfte15Fj/5jnvpZ3Kb5udoNvjBon/Onjnh67HO/jULce9vDC139Zo8eXlq73uJpm3z5e9Xrbtxtk2EjH/zeigvIf3p31piXxv3rtsJ1MlOWKq1pmDtlyZnrbnt47fpDQwjv/uWSprr5bfhSwBo1Y378i+eyZw0r+cYuJT2rmv766id/6o/aLlU4T3zMjHxDtpkHN143ceFeJSGEOIT4s+m+xKcnkTebFywMfu2LqUv/0ty6AAAAAAAAAAAUnQ4aCuy93VGtTwQutt42h9XPnfrxi3e31YIhhHxTQwhhnc32XGezPRcPVvbov/3pzezSc+Nh87f/ysfD71zBglFzgz0332+jvc9dNGviuBdun/7O421SOdCOXhyVP3KruFd1tMuGyUIosCQZdtsoGYfw82ezL476pH3gkH6JHfonbn22qfDhm+Py5/+5cdq8OF4m+Xfr8ZmKdPjjS02Pv61vKAAAAAAAAAAAHTUUmEyXdvAFc9m6EEK2fsErtx23gmlbHntzRfd+i2ZO/PjFu1Z7r/Kufdbf8TihQOh0BvSM5tWF+uxnsny3D2/6zt4lL43NVZSGEMIx26WSiXDrC9l3JuYLIz2qovP3LElEYW59fM+Ln0T9ps5tphNgIgrl6dCUD0+8IxEIAAAAAAAAAEDouKHAji/O5UIIcS6bXThrRdPyTSGEhoUzQpxfjV0SJZ9kGcc9//vVrRRoH5mScOl+6UwqFI79XVIcwoGbpw7c/H/fgU/dqSTstPSc/Qennng3P2vBZ54+e8/UHcOb5iwMIYTtBiaiEO5+pWmpDoLn71OSSYZrHssu21kQAAAAAAAAAIDiJhTYoaUragsXC6aObO9agFXTkA0XPtBYkQkTZjYTzbvi4JKNeiTycTjv/sYZ81chu7dtv+S2/ZLjZuVDCD2rEiGEnQcmdh6YWDwhk4p610QhhGsOS1/0QGMbvQ0AAAAAAAAAAJ2DUGCrpCtqd/7Ov1YwIZFIrODuSmVqehUu6udMbs06QLuYtSCeteCT6/22TC5ojJ9//5Omof27JkIIt/47uzgRWJIMR2yXvHv4Sg4CzschlQhz6sKE2fkQmmlB2q0i6l2TDCGMmbE6DUoBAAAAAAAAAOjUhAJbpbFu3lt3nb2CCZsd8oPybn1aslSUSC47WNGtfwgh19TQ7OnDiYQvH3QaA7tHO2yQ2mfT/IjJ+bKSqCQZsrnQr2vUb4dP/uxv3TfZqzr6Qv/kJX9tXNSwktWeG5V7eXQ+hFCRCQdvlXzojdzC+k836hntNCAZQrjt2aY1/VIAAAAAAAAAAHQ0UmWtk88tmjZmhfdXFu35VDJdvuxgaZdeIYSGuVObf6SktIWLA+2uMRdCCOvVJNLJKIQwaW4cQhja539p4G4VUQiha3lUUxYtamjpgcK9aqIDBqcOGJx6emTu9/+WAgQAAAAAAAAA+LzrfKHAsf/+/fjnf9/srfV3ObH/zieu9YraRrKsZqmRTNc+yVQmhDBn4lvNPpIq67JWSgPaQDYXQggjp+avfSzb7IRTh6V23TD57uT85DktTQSGEBYfUf7aBIcFAwAAAAAAAADQCUOBHUq6onbHbz26ggklpZUtXKq0uscnV/EneaB1Bn+pcLFo+th09TqN85buF5hrXLDKFQPtJN/CpN8qBAJDCKFLRVS4eGu8UCAAAAAAAAAAAEKBrZNravj4lftXMKHPdkenMuVRIrmCOQVRMh1CyOdy00Y8HUJIZsr67nBcCKGpYVGUSG7/jXsb5k2b+s5jk17588Jpo2eNfXn8C3fMn/hOm74NsMYN7p347Vczzd4qWfn3iWb0qIxCCE35xXFiAAAAAAAAAAA+14QCWyXXsGh5ZxkXdB+0a2XPgYlkeqVLzZv41rsPXDZ7zPB8U2McwqaH/SCZKgkhfPDY9TPee3rmB89ucvB3++98Yv+dT5w35f3xL/xp3vg32/RVgLVh/Oz8L//V1OytY7ZLbdUnEaKVrLDU/YHdoxBCXaNIIAAAAAAAAAAAQShw9UXJVWjqlUiu/POcb6yb+cFzIYRkpmLI8bdU9ugfQpg5eviM954OIdTPnvTG7afXDvzixgddUt1rk80Pvyq7aO6Yf94y9a0VHV4MdDTz68LHs5oP8M2vj0MLjg+OPpsK7N8tEUKYPL+ZxxJRi88sBgAAAAAAAACgWAgFrqZUujyEkEhlSrutv4JpiVQmhJBINn9a6LK6b7rnoP0uTGXKQwgTX3lg9JM3L5n/mT36Py/+7JAhx99Sve7GJeU1Gx9w0XrbHfnG7aflmxpb+TrA2tGjKtpzcKLZW+t3XVmTwBAKUb/PLFgZhRBen5BfdmZVWZi7aDXrBAAAAAAAAACgkxIKXE0l5V1CCKlM+fan3rnSyclM2UrndN1o5432/lamukcIoW7OlA8fu27O2FeWjQjFuaY3bj9ti2Nvql1/aAihsufA3tsfM/E/d6z2iwBrU4/K6KitS5q9VVYSlm0EuJSqT7+XTJkThxD2H5IsZAQH90psfXDiHyNyL47KN+ZCHMKIyXmJQAAAAAAAAACAzyGhwNWUqeweQmhcOPvFnx+2gmlbnfibyp4DC/0ClxWHUNt/215DD+w6YIdUpjyfy00b+dz4F/6waOqoFe0d59/609mDj7y2+4ZfDCGUlNW09mWAtWXE5Py1j2WbvXXqsNSuGyZTK/yuPL8uvDYh//TI3ISZcWVpOGrrVAjhzY/zNz2ZPXVY6sxhJd/YJbz1cf6SBxsnzHRyMAAAAAAAAADA55FQ4GoqRPGaGuvifG6lk+d+/E6z45t8+Yrug3atmzV+ytuPzho1fM7YV0LczBmgy4pCGHH/RYMOvLT7xsNmfvjcqpcPrG3J5g8NXlpqZdN+/EQ2hDCgZ3T5/ulUIjQ0hZ88mW3KhV880/RAl9x5e5Vs3Texdd/0lHnxrc9nP5wiGggAAAAAAAAA8PkS9R2wfXvX0CltdsTV2bp54577TeP8GSuYVtNvq0SqbPbo/zR7N0okW5IpBArGj36xXfY97rcNrV/kjD1SX9wgOWle/Lc3m5qdsNcmyY16JCbMiS9+oHEF65Qkw3E7pvbYOBmFMGVe/L2HGxfUf2bCV3ZIHjD4k8D3k+/nbn+h+e1a6M6Tm290CgAAAAAAAABAx6RT4Goa8edLWjJt7rjXV3BXIhA+P2pKoxBCr6ro2G2b/8ZbkYlCCJnlf1euKguHbZ3aY1AymQgLGuJH3s09/Hoz30PuHp5b1BiO3CpVCBq2MhQIAAAAAAAAAEDnIhQIsDbUVkQhhBGT89c+lm12wqnDUrtumIyau3XYtsk9ByVryqKGpvDelPwDrzet+Fzgv72Wq8uGE7ZPxU4PBgAAAAAAAAD4nBEKBFgb0snQ0BSeeH+5/UHHzMwP6pm49flmIoMNTeGe15pe+yi/sMXnGD/xdm7irHyi2YwhAAAAAAAAAADFSygQYG244P7GphUeGP7UO/mn3mls9tYjb6zOUeMjPtYnEAAAAAAAAADgcyfR3gUAfC6sOBEIAAAAAAAAAABtQigQAAAAAAAAAAAAioRQIAAAAAAAAAAAABQJoUCAlagqa+8K1ro4hM/niwMAAAAAAAAAdHZCgQAr0bdrFEKI4/auY22KQwhh/W5Re9cBAAAAAAAAAMCqEQoEWIl+3RIhhPB5CshFUQghbNDdPyMAAAAAAAAAADoZgQ+AlfjSpslE4nOVCQwhhGQy7Llxsr2rAAAAAAAAAABg1QgFAqxEz8rosG0+d/G4I7ZJ9qj8vCUhAQAAAAAAAAA6PaFAgJU7ZMtUv+6fJOTiuL2rWWMWv1r/HtFBW6TauRoAAAAAAAAAAFadUCBAi1x5UHrfLZMhhKh42+dFUYiisN+Wye8dmG7vWgAAAAAAAAAAWB0aQQG0SCoRjtsutV2/xL8+zE2aHU+eEy9qaO+a2k55JqzbJVqvNtp9UHKjHvLiAAAAAAAAAACdlVAgwCrYuGdi454ycwAAAAAAAAAAdFCiLQAAAAAAAAAAAFAkhAIBAAAAAAAAAACgSAgFAgAAAAAAAAAAQJEQCgQAAAAAAAAAAIAiIRQIAAAAAAAAAAAARUIoEAAAAAAAAAAAAIqEUCAAAAAAAAAAAAAUCaFAAAAAAAAAAAAAKBJCgQAAAAAAAAAAAFAkhAIBAAAAAAAAAACgSAgFAgAAAAAAAAAAQJEQCgQAAAAAAAAAAIAiIRQIAAAAAAAAAAAARUIoEAAAAAAAAAAAAIqEUCAAAAAAAAAAAAAUCaFAAAAAAAAAAAAAKBJCgQAAAAAAAAAAAFAkhAIBAAAAAAAAAACgSAgFAgAAAAAAAAAAQJEQCgQAAAAAAAAAAIAiIRQIAAAAAAAAAAAARUIoEAAAAAAAAAAAAIqEUCAAAAAAAAAAAAAUCaFAAAAAAAAAAAAAKBJCgQAAAAAAAAAAAFAkhAIBAAAAAAAAAACgSAgFAgAAAAAAAAAAQJEQCgQAAAAAAAAAAIAiIRQIAAAAAAAAAAAARUIoEAAAAAAAAAAAAIqEUCAAAAAAAAAAAAAUCaFAAAAAAAAAAAAAKBJCgQAAAAAAAAAAAFAkhAIBAAAAAAAAAACgSAgFAgAAAAAAAAAAQJEQCgQAAAAAAAAAAIAiIRQIAAAAAAAAAAAARUIoEAAAAAAAAAAAAIqEUCAAAAAAAAAAAAAUCaFAAAAAAAAAAAAAKBJCgQAAAAAAAAAAAFAkhAIBAAAAAAAAAACgSAgFAgAAAAAAAAAAQJEQCgQAAAAAAAAAAIAiIRQIAAAAAAAAAAAARUIoEAAAAAAAAAAAAIqEUCAAAAAAAAAAAAAUCaFAAAAAAAAAAAAAKBJCgQAAAAAAAAAAAFAkhAIBAAAAAAAAAACgSAgFAgAAAAAAAAAAQJEQCgQAAAAAAAAAAIAiIRQIAAAAAAAAAAAARUIoEAAAAAAAAAAAAIqEUCAAAAAAAAAAAAAUCaFAAOpk55wAACAASURBVAAAAAAAAAAAKBJCgQAAAAAAAAAAAFAkhAIBAAAAAAAAAACgSAgFAgAAAAAAAAAAQJEQCgQAAAAAAAAAAIAiIRQIAAAAAAAAAAAARUIoEAAAAAAAAAAAAIqEUCAAAAAAAAAAAAAUCaFAAAAAAAAAAAAAKBJCgQAAAAAAAAAAAFAkhAIBAAAAAAAAAACgSAgFAgAAAAAAAAAAQJEQCgQAAAAAAAAAAIAikWrvAlZkow37ffmgvVq5yN8efurDUePaqKJOr1v3bgMGDHjl5VfiOG7vWgAAAAAAAAAAAGhjHbpTYJcu1R1kkZXaYsvNL7/yso03GdSaRaJEi74cWw7ZoqKyYvW22GSTjc85/6zf3/nb077x9WQyuRor7Lb7rpsN3nT1dgcAAAAAAAAAAGCNStbUrtfeNSzX5oM3Wqdn91YuMm/+/NFjJrRRRcuVzWa/ctwxu++529Cth/7nheG5pqbVWOSa635w8CEHLVy4cPy48cub06dP78u/f/m+++8zdsxHU6dOW9UtJoyfsOlmG6/Ta51+/fsN3HDgC8//Z1VXOOX0kw865KBdd99l/Pjx06fNWOn8kpKSM876xtiPxi5cuGhV94KlfOucr7d3CQAAAAAAAAAA0KF16OODa9uiyV9tzdroFDh71uw/3/fAMccePWDgBl8/7aSf3/zL1VgkkUh2697ttDNOPfUby00+RVEUQkin0xdecuEF53x7ypQpq7rLDdfd9NvbbwshDBiwwfLm7LTzF//zwn+bPWK4KdsUQujevXu/9dcf8c57IYRdh+3Sc50e8+cvaGxoXGpySSZ95FGHl5WXbbXN0IsvuGTatOmrWi0AAAAAAAAAAAAt16FDgV261LTBIrVtsEhLPP3kM8cce3QIYZNNN2l2Qr9+65957jcv/c7ljY1Lh+cKstnGEEJ9ff1vfvXb5e2yXp/ehx5xaAhh1Iejp05b5U6BIYSG+vqZM2Z2695t7NixzU448KD9jznumJ2H7fyjH163vCJnzZz92KOPF0YqKysPOfyQQrvEfD6/eGYikSgpKSlcZzKZq6//4SlfPXU1CgYAAAAAAAAAAKCFOm4oMJVKVVVWtH6dqsqKVCrVtFrn+a6SukV1U6dO69mzx6MPP7bs3ZKSkkuvuLS8ouyqa77/nfMvanaFfD4utOIb/t8Xl7fLJpsMKoQC//PCf+MlEniLbbf9dnWLFtXV1eWb6/NX8MRjT/br3/fxx57cYJlmgf369T36/44OIWyx5ebHn/B/f7zjT0tNKKwax//b+tFHHnvj9TemTp2Wy+UWD1ZUVvzoxmsLsc5sNvvSiy+PGjlqefUAAAAAAAAAAADQJjpuKLC2S1UbLjV9xuxWLvLVk07Yfc/dso3ZJaNvS0kkkg319QcfetDBhx601K2SdEkmkym0+vv6N0759S2/Wd4iJemSLYdssby7AwYu98zfggMO3n/DjQaueE7BF3fZacUT9t5/73vuvi+bza50qUmTJi/5Ybfu3a657uryirIQwuRJky+7+IqG+vqWlAQAAAAAAAAAAEBrdNxQYJcu1W24VOtDgXf84c6u3WpzTblJH09asu/gTrvsNG3qtA8/+LDlS40Z/dEK7mYymQsvvmC167zqih/ssefur7zy6uxZzb/ykK2GnHHW6c/96/m//PmvdYvqVnujgi/ssN0HH4xacq8+fXpfefWVhQTku2+PuOYH17ZyCwAAAAAAAAAAAFqo44YCa2trOtRScT7/k+tvXmpw6623OuLodXut2+uF51/4zwvDF4/vvd/ee+y5+91/uufN199s+RZRFEIIC+YvOP2UM5Y3Z5NNBl125WUhhHSq+a9dLpd78omnVrBLaSZdUVGx3wH77rHX7ief8PWWl7eszQZveua5Z86bN+/sb5xbaKA4aOONLvnuxalUKoTwzJPP/O43f2jN+gAAAAAAAAAAAKySjhsKbNtOgW211JKqa2rOOu/MEEIURaeeceqSocBn//ncXl/a48KLzp87d+4jf3v00Ucea8mCiUSy5buXV1asdE5FZcXCBQuXGqxvaCxc3Hn7XUvdOuyIQx7629+bsk1LDkZR9OOf3VCSKmlobAz5fG23riGE2q61N950XfcePaIoqqmp+fbFF17zg2uHbj3kvAu/lUgk4ji+6467Hnv08Za/DgAAAAAAAAAAAK3XcUOBtW2X5GvDpZb0vau+W1JSEkL4eOKkH37/miVvNdTXf/u8i849/5xtt9/m2BO+ctAhB/7q57968823V7xgIhGFEMoryr+9/OODu9TWFi6qq6pWWuHFl32nR88eD9z7wPDhLy8erCgvK1wsmD+/uuZ/PRS/dtLx2++w/f4H7vfjG24a8c57i8fjOH7s4ccOOPiAWTNmzJw5e4vysnQ6nc1mPxj54QcjPzk0edKkyTvvstNp3zw1iqJ8Pv/TH//0lZdfW6qYQRtvNH36jOUdagwAAAAAAAAAAEDrdeBQYAc7Pngp5114bs91ehRO+73ogovjOF7ybkVFxTnnnfWH394+buzYw486vKq66sJLLnz+X8/fesuvV7Bm4dTdfD6/xZAtoiiaNGlStrFpqTmZ0kzhYtasWSstsqkpV1FRccJJJ5xw0gnL3j3n/LOXHSwtKzvjrDPOPO2sJQefePypJx7/5EjiSy6/qKamZsH8BYvfZejWQ4446vD+G/QPITQ2Nn7/8qvGjh231LIVFRUXX35RLpe77DuXT5kydaWVQwe3YMGC+vr6hoaG+vr6wtnZAAAAAABA+0omk6WlpZlMpqysrKJi5YdutYbfFAAAULA2fwptuQ4aCiwpSVVWlLfVapUV5SUlqWx26YDdarvwovOHbDUkjuO7/3jPkV85Yrfdh/3zmX8tOeHAg/ffbPPNrvvJj959e8QD9z1w+FGHhxB22W2XR//+2IQJE5e37JTJUxJR9NQTTx97wrEhhF69et3+uzuefvKZJef06NH9iqu++8hDj7TkcN6mpqYQQjab/e7FVyweHLTJoBNP+VoI4dZf3jZ2zNjF46ecfvLADQfmmnLXXnXNctZr3u577lZIBIYQkonk5d+/bNk5yWQylUqVlJRcff0PT/7qqXE+v0pbQMeRzWYnT55cX1/f3oUAAAAAAACfkcvlFi5cuHDhwhBCaWlp7969Cy052pbfFAAAsKS181Poqmr/CprV5gf+1napnjZ95a31WuLiyy4avMVm2Wz2+mtuGPHuezvuvMN+B+27VChw52E7Fy76D+h33TXX9+jRY9fddw0h7H/gfitoFnjjdT+JEolbbvt5FEUhhI8nThz53vtLzZk+fcaZp3/S4a+2a+3JXz/xph//tGk5ecdcU67wd96SScQutV0KF1OnTF1yvL6uIYSQbcpOnDhplT4hP7n+5h9ee1XXbl2feuKpgw45KJPJzJ83/29//dsee+3Re73eIYS7/3jP0K233HTwZiGEUR+MCp/tqgidyNy5c6dNmxbHcTqdqayqKikpSZWUJBLJ9q4LAAAAAAAI+XyuKZttbGxcuGBBfX39Rx991LNnz5qaNjtS7If/vb6tlgIAoGh9/MlfL93xwnasooOGAru0dSiwSxuFAi+/8rKNNxn08cRJP/z+NfPmzg0hvPLSq0cec0Rt19rZs2YX5vTqtU5tbW3h/xO66IJLcrncbb/6zaaDN+3Rs8fECR+veP3vXfXdyqrKEML8efPff++DPffeawWTt99hu5qamp/87MaLzr+kkDZdSi6/lnqVX3rR5SGEPn16H3rEoSGEB+5/4Kknntl7331CCDNnzHzk749WVVVuOnizbDZ79VXXrp2SoM3NmTNn2rRpURTVdu1WWdXG36MAAAAAAIBWSiSS6UwynSmtrKqeP2/u3Dmzp06dGkJow1wgAAB0Ch00FFhTXbnsYD6fTyQSS47EcRxCKPTVW8G05S24qs49/5wBAze45657//63RxYPPvvP54485ojjTjj2Zzf9ojBywonHFy5+ftMvFicFL7/kir2+tMcjf390Beufc97ZAzccEEKYM3tO4VjeQjPJukV1DQ0NqZJUZWVlCKGxsXHRwkWL/wWmtrb29G+eeuN1P2lmxbXbk++orxwVQmhoaHjqiWfS6XSPnt1DCC/+98UQQtdutSGEbGObneAMa1k2m50+fXoIoWevddPpTHuXAwAAAAAArEhVdU2mtHTq5EnTpk0rLy8vKSlp5YLZbLaNSgMA4HMhm822/qfQ1bZ0eK6DmL+gmb53H42dsNTI7DlzZ8+Zu9Jpy1twVf3l/r+ceuLpSyYCC83D5s+b/4UdvzBkqyEhhI022nDLoVuGEN4b8d6rr7y2eNqC+Qse/MtDK1j8ayefsN0Xtm1qarr+2hvPPP3s886+IJfLhRAWLlx4+ilnnHn62e+PGFmYeeVl3z/z9LPPPP3sfD4fQpg8afLPf3pL69+ulapraoZuPTSE8Owzz4YQdttzt0JY87FHHw8h1HSpDSHU19e3d5mwmiZNmhTHcU2XWolAAAAAAADoFNLpTHVNlziOJ0+e3PrVJk2a1BZFAQDwedEmP4Wutg7aKXDMRxPmz1tQtUR7v1Gjxw5/8c0N+vddsgvgm2++H0LYfbcdFo/k8/n/Dn8jjuMNB/ZfPDh/3oIxHzWTFFxV48c3v8if7rjr9DNPO/f8s888/exzzj+7kPS86YaftnzlM8/55g5f/ML8efO/e8kV06fPCCGce8E5mUwmhHDjj36cy+Wqa2q22W7rEMLoUaPHjRsfQqisqix8Kt56462GdgrbDdlqyO577Lbp4E3GfTSuvKI8kUgsmL/gT3+8O4QwbNguhZaHhV6J1TWVIYSFCxe0S53QSnV1dQ0NDSUl6eqaLu1dCwAAAAAA0FI1XWrr6hbV19fX19eXlpau9jqF3xS0aWkAABS51v8U2hodNBTY2Nj057/+40t77dR73XVyufyHoz565p/D6xsaH3r46WHDtq/tUlNXX//Kq++8+vq7IYRUSWrbbTYvKy2dPWfus8++NGXqjH88/vweu2c32miDZCIxafLUJ596oXFNHlz77+dfOPTwL6+zbq+f/+qnha6Pd//x7oULW9SbMEokLrns25sO3mz0qDFXfe8HTdmmEMJXTzphyyFbhBAeffjRD0Z+GEL4+mknFRrv/fqWXxceHLjhwMLFmNEfrWDxNnrFpXXt1vX2P/0+mUrOnzf/gXsfyMf5r538tTiOr7nq2lwuN2SrIf026BdCeO7Z5wvzu3SpDSHMnbt0W0foFApNLqtratq7EAAAAAAAYNVUVVXPmjmjrq6uNb+OdRwWAACroZU/hbZGBw0FhhBmzpp7z32PppLJXD4fx3FhcNSY8aPGjE+lUk1N/wv5vfjSmy++9OaSg/UNjY/+47no8eeTiURTLrcWqv3ZTb/4wY+uKiQCP5446YnHn2rJU3369L74uxeXl5ffc9e9i08lPv6r//elffYKITz84MP33n1/YVrhZN4PR344ceInncn79+9XuBg58oPlrZ9KJdvi5T7Zbq999hqy1Za1tbUhhCiKZs6cdfed97z80st77b3HV0/6agjhvrvvHzdufJRIfPOsM0IIM2fMvO/u+wuPl5eXhxCmTJ7SVvXA2lRXVxdCSKXa7aB3AAAAAABg9RT+835dXV3hl1yrp/CbAgAAWCWt/Cm0NTpuKLCgEOk7+oj9QgjPPPvi9OmzQghLJgL/N/PTwR49uu4x7AshhHv//NjaSQSGEHqvt+7i665dazfZZND77y83q1cwcOCAy6689KXhL/3m1t9ls9kQQlV11SWXX9R3/b5xHN/9x3sefeSxEEJt19orr74yiqJ8Pn/rL3+9+PH+G/QrHJc8Y/qM5W1RVlZWCPCtoIwDv3zA2NFjPxo7tkvtcs9F/dVvfllZ9b+jnMePm3D7724f+f4HIYTDjzz00CMOjeP4vrvvf/hvfw8hnHrayeUVZfl8/odXXv1pGaXJVDKEMOnTRCN0LoV/1U+n0+1dCAAAAAAAsGpSJSWtb/UnFAgAwGpox4bTHT0UWNC3b+8QQmnLEjml6XRh/lpzyukn77b7sMUflpWXXXblZe+NeO+eO+8dPXrM8p4aP37COd88b97cuYXc3qGHf/ngQw9OpVKTJ02++cabCx0BKyorfnTDtZlMJo7jG669ccqU/3Xa679B/xDCwgUrOqS4rLQ0hJD47CHCiU8zglEUpdPpYbvtevRXjlocHCycX7yUvzzw4AlfOy6EMG3q9Ft+dsuHH44KIfTqtc753zlv3d7rzp0799qrfjRhwsQQwu577LbzsJ1DCPfddd+0adMLj2+19dDCxehRy/1sQEeWK8SLV5ivBQAAAAAAOqBkMrm8niMtl1tbjUgAACgmrfwptDU6RyiwYPBmG/Zdf92VTquurFgr5YRC/u/KH1zRe73eIYSGhobrrr5+++232+eAfUIIm2626ZVXf2/27Nlvvfn28BeGv/P2u4sPQS7IZrPZuXNDCIcfefj+B+0bRdErL71y3933L87S9enT+9IrLi2vKIvj+KYbbn7rzbcXP5tMJrt17xZCmDp12grKyzR3KHVJ+pMjUNPpdGNj44Xf+k5FZcWl371k/X59QwjvvvPuso888dgTdYsWVVSU/+PRJwojhx95+CGHH1xfV//AfQ88+JeHCq92yqkn7bbnbiGEN1574+8PP7r48aFbDQkhxHG8gogkAAAAAAAAAAAArdeZQoGbb75xe5fwGZttvun53z4vk8mEECaMH//9K35Yt6hu5PsfvPLyq2d+65s1NTUhhNra2mG77Tpst13z+fyiRYvmzZs3c8as39z625kzZhYWiRKJLbYc/Lvbfv/Cv/+zeOWystLTzzxt6222jqIojuNf3PzLuvq6Aw7c/6OPPho/fkKXmurjv3bC/7N353GWVdXd/9fa59x769Y89DzPM4PMoAKCCiKgOOEYY9QYn0TzmMRHTaKJ5olJfmp81IioRFGcQQTHgCiDyChIg/Q8z2N1zXc6Z6/fH+fe27eriu7qga7u9vN+lV279tlnn31u+6J4vfi+1krq/61dteYgJ9y3b18QBF/76tdrJxsayqHJpkpH4P6+/n/9xCdvvOmGVStX/dfnvzTsVr+5/8HaH+O4dMvXb7n7rnuSH8NU+LGPf3TW7Jne++/c8p1qdjC5dMZZZ4pIX2/fYX7AAAAAAAAAAAAAAAAAAIDDczKFAk8Qmbq6V113zUsuu7SpuUlEtm7Zdtv3b3v8sd9VFyxfvuIv//x9F73wgje97U1tbW3JpHOusbExW5ft7emLo/0Fxs37f/7oJ2o3f83rXn3FK14ehqGIrFq56oYv3Lhn955zzzv3Za946ZgxYwYd5r577z/IUT/6kX8aOtnU0pwMWlvbqpP9ff1/9rZ3lUqlEX4Id9z+42Sgzl33mmuvuuaqurq63p7ef/34v27Zsu3vP/rhBYsW5HOFfD7f2taS5BeHrUEIAAAAAAAAAAAAAAAAADiGCAUehiVLFr/2Da+ZM2+OqpZKpScef/Lb3/x2tdvvIA/99pGHfvvIosULr3vdq+cvmO+c897/44c/unnzlqGLw1R4+Usvu+yll02aPFFVoyhavXL1N2/+1vp165MFjz/2+OOPPT5v/tx//Od/SDJ2SVffYXc7uLbW1mTQ0dFeOz/yRGAinU6/6a1vvPSyS1KpVH9//w++e+tP7vxp0kf4k//y79OmTX3Hu/507vy5yeI4in/w3VsP96gAAAAAAAAAAAAAAAAAgMNCKHCkPvKPH5q3YN72bTt+dufPHvzNg1u2bBvJXcueXb7s2eVBEFz0ogv37NozbIbvnz7x0dlzZyfl+pb+fuk9v/zVU08uHXa3VStXP/bI4xdcdH4URTffdPN99z5wBC+iqiJSKBQeffSxI7g9MXvO7I99/B9NbP3a9b+8+56HHnx40IJNmzZ//GP/8tWvfzlbnzWzT//HZ54rPQkAAAAAAAAAAAAAAAAAOFZ06qzzRvsMJ4cgCOI4HsHCw/bCF120ft36bdu2j2Rxpq7uRS++6IH7fnO4hf2qmpqbZs+Z9Vy5wxEKU+HiJYuX/v4Qm1x8yYsvvfySm2/6xqZNm4/mcUBi09pHR+W5q1atEpGp02eOytMBAAAAAAAAAMDR2LxxvYjMmzfviHdI/kvBrXvvPKbnAgAAwKns9R2vOsp/Cz0aVAocqecpESgiv33woZEvLuTzv/rlr4/mcb09vUeZCBSRqBQdMhEoIg/c/5sH7v/NUT4LAAAAAAAAAAAAAAAAADBCbrQPAAAAAAAAAAAAAAAAAAAAjg1CgQAAAAAAAAAAAAAAAAAAnCIIBQIAAAAAAAAAAAAAAAAAcIogFAgAAAAAAAAAAAAAAAAAwCmCUCAAAAAAAAAAAAAAAAAAAKcIQoEAAAAAAAAAAAAAAAAAAJwiCAUCAAAAAAAAAAAAAAAAAHCKIBQIAAAAAAAAAAAAAAAAAMApglAgAAAAAAAAAAAAAAAAAACnCEKBAAAAAAAAAAAAAAAAAACcIggFAgAAAAAAAAAAAAAA/BFJuVRzpvngaw65AABwwgpH+wAAAAAAAAAAAAAAAAAYqXMnndOSbn5g82+LceHIdjht3JJXzHxpLsot37v6/s0PDpT6By0INHjfWe/pLw08uv2JR7c95s0fi4OfKJrSTb3F3tE+BQA8j6gUCAAAAAAAAAAAAAAAcEKb1DjpLYuuz4ZZEZnTMvP8iWf/3Xnv/5PT3nxk9fwmN04UkWyYPWv86a+df+3QBTPbZopIQ6r+smkv/tD5H2hMNR7W/mPrxx7W+ounvuh1818zkpWZoO68Sece1uaDjG8Y/76z3/O6+dcdzSYAcIIjFAgAAAAAAAAAAAAAAHCCmtky470veNc7TnvLjJZpr194nYjk44KIqMiUxslnjDt9RsuMw91zXEM5tNdd7P3usluHLpjfNqc63pXb3T+klODBvfuMt//l2e+Z2DhxJIunNU998ZQL57fPfucZb3d6iBzL+IaxL5t+6d+c+1czWqYf1pESTemmPz3tzSo6v33OpdMuPoIdAOCkQPtgAAAAAAAAAAAAAACAE87CMQsvn35JS7qpOjO1cfLs1tnFuJj8+Lsdv1eRtyx6fWzx6n3rfrnh1z2FnpHs3JppERETu/mZb0U+GrpgavOUZNBfGvja0ltM7LBObmat6eY/O+2thRE0OE4H6WQwoX7cX7zgXTc8+ZWDLC7GUVLj8C2L3nBYRxrqhZPPf3r3s525vUe5DwCcgAgFAgAAAAAAAAAAAAAAnCjmdcw7Z/yZ05qnBBpUJ02sp9i3e2BPPs4XKqHAki89sPnBOW2zJjaMX9A+d3773Ae3PPzA5gcP+YhMkBGRx7Y/0VfsG3ZBW6Ur8X2bHxyUCDxt3JJndv1hhO+yoXvLIdeELpjdWi52aHaI9GHRl9+9GBd/ufG+oQsumHRO5OOndj0zbNixVmxxd77rkMcDgJMRoUAAAAAAAAAAAAAAAIDRpKJLxi0+a/wZkxomDG2h+73lt6/tWlv9cVYlQlfykYh845lv//U5782GWRV58ZQLn9r19LD1ApeMXbxm37p8lGuva1eRki/9asO9yaWXzby8Lqj7yZqfJT+21bU5DUTEW7x059LaTa6Zc9XpYxe/aPKFNz/zrVyUe67XqeYIb1t5+yHfPXThh87/QFKV8Eu//+rBF0e+lAx6ir1PHXi2xFnjz5jYMP5l0y9dtW/tT9b8ojiCUoUAcOohFAgAAAAAAAAAAAAAADCa5o+Zf/WsK3JRfufAru39u9Z3b1y3b90rZ1+5qGO+iGzr2167uFopMOkjHFv87WW3vev0tyWTbZnWYUOBV868PD3nFUt3PbtzYJeIPLDl4SS4t3js4vMmnCUijan67y6/VUQWdMxPboksfu3866o7pIPUzJbpItJe1/rX57z3xt9/raswfKW9w203fDR3DcupW9A+99m2FSv2rDhWewLASYRQIAAAAAAAAAAAAAAAwGhasWfFv404vlashAK9+WSws3/Hys6189tne/MbezYNe5c3U9Ezxy1Jfrx82sWXT7u4dsGs1hmXzbj01xvum9UyPZlR0Vmt02vXmIhWLqWD9GG94/GhWh78cuN9JAIB/NEiFAgAAAAAAAAAAAAAAHDSqFYKrPXDlbefO+ncdfvWnzn+jMumXfzFJ79aiPO1C2KLkxzhI9ufqJ2f2TJtYsP4pHvvst0rVXRa8xQR2TGw87+XfnPQU977gne117WJyH89+ZXeYu/z835HRaXcfHlj9/DhSAD4Y0AoEAAAAAAAAAAAAAAA4KRRjMqhwJRLVSdN5LFtj89omX7VrJeryLvOfPsNT3y5th1vZHESDbx34321u3WOP/3qWVeIyO2rfryjf/v5k89z6kTkp2vuGvpo1XLkru+ETASKSLV+YV+xb9ClSY2TJjdPenzb70bjXABwXBEKBAAAAAAAAAAAAAAAGDXzOuZdM/vKQlwsxsVqR2ARacu0JIM/WfLGuGa+IVWfDC6cdM7iMQtqtxqb7Uja57amm69f+PrvLb+1esmsNiL4nC6YeI6I7Mrt2dm/c+hVV+nOO6K9RkPKlZMwA6WB2vm6MPvWxW9IudSE+nE/WfPzUTodABwnhAIBAAAAAAAAAAAAAABGzeq9q/IzXtKSbi75Yi4qVOedK5flqwvrakOBVZkgUxdGtTO9pf7quC7MHO5JJjVOakw1iMjP19497AInbnQTgaGWgy5N6cYPX/A3kY8iH1vNiRpSDcng/ee8t/bGTJBOCiuePnZxU7rxO8t+cHwPDgDHFaFAAAAAAAAAAAAAAACAUWMiX3ziy0Pnr5t37aKO+SLyladuzkX7696lg/QHz/trEVm1b+0PV95RmcxcMfOlP1v7Cz9cfHCELp9xiYhs7tu6ZOyi7X3bh26lqiJiR/GILzqBzwAAIABJREFUoxS4IBnsHNgdqBvfMC4XF3qLvdU6iEmo0cQ68/tqb6xP1Y+pa0/GRxCXBICTC6FAADihZTOp0T4C8EctVyiN9hEAAAAAAAAAAAAOUIyLJqIiDen66uQVMy8/feyi2a0zvvbMLT2FniPYNhPWTW2aUvTFu9b9+l2nv21xx/ybnv7moK0CTTJ5I60V+J4XvPOQa1R05IcMKpUC81Hh1hW3D13w9xd+UEW6i723/OG7tfNjsmPec+Y7RKQzv+9rT98y8icCwMnIjfYBAAAAAAAAAAAAAAAAcGhz2ue8ceHrXzrjMm+xiNSH5VBgyqWWjFkoIg2p+r98wbsPI2RX44JJ56jID5b/aGf/jj25vdkw+94XvLM921G7JlAnIsP2Mh5WxqUP/RWkR37IdFAOBeai3NCrDamG5N2HxiKTGociUvSUhABw6qNSIAAAAAAAAAAAAAAAwIlrybhFCzvmTW6Y6NT1lfqf2v3M6fGibJitC8ptcF8283KnLqngd/fGew9Sxy/lUn933vtrZ6oNeevD7JO7nt7Ys0lEfrHul29b/MZQw/ec8fbP/u5L+UoCr9I+eKSVAj//xJcOuSZ04YfO/8AIN2xINyaD/tIwocAJDROSQWdu36BL1XqESZ4SAE5thAIBAAAAAAAAAAAAAABOLHVhtj3bloxfPv0lItKZ77pr/a/Wda0TkZdMfVE2zNansiLSVtd25rglycqfrbtr6c6nD7KtiXXmDwjM1acaWtJNSRBwU8/mZHJTz+ZiXEwHaafBK2df8cOVdyTzh1sp8JhrTDckg4FoYOjV2W0zk8GWvm2DLoWunJAZxcMDwHFDKBAAAAAAAAAAAAAAAOCE0JJpOW/SOQvb5zVVSuKJyI6BXT9fe/f2vu3VmZ39u9vr2lR0THbMmxe/PimDt7Jz7cETgSIS+ehrT99SO3PG+NOvnnXF0JV9pf72IC0iExrHVydVXbLJ0b3lkWtMlT+W7iENgkVkavPkZLB8z8pBl1LVUGBMpUAApz5CgQAAAAAAAAAAAAAAAKNpQsPE8yadNad1VjasG3r1O8/emjuwMN4ze5Yt7JgnIm9Z/IbGVIOI9JcGfrjyR8fwSF357va6NhHZ0bezOpmkD4u+dAwfdFjGZsckg7Wda4deHZftEJF8XCjGhUGXMqnyB1uIi8//MQFglBEKBAAAAAAAAAAAAAAAGDX1qYZ3nv7W2hkTW9m5Ju1Ss1pnDHvLms41JqIiSSIwsuhrz9xiYsfwVDtzu5OnP7jlkWSm2oG3OHq5urZsi4jkonxpSDBxwZgFTgMR2dwzuHewiNSH2WSQi/LH5aQAMJoIBQIAAAAAAAAAAAAAAIyagVL/hu5NM1qmJXHAZXtW/s/6e/JR7rp51z7XLSbWVehuy7SIiLf4q0u/2XNgO936VMO5E8+6f9NvjvhUj2x93Imu69qws39HMtOcaUkGhWhwHb7jpiXdJCJb+3YMvXTRpHOTwX2bHhh6tTndlAwGotzzfEYAGH1utA8AAAAAAAAAAAAAAADwR+2O1T+NLFrfvfGzj99wx+qf5A8VXJvTPqc105yMl+1d1ZnbO2jB+ZPOOXv8GUdzpIFS/z0b7l3Xtb4605ZpTQb9o5Sra8m0pFxKRFZ2rhp0aULDxIkNE0Skr9S/a2DX0Hvbs+3JYF9+33E5LACMJioFAgAAAAAAAAAAAAAAjKb+Uv9/PPLZES4+b9K5L51+qVZ+XNQx/671vxqUI1zUsaCn2Fc74/QQdaOS3rsH0ZYthwIHSgMjPOqx9aIpF4mIN//s7mWDLr1uQbmq4s/W3T3svRMaxiaDzlzn83xMABh9hAIBAAAAAAAAAAAAAABOAip67dyrl4xZICLL967a3r/zsmkvdurevuRNX3nq6yaWLEsHmdZM88rONbX3pt0hIiLpMH3wBWOyHcmgp9g7wgPPaJl+yDWBjii7oqKnj10oIo9sf6LkS7WXXr/gtS3pZhHZ2Lt5zYFvXdVa6X28rW/7yM4OACcxQoEAAAAAAAAAAAAAAAAnutmts18z7+p0kC7Gxe+vuH1Tz2YRWTxmwfj6sWOyHX9+5ju+uvRmb15Ezp7wAhHZe2Cf3MAFIhK61FsWXV8735xpSgaZ4BChwPGVYntdhe6Dr3RSrkr4lkVvGPkLquhBrp43+VynQcmX7tt4X+38q+ddO69tloj0Fvu+v+yHItKcae4v9scWV9ecOf6MQAMRKflS5KORHwkATlKEAgEAAAAAAAAAAAAAAE5cqSB83YI3TWuakovy92y6/7Gtj1nl0ref/f7/Pue9ToMx2Y4PnPtXt6740aaezWeOWyIivQfW8ws1EBEVmdQ04YDNXSoZNKQaauevnfvKXCm3c2DXnoHOyEfTW6dNbpyUXNree4hie1ppVfz9lT865NuFLnzt3GuqscVhOXUXT75QRO7ecG/13dNB+k9Pe+vYbIeIdBV7bnzypiQI+K7T354N67zFuahQiIspFzalG5NbNvdsPeR5AOAUQCgQAAAAAAAAAAAAAABg9AUaXL/wtT3F3p5Cr4jMbp1RnXfqbl1156q9qwbdkoty//30t96+5E3pIF0XZN62+I39pYGGVL2IJH9WJUG9ki996tHP1c6fMf70q2ddISI7+nbuXyw6s2V644ExwUQxLnYfqlJgteLfczXzrRVW+hoHlSjhUNfOvTodpFd0rn5q59Jk5uyJZ718+qVOAxN5cufSu9bdXQ0LfvbxL8xun3P+hLOnt0yr/RBM5K4Nvz7keQDgFEAoEAAAAAAAAAAAAAAAYPSpamy2qGN+tXpfoivf9Y1nvv1cd+0a2PW5J75UrZlXjcFNqRT2K28uKiKFuDjo9q0927b1b39g08MbujdUJ03sc7+7oTnT/PIZL53fPrt2/U/X3X3wt0gHmRG86zCSDr9DTWmasrhj/obuTT9ceYeIzGyZ8YrZL2/LtIjIzoHdt6/6SWdub+16E1nTuWZN55pZrbPetPC1yWQ+Lty24o5BKwHgVEUoEAAAAAAAAAAAAAAAYPRFPvr+8ltF5KUzLjt/4tnJZFexx8QOfmMxLn7lqa9dNOXCF00+vxoonNw0sXbNnnznzr5dvxxSKm9Pbs/Xn/7WsNv2FHpuW3n7WxZdP6NlmojEFt+++qdDqxUOkg3rkoE3f/CVCbPy2z2zZ9mwC66ec+WOgZ3fXvb9yU2Tr5t3TUu6yVu8et/6u9ff01XoOsjO67rWbenbNqFh3JM7lt6z4d5DfowAcMogFAgAAAAAAAAAAAAAAHACuWfDr+e1z2nLtGzs2fzdZbeO8K6Htjz88JaHL5h8wZnjljSlGweifO3VL//+v4/sMD9Z+4s/P+NPN/Zs+fHqnxfi/CHXxz725rsKPXet/9VI9o8t/sHKOzb3bMlHuWEXfGfZD3oLvSLSlGna2b/rp2v+p7ao4cEdpMIiAJzCdOqs80b7DAAwIpvWPjoqz121apWITJ0+c1Sens2kRrAKwPMlVyiN9hEAAAAAAAAAHJXNG9eLyLx58454h+S/FNy6985jei4AOIQx2TGZMLO1d+toHwQAcCRe3/Gqo/y30KNBpUAAAAAAAAAAAAAAAIATy57cntE+AgDgZOVG+wAAAAAAAAAAAAAAAAAAAODYIBQIAAAAAAAAAAAAAAAAAMApglAgAAAAAAAAAAAAAAAAAACniHC0DwAAwEnDxCcDLf+hIiKVSTlgcv895e8qNfcCAAAAAAAAAAAAAAA8LwgFAgAwcjWJPqvOqR16NQAAAAAAAAAAAAAAwPFAKBAAgJFSG1QlcH8wcFAEcH9MkAKBAAAAAAAAAAAAAADgOCIUCADACJmpNzMRZ6aqqmIiJuJETCyJAprtj/+paGVcW0uQeCAAAAAAAAAAAAAAAHjeEAoEAGCkTMREYxERcyZOVERVxMRUxcTEkoxgZblVagjqgblAAAAAAAAAAAAAAACA5wehQAAARsRMTFTEAvNiXs0s9t57U1/tKxwEKZFYNNBqlUBz+3OBAAAAAAAAAAAAAAAAzzNCgQAADJWU9VMRMTNJ6gGKWVRUX+zv7R7o6yrl+/O5XBxHXk1ELPYiWl/fmM7UZRua6xubU3X1QZAxJ2JBJRFoKvQPBgAAAAAAAAAAAAAAzyNCgQAADGJJI2AVJ6JiJurNm8VR1/Z1e3dt7+7ckx/oN/GqGmYydQ0NLghL+VJUinbv2Bk4TaVTmbp0a3vHmHHTsy3jgnRGTEW03E5Yq02FpaapMElBAAAAAAAAAAAAAABwDBAKBABgWGompmLiVYrFgZ51y5b1bNtSKBUa29smz5qTzjakM9l0JltX3+iCVBxZHPn+vu5Cvjuf7963e8fqPzy5JbN26qIzJ82Ym0rViTpLMoHV/N/+coQAAAAAAAAAAAAAAADHBqFAAAAGUU3CgGJeTCQu9O793YO/znX1zp5zZtuECfWtren6enGBiHPlmn9qXkS1oblVNPZWLPT37dyy4cmHf7P+nh9feuU1k6fNc0GdE1fevOZZo/ieAAAAAAAAAAAAAADg1EMoEACAwUxExFTNqfliYeVTT/bu6z77/Be3T5wTZjLqnIiYaRLwUzETEVe5T51aJtuYmTa3Jbbg13fd+cyTD7e0tja2TRYJXHl/b2JufyZQk/sBAAAAAAAAAAAAAACOEhEEAACGUDP1YqKx375h7e5t2+YvPnPs1AWpujrVJP2noibqk3CgqZiaJAUGLakE6DTMTJ+zaN6iF3Tt6e7auz32OW/iTbyaV7Xki0qBAAAAAAAAAAAAAADgmCIUCADAAUzMzESceSsN9K1Z/nSQSU2ePVeDUMSZOq8uVo3ViaqIijkxV/6VqqLOq0aqkUopTOmS05Y01WU7t271hb5A8molNa9mYupFxdTMiRENBAAAAAAAAAAAAAAAxwbtgwEAOFCl2J+6ePu2lX3dO087+8J0XaOINxd4UVFxImoippLU+lO1ODIfqZYK/T29vZ19Pft8FJcKhajQ15Aq7t26fs3SoH3MpMbm1saWMRZmxWXUpYRKgQAAAAAAAAAAAAAA4JgiFAgAwAFUVcUiiQM/sHn9s4GVOsZNVpdRNbE4UCcmYmJJmUAVEfO+2N+9Z/fWTTs3bcgPdFspny/0l6yYDlIWFYv5HtV4zdOdPqh3KdfQ1DZj1sIJM+Y3NHWIS5s6E1FTFUkygqaWfCMxCAAAAAAAAAAAAAAADhehQAAAhhGKxsVo965dmbpsmG1WUXGhmRcJVEwkEi+igYpFhYEtG5b94YkHnLdMqinb2NE6bcyYSWPrGhpTQZ1Y8anHHti2+tnTz7ogO27G1p1btq/d+Mj9D7YtX7rkBedNnnZ6UNcoTkTLdQeTWKCIUEQQAAAAAAAAAAAAAAAcAUKBAAAMpiJmsnvXrmK+OGPm3DCVkXKXYGdmJqLqRMTER/nedc8+uXbF0y2trWPHT5k+5/RsU4c5NY3FVGKnErWOm7Z9w8YoDidOnDlx6tzwHO3es+vnP/3hU08+lS/IzLmnhdkG1cBERY0wIAAAAAAAAAAAAAAAOBqEAgEAGIaK7d21MwhTLe1jXJASVTETVVNRMzM1sbiUW7PiqbWr/jB15qxZ8xY3dkwwzZgEYuIsNBENnGhq4uQ5y4LHu/f1xiWXDupN46aOKa96wzuf+t2Da9csc87NmHOaq28UNbFqmUBH92AAAAAAAAAAAAAAAHAECAUCADAc8z37OlMubGhqU3UiTsQnF0RMRM3i3Ts2b1yzYuKUaXOWnN3QPM5rUG4DXG7/60REVJvaOiIJuvZ1xsWCZRpEnQRW19B0+lnnPv1Ebv2qZ1ta2zsmzXJBqOLKTyAPCAAAAAAAAAAnmP9z4QdG+wgAAAA4aaxftW4Un+5G8dkAAJygVMz73q595iWdbnQuUK0G9ZLEnxVzfatXPKMiM+curm/oEA1VnFMVEXNqzqkTdSZqLgwaW1u7ujoLA50isagX8aJW39Q6c85pA/25tcufHejZaxYZeUAAAAAAAAAAAAAAAHB0CAUCADCYivg4jgv5ukw2DOtEXJLVMxM1UVUVv3vb5t1bt06eNrO5bZwGqSRJqCYqTrUcDhQTNROxKVNn9PX29fZ1ikaiJmIqJuY6xk6ZOHX2ls2b9u3epr6YFCM0UzOrFCYEAAAAAAAAAAAAAAA4DIQCAQAYzMyKhYJ5X5+tD8LU/vlyNlDjqLRt83pfLI6bNC1M15c7BYuYJCUFvYgXKVcXVNWJk6d1dXXv2LbFxyUTNXFiKuLCVN34KbMzdfU7t6zPD/SKeJPapwEAAAAAAAAAAAAAABweQoEAAAxiIn5gYF/kC5nGehemREUkFnHVzr4Dfd27d25uaG5sah0rGoioihN1sr/LsCaFBUXUTFtax7i67Kb1K2NfEBEVLWf+nJswaXJTR8fmzRtzvb1JJUIRFYnN+B0NAAAAAAAAAAAAAAAOG4EDAACG8oVcn1mUbah3QbC/5F9SRVBkX+fe/r7uiZMnZbINlsQAtSYQWB2qmIqKS9dlOyZM7OvpEovEmzMRVXUqKnX19U0trcVCqben20clsXKBQDV97uMBAAAAAAAAAAAAAAAMj1AgAACDqWihkBeTdCarziVV/VTKLX19FO3asX3Pnr0tHWPUhao6+G6pnVIRUacdHR3dXT25gQE1swOuuqnTZoep7I4dO6NSQcRXuhCLmR2wFgAAAAAAAAAAAAAA4FAIBQIAMJh5yw/kioViGKac1v6uVBE1H+3dsys3UKhvaEkSgUNygUNpQ0OzN+vr6dIk9ieV0oOiY8dOMJfetWNXVCyIeLGYKCAAAAAAAAAAAAAAADgyhAIBABhCVZ0TU5FQxJmpmZp4ExUxHxfF4vHjJzQ0tIg4GT4QqNVfsmZiIpOnTI0j693XKebFvDcTUzE1VRdmGpo68oV8qZQ3MVFT1eTPEcQNAQAAAAAAAAAAAAAA9iMUCADAYEkUL18sijlVNUl+Y5qImEo+N9C7b2+2rj4I60RVTIZt8qs1u6loc3NLLpfr2rtHxOzApJ+pmzhlWn9/f19Pr5iVuxQL1QIBAAAAAAAAAAAAAMBhIxQIAMBgJuLNCsWShIEEQblcn5WDfvmBvp7ufU3NTWEqc/Dknu6PBmpra3sQpPK5nJnpgR2HTWTCxIm9fX093d1mSVdhPUahQBvxPnY4iwEAAAAAAAAAAAAAwAmKUCAAAEOYRaWSqLgwpapiB6Tl8vlcd1dXfbYhFaZMxIYL0lnSNLh6WTWVqatvbCrlByQuVqKC+29s7+iIo7ivr8dbVHncYaX0hl1vNsyXDPmxev8BK8kIAgAAAAAAAAAAAABwMiIUCADAMMwklUqpqplPZlSdmJmpmYlZpi4r+lz1/Kzmz/IgTGWaWzv6+7p9XBQRMVfTJthSqVS6LpvL9/o4p6bOrLL5yGN5wy6uifzVXq0G/6rjZNn+VQdEBgEAAAAAAAAAAAAAwMmCUCAAAMMoFvLe+yAIqv1/RUTE1My8D4MglUpJ0ghYdLgN9qfpVDVJ140bP6G3t7dQzEulRXDSQ1hFnAYtra0D/X1RqWSiYlYNI46MijgRJwccRtUCNVfzpWqmljw5CR16EW/iVUwtUHEqqqZqQ3cDAAAAAAAAAAAAAAAnAUKBAAAMI44i86YHhuJUREUK+XyhWKxvrHfuILE5HfyDujHjJ5SiKDcwIKIipkk6T0RETLWtrX3P3s5CPi/Hsj6fHdiM2Jf31spXkk8sxxa9iZf9X1QJBAAAAAAAAAAAAADg5EMoEACAwZKwXOAO/C1ZababG+jr6u0OMykNVIfPBB4wa2ZJ9+Hm1nbvLZfPJb15zXw1rmdijU1Ne3bv6e/rl6Sb77GI5Jl4U2/ivXgv3tRMxcTMxLyIqXgV78TUvHjxouYrrYUpEggAAAAAAAAAAAAAwMkoHO0DHIkxHa3ZbN2gyVwuv2dv1yidCABwajGJisUgcGHSPrhczS+J7/l8oVAqlTRw5g4enNPKN01qATa2tEVRVCwUxGJRFRORco9gNdfc3BJFUalYFE3qCB5NKq/Serh6BBORpN1xZUGlTGDNY9TMiYlpcoOpWE1FQQAAAAAAAAAAAAAAcBI4+UKBC+bPuvqqlwx76ac/v3fFynXH/UQAgFOP5XO5UrEgOrjsn/dWKhWDlEulQhMvZlrtAVyjPKVJtE7MnIg2t7QWS6VCoVDuJ6xq5cUiTusbG5yq9z65dKSZQKuWNJRKyUEV06QcYSUjuL8QYDK0WFXUi0ggGogkDYWroUAAAAAAAAAAAAAAAHDSOPlCge1tzUdwCQDwR6/ajvfQKTfzPp/PFwoF81Z7o5qYj4vFYjqVCsJAy9X+Di1JCDY2N6fCVLFYEPEiQWVrSxKEmUwmimPzXsREK8UJ5ZCNhG3wj2Zm3vvYvJmP1MzEi3gfR+Zj83EhNxAXC85JLtdfyPer+XwhZ3GUy5caWyfMXHBmWNcoEiSRxsOMBBIiBAAAAAAAAAAAAABglJ18ocDE5s1bv3/b/1R/vP51V06dOnlUTwQAODYGZdxqO/cOWTWos21S2U7swPmkE65JbWTN1SywSixv/yPMiQs1dKKqXpyW6+qpV4t81NfX44J0OmwQL+biZNv9Zfhqm/Ym5/Gm4kXFhSlNpeJin0jRa2ASSpL+UxOJMw3Znv5CvlgwG9Ckk2/SSNj7uBSZmZiJ+TgqevEWl8wkKubNx4V8zntvPo5KJR/FxVw+iqJC/0Acl0qlXKlUdCpiPioV4qjk1MRisyiOo2I+LxY7tf6B/mIxr2GqqX1ati47aeYSl8qYM1XvLVRR1fInmIQVbf9HqZU5X/lrUhW3P0dptR8IAAAAAAAAAAAAAAB43p2soUAcc9n67Ny5c55e+swR3HvVK19x7Wuu+fpXv/7oI48f2dPf8c63z547+/FHf3fvr+/v6e4+sk0AnBpUfPm77K/Dp4Pzf2UHJgjLle1UKs1xrXJ3NZ12QECt0lJXdXCO0KJAzYmJeRVLwm5i6iSICqWurp5UKu1cYGZmpurNkmyfmpmolbv2Vg9hlkT6vC/WBRL1dxW6d4rLuCBT7hPsnIhE/d1RX9fOdSvqfJ8LxLzft3ePeV/M53L9/VGxJCIivhzLM0tyiEGgYqKBM3XJO6hP4oNWCfJZFEdicVQqxVFJxSwpIRhFxVwuKhVETFVCF4jTUn/3st/du3vb+hnzlzR3TA7S9eqSXcoJQKv0JXY1sUCTJGcpWsleqpbfvvzBHIP/XwAAAAAAAAAAAAAAgBE5oUOBCxfMXrJ4jlNXOzl16iQRmTp18vWve8WgyYsuPHvqlIm1izs7u++592GzkTV3/OM2d+6c//P3H9y5fcfnP/tfGzduEpF3veedjz/2u6W/X1q77Oxzzho/fvzPf/aL2skgDBobG9/3gfe9dtu2j/zdP8RxLCLz5s+tb6h/6smlQx41jAkTJ86YOWPGzBkvu+Klf/UX7z/WLwfgZDSoEa0NSZbp/hTagdfsgCXVH+3ASn5a05xXk5jd/h3Me++9lfNzKk7EiVhciEqFXNeenelQ1eeiXI+XwMdFTXJ/3puYj733UewjHxW8ee+9laIol+/cu2f7tq1Rb+eeTWt/umpFXV1DmErX1dWlU6G4QFzQuXdvsXNbrnP75sK+OC6JmfjIfGyxV7Fgf8bQS/KrUUXVlSOIsYiqijoRp6oqyYli76M4Um/el6IoikpFETNvxXyxWCyYj52IcxqmUhoEXoJAYlfq2rn+qc7tG2YtPHvirEVhti0IQ3OqUvPr2JJHDf3Ua/sp00oYAAAAAAAAAAAAAIBRcOKGAhctnH3VlZceZEESBDz45NSpk/6wbPX2HbuPyZGy9dmrr7nq2T8sW/bs8mEXhKnwoosunDd/7rJnlz3xxFOFfP6YPPf4eHrpM3f97K4rXnnFv/z7J2784pcfevDhxactuvSyS559ZtnGDRuqy1525ctSqdSUqZO/cuNN1clisZgM9uza431S4ksmTJjw5//r3flc7id3/uzOH/344E8fGBhIBrd9/7Zvfvfmnu6ehx586Lvf+YFVdgNwaksCeapJOM9JNeanlfbB1Q7A5Wa15fvKqcCh2e+aGat08d3fy7Y8Vd1JRUzNqom2UlQsFouRRd4KFvXHXr23KIpLhf6uvZsH+rsKfd3b163YIWuLpaiY7ykWcv19A3EUe+9FvIlX8SpezEx8oOpLxc69nVu3bM1kUsHYNi30q0Yah6r1amlzztSltJAOzWnkpKgamXhRLxJ780nEL6lrqGLiVUTNqYg3L2bm1AVikjx7f0IxNovNzPs4jko+KpWKRTPz3kfFyOJYRMSJSqAqgYho7CwKvReTONez5g+P9fd2tkyYkalvCoIgDELnnKhLpdJhJhuk6tQFqk6sUpxR1Wqzm8lhAQAAAAAAAAAAAADA8XWChgKnT5t0xcsuFpGt23Zs3LSt9tLUyeOnTp3c3d3z7PI11cnFC+e0tDRv3rx189ad1cmLLjhLRMIwOFan+r+f/Pj4iRNe9ZpXffhvP7xly7ZBV9/7vr+46IUXFovFTCZz6eWXmtknP/5vy5evOFZPPw5u+ea3L7n8krq6uj97158+9ODDcRSLyKIlC6dNn1pdk0qlROTil1x8zy/v2bVrT19vn4gUi6Uk0/P//dunqysfuP83Z551xnkXnPf6N75u3vy5n/r3zxzk0f39/cngvnsfmDlr5uUvv/yqa65qa2//4udveD7fGMCJaJiKc2aVJF9lgZbb8kq11/Cg8oBJIUA1EVOrlAS0AzawJBtoKiI+jtViXyqaxXFU6u7ak+/dk5Fi9/Y1Ua63lCsMDAz09/X09Ozr7+/q69xmpdLOTSuL+bz3kcSx+di8qkjgnDhLegKbqjinas5b5Espia2Ul5SalcxKPlbvzFsciTdTMV+KvDcrFQtWF6iPnY997L33EiQsAAAgAElEQVT35r2YTzoQV9/RVMUnP6uIxOW+wmpevHkzLyKi3seR93EcR+bjqFQqRcWkdmHsvVNJOhcH6ZQ5F6s5iUQyZk68ODWJ+jet+F3h6UfMXBA4F4TZbL2otLa1N4+Z0NAxIdvUVt/Ylq5rdGHaJKh8uEn0Up1o+ZMnGQgAAAAAAAAAAAAAwHF0IoYCx45pu/bqy4PA7d6z9/Y77i4USoe85aGHfz90MgkFDlM+6kjVNzQkgylTpw4KBV5y6Ytf+KKLlv5+6af+/TPXv+n117z6GlV941uv/6d/+Pgxe/xx8eTjT1z04heqcyISx15Enn7q6do83y3f+4aqfv2mm/O5wpe++sXf/uahm77y36VKpcBBvvj5L519ztlBGJzxgjMamxqTBOGwuvbtSwZBENzyzW9fctklYRhSYQo41dXk+GrzfkkVvyTWJkkSzszUkn65+5sCm4iYt6RXroqKNzOvlXvK3y2u1s6z2Puo5H0pjkrel6K4ZN7HJe99bD7yUamYG/A+KuQGNq1fu2Pd8vaW9MblT4hmAhc6DZzGKefSUrCoEDonVnRSMIvLtQg1yeiZmiRxOxUn4lU0ObaKqmpykCAIRNWc8069qpqoSlQqpAJ1qmLO4qB8ZpOkjbF5L2amoiKapA4liQVq8qEln2GyuPzRJUUBoziOIxHzZiJq4kziJA2o6oIw1CAwVXXl/3kVCVRFnEhKRQNv3ouYxqU4X1TV3t0DPZ3bg0x9XWNLU/vExrZxjS1jMvWN6UwmDFIaps2lTUTECbUCAQAAAAAAAAAAAAA47k64UGBdJvOa667IZNI9Pb0//NGIEoHHzbe+8e3r3/KGzRs3P/Lwo4MuvePd7xCR39z/oIh8/7u3jp8wfuGihT+982ejdNIj961bvnfaGac/+sijIuJ9lEzOmz938pQp9/7q3uqyndt3FopFVX3RxS98wdlnfuNr3xx2tziOVyxfufi0RSIydcqUg9RN7OrqSgZBEBSLxZ/c8ZOzzz1n/sL5S5Ys/sMfnj3WbwlgVAzb4tdqLlpNHbwkz+fNYm+x+dhi72NvPjbvK9UBzcyiUsHM4jg2k1KxUMrnvfdxFEVR5H0sEkdRScR8XFIRiaMon/dxFEdFH5fiUsnHPopKcRSLeh/H5SOp7NiybaB734TWcYHFqpHFJoGEal5UxMJMutifj+LYvIhXTbJ2lVbHZuZckgKUcgNkNRFV55wLK211XRJuVDPxsYmJaD4/EIYuDFTEvMXizfvYx3Hso3Ii0MwkCUGqc66cjDRN6vKJJvUEq5+mN2/eYl8OFYqKOheolm9IpVJBEHgR1cCSEKA61fLZVZJ6hxoGoan5JBeYtHb2cSBeCn0DxVxv514NM3WNjdmGhmx9Q7Z+zLhps7Ot41XD2r91koEAAAAAAAAAAAAAABw3J1wocOzY9qbGBhFZtmJtX9/AaB/nAL998KHfPvjQ0PkJE8aHYSgiO3fuSmY+/9n/Ou6nOyrVMn493d3vffdftra2fuHGz/X19iZXzzzrzGtffc3rrn9NbeHDfC6fDL7zze/UJHkGu+37ty0+7WNxFG/fvuP0M07r3Lu3u6d36LJiJf3Z3t7WPzBw9133nHXO2W1tbX/3kb/98N/+/Y4dO471GwM4bkzECsViXMylAlNVM4njyCyWOFanUalo3qKolOvrz+fz5n3KxVGpEEXFOIqjqBTHRTHzPpYoSjJy5d645k0sjvJm3keReV8qFUqlgnkzH8dxNQwXJQk5J+qcijdVF2igquo0cE4k0HJQTkRMnKpzTuJ0OnRBJo4sDMVpkouzWGMzTQeZOCiJqLekWJ9Zkm9USyr4mRdxIqpqLgn+mYg4F4SBE1Hvg6S5sZhYUv/Pm7n+gYHGxoYwDMRiUS/izXszb96L90lWUsTMvKh67+MoVudUnZmpV3HlCooikgQHVdWpqah3TszMQhOvImKmKmYWBKFooC5QFedcOlPngjAIw3JPZdVQU3HsoiiKSpGISeydc0Hs1alI0Uy9iThX6NnZZbE3s7D5jFR6euv4csFHJQ8IAAAAAAAAAAAAAMDxdsKFAjdv2b5q9bp5c2edf+4Zu3btXbV6w2if6NAWLJw/2kc4Wl/40uc2b9ryhc9+YffuPSLy6tdeG0VR9WohXxCR5ubm2mhHFMdJQaz77/vNRS+68Ll2Xr16zQ2fv2HN6rVTpkz+4Ef+Tg/VSPLTn/tU7Y9hGP79xz7y/v/110fzdgBGm3Xt3rLuD49psU9UnKn3kZfIIh+EQRRFFscW+WKhEEeReK8aicZxFEdxrOVSe2K+XARPKpXwvPfliFs5hSdmsVYaEKtoUHl68k1NJK508jVJauP55Ls6FTUzVRUT9d5ZLGbqQqdhUpFPfSROLTaJRWMfBk5VfVIq0HwSoivn/JJ/0Jkzr+pEKi2DVSRwSTU/L8kzRUzEmxdxKibeNzc1lbsnS6V7sHmr9EM2KVf8EzE1dWFaXRCEYRhUco1mSeBPRJO4dvLw6mbex2Zi5pNGxs65VCoTBEFSyFDDVHKvVUOBQSCq3iwMA++9iDjnKm+U5BRV4tipee+d+IF8T7EwkCQiq3FAYoEAAAAAAAAAAAAAABxPJ1woUER+/osH6uuzUyZPvOrKSwYGclu27hztEx2grb2tVColdfUSc+bOOcj6dDo9ecrk9evWi8j06dO6u3uqrXKTq7NmzZgybcq2bduXL1tp3g/dQZ1raW6u3jVu3Njunt5CPl+7pqm5KQzDfZ37DnKSpuampsbGbdu2D710xw/vfP0bX/eZz3/6Pz/12aeeXHrBhRc89ujjc+fNTq4WCwUR2b1rTxIZHMZzVwoUkb6+/l27du/atfvT//Gf7W1ta1avGVossC6T/s8vfEZE/vM/Prtm7braS4VC4SCbAzgJmJVyPXs3rcjt26FiQRAGgcTm1Zcb1Iokte1cJQ1XzpGpiNu/INlp/z9tVGJvyVLTJKNmXsUqBeqSeJseEEozFVNRMa3G7lTV7+9sbKKSBAuT2JyISOy9qqmpmZo6NQnURcWSeJOko7GZmCWV+UxUkzhipZVwqVj0sffeUql0e0e7916cC5yqqqh6bxZ7deJEzKy5qalyADEzb+bNRNVUks7Boi6Tra+vr0+lM8nHUw4JmqmZj2PvYxUTk6Thb7nVcqX1sHmffCt/5KpBEAZB6L0PgtBXHq2iSbJSRFRdEARBOhNFpXJuMvko1ZU/UjERc85MnFjl77SabQQAAAAAAAAAAAAAAMfXiRgKjOL4jjt/9eY3vrK9ve211105kMvVXm1pbkoGtcGyYSePrWx99spXvPziSy8eO27sN2/+1t2/uFtEbvzvGxoaGqqBlU988p+TwdNPPf2pf//M6Wecds2rXjl/4YLt23bc+MUv/+2H/qa1tUVEbrrxpvvufSAIgvf97786+9yzVLVQKGQyGRF59OFHv/D/vlh96JIli6+97pr5C+avXLHyc5/9wgc/9LczZs1IWhVv3bLtnz/68dxA7o1vesPLr3p5Op1O8nPf/dZ377n717UnD4Lgbz74vxcuXpisMbN1a9d9+j/+s7fms7rzRz9+xdVXNjY2/tm73/G5T3++sanxvl/fWw0FxmYiUiwWj+Bzu+qVr3jzn7xpzao1//cTn1z6+6XPtawnSbSopjPpnu7uI3gQgBNZID5lURRHppHzkY8scJoKUlGS0Uv63qolxQCDpCGuiFa/9hfbqwb8ks60PjYRk6CcTk6q4u0vUre/bl/5pnKIUCrpt3LpPU1mrDoXOKcqUVS0cifg6nZJwT5fzBfNeyk/06slu7ukImG5QqCWryc19tS55uaW2EeiGgShqIpzyX1qJmoN9fXZbNapq55XVYMgpU5dELgwTBoCh6lMOp1xLqx8SM77WMX7cuAvSeyZiJgvHz4JNIqZORUTlcCbF1FRZxJ4UdHAV2KAVskLJiFMVQmCwIto7MpZyZpKhMlfRHLSuBxDBAAAAAAAAAAAAAAAo+lEDAWKSL5QuO32u9/8pmsaG+pbUk3DrqkGAQ8+2ds/cPTneeNbrr/q6lc45wbNf+9b32tuabn0skvHjR8rIg/e/+D27TtEZM3qNTfd/OW6bDZZlq2v++jH/yHJ5InIC1980X33PvDRj//jnLmzS6XSX/3F+/v7+hctXviRj374/AvP7+/r/9pNN4vIjTfd0NjUmNwyafKk/7rx86lUKjeQC4JAVSdPmfSX73tvc0vLrNkzoyhKYoWZTObtf/b21SvXbNy4Kbmxrb3tX/7tEy0tzQ/99uFN6zedefYZCxctnD1n9udv+H/ve+9f19Y7fPLxJy9+ycWlQvHVr31VqVRat3Z/42YfRyLi3Eg7QH7sE//Y2NRYLBTj2M+cNUNE5syb8w8f/cjHP/Yvw66fMGH8jh07i8ViJpMZM27MiP9aAJw0VMypdy42EbNYRExdZCUrt81VU1VRJ2oiZkl1u3LFwCQ35828WCVyZqLiJbZyvTpLav0lxVa9iXpfrVdnWiluZ1IOuqkkRQDNvNOgXESvwntvZul0ur2tNZ1KJXm3JIFYrsnn41QoHe1NFkfOaeQljpM0ozqnYagiarY/kBgEoaqatyAIVFMiPkylpJyjc5rUQlQVlTFjOlSdijjnLHbmVL0LwiBIhRoELghVnWoQBKGI8z55LycizgVmKuJNkkbEZqLqVFxgSVCw/I7lHsQiXlRVAk3Cg8niA1Q+6ANrLkq1N7M4EV9b07Fyl/3/7N15fBXV+Qbw5z333iwkYQsoIGEV6i4iIuJSl7rV3draTa1btbVW7aJW/NWlWm2tti5orUtdqta6ti5tXREUEBBEFhFkDUiULQFCQnLveX9/nJm5c7fkJiQh2OfbNM6dOXPmzMTPjQkP79t07VgiIiIiIiIiIiIiIiIiIiJqb500FAhg46bNjzz23OBBFWlZtLFj9uvWrSuAf//3nWDn8cd+FUBNzcbJU2eFB69fX1NdvXHbF/PcP55/+qlnfvu7GysGDAjvn/D2RABf2W24CwW+8/Y7CxYsdId+dtmV55z7/QMPOhBAz54913yx5ukn//GNb51e3qv8P6++1qNnj12HDQXwxedrajfXApg/7+Oa6pruPbqPGXuQCwX+/PJffv2E4045/RQA3Xt0X750+U03/rZuS92gQQN/c+uNIjJi5IhEPPHAfQ+8M2ESgJ/98vKRo0aKyDFfP+aB+x50y/jFVT/v3r3bow899vprbwB45eVXr7/pul2HDY3FYr+8+hfXjbs+uJdXX371kK8e8szTz110yQ+XL1vRsgckKV+jD2fOPv2bp22s2bRu7VprrTEmHo+/8NyLWU/t37/fzb+7edbMD7ds2VJYWNizZ8+WXZqIdgyiiAAREQsRhVpAVSSi1lhxBQEl4sXuBF5xPgUgNoioZQubiV+jz/XJVb//sAvCucp6gLhafca4zJoaL+fmVQ306gv6b2WJRCIWi3Xr1k2MK7PnOg67jr8wEenataS+PlpYWFwb32IKIgXFXrgPQHFxcXilIgJVWNcK2GOBhG2EQEzUGCMw7l3UmIiBGGOMMUAUkITEjTEiBmIAAxjXtNevcyj+7StgjRFVqAswAqpGABEEicCgh7CqCw4qRI0xECvGQBUKleA5JFOAIiLWqhFV47dFhkGobqOLcgpEDDOBRERERERERERERERERERE21fnDQUCqK9v+HjB4rSd3bqWjj1o/8rKVfPmfxrs3GuPXSsqdpk3f1F4ZxtqbGwEsHjRkrRQYBM21tQ88/fnXCgQwI3X3bRh/YapU953LwuLilxapb6+Pjilrq6ue4/uRcWF7mXt5tqXX3rVhQLXr18/7ur/c/uXLVu+srLSreTO2++aOdPLQT7z92dHjhoJYJd+/dyeffbde+CgAQ0NDS4R6Lw7cZLLI7oafoGVKz87+zs/GHvIQbFYbNqUaeFDBbFCAIlEPOfdpmZA/vXiS/968SW3ffef7+zRo8ec2XM+mj1n3333vvyXl8cb4w2NyU7EJSUlkWhk1Oj9XXvi3r1ZKZDoSyieiFsbV7Fq/Mic8UsCKiAGEhE/CGjhgnNBETovhqZB2k68hBsUxqt+Z1W9SnlQKNSqGmNU/MScGBGxoqoQqLXWmIi4jJ34lQRdtNC6MoUQkWg0qmqhVr0sngikuLho6NChERONFcQKirsqEq56nrt2JGL8fsHWWmsTCfUn9MKFLhwoRozLAopfrs8vyacKqyISiURcaVg1rpKfK1foWim7h2LFK2Hrd/L1+iyLXxEQYrz6fV5xwBQiIqqiVqxC4CorAq7coOuDDAAJN9QYY611SUoRI947v1/VUSDq0oO2Hf9NIiIiIiIiIiIiIiIiIiIiouZ06lAggC7FxQMH9gsXC5w779OuZaWVq6r23GPX5M75n9bUbJ4779PwTmfNmvVfrFnfJotpjOdOxWVTVVXlr2HNhvUbwoe21tf/39W/Hn3Q6P+8+prbc8ihB/cs7wkg3KS4bkudP35r+PQ1X6x1ocAN1dXBzpUrV7mNwiIvVnjiyScAKCgoeOypR4JhQSjEGFPeq3zd2nXhmb9+4vEA3pkwEYAxUX/CAgCJRDLnYSLpnZTzMXv2nBnTPui9U+/PVq4aMGjAoMGD4vH4m6+96Y4O32344CGD+/Tt04qZiaiz83Nsoqriiv+pKiIisApJiPGDaK5/MDTUltb62UAJJgPU+L1wRSAwCmtVvEggXEgQBqIQSMS4XsIGLmYHEREDNQJRWJcTdG+MLooXjUaNkWg0BhELgRgTicDFDI2KiYp1pfsirvSeFxgUYy38iKFkK24oIgIjERUFXCQxeUAgEFd00LqEH8QVKFRvRgWsWuNCeBBY9VN6qgoYEbjHC0DdG7V7EnB5Qa+BsmpQDjD4/qqh2oDeUxT/ANTVL/RLKhqBCozLbvrnCBRGxOsfrP7UQY6TiIiIiIiIiIiIiIiIiIiIOkRnDwWedMLhFRX9wnsmT535n9ffrejf58xvnhDsfPqZV/4z/92xB+03dszIzEn++9qkOfMWdsh6s7M2SzPFZcuWL1u2vLSs9MIfXTDmoANjsVhGDaectm5tyNypfq/MaNT7su7cZ2cANTU1r/zz1azz1NTUhF8WFhUNHDSwpqamtrY2yAIG3TC3bk0GEwsLC02rEh7j77rXbZx86kkuFPj4o0+4PSeecsLgIYN79OjemnmJqHNzST8NCvdBYVSsy62JWsAmohCRCFREocmyeX7JOyRjaqpWXOE8FVUDCFQB0YixagFRkVjERCLRSCRqjCkoKLReC92Em9mIcWE+axUaUVWv5J543JKtqovlGSMCFVd4TyIucWehgoSrz5dys+oVMxQxxqjCSxyK1w9ZDMQr4+cCjX6jZIgXLXRjrHoxwOCpJdQK1MJ6AUKFcT2XRSGiahTqrqmqKgmoCsRA/eSiunqFJplXVK9TM6BAwnvCGoT8/PvRoFig2yXeTYvffNndhRgxAgOrMBmt5YmIiIiIiIiIiIiIiIiIiKhDdPZQYGlZCYC6unrXWxZAff1WAPF4oqZmYzAsHk+4Q+GdAGLRaJeSLkd/7eDNW7YsXbqyw5ffjAsuPv+wrx4qIm+9/tbfn3z6ht9e369fvzzOQyKRyGdYWdcy1wrz1Vf+nc/4E048TkQ+nrfAvSws8CoO9t6pt2tnHIwsKeliTCRcd3DbuesWFhW5clZtNS0RdRaSsunlyDR4qdYmotGoukJzIt7nlGJ7rnEuRIx3nkAlYsREIhFjTBQiIpFoJBKNGp97m7JWbSJhbYO1FkHDYKgLuQXvOW5/UPlPvebCyaigi8bBy8MFJ4aq7CFZ+c8V7/MHBO9rkuwUnCwTaLwGxS5K56Ucg7qH3iJDy/NYmxAR1fC7cfr7Z1Aj0D9PIRJu+57cCn2NQldRCU2VPCnn+7SwMCAREREREREREREREREREdF21NlDgc7ESdPmzFsU3rO6as0DDz+TNmzmrPkzZ80P74lGI2eecXzfvjuffMJRTz/7alXVmg5Zb15uuvXGQYMHJeKJW2/53fy5H7fHJeKNiYIClJWV5Tn+6GOPBjBvzjz3Mhbz/vXoWV4OINwBuXuP7rFYrBVLisaisWi0rq4+89CSxUtcbGXf/fb5cObsVkxORDsEr2CeV5POa23rEsyqKhALLxcYiqa5zroAjIhEolExxmu0ayKuFmAsFvPTa+I6Dgeda9XahI3D66/rJRK9rruCUC/dZOhNVVXU9e41xoSCbuG4m+ZIvwVxOb84IFyK0e23mQMlaI0sgHjVElVdllD9fKGrW4jQY0s+IhE/ZunPaeDvktRcYEpz39BKm2OMsdYiWewxWWwwZQ5NboSbQBMREREREREREREREREREVHHMNt7Ae0rHk88/883NmyojsWip59ydPfuXbf3ijzHHH/MoMGDALwzYWI7JQIBVFdvABCNRk/7ximZR889/5xfXXuVC+r9afwdDz76F1dZcOmSpW5AJBp1VQl32qk3gGXLVrgsyJbauqmTp3Xt6mUNo7EWREt/+/ubLr7k4qyHVHXjxo0ADvvqoa26XSLq1FwLW3GFAFXFfyku7abWulSgCwW6FromIiZiIrHCoi5dSstKSruWdevetXt5affykm7lpd16lpT1LC3rXlLaraCwi5gYTAQmAmNUIuqidSIqXpNbK65psViIBawLxomIMcEHjPgfBmKMMZFIxEUDm7w1r4G7uwMXy3PxO0lWJfSECyaKGJGISCS5WwRwT0VccM+IuL7L4uonqvXnT2FtSlFFEfF6IfsvxVUHVKQGHFtW1S8omKiACvyHHKolCECgYL1XIiIiIiIiIiIiIiIiIiKi7eZLHgp0rYeff/F1a22XLsVjx4zY3svxjDlotNtYuGBhsLOgoCDP08XkleH4eJ4XNzz5tJN79e4VPnTM8cccdcxRs2bOAhBvjL/x2puRSMQdWr6i0m0k4vGampqJEya6sODcj+YA+MnFl/3wvIuqqqq21NVt2rjp5RdfjjfG81z2VeOu7N279wP3P5hrwCcffwJg9z12D/aMHLnfmd/5Zp7zE1GnFZSUUy8O6BWac82C1aUBXc5NxESi0WisS0lJl5LS0q7dyrp1K+3WraRr15KuXYtKygqLS6KxwkgkJiYKCWr4hRr8Itz8VlUTqtarjyfw83bhWBuSWUAJPoIAXLJ7sPoJv4zWu6HXvlCEzisDKG7mUPDQxQ2T3Ym9RGCQF/SbH6sK1LgVaEYe0NXtU/cUNXW+1EiihjOALU4EprQPFhcvDCocJpscmywdjImIiIiIiIiIiIiIiIiIiKjj7Bjtg7fRAaP2NsYAWLp05bbM06VLsdsoLekS3l9SWuo2unXvFt5f7I8vK01v4GvEi2Oe9s3Tpk//QK09+dQTe/Xycnu9evfqUlxcWbmyWzdvwrRqfKUlJW5jl136BYX9YrGYi2tEo97gJx5/6vAjD49EI7FY7A9/+v2Lz704+d0pw4YPO/zIw3bbY/cNGzb859XX3MiX//lKUWHhqd84NRFPqPVaW17wg4sABJm82+/6w4Q3J/z14cfcy7Vr1v7owkvyf3pnn3vW3vvsdc+fxm/etDnzaHmv8oMPGTvlvfdHjxld1rVs7332mvPRXAAnnPL1muqa/K9CRDsECXXe1aDUnh9ki5hIQUGspKQUESMS9ZN8cCX0AAOFiPotcBWwoY7AAlcODwq/Ba/aRMrVJVmwL61xcJAlDErsIWjgmxKhS6YPs92fpn5W9c/QICGY45zU+TVIGXpjvCqL7glIWjm+HNUMRcQANly8T7znuS38OVKbB6vmaqlMREREREREREREREREREREHeTLXynwoAP33Wfv3QBMnjrr40+WtHoeMWb4V4a77X1G7BvsLy0rHTCwwm0fftQR4VNOOPF4t9GlpHjkyP3Ch+Z8NM9t7LzzTg89+peHH3/wlNNPqfbTb3fc9Yebf39TQWHhyaee6PaUl5eL8b5YsVhs6K5D3fbBhx0czHnIod52r969SstKATQ0NDz3zPNuZzQaPePMM+64+/YfXXrx7nvu0dDQMO6qX4eXVF9Xn1mDsLhL8fEnHq+q1/xy3IL5C448+sgHHr5vzEEHtvTpDRs+7Jjjjv7ow4+mTnk/vL+goOC6G//vwUf/cuf4P5548on19XWrVn4G4Kxzv++SLEN3HbqycpuinETUKbhkm/c5tMc/DNc/WNUYE4mYSDQKYxQC19UXLhHo6gIGtftck2HXpxfW1f4TiB8eVKuwqglrE1CL1B638FN0ydJ6CFcFFAl3DdaUOKCE7klVba6bltQTbPAJaTX8xIUcFWrDVQiRHvvz6ysinF/MT1pRQEnTkqmQtvYwm7Dpk7W4HCERERERERERERERERERERFtkx2jUuDQoQPKunrV+CorV1eurOpaVrrXXsOCAXPnLtq4aXNF/z4VFX3DJxYXF+63754APpr7yeQpM1u9gJ9cdsnoMQcYP5a367Chf/3bQ48+9OhJp5y4U5+dg3DE3vvs9egTf/30009/d/Nt9z98XywWC2b42VVXNDY2XnDODxOJBIDnnnlutz2Guz651tqVlase+PODRuTaG8bFYrFEIvH0k0/fec8dLtsHwBjz8GMPTHrn3bVr1p5x5jeCley9z14P/PX+68Zd/4urf7HTzr3dThH584P3Tn9/+p133P2vF1+qqa4+78LzItFIsJhPF3562+9ur91cG77H/gMqUlpDAgCuuubKaDQ6acKkFSsqf/ubW2+4+fqhuw75yeWXlJeXv/Lyq8lxuQMlbqmlZaUNDQ1/uv2u8l7lhxx68Ij99h00ZJA7uuvwXZcvW/78P16YOXMWgMf/+vjV/3dVv379Djn0YDESjUY/W7W61V84IupEFKoQgaqr/efX84MCMCLW2ni8MRorgEQkErEqIhGrMKFwXnY/aV8AACAASURBVHIuBHm0iHhVAb0JrSb8F34CUWAtNJkKlLRYXpAI9OcV9ZbmNeFNzbWpAKIavPVZTYQSgMl3ROvfnssoCiAwMK55sd+P2C9p6M+tMAqxLj3pLmyhqRnKONSIMVAVFTWuxzFUE+L1U3YM/JShd64xsNry5r5BWUHXBVnFq55oVVVg/Aen8eBORJKpRREWDyQiIiIiIiIiIiIiIiIiIupInT0UmEhYALsOHbTr0EFuz2TMrFxZ1a1b6dgxI4NhlZWrN27aXFHRN7wzsGTJitffeG9blnHPneNxZ5b9E96emOuUc79/ftNz3nzDLT169ujff5e5c+cHHXvPO+uCgQMHLFu2HEDQ2zfNv158KXPnz37681wXemfCpHcmTBo4cMDe++y1Zs2auXPm19bWZg4bMHBAWijw6muv3HXY0LotdX+5/yG35/e33Hbv/fdEopGTTjtx2vvTDj507Ib1GwCceMqJWctWFRcXlZV5rZP/cu8Dd9z1h+49ugdHGxoaJr835R9PPbuxJtkgeO7ceZ8uWrzrsKEXXHx+vLERANsHE30ZqNcj2L1VBO804fcNhdpEXNUagYhYRURTQns551YN9eS13rTJwoSaLK+XIZwLTHb5Fe9/JqPLcGo4MFe6LqX1cLIjsQsoGkBEVdyWujWnZP6CmVWSCb60a1mvKmKubsTJO3JPHIBAg3RiS6sMJm9IVBShoKTCVWdE8PS8MCQRERERERERERERERERERFtH509FDh5ysx99/mKkWSb48rK1RW79KlcWVVZ+Vly58qqil36VFaurtzls7QZ1qxZP/G9D1rYZrGDbFi/wYXqAqrqEoFtbvnyFcuXr2hiQElJF7cRi8Wi0cg1v/7V4CGDN23cdN2464PMYu3m2pf/9fIpp5+yds3aSCQyavSoQYMHBTM0bN2aNucNN1/vKgWuWF45dcr7Q4cNPf6E4wCsW7vupX++9MZrb2VdyW23/uGeP98Vi8Wi0SiAaKyz/1tKRM1Sr2ifH3ZTVVFXLi85RjWRSFgNUmawIpHccUB3btrbux8CbBlvGakRO68mq7aoyl16UTzxOhx7BQsBWEXEr+3nLVnhKijmew11VRCtiBgx4tVEzBKddLnA4EG5xUBdZ+XWfVsUiIqrBCjG+t8d/MKA/tN3LZy9p9HC5sRERERERERERERERERERES0bTp73GrhomULFy0L7xk7ZsTYg/avrFz19LP/DnaeecZxFRW7TJ7yQXgntcj8ufMPPfxQAHvvvdcll/+4oKBg8qT37hv/l7R4zTNPP1dXX//m62/Vbam79upf9+nT55Y/3OwaJc+bNz9tzoaGBrfxpz/8CcATjz3Zq1evt998+6PZc5pYSe3m2ofuf/jin1zkXu6+5+5zPprb1rdLRB1LXeIuS426IDBnrapXTC8cznPl7rJm3vK8covYcJ0/hOrrpaw2Xe56fV4FveTa1VU2bO0yg9qHrhGzF/XLGBJekAiStRRV0YL8YTMkyDt63ZpVoEHtRdYLJCIiIiIiIiIiIiIi+nKwamu2bupWWBau6JTPWV/UriktLC2NlbTn6oiIKIvOHgqkDvPwg49sbdja2Bj/9llnLl60+P77Hli3dl3WkS//85Vgu6qq6p233znksENefenV5599MW3kdeNuuOOuP6xZs/aLL9a4PXfecVc+i3l30nt1dXWXXvGTaDQ6avT+/3jqmW24MyLa/tRPBWbGxFymzfqlBAUwYhQwoQa4IlmK8DV3SU3WsRMRVyEvr5iaJnvjJtffomsniYgxxsUAXdVVI8bdsogJEoOqIsmagcEdBI2HRRXW2tRIoroahC6K59+bt1JJDeW1bblcEQlSiVC/UGH4WqIKL/nofclZLZCIiIiIiIiIiIiIiGhHs2jt4neXTl5Vs7q6br3bU1pYNmbQgUcMPawwUtDEiROXTv5w1eyV1ZVWLYCCSMGYwWOOHnZkcbSoo9ZORPS/TiqGjN7ea2gZVykw66HJUz6YPPXDDl8RNSUSiUQikaBkYIuIMaNG7b906dK1a9a2w9Jox7Ni8fvb5boLFy4EUDFw8Ha5enFhbLtct+0oNLFs/tS5E16Mb1yjmoCKiKpRseKVmhNRtVvjcRXTtVvP4i4l0cJiEymQSMzPzwlylAp0qbjQS2ttQl2Gzibgx+SstVAFbDhp54UFg07E/iQuFCjhv+fkt//NUuPPK4Mo4WnTVpi2kRoKVHcTsN6NiIl4KUhrI94xVU24UKA3RgQS8UOHEWMMvKCeETHGX42IxDUePCVVFb/18DbEBNUrNShqrVVr1apRWGvr6+sabWLPQ04Ztv8RiohrySww2MFDgXVbG7f3EoiIiIiIiIiIiGibVC5fCmD48OGtnsH9ScHg4UPadF1ERJ3X5sbaZ2e/MHd19p5+BZGCKw6/tHeX3pmH4pp4bMYT86vmu2GDy4esqlm1eesmACUFJRcffGHf0j7tv3wiok5h6cIl2/hfoduiBZVdO4n1Gza24hBtL4lEonWJQBeImT5tOhOBRF966ofU/LqA0rridinpwMzD25JLy/tcDYHf3jfMH9ia779eIhBekjC52wYV+9yjTN59+tWTccFtiumFZpHUp+0qPhIREREREREREREREdGOal3d+pteuyVXIhBAQ6Lhron31jZuSdtfn9h658R7XCIQwA8PuvDCA39w6aE/ck2Haxtq7554b/XWmnZePhERYYdsH7zgkyVr164vLkovKltXX792XfV2WhQRETVFNS3HBoW6bsIqomoRtLsVoyKqMCKq1u/km5ZgS5kneQkvk+cq4dnwCV774Iy4oQvtuZ674uaSYEB6uC2vmGJopYrk5YL8nN/dN3mCZn0yqq6rsiAl4Ze6Nk0+XL9Lr8ACYtWIuBsKSiEqYL1RrtbfNvQU9isnZh4IVUwEXCPhHblKIBERERERERERERER0f+WuCb+MuXhuI337FI+smJEcazLsvXL5nw2J21YXWPd9MqZhw85JLzz9YVvrd642m3vXLbzoB4VAMqLew7rPfyTLxa4NOFDUx/5+Vcv68AbIiL6H7XjhQIBMPxHRLSj8evYwRq/La+Ki5ApgAhgRawKICpGXQAOrrdwxlyaNrMEZfKCEn3JQcHp4mfZchfJk2Ct0OylCrPtE0Bckk9cPM8P6CHlci4XmFANLUD8DsIu7SdAaAaBVRWBEWjQahlBuNF6df8UCgtrxLgYHqyqGCiMpDRBdmcnwp2OU59qCzOCVtO+EiKiECigbmk5o4NERERERERERERERETUOT0355/ratceMeyI43c7xkAAfHXwwSt3/eyuSffY1Kocc1bPDYcCtzTWTVo8KXg5sOegYHtQ+UAXCgSweuPqxeuXDQ0dJSKi9rDjtQ8mIqIdk2aP1DmStpUlSqbZJAsFJtnMc4NCfU21zZUgpJdZm7ApAriqh8nKfV4nX+stMpkxTOvb2+QzUYhfJTHU+Te4pjcmWTsweCa5Z/ZbGGetv9gSTScI2UCYiIiIiIiIiIiIiIhoB7Ro3ZLpy6ft1XevE3Y71oT+LKl/t35HDj8ybXBayYnXF70VTg3279Yv2N6la9/wyNc+ebMd1k5ERCkYCiQiog6gfjfdJHHfhDS8oxWBMklNCdom5mgqEYhwHLBlgblki9+gP7Drm+t/+LlA2NQMY+6b1ZRIoN9yuIn1J+ORrj2wNzbnw2zmUeRN1cUhwytnKpCIiIiIiIiIiIiIiGiHNKjHgG/s+43vjfx25qGh5UPS9gzfaViwXdu45b0l74WPFkYLg+2iaFH40OK1i9bVrWu7VRMRURYMBRIRUcdwlfLS42IGEE1m2rzOuzkSa25/ZqBNVQEL2GSlwSZ6BPuHVK0reRcE9BSifg/fFtyYqlVr1Tp+EBDN9c4NF/YDjIH4XXdDHZBdYT/JaEYcYgEbfrDhiKS1CfehmgAUMIBxk/glA9MfS4tIEFpM2ctcIBERERERERERERER0Y4nZqIHDTggZqKZh+oat6TtGd4rGQr8YOWHac2Fi0KhwMJoQdq5Exa/ByIiak8MBRIRUQdQv6BeSnk8SS0TqG6IZE/TefE4P9AWyvYFuT4Y70zVHP1tQ3k4r6tvspjfNvfUzbxnmyMcl97m2E87BoUB/Q8RVzEw1NE4Jb0ngEDdU0255bQ+wupN77cPDvcjDj/MlpLU+o8uZ8lEIBERERERERERERER0ZfMx18sDL/cf8D+g3sOCF6uqV2bNr4gFAqUjD+BW1W9qn2WSUREniz5biIiorbl18QLMnJ+k1+BhBJkWavOhSfJtiFBK17VtGBcU+tJ2Za0gneyLbE29Sv8qRe3CwUZg/ieWlVrjMldos9VPYwkV+PlAhUqmaX4VBVioSbtQNbJRbwCie6V19w4v0fX7N27OdtiKiIiIiIiIiIiIiIiIuoU5lTNm758WvDy6N2OPnbYUeEB62vXp50SkUiwXVRQlHa0uq66fVZKREQehgKJiKgj+LlA1yjYban4fy9Ig3CeiGgLImUifsJPYfxIWtP5NlcmMBwL9OoUiqjCtFWgTYLCfIKgZa+3Qqup5dObFgpNGhX1KwralDt1AcmIXwM4mQXUtIieiKiKCMQYa1OWkeu5abKRcTMLNUZCvY6JiIiIiIiIiIiIiIhox1afaHhz0dtvL3o7vPP9ZdMGdR/wld7J9sHratc1MUnmnx5t3rqprVdKREQpGAokIqJ2pyqqooioQsVVp7MQSbj+wQJRdU1trVqrGoEFVMRI6K8QZVb4s9b6ATtXgK+ZOGAwgwu5BYMFVsSIWhERLxaY/MkkEQrwJVQBNa4br7/TItmbF4DxagJ6fXn9qoFQWIhXni+lfKCIqrrPgBdyFIkokPAHwRi3egNjbUJhkSyLGHQBtmoVBmKiQCSUQhSRtJKEIhYJGG9aQDUhUONHN4NVuSfs5RLdV04i8CKJXvlCNWKttVCF1WQjYgk1jG7TrsxERERERERERERERETU/hT65Kx/zF4122ZUu9hYX/PA1Ie+u/93Rvbb1+2prtvQosmt2trGLSWxLm23XiIiSmG29wKIiOh/QrK/rx9mU2i2tNj2TY9J07FCk+0bpwDi1yhM2597mtQZ/IBgsCd4TKm9gL3sIdJrASJZi1FhXHwveaqmjRGIMRFjTJBNTF96iIY+AKM5Rhr1n0Sy9qPbY7b315SIiIiIiIiIiIiIiIhaTIEFny/ITAQGnvzgqarNnwNosI1xG2/p/Bu2tCxHSERELcJQIBERdQBXyS8obgcAsBqKq3k180zzTWqzErSk6XCW9TnWNltrMLcWdAR2pfu2QRM36+7ALSZLLjDbYvK9pkpm1T+BesUR3X2JhMa1+lkSERERERERERERERHRdmUgNx7363NHnzO4fEiuMW8umgCgMdHYmvm39c/LiIioKXyTJSKidide8iwUTVOkVpbzs2mSf0gtPD38psDNDQ1JO6R+HtAruJfBq96ncOnGQDLsqNY/WdOaHYeWKv5CvABkE5cLJhdotqci4dtPPQ2qVjVol6zBVUTCsT5tOi+YKvt/M4gmbym14iC7BhMREREREREREREREe3ABLLnzrtfMvaHlxzy414lvTMHzF41W6ERE2nF5D269GiLNRIRUXYMBRIRUUcIYm9+TMy4XJ5LxonA5MjqNaf13WmzXCsc9ctKc2cPvVygWqiXG0y9mluqu6hr3Zuld7KIGGOM8dJ1quEUoYgA6lVUTE6buRDrSh6KhIsXKtKjivknAqWp/2AIGhD7baH9PfnHDYmIiIiIiIiIiIiIiKjzGtxjwJVH/mxwz8Fp+63a6vqNRZHClk5oxBRHi9pugURElI6hQCIi6ggSioglg2yZmbFWpshakAvMVSmwbUjWJFxK/s+/fvZcYMo5Gq4jqIBtLmmnXsVDtf7g9KMtv6WcsUsBjEL8yomhS/gfLBRIRERERERERERERET0pWAg5485t2eX8rT9NXUbARS1MOFXVti1TVdHRETpGAokIqJ2F+4ZnF5oz68uB5Fkqbkc0pJ8TQf7tNmyf20lPWuX9lpSuw1raOXNNtj1Su7leQvhBxIK6qWtLdeeFiX4JPUuNXXDbw6dDDISERERERERERERERHRjq0oUnDR2PPSdhYXFALoVdorbb+qDW2n/2lRT/YOJiJqZwwFEhFRR7AKRQQQPzNnQ7XlAECtda1oRSBiRNx3KCui4dp+aUFAfxJB9oCghSaSn1NJsu+tF6FTqMIqrMLvAgwYiIEIVGDhjqbxewWn/DwjGuQSARv6gKpam9BkMb8gIGjch3obCCfqXJgwyBEqRCEauhf/+cAIBGpgJbS+YPLQc5KgqXFoj8vxaUKt1YTCAgmv7qD3JK0fexSFuAMqogIV9xw0nAyECjOBREREREREREREREREXw7lxeXFseLgZUGkYOeSnQDsu8u+aSO3JrYG2422Me1oj5Ke7bxSIqL/dQwFEhFRR/CDYeLybUE0zUXnwrUEBTmr1gW5wDBjjAvEhbvxBmm45OdQci5twoyVKiQl7efCdkjm3bLdoJ8I9NavQU3EjAxhqAuwH4JM8l5Dg7sJFTuU1ACfwL+r1LtTQCWZxtPwM0t9tpJRrVBSuzsHyb7g1oKvpHiDvQ/xl5Oc0QUHW1iDkIiIiIiIiIiIiIiIiDqvQT0HB9u79t7VbYzMCAXWNSZDgYlEIu3o3n32aM81EhERQ4FERNRhJFQX0PucjMpZrxRerpp/yfMyOgKrXwUwrW+vNywYn38f4XDDX2ut+9zSu83R3Ti/NeSRo0um/FJzgSISfH8PZS8RehTtVbtPJL3uIBEREREREREREREREe1A1mxZO2XFtIVrP41repLP6VKYrBS4V9+93Ea3wq59u/YND2sIVQqsbawLH+pW1H3vPnu29cKJiChFdHsvgIiI/kckS+eFdsGqQl0hOjEiKYXqmp5Ow31101iolW3KvikgoUuoNFkmMNcKQ7nA8Lmhunv+tVIjdCkBxHC4UESCqoduVVm6KnuXldAaNNSnuB2F2ye397WIiIiIiIiIiIiIiIiobT354TMzKz9w2wWRggvGnD+k58C0Mas2rHIbFd0rDui/X7D/wIEHvjjnxeDlui3rs24DOH73Y9tn+URElMRKgURE1BH8sF9Qp85o0NfWGGPEiBhjIiml5tBEeb9QK16bujuh1oarCborbMvSIX4D3fy4CoMGgLWwVtSKqvsA3NrEK4yYJQ4Y3I6EOgKnrii1X3C2Mel7VG2QJmzXxJ7ruJx/UUYiIiIiIiIiIiIiIiLqDLY01gWJQAANiYZ737tv4tL3wmNW1nxWtakKQFG06IIx54bLfRw86MDB5UOCl0vXLQu2F69dHGyXFJSM7D+iPe+DiIjAUCAREXUMFahkVNrTZB9h+Fm69DNd4s3v54twI+DQaIWkdMUNcnLe6TDaoiRcuLGxZ9t77oZWqKEdmhk5dOm9ZqaTzAW52XLeqfVbKrdjYk9EBKbZxRMREREREREREREREVGnksjWL/hfc1/6++zn6uL1AFZUr/zz5L8AiJrohQddUBLrEh4pkPNGn11SUOJeVm5Y4c5qtPHZq2YHw07f5zTDllNERO2P7YOJiKjDaHhT/eBY0wm11BCbBnFAa61Lzrlpgk6/yda6QTBNIuHZstbea9niW0kBiIq4vzOVDAKqetX73OIVACRrW2QAMMZAoWohXnLQz01mtiFG+JZVg0cu7RUMVPdJoc2HGomIiIiIiIiIiIiIiKjzKCsoreheUVldmbZ/xorpM1ZMj5po3MYB7D9g1Kl7nlgcLcqcoThadPHBF/5xwl1WrVX7yPQnvr77sW8tetuqBWDE/GD02XvstFtH3RAR0f80hgKJiKgjKKB+7s3fIfD73IqKen1+JeAPDYXnFABcc2B/VzBbMkWnodEioXidhGZpYqleui7f1FyoLW/4diX8IiBegT9NHRxMEr4pyVqdUFJvU1KCgLkSgf5Yd61gI6WhsKYlEd2woKaheJ8ldDy8QDeVAcS1hc7n0REREREREREREREREVHncdHYC5/44O8ffz4/81Dcxvt27futEWdUdNuliRn6lva55JAf/33WP9Zs/mLx2kV3T1rk9ncr6n72Ad8f2L1/u62diIhSMBRIREQdQBTieta7sJiKGk2GzIzroCsi4oa5AngRV/PPLxaoqsFLr1GtakKTubWg0W84Nagi1t9GWnovd9XA9Ia+8K/R/K36ITzjBeVgAREoTGgetyTvYUCDlYh3ngSBu4yFqIX3yBQw8CJ93j9TRruSfaqqMEaCaJ+IVRgXCAxWDckMQwokAvUbL7sVioTCiynRRhEjVgQGGooFMhxIRERERERERERERES0gyiKFJw/+uxNDZvnfb5gQ90Ggajavl379u26c++S3nm2/R3Yvf9VR/xs6YYVqzeubrTxkoIuw3vv2rWgrP2XT0RESQwFEhFRRxHk7IkLPxEofjIwVbIKoN8+OJQXhKqfwEOQDNRg1vB2O9xV89x9i2RmCkN19vw7Crc/buJpZal3KPDSeG26+BYRk9G/OEeykYiIiIiIiIiIiIiIiDqnsoLSMRWjtnGSwT0GDO4xoI1WRERELWbyGENERNQWmu7bG1Suyxkgk7SigF5TYr80oFcjMH3WfLsAtxf1+vsGFfeyDAlxe8QryOdxxflEIFAXnczOFfBrdkXt8kgkVCUx/EFEREREREREREREREREREQdipUCiYioI/gxNvVTa2m5NkWyf60XiVO1meF1VVW1fifc0Czqh906NAXYzLUkrVJe6IV/j81XMXTxR1X1woBN32BK/9/0aYNKhE0vO2W+fAe7u4JqwjV2Tu4kIiIiIiIiIiIiIiIiIiKiDsRQIBERdQANatj5ibW0uFjopV/4L3WIF3YT8UJxLnYmfjxQVeH+13Hyvpa3YG8zHLMLdzdGxqEgEeg1BnZlArOdmHlBCSbJ0oy5xWG9jGig+J81ZafXIjlb7JOIiIiIiIiIiIiIiIiIiIg6BEOBRETUMVRSa9ylJto0GSKT9KybS7+5GoHWWlcp0MXUrPUO+f/3PyFZgS8oj6eqLSqS1ybc9RRpNQNTUn0uBBm0DM6yTg06A+dRgU+8DGETTYYFMIpExqGWdFuW0EZwI1bc7C79mPdcRERERERERERERERERERE1FYYCiQiou0ha2bNz5Pliu6FE2t+CT3xg4Be4cC0aoHtFgRsWUnCYAUphfVE1F95ZiAvuexWVD9s+R03cUZLHqBLLwatjomIiIiIiIiIiIiIiIiIiKijMRRIREQdQCxEEQGsXznPCiKp/YFFIKoqMKJiTNSmx8rEGKMKtepaDLvSdKoKtfDydZotQxfsacOgWniqLKk9hSbUZjvNBOm/lGbBrjmyugJ7odbBUHcoiAza1HsM+iynxfAEAoiI0YylWqj11hYsxJtejIG/7LTMYvr9JcsWus8WsCIGQQNhyaeqIREREREREREREREREREREbUxhgKJiKgDuNiaBGE2EYhfLFABgYgIvAbDot5wCUr9qar47YdF/P64NmgSnB78a6cgWhDjy9VmN5+iepK99p//dFQVahCxyWclocvlODtjGeI9YxN6FqknSnqOECIIFVYM2i43eam0xRio/9UM1ktEREREREREREREREREREQdiKFAIiLqAF7cLciQhUvMeZsujiZe+1/bXP9Z1zU4SJ1peH9qoK192ge3GW95quFbUVUxEr4XT36thP26f0ivHph7itToYQuWH55QRNRr3xxKgBIREREREREREREREREREVEHMtt7AURE9D8i2XA2Vz9aL1WWuw5fjvNsKDznbYTjdK3KurVS7n67KWPSNkTEGJM2pk1uIeNEAUzz5fuyNmFuhvFDiJLsHExEREREREREREREREREREQdjpUCiYioA2hQ+M9Pi5lwbMzvm+uV99MW1PZLSQSqH6ZLThXqh9tOWjR/sJ5gw/sMQCScKVSrbpf195jWFD30wpZ53Uj4jLzGpvUy7tQVGYmIiIiIiIiIiIiIiIiIiP5HsFIgERF1BIFmlo/T0IZfnE7SdubDywUCKtAdM5kmIn7iTwAvHZj2TVrRfBnCDNqKun/pbYdzjkrbyJoLbE3VQSIiIiIiIiIiIiIiIiIiImo1hgKJiKjDaHgzNb3nvRBx/2/51MrwWRM65sm4CohpXz5+UYiIiIiIiIiIiIiIiIiIiDoU2wcTEVEHEIUoDGD9PcmGwn4k0AUCJeiuG0QFQ+XxvB7Bourq5qVUplMAKgq4c9W7imQUsMtVb6/ZOnxB+17XmLhlz6BJXqRRBOo3/A1aCSevoypZ2gGnrURSPkl+/ZP9Jy1eQcLksrKV/0uWZgx1avYmSpZ6lOwnExERERERERERERERERERUXtiKJCIiDqEJtvSCqCiklIs0MsICkS8gnMqLmKmGk6mub66sC69Fuyx6kfoRAGFlzh0uUA/pxZq0btNXCKwzXOBXnzRz0SK/3RCK86R0XPH/MVIkNBTQIz7R3NXNqoKESis/6Vyj1HzK/XnHq1CvUecuXYiIiIiIiIiIiIiIiIiIiLqEAwFEhFRh/DiYdkTZl5NORcIlPQGwull8axNKzQYOopwWDBcwW5HlPGwOuJeWnqNtHBkallH5gKJiIiIiIiIiIiIiIiIiIg6GkOBRETUYUKRvQxN5ACTp8OVA9ym+nxtXN6v/WR5Bq0I2LXsZl0HZwXQ5FMSkVDmz6tEuEPnL4mIiIiIiIiIiIiIiIiIiL40GAokIqIO4Xf/9V5q9gBZ5l4RWOvHAdWKlw10cTeb58X9IKAme+y2NsEmfpPfVnQQbuKiqmqtVVVJr7TXQZIrCy0y192pWkChGs4OMhNIRERERERERERERERERETUGZjtvQAiIvpfoP5HIHvzXw0d0NBQUZj0IKF1Q9XXPitPPUBrxAAAIABJREFUCiJ9QS7QfQ40caI7ms8y2/o2bP7RSfE/G0j27syp/Jtxd2dZKZCIiIiIiIiIiIiIiIiIiKgzYKVAIiLqKKJoMvXmQn/pHYYVxtWkE/+19w/NFJzZ8QG1cFIw0/bqWWythQiQAEzq2lJqHHprV7gsoKKpIohuv1+y0QY7VRUQVUlNfFqX6myvOyQiIiIiIiIiIiIiIiIiIqJUDAUSEVFHCZf+y3rEpcr8Lah6tQC9PZp2TrhAoNv2U4XeBALkqni3LSm9XOcGqbsmpg4N8dOPTaQkU3J74RtJ3nXyBsNXV4VA3QN09RcF3vORZPDSf2JQGEGeT8Rbc/jLEW7KnHWdRERERERERERERERERERE1GEYCiQiog5gBMZIVAHj+giLAQCRCKB+g1sDgbj6cxBxZeegqoqESDIUaEQAJKx4yUFrjQv/BcXtvBhcKKImovk0xM0Qjri54nmqmlEO0Gt67A5ptnONMaF5vNxiUJbPnWsAd/vepDkDdSrJUKDV5IUi/mpUk72ARaEiAOLuyt5rMX760gtiKgAT8es5uq+RQCw0kf5MYL0vCyAi1npfPRFjDIxxX89IqB0xERERERERERERERERERERdRyTxxgiIqJtFA64hQvawcX+vCCbZhnmR+hccs3P/KkGte6avXD7V6uTFpUeTG95nO3cJmfLMlgzTgm/zNxUtanzBBFMWPelgEKsH9dsSpB9NMaIhKOXLBNIRERE1I5Wr167evXa7b0KIiLasfG7CREREREREdGXFSsFEhFRhxDNWjVOVRVqg5yaC7h5ZQS9Qn8WQXNcN9zFA20TsTORoJsugha5LSpa5y6dURSwGaEFbWuFvG1pcByW1s1X3MwiQe9gryigt3aX1bQCG+7O3NT8foHGoCojWvjQiIiIiIiIiIiIiIiIiIiIqA2xUiAREXUAFVivaa56330kVAzQZfi8FJ5B0PjXxdJEBK57sFcQTzVcJjAzgSb+WP8a0vKMXlDDL59snL9e92FEIiIp32GzztPEzhYuNvcthFOKXmvm4KrWK9OItIqK6n+ZtNl0n5sh1Kc5tQWy/3Vok9shog7z4Yfzlq9Yub1X0bzNm7fUb92atnPq+zPXrduwnVZERERERERERERERERE1CkwFEhERO1ORF3335QacuIF6PxAoBctc/8wRowxoeQc4BoHW1dYMHvOTEJcOK359re5pXbgbaIqoREYgRExLgvoVpxcSbZFbsO6MhcgkqOooWR08U2GAq21mtCUJ5SSC2xikaFbSM5uTERVUi/HRCDRDumOP/75mOO+ffGPr3pvyvQ2n3zBJ4v/+ujf22SqX4377YknnRVeZHX1xnPO/enYQ0+6Z/xDmzdvaZOrdJgpUz/4xZXXv/vetHg8sb3XQkRERERERERERERERDs2hgKJiKhjpIfDxG8JLF67X2/LK+qnQc285Gevep/3wvrdhLNfzIYqBbZ4rcG18qoUKIAXe2zl5Mk6iF54EprXwkPhvNwBvrSrB2tAENqzgFUNf2iLShamxh+Dh66hz0S0w6irq39/+iwAb09477zzr1i5anX+5/7tyec+/3xNEwPi8cSvxt186+/ueeKp57Zxne9Nmf7a6xMqV3523vlXPPX3F7wFPPGs27h7/F///Z83WjHt8y+8UldX3+ol/fs/b7buXABr165/6eU3zr/wZ4cdceqcuQtaPQ8REdH/lNWbdNNW/tBBRERERERERESUjqFAIiLqALnayIofKXO5QAHUajo/BOhxG01k1tJb4cIP2+W5Vn/a8CXc9XOfkBF5DJXZC2+HJ0x7EEGYLv8oY7gsYr6855x5RsrXKO8WxinTGGNERL3uw+GZiWiHMWv23GB7/N2/7b9L3/zPffvt9w474rQn//58rgF/vv/R+fMXArjxN3+87fZ7X3k1Pbc3ZeoHf7rrgUSimVJ5WxsabrzxDrd90olfO+bowwFU12x8+BGvBuGf7/3dN884Of+VB2767Z3HnfCdCe9MbumJW7bUXTPut5f/7Lrf/f6e1pX6i8UibmPPPb4ycGD/VsywQ2giZppIJObMXbBpU23mobq6+hkffJS5v6GhsekcKhERdQZvLLTjJ9nnZuvMlbY+3rJzN23VHz1lb3vDTlqsiWw/WDw6RX/2jN78Xzvns20pE59yxbrGlv0I898Fdu3mZk6ZtFjf+bTFMxMRkXP1P3Xcv/SFj2x1fevfSG/6j/3vAhvP/e2iul7nrtaGbS7d/sg0+9g0u2x9a5ZaXdfMWY0Wt79pX55n85x901b98VP25v/a95Zo1nNufc3e8pp9f3nbfBslIiIiIqJOJbq9F0BERF96Cj/pJurKA6pXChAJP1Mm7riISRaa04Sq9cN5VlXVFbSDirhKgN6vsqzVIMcmyUbEUMCoPzvgZkslydCeSig5mNk4WESQmZTzuh8j2RHYbYgY9RvsqtWg8p8VhWpwHRGBQqE2GV9MXiOlF68GCTzRvCOAyfvxzhERUVUvhekKFnqzmdRmy/6XyT3V1D7MQWTQxTmDuzZGISbfOodE1ClNn/6h2zjwgP2+dtRhLTp33DWXHX/C92648Y4li5ePu+Zy985Qv3XrK6++8fXjjnrhn6/ePf5hAKP23+db3zy5quqLn/3i+pkzPzryqEPd6Y0Njddce8u6dRs+/XTp72/9vy5dinNd6PHHn1m2vNIlAn9/669du/n77nuktnYLgCsuu/CIww/OemJ19cY33pp4xukn5pq5Z4/ulSs/u+hHV/bp0zsWjeV/71vq6tat2wDg4Uf+vnzFqnvvuSX/c51YzLvcDy88q2tZadrR5csr33hr0vnnfrel03Ye8Xji29+9aM7cBXvvtdvfn7w/GvVCkJs21U6fMeudiVNef2PiunUbnn7y/hEj9nSHPq9aM2XqjDfffu+11ycA+GT+u+EJly2v/O73f7xu3YZzzznz6qsu3R73RERETalr1GhEYgYfV8lHK7y/gHTs3nrGvi34aWH9FsQTWFiFhVX61DS980wTS/0Lzqs2AMCyNbjrLRyxu/3u/s38/eenZtqSGA4aIr1Lsi/jqQ90+hKUl+Jre+jXhuf1t6mf/wDPztDyMnzvAN27X/ZT3l6olevwt6kYvJNe+lUpK+SPTERELbC1UTfX49WP8OpH+oOxOHhIi99FP67S5WuxfC1enGW/O1oOHZplhvcW64uzAGj3EpwxEgcOTH9Lb7RYUGUz3+o3bdU/vqUHDMJxuxsBFqyWdZt00kItL8WvT0CXWL6rXVmjN7ykZcV63J4YWZH9rEen6oLVWLAaExban39N+pY1M/nTM7UxgWVr8MganbkSlx4mABoSKIh4V1z8BQAs+QIzV9ofHWzc7WxpxM6lzS/74yrdvY8A+ORzHVguRbn/vLFqk978qh60K76zv+G3QCIiIiKiDsNQIBERtT9x/YFdeE41iOEBQY27cJ08KPx8nl++zvu7rApRv/etH2bzawn6r/zGxH4yzdXRy/ZXYbN21kXW8J+7QrjmXzL/B7/2XvKoqJ8SVPV3ZxTQS79wxu7kfCnhwHx/deYqCPqRTD8B6QURvftBEMj0T8lVy7CZC8ElOsVk+c0ef9dH1Hk9/8Irn3yy+Je/uCRIaE2aNNVtnHfed1o625DBAy+44HsPPvjE4088N2jwgO9/9xsANm+uvWbcLdeMuwVARf9+V1/1E5c1fP6FVwD87cnnX/jnf4IZXKrv9Tcm3nX3g7liXlWrv7jt9vsA7L3Xbjfd+CuXCPxk4ZJHHvuHnzg8pbp6Y+aJ8UT8ssuvnfHBRwsXLr76ykvdiWkKC2MA+vTp/asWhszWb6i+wS9eeNihB7boXCcWzfmjWXXNxh9efOWy5ZXdunVtItHYyX28YJFrizxn7oIPZ88btf8+rufyeedfkXX8PeMfdinSXN6e8J4LYv710aevuOKiwoKCdls7ERG1TG2DPj1Tp3yK/j311183ZUXeTxb9emD/Cixbr4N65vszwoba5E8lBw9DWiJwS6PWN3rbQ3fCKXs3P+20pdhch5dm6y499fqvZ/mPgagBgHWb9elpGDtY80pyCKBYt0lfmou9+2UfEvEvtXYTtsZRVtj8rEREFAh+RTZiIEYPas0vmiYs9r6hxBOYsUKzhgL9H4tRXYvahiyTrKrWu95CUcyOHISSguQMH63Uz2tQuQ7vfKI3nSyxiHetgb21MOp9A6ip1wWfa2bQMKwoAgCb6vDMDDwzo5nfy9XU4q1P9Hujmnoam7bq+4u97WP2ktP2EVcacPEX+OFhOGCAeW6Wd/T4fbyjjRa/fkk31+OkffXkvZta7RMz7IQFqCjXa441907ULVt1r/4yoGf2Zb+3GPWNePtjzP/MXnOsdCngbwuJiIiIiDoCQ4FERNTeQnm/IJ2XjOnlCOxl4zcS1rRwXhMXbsHBVv0yKttKxK8b6IUB3QuFel2MJX14rgdgk7G8FnUIzsn4kctg5apuQa7rbyhmmXciMOBCgeFkpBf7JKLt7fPP10yZMqNb965lZWUm9K61dt26X427BcDS5ZV33HZDaWmX6pqNLrZV0b/foYdkT7a98ebEx//27J/u+E2PHt0yj55+6vEPPvgEgAce/JsLBRb4Ua2zvveNq6/6aZA+jES8jQ+m/Td46/jKHocAGDly7/PPy1kS7/e3jwdQXt5j/N23FBUVAmhsjP/fdbe6ozM++OigQ5qJzT362DMbN26+9bfjMg8VFBYC6Nmzx3HHHtn0JGk++6zqBtwB4FvfPPnbZ56aOWDmzDmfrf68e/euXYqzV0D8aM7HbmPhok8jqYHFu8c/7Cojjrv21gEV/UcfMKJFa+skBgzYJdgePnyI2xg7ZtT8Oe98MHPOWef8JG38xRedc/FF5/ztyWdvufXurBPu9pVhbmPU/vswEUhE1EkEcUBn5Xo8MNn29gvg9u4qz8zURVWIRnSv/jh9RPP1jZZv8DaG9cH3RqVHE+Z+lvyx5ZKvSkkeCYMgnFfRI/uAAv93pVccLXnWdjICC5QW4ZpjcoYngr88dc2x0itHkUIiIsol+EH24MHpAXEAc1eras5ard6YSm/j1P1wwp7ZRwbfI4b1wZHDsv0tshgA1DdixlKUFSX3b6r3NurjalXcPEbgCu8597yjy9bg7U/sT4/I+f0l+EFw52645rjsY95epC/OBID+PbN8Z0zzzKzkN8rPqjF+otbUaeU6APjLRGwZo3NXegOqNup97yqAVetlcz0AvDQbm7Zad4mHptj6ePJbJACrmLEEACrX4dbXrFv53JX66ecAkLBoTHgPwZ0VhPg/r8GSddirb9MLJyIiIiKitsFQIBERtT+vZW62AJ240neSIz2WLAzoVw30Z9wmTfwZTBvM7MoUuoqDQe09EYEBrHodgr06ghqEJNPXoeHihUaRbxQyF+OXGQx3HxYxucoEiqTsyVv4S2m2+XkSURsoKCj4411/qapak2vAO+9Mee75l885+1uzZs1xe84551uN8XhjPJ42smbDxiuvvqm2dss3z7zwwQduHzSwIm3A0CGD9thj+Pz5C4Peu0EBvMFDBgSJQAAFBTmb8379uCN79y7Peui11ye88uqbALoUF69e/cXOO/cGcO+fH5k9e35F/353/emm0rISAFtq66799a1nnnnK6FEjxP9zlUWLlvz4J79y29XVGxsaGjPXEMlWPrBNxBOJn//y+nxG3vibPzZx9Pe33fPsPx5su3V1nG5dy9558/nJU6ePHXNA0B9ZRCKRyOgDRgwaWOGCjwH3b8sJXz86VyjwoDH7P//MQ0uWrjjyiOzdoomIqMNYxQeV9o0FWPJF+qHpSzDWS3EjkcAPD5arXtB4Ah8ux4fL9bqT0L9bUz/mLPb/++XCgwXAlgYN1xaa4X/r2K0vXENeq/jrVDtsJzksWwko78cioCCK8w/yvulvqNPJS3TMICkvkfCPZj26tPAptOwvpRERUdtYvkHvfFMBnDzCnrRX9h/oZqywDXEAKCnC13MkAsMB7lwK/FOP2kNO3yc5+h8f4vW5CuD2b5hItkne+VSXrQGAxV/gmn/qHd+Qpq8lkrPpcGHU+1VbpLkfXjdt9WL6BVHEE5i7UofshOIYhvfxBjz5vgIoiqG+EbOWoWepuLKGO3X1Lr1ivXetgiiWrJHSInWNhp0hO3kbRTGsrwWAgb1w7XHGtRW+4w0FcNpIHLe7AXD/ZOtChFcdJ7v24ndFIiIiIqIOwlAgERF1APH+8CXU5NdPqUEBFaiq8QoBJsODQRdghWoyIddsccEsSTYN/7XiHGe19K68y4hCYYwREVcKEF4RvuQ6grJ8LmanatOaEYevHfQbVs2VlWwNTRZsDD+K8CX88KJIqERhvrlAVbUKMX4LZ+967RWvIaL89ejR7fFH76mqWjOwYpfyXj2D/dNmzDr3vMsBHHH4wd/77jcATJ36gTt0081/uunmPzUxZ+XKz04/4/xnnv7L0CGD0g6ddOLR8+cvvOB8r9RfLJY9/Je1e2/TPl287NLLrg0WMG36ByNG7PnelOn33vdIRf9+f3v0nj59vT+UWLduw5y5C+bMXbDr0IEP3H97v359ANz6u3sAfPfbp/34Rz/IFTrMNHnqjBH77NmlS3p5v3nzPqmt3TJ69H55zjP6gBEvPPtwJBodUNFv69aGZcsqR4zYMzzg/Wkzz/7BTwH87bHxB4za1+2sWv3FH/547wXnn7XbV4bmeaHOrE/fnU4/7YSsh3qWd08LBTqlJU0lMvbc8yt77vmVtlsgERG1TH0cEz+105djxVrY1B8ajOCbB2D4TtKtCAu/0MmL4Eqhdy82PzpMx0/whk1frv33yfIjzw2v2ojBt0bKqmoAOHg4ehTLh6vs+LfRsxSXHuFFCT9Z7Y0/6itYV6sAXpmnUxdj6mKd9Kn+/ChTlMcvPhev0Rdn4cVZ2rWLXvLVLIuZscImFE03fMz0/nK77y55LYCIiGrq9aNV6NEl56/u4glvY/kGxKIp33Ienuy9/NeHiEbs8btnebt+cba38f3RbfOLNoF+sRlrNmOPPilLzpoIrK5TF78D0KUQZ+7fTCKwrfz+dXXVB689QV6YrbOWYeV6XHKEzKrU43aXZet1YRX22AWXHW5u/LddtR7VW/SnR8qefcKL87bPOsAELy/8mwVQXiq/OiY58soXbJ6r6pG9dD4REREREbUL/mqKiIg6iGiWXrkaaiOsfoG9jN/Ppb1ujzKB2zRnsOics4ioqgUi7leFXulD9Voq55y1LX9HqH5dRk0uM/1ZBxFAY1pc5E9EQi2h+Vd+iTqXARW7DKjYJW3nqpWfuY2zz/5mNBrZ2tDw0iuvAzjr+2eM2n+fzEnq67Zedc3NwcuxB43K+jZ13g++c9KJxwZF+CI5yhe09C1u46bNl/zkV65x8Lp1G8rLe/zwwrMXfbr00p+Oq+jf7/FH7u7Td6d4POHKy0Vj3o85/fr17dWr3HXvffOtSVdcduHFF53TouuOH//wylWrf3P9lYcddlCws7pm448vvbqqas3vfjvu1FOPz3OqPfYY7jY++WTxmd+96IjDD7523OX9d2mqbdLjTz330stvvPTyGyeffOy4qy/r3r1rixZPRETUrlZW67/nolsX7D1Adi5D367o1w23vabxBKIRfG24998A5SXej0CuStOI/mbsMOtiggN6YNNWdUX+wuIWK9fjtte8HzAWVcl1r9iqGgBYv1lveAm/PAY9S7Blqzd+/IT0n8aWrcH97+plhzf/3xtBM0RVdC1MP1ofx/0TAeCFD/WnR6Bf12YmbEggFoEAD78LwI4agrMOYDSQiKgZNfV4bEpev4Z6eXZTv357/gMcvqsWp9bYW1mjn9cAQO8yGTUg359DE4rrXrbrN+Pyo2T4TlnO+rgKf5uqRnSvCtmprKl5bnvdi84P2QlXHNlm3xSafl6PTLNV1QDwy2Okb5kcsxtmLdOGOP47Xxd8hgkLFMDoIbhwrAFwxZHyi2fVWjw6RX9/Gn+nR0RERET05cFfShERUccIegRrUAIwkMyShQratdsycsnVyLdNJk+5RqgzsEqQlkybK1Sir63SgTblOjmje2l9hPOc3NVBDH39+DtEok6kumbjjBkffu2ow8I7lyxZ4Tb223cvAC+9/Nq6dRv69On9i5/9qKio8LIrrj3ggP0O/+rYILX2+BPPuo1zzv7mOWd9a5dQmi2RSEQiXmvgxsb4z39+3Za6ur8+dGdZWUmz72D5vMVZa6/+1c3LlleOv/v/2TvvwCiKPY5/Z9NzqSQhIRBCL6EEQoCE3jvSm4JSxIKigCBdQUGwgk8RFUFErCAgvRfpLfQQAqGXUAJpl3q38/6Yvb29y10aRdTf5yHszczOzuzl7Wb2vvf9fhAXd/6Led8DuHvv/osvjalerdL/5s708/M9cDBmzNh3Z8+c1KxZtLPJnrBihVBnZ6f795Pv3L379rgRw4Y8W5TTBgDOzi6JiXeHvzIupEywOse09PSkpAcAxk+a6erm0qF9qyL1WadOjWeeab969aZDh4/Nnze7YYMIm81SUtO+++4nsX3zxq2szCz8K0SBBoNRTQd+JGRlZ7u65BFxmKpuJ97x8vLy9fV+VIcjCIIgVCr5szm9re/jErNeQXi7KhtZucrG4IbS7RS5Qkn23R4uy/ylZrxeiMW3CJxMd4kQP3i7KY7nyRlcqABdneDphs1xyoEGRbMAndJ+1UkuYg09XNE9vFCzcJKU1WmfCObvYbFSPXFDXnFc2U5K4/P/wvtd8vu9JSOHj/2Du7lgakcGBlnGoQS4OsomgyWCIAjCNmV92Jg2CPSCPcHclDU8LRMAhjVhtYPt9uPowJzzrDOWxSgX9qGNcek+v5kCLxfbD7vOmzLr07Lw+Q5ZSAk/3sxfaW59n1JDOGSOWw+Qjyjw4y3ynVQA6FCL9QovYPErF9ZuDwCM9hsfuMz3xkNiCA9FuRJM3LKdHXmOAT7u6FkPy48AQHKG0t7blYWV5rE3ID2ch2GuEXf1HEByplKSls1ESWbOw3RMEARBEARBEEQxIVEgQRAE8djhimSMa80CmZIlbM6xZWAQlntc8c+zSBs2/cshtHRclaxZCdc4B0xBvSJrmJvHYSNEmHOuVetpxYuFnZ4p71crhNMOiotcZIinhdwUiAwmjq6eEvE/peZRaAE5zP59yqDk/HtljHHT35wrp4tZpABz06SF6aD5DHMuc87BlRRl0d/DToEgiEfB/fsPXhs56b1p4/r17aYWJly6AqBWzWpubq4Gg/Hrr5cAGDPqZVdXFwAbN+3cuGnn+zPmDBrYe8qkUZmZWfO//gHA3M+md+zQWtt5alp6i1Y9PT11To5OADIyM4VgbszYdxd888kjGf/8r3/Ytn33ooVzGkfXj4s7Lwo3btreqkWTiRPecHZ2yszMmjJ1dlLSg+GvjBsz6qWhGvFfVlZ2m/Z9GzdqMHbMy8U4tJPJPmjEq2aLwZyc3HenfwKgYf26EXVtuCoWyNjRr6xevUmvz3j1tQk7t6/w8vTI2+aPFWvFxqCBvSdNeKMYgcta4s4lrFy5zsXVpU/vriFl7H+MZsmp03GvvzFRW1KhfLnvF875buFPqkhUZc4n70VE1ALw4Udfrt+4TRQ+07XDW6OVMx8bG792/ZZff/szHylk4cnNNRw8FPPn6o2r12w+dXyHak4pqlb9uf6bb5deM9lhBgUFtGjeaOL4N8SPt8q9pPsbN+347ffV/fo+M/DZXgcOxmzYuO3AgZjLV65FRNR6c+TwqIYRQlb7yy8r1m/cER+fUKliaHR0/RGvDC5Rwuchp0AQBPFP52ISz86Fm7NFoTBD4hyX7yuLAoNJtZCebS7sH8l+PcJFHOTXu/BiU1mbz6tqEnrWYTVLKS8+34nT1zmAvpGslCfbn8ABVA5Cs4rmRcfui4ooMCIUob4FLEbWx8qNKjA7psaYtpprM5GdHTGmtbnDOTtkJ0fmKHE11DIjG+9tQK4RuRmYtk7xZw/0hj1FYFo2zzHAT0crJoIgCACoHpTf9ZCZHjS5OnJ35yKsjO6k89gbyvbl+zwjG2tOFLALgMRkCJs9weJ9qNcvz5BMG62q8/sZtgf/9V454Q6cHPBqc9QKLviCn2O6YyYmKym9+ZBrsN3hzVS+cA/3csfQRmzuVn6jBhc3xHL+uJmMLjWZnztbfVwW9r0q3cPZlST+bH2eK7OJf8oGI4Y2Qu3goi1Cbz7ApJUWD1Q3n+abTxepD4IgCIIgCIIgHiUkCiQIgiAePxycy4DMmPhwx5xgyzggMQZFCygxpvEUlACjur9ZeGYSpUnmEF6oEjpVJshNukBJkpj5qDxflZoi7ivy/DhnkAEmKXHAXDaN10rYxzkHl015wma1ohAvip1Z/knERUHpUOgQTUNQavK2Vd8UBpkxzs3KRTCrh4AyxMlU+mGAzDmXOWdMPcOP2fORIIiiUKF86Iz3x0+Z+qGrq0u3ZzoI770jR04AaNgwAsDGTTuuXb9ZpUrFLp3bCuc/dd9y5UIA/Pr7qqSkB199Oat1q6ZWnXt5evxv7ox9+w+HVa/q5uYy9d2PRHlgYEBhxmYScNvl0KFjC7//5Zel84XgTGXQc73V7XlfLxbyL53OPSiopJOTeZnj6ury5RcfDBk6avOWnSNfG/rKyy8UyaNOmA7WqlmtZ4/OaqFenyFEgV27ti1Z0r/wvakEBgbUqlnt1Ok4vT5j69Zd2s4F2Tk53y38GcCg53pNmTSqGIfQYjAYh744Sog1l/70x6oV3+eNk7ZJjbAqb41+Zdz498XLjh1avj99AoBBg/r4+5VQ46TDw8M++ehdtc/Ro14GsGjxryFlgocO7p+enrFo8c+rV29WJXoPyeUr175f/OuatVv0+oy8tbm5htfemLhr134/P9+lS+ZVq1rpbNzF+Vm5AAAgAElEQVT5UWOm/vrbn5cvX/tm/sdCF3jwUMz3i3/bsXOv2CtDr588ZdbyFevUfmJiTr0w5I0VyxYyxl58+S1x9gBcSLhyIeFK/LmEhd/N0f6kEQRB/AdZeZzH3bJdlWvEzPXWa5pkvY1CwXe7UbcM8to72SP+Ds/KAYDhjS1+i1BlfNq7/a00fl8PD1cAyMyFWEQuOSTvjsfmWD6skdLMIGNrvHz4srmH6EroFMbGr+AAArzg62Y+VkYO7iZxVyfzElLYO/l5MgAujlyfBQD2FIcyx9Q1XJ+FLuG8Wy3yESQIgigyRg7O4VjQFXTRPvN957dDGN+BNamIEu62V6Dbz8u/HIRQnL/dpoCu1X49XXDfxroEMsfRSygXgFEtmc65UI/I0rNMfbqhX6TtNgcvs1PXOAAfd+XJW47R4ga6/xJqlmGvNWMbYmUAX+zkbk7KYD1c8b8dHFBE+bfTMHWtWXro6YplMcjIkVMzAOCL7QgrLY9sLtk7yfoc/s0e3qoK6pRRWoT6Y0oHCcDZRP7ZVg6gVz10qC4B+GaffORiYc4BQRAEQRAEQRCPEvoMgyAIgnj8MJtiOwsLO5NJoN1EWxQ6x/ZvRGswyCzLAW76Y2M23LQvA8tft1hkuOY/5dAMsJDgMMZM5UJVaa40SS0hWUh2JOt3U9EIaiZOgkCCeMro06vrocPH354ww83NtV3bFvHnLwlBVd06NWVZnv/19wAmjH9dJOTm5OSqO6YkpwJwdHSc+9n0vIpAQZPGDZo0bgDg4qUrQjs1fPjAsaNfKczACnRFLV++7O+/flupYjl7DU6ejF2wYCmA5s2jZ8+cnNe/rVFU5KKFc4YOG/3FvEWHjxz/+MN3Cq/kY9aq6EdGkyYNT52OAxAcXCpv7caN25OSHnRo32LihDfUws1bdu7ec+i9aeOKaiWblpauatr0+oyv5i+e/cHkwuwoSdIzXdv/sWLdgYMxAEqXCfb01AFwcXbu3r3j3gNHVq/eBKBG9apalaGzs1PpMqWEvaKvr3damj6wZEDPHh0//2JhkYZtj5wcQ0TdWnq9fs3arXlrV65at2vXfgBDhwyoHxkOoEH9Oq+/NmT6e58dOBiz66997du1BGAwGmvWqHryVKw4M5/O+RbAW6NfahTdMCs7e+asubGx8QDeHD312vWb4eFhb781onZ42PHjpydOngXg4OFj23fsFl0RBEH8Z3mhIbuRwkt5W9yXpvzJZRnOjpjW1Vz6zmpuMMLRAe89Y/sWpnMqgiIQwIrjHECPCAuhnlYU6ORgLt9+ju+Ms9g914jd8QCgz8LyY0rhkv0Wa5wpnVkpT/NK1mrck9ubf0N49RduMMLDDbO7mY3wX/1FNhiRl3N3cDedH7iiqAbXnkBKpvx8A9IFEgRBFIG0bD5hJeccLzZFRBm7l9BL93nCHfPLbnVRyZ8ByJWRa+TuTg/16MpouuW42P+QrWc9dKxuHt728/LKGPSvzxpXsH3ojBwu7HJbV4fWQFdL2RLc1x3R5ZmYy7oz8qpjKBeAt1pLInxZhBRn5vLNZyA0i8E+1rkpoX52x3zxjvnp5pUkJGdwfw+Wls0NMjxcLL5zPHcHv3wXZ29iYNQ/4JktQRAEQRAEQfw3IVEgQRAE8dhhgFbvx5jZKdCqne3yfwh5NI+q/ZXZpy+f6Zl1gcV6JinZ342blH5KxDHjAONcORBTMB9fOBiaPtljsswBJsMiQlj7uZ8mvvkf/PYRxH+BaVPfOnkiduSbUxZ888mVq9dFYd06tXb9tf9CwpWhg/s3jq4vClNT08RGpYqhZ2LjrWz58uHz/y0AEFIm+PURQx7VsAMC/AICzB9ZZGbniFBg8fLmzcRXXhsP4Jmu7T6YMcmec1vj6PrCK/HAwZhBL4xcteJ7NzfXRzXC4tGqZZP5X/9Qq2a1unVrWlXJsvztgh+rVKk4+4MpQqYpsndHvjkFQFBgwGtFPL2+vt79+3X79bc/xUthEll4nh/UR4gC167dPHb0K+otYNBzvYUo8M81myZNfFN78jdv2qnTuYukaU9PncitXrd+64WEK0U6tE2qVC5fpXL5pk2ibIoCT5yIVbZks+lF2ZAyYuPYsdNCydc4un7j6PoZmZkLF/0CwM/Pd9GCOdWqVRLNZn8w5ZnuzwO4dv1m756dp707TsyuQvnQ6zduzftqMYATJ2NJFEgQxH8cfw/m72G9DHGUuEg/DNAE43q7IymNG4zw1zEGXLjLt5/nnWqwMt7FWfykZPGEOwjxQ5uq1oIJmStSBifJ7FzeuSYr44NSXpAkzNvF0zMhMYxrzzJy+LZzuHBb2dfdBS2q4p4ehxJsHLR4y7S8LN5nvWjaHY+21blJgEgQBPGfZu0Z+c9jcMojE881yazn/wUHJhtlRQU+fyeaVZXtBbULm8CSXuxOqoW8e9cFedkRDGyIphWLf+01mi7nLhoZesx1WQTKCwI9lRIAOQYmbAgX7+N30nmP2hKAJD3PNMDVNF8PV9YnktcuzRwZ7qXbfsjmxNCxOgNwL51fecBXHQOAy3cx8U/53c7Mx1UZzOzNPCsXAJwdcfwqaoXgmVos2Mv2fH8+Kh+8iL6RrHF5Nm29DMDJAc9Hs6hySvuVJ/jueIvnfvfT+f10ZXvpAe7hVszTSBAEQRAEQRDEY4VEgQRBEMRjhyupvXm880zWeYr6TLHIYzYMkJ56m0BTzK76eIxzocWTZcbAzbnGpkaciRxhmE9G8c0hGEQEcz4t7NYK2aJp0NAK/jgX6c7ak8/Vd0i1H5Q1U7FoSJ9qEcRThk7nPufT6T16Dx3+8lidzh1AVMMIPz/feV99HxFRa4zG2O9BcqrYqFy5wqHDxwvZ/8mTsRs37QQwZfIoJ8fHtdDQp+vV7ZTUtOEvv5WU9GDgsz0nTXxT1c/Jct6rEnp27/Tbb3+eOh13+cq1X39fNeSF/oU5HLdxgSsyMTGnrl674empc3Vz1d7jZs2cWKKE79GYk0LzJwpPnY6Ni4u/kHBl2jtvHTtxWhQacnInTP5AbP/vy4WhoSFdOrcp0himvzvujddf/PnXFV/O+76o42/erJGfn29S0oPExLvHjp1Wc5xr16ouyvX6jD17D7Zs0ViUX7x05eDhY0Ne6GelvPT393skokCBl5enzfL27VqIFODwOua8aRcXF7GR9CBZ27h8uRCx0bVzW1URCKBqlQo6nbtw0xzx6mCt3rFqlYpi4+69+49qLgRBEP9WcmXsu8iNnJf0RFIahPrBX8e+3487qTh8kft5YnIHeLoUbeWwPQ6ODuhTl438VX6+EWtc3rx7rkFZvGizDn1cWXPTNd5J4sJQ8Pt9uJNq0W3/SBZdnv10xPat/1GJAid3Yn46ixIHBvfCxUoSBEH862lcgZ1L5EHeYAw7zqKEB4sItdFsVxyXTTLBv86hXlkeFmh9Id11gScmI9Ab/SPx+TaLqpaVpT+Py0v28wOX+KhWklOxHsjlGJQNN2dz4fydFm0sX5ofr22NxTO14MCw/Tw2n7Z+5rnsSHGegqZnYtE+PqYVAzBvt3xTcYpHKR9cvIOjl3D0End0sN2zsLZdvJcfuMhv3Ie7C97pxPw04v5narMK/ijtA0nCjLUcgJc73milNNA54qMthR3zI1hgEwRBEARBEARRaEgUSBAEQTwRrAOXLAJ0hT2dIg20eIjH/knmc5aPH7m1kJFbCOUY1xgI2umikIcVFoD5jYjlKbby+ZPFiReGgcLg0GRzqJ0Al0xJyGpjgDOZgyuvOGfFdzskCOLxExZWZcyolz6b+61QO3Xp3ObwkRMXL13dsPYnrewpMVHxzKlerfKGjTvu3k3SevXZRJblGbPmAmjWNKpq5YpNW3Sf/u7Ytm2aP/IppKeniwzcnJzcUaPfuZBwZcrkUYOe671h47aLF6/6+fm6ubnGX7gkGjs5mz+fcXBwmPbOuF59hwE4d86WBZAt9PrMfGqzsnMK04nBaBw/cYbYFnJMy0NkaF9++NE80ezjT+dbtVT3/WbBj0UVBQozPDHguhG1CtHcjKOjw3MDev7vy4UA/lixVhUF3rhxS00l/mPFOlUU+MeKdQB69+5a1BEWCXu3mmbNoo8c3CRz2dvLE4DBYNyz9+CPS5eL2pzsbItOJLsfAJYuXSo+3sbPSengYLGhT8/IW0sQBEEIDEZ8uk2OT4TM0bYmC/LmZ28CwPVkfiOZq2o8F0fukO/aYcMZfviqsta5dE8p1LlgcDSqBzEvd754Lz+byF+MltTjCvK6TGlxdoQkcQ9XdA1HkBebY1/KkGPqUHpESxwP5yKLIAmCIP47+Lqxt1orF8mYq3K2gfera/0b++X7fOsZZbtmGfZCFFR7PJXkLP7zQa5zxcT27HKe7/I4MLzUBP/bjvhETFglz+jK3IoeJZxtEgV6aESBCwZKAKatl2/ch8Qwuyd7+w/erwHaVLG97uhak9ULQZCn9ermchI+26rcm97rxnwKZ3Pv6sQAGGQcN30VK7oS/E1K9GqlEBZse8fNZ5CeBQCebqgchNeaMZ2lWt3HlTWpoL4Sjrws1Mfcxsg5gCv3MHyphervj6P446hFiXreCIIgCIIgCIJ4ApAokCAIgngCMCihtRpTOvHgSPvhi+JIxzVBwybpIGNPv1lgHrSKRtliqjZm87AfC9lOXubcrEZUtYNcYqYsYfGGMAnMJAFkgBHgnJusDS3eISVEmIlwZOVtUeOHAYkxRopAgnjKGTb0ubXrtwm1U+NGDXQeuuW/LwgMDNC2OXFSCWCNiAgHcOz4qXZtW+Tf7R8r14nY1sTbdwcPG5WU9OD1NyZ/9eWs1q2aapvdvJm4YdN2dzc3Pz/f4o0/PV1R6S1c9NO1azdWLFtYo0ZVAN4+3mdi47dt361tHBjor31Zs2bVrl3arFm7tW2bZoU8XHJKSj61WtvCfGhQv87K5Ytc3VxCypS2Cji+cuVau44DhOBPqAOnTB41Y+bcRQvm1KlTo5CDLCRJSQ9WrlwPYMjz/Yq6b68enYUocPmKdePHj/Ty9ACw5MdlaoMtW/8S4tHMzKxffl3VsH7dShXLPdrxFx5PTx2A+/eTly1f/cOPy5KSHoSFVSlqJx4e1vJNgaPpHTQY6eMsgiAIa+LvcCHLkznibqFKEIZGMz8d252grEXO3MKxa0pjP082rXMBi4erSbhpuhVnmnTd7aqz2sEMwAtR7PNt/GAC7qbJE9pJDDCahAf5iwIBvN9FUsecT7PUTKXWuaAOCYIgiEdLRFnsOIv9l3h0eYt7xUJTDrurE15vzhxs3Ui+3MmdHTGtsxC32bjO1wqWAr3l2ylIzcDXe/jolkV+lpVh+oKYzsVuG1835ujA9yWgjZ3liKsjKvjZOPTWeGXMVYJgM19+7yVewd92laOEMW3Y6URUK8lrBUub4pRbY92yaFXZtjbx4CVZiAJfalTMGBPhmxjgyQY1BIDzd/maEwDQsCKEoe/Kk/zSHXi4wpeChgmCIAiCIAjiCUKiQIIgCOIJwMCZ0JBpipiiYxNaNFsP35QEXs65LOcx3nvKKdjj8LHm6yqnSx2Cen45N1kUcsYYuI3gYXXonPO8E+GmnGNVEWjKEy4owpggiKcDWZZTUxV/nj9Wrhv52jDvPDGshw7FACgXGlKxQiiAX379M39RoCzLc+Z+C6BJ4wbVqlX6a/dBUa4NEV7+x7r167cdOXqydaumUyeNOnXmrChXfUkzM7MKM/60tDSx0atnl0ED+6rKrUZRkY2iIpNTUmfO+nz16k0AatWs1qlDa6vdZ38wdezoEUGlShbmWADSUtMBnDodVzWsiY1afWG94uyJ0lQ7wHcmjx4/aSaAqlUqhZQJnvHBnN9//Vay72NXVJJTUt8YNTkp6cGwoQOKoZALKlWybZtmW7b+BWDjxm19+3S7fz958ZLfw8PDqler/OtvfwJYs27z0MEDNm/Zqddn9OvX7VGNvBhkZWUvXPSzUDGOHf1ynz7dLiRcfm7QiCJ1IpHGnSAIonBkGXD8Ot93kZ+/bTbqkxgmdGTlSyjX0lqllfKdceYGb7cteP3wcjNWs5TS6vOd/PR1i7VJzVLMR8eT9bh4B5vOyh2qS7lmUeCjuYyfu2PqkJ6hEgRBPFlaV2U7zvI/jluIAg9c5onJyvbAKNi72DtIeLcL83HL715QozRupwDAhduFHZL22WSqaf3q5pTfM0B/T1xLQo6xCOLyLANOX1M67BtpSxF4kS/exwG0rM4H1LNhZVs9iFUPUr6B/GRWNUYjANQozasHqWtYDqCMD6oHMeFBqM9C1TwpzwRBEARBEARBPFbogRZBEATx2GEMkGTOjFx4zHHxLV4mVGRcKYXEGTjnXBZGdQAgi490JA6jSc/GJVlxsDM9iWP5f2rPudlEj5t0cgXsk09XNqan9C+DS0wSh+EckgSN1x5TRHoMkukZopi98Ec0DUfxRQQkk8GftRxENvktqhMQB7ASjrA8Mcymk8AAzpkMMM44AIk5ABIYU0+TzLksA1wG52rCh6l/CYzJ4IxxxiWTMFA0ZhJzlCSJK1nR9JiPIJ5S/lyzMTHxrtj+ct73rVs2tZKIZWVnHzl6EkD16pVKlPDR6dz37T+ccPFyxQp2jd8kSfrsk+mXL1/t0rmdh4e7IdcQH5/Qtk2zyMg6GzZuE21iY+P9/HznffFBm9bNABw/eVqU93v2ZX26Pji41NWrN0SJk5NTPuPPNRgAvD1uRMmS/trg3avXbvz884oRI4ZMf2ds7Jm4Dh1avTj0OTc365glR0eHwisCAdx/kCz0kR/OmqIWZmRlDhk6CoAx96G84vYfOCpkdm+NfqlUcKAoZIx16NhqwYKlvy9b3b9f94fpX+X27btDXxx1IeHKM13bvTX6leJ10r9fdzHaH39a0bdPt59/WQHg1ZdfKBngL0SBv/22esgL/X9culync29TaC/GR05ySuqrr42PiTml07k/DsNFgiAIQmVrvLzhNFJtKeQdHaAqAkXsoJc717Yc3IiVcH8ES4bwEOyKA4B7eqhORSKY+CGFEAv2cB93xN1UVkl+uoJ2MHEvnd9I+Wd9pY0gCOJpJNCDBXrz2yn47RjvV5cBuJEif79XqQ32RcNQu9+hmtiu4K9XRZRm22M5gJAShR2SSfoODnYnlYv7Xf5ULonEZKw5zXuFF/autOY0l023kdkbeF7FoSrB33EWDpJycgrkl4P45aCcfxuZw4bGsCCup/CaIegRzmw6Fwoe6PmpW6gYwBwf2RffCIIgCIIgCIIoGBIFEgRBEI8dDs0DLK1YzGwUKHzrJAkSMxnZKU1krsjehLZOFfYJjd3TZB/IOKzcEK3gnAtTRNEm37HLpk+wxIZlp7z4n24xJbhZyRU2xf7CJO4TNYwxgLO8kcSKuJAxgHF1YKZpaYb6WG0QCYIoPtk5OV/OWyRUbpevXAMwftLMP37/ztnZrMM7GnNSbERG1gHQoH7dHTv3/v776okT3sin56iGEVENI8T2pSvXAJQvH/rdop/mfbVYFA5+vu/rrw0Tua4ADAbl04gfFv1v5669k6d+qCr8KleqkM+BpkwaHeBXQkjoRo99l8v89RFDw8PD/Er4rl67ecOm7XM+eW/dmp+0uxiNxrfGTevdq2uTxg2KesbEqELLldFqy7KysgF07dLmxRefs2pf+BtT4q07b42bBiAoKOD55/udOHFGrRo0oNeCBUvfnf6JwWgc+Gyvoo45L5lZWbcS705/d2y/vt2KJ4sHEB1VLygoIDHxbnx8wr4DRxYt/rVSxdDmzaIlSapVs9qp03GXr1xb+vMfp07HvTR8kIuz88MPu3jM/vCLmJhTAD7+cCopAgmCIB4rAToLRaCzI3pEYGWMWZmnpWZp7DuvbDerCtX2ySDjzd/laV1ZgK44d6iocmxXHAfQsjIA5BqVJWMhDZnuZ/A76bar3Jxw6pr5tu7rjj0XeZMKdgeZkY1FB+RT15GehSpBRZ8JQRAEkYfeEZi3A1vP8NLeiAjB7I1Q1XIjmz/sc6fKJZVbRpdahe0qS3ODu5cGAG6W6568j8OaVGS74/nGU7x1FeTvXKgeYusZZZLRlVDWlmDxz+PIygGAED90Civk2FEnFFF2vuj36xEk6yFuyoV3NNTn8K3n+F/nkZqB6Eq2s4wF99L5lzsgc8Rclacrmc4EQRAEQRAEQTwJSBRIEARBPHa4zJmaLcsBxoTuTBHJQSkGs9BSFFvw9zcqBSWYn05aYTYsZAWM0BQ6orZR7QOVQzwsnEGcfMaE3FI5run90aI4H4JJyoNNzsDEVBiYyZFQYoxxLjEGbjFsZjV4giD+dlat2iBsAhd+99m48e/FxJyKj0/YtHln1y5t1Tbfffez2OjSqS2AZs0a7ti5d/GS30e+/qKa1Zs/585dAFCxfNmGDSLmfbVYp3P/7JNpLZo30rbJzc0RGw4ODh07tM7NNYwb/z6AQQN716tXO5/OPTzcjSYbUxdnl81bdv61+8C4Ma+8+OLA0W8On/LORwMGvrrgm0+aNY1Sd3FwcChbtsyw4WMaRdcf99ar+YTnZufkWpU0rF+3fIWyQwf31xa6urqcPL7dpu4tOycn33OjkJmZ9erICUlJDwB89cVsVxcXbW1gUMCbI4d9/sXC92fMSUp68Mbrw4qt5BOUCw05tH+DY4EuFvni4OAw6NleH3/2NQBhlPjKy4OFj+yzA3pMnDwLwIyZcwH07tnpYQ70MCQnp65ctUFsNy66BpQgCIIoEuGlpXIB8uW7ANCiGvpGSE4SVsbYdiESEY0iOHhgffOy5uRNOccAT5di3ukq+TNXJ96gAkp7SwByjcp6xDnf+GCDEfP3ynE3kZGNIB/bbQbUZymZmLuVA2heDTdScP6OtSgwx4hj12Xh2CTL2H8Bnm54vSXCS0uv/lKAGxNBEARRIHVKS2Gl5dgb+GEfX+6KLNNybXAj5u/xsM+aJIZnG8JfBzWnvkCysiHcASv78w25AKDPxp6LvKIfv1cOXWraWLZV8GPOjjzHgAV7+bg2BR8oPZuHBsBJQlk/ZtMCUOZYdli5xfQIL8INtHoQ6oXYfqyYkcNP3uQGI7t0jxcy4TcpnY/6HQD8PFn1YH7iGsbdMt/4ck1ehmtOYFucrM9Snpem6DFtHf+4Bz0nJAiCIAiCIIgnBIkCCYIgiCcAZxwMEuMcjHPOFSs6pU4xz5OFV53EzGm/3EZGxlOO1dM1C/0f50pcslLMTYo5pv0qsXkXptVM2nhepuxeXKWI6UBWMj6T1R8DA1PbWMg1AVPcMJcAzjhjDJCZjWGTZSBBPEVkZWV//sV3AKZMerNM6VK9e3URhmqbt+xSRYEnTsTu238YQP9+3Xx8vAA0jq4vquZ/s3jcWyMKPErcuQShO4ysX6dUcOCCbz4pX75sSJlgq2bZ2Yp4zmg0Ak6dO7XZvfdQqxaNOnZonX//3y5YWqNG1UHP9Qbg6uYCwM/Pt2+/7gB6dO8868Mv9fqMCZNm7ty2QtgfJqekrli5bsyol7Ozshcv+b1H78OvjRj82qtDHBxsKOQyMzKtSpb88IXNYdhzwsvJzs5//GLKEyfPjI2NB7BwwWc1alTN22bI4AF79x0+cvTkV/MXHzh4dOTrwxpFRRbYcz48pCJQ0K1bRyEKFAaHHTu0Etsd2rcSokAATRo3CA0Nsbm7waAYaxiMRpsNioTRKGu2jYATgMTbd9XClAeprkEBYjvunGJOlZlV8BskUH9E1WETBEEQeXmjBft6N+9Sk1UPyu/X/jk75IQ7yrbMsfIk71lbaX/wMiQG14d4QvlFP/MiTDUptLJu0ufw2ER+NhEpmcoYYi7Byx2DG7MAHT7ebGPVmZGNGkGsdyQv5YXawdLUtbKPm1KVmMa3x/OT11lSmnlHZ0f0qodWlSkWkSAI4lHyalNpzDI51wh9llLSrS4a2/dtLRIti3jRLuOLl5ohIkTaf0l5Yikx/LCP++gwvDEr62N7VLXL4shFxCfi56Pys/UKOKK/jk1ql9/sTt2U1S8k1yhVhPFvPsOOXrErWL9wB7LMT19H5SA+qqWU1y/QyHH8urzrvLnE2REDGrAmFdiNFL7iBAvygoNpOPfS+eGLABDghdplLKbj4/YPe9JLEARBEARBEP9oSBRIEARBPH7M9nHMsjhPO8unXowxzvPz1curh9MY4P1NqEdmliXK37JaabJJlExNGYOcN7FX04vFZBlj4BySmGyRH4aKUyfLMmOyKZmZqUdhTOQhy+rIOeeMgXPOhShQBmMSwLiSKCyL909iElPmLj8SW0OCIB4hn839OinpQfPm0QOf6w2gTetmkybPArB5y05x8QQw/5sfROMB/XuKjdDQEBEO+93Cnxs2iNA68Nlkx47dAHQ6d3+/EgDstc/MUj7Syc7OcXNzdXBw+Hj21AKnkJ2Ts3nLrjrhSiasMNhzcnL08vQQurdOHVsvW74mKelBbGy8iI69mHDljz/WDh08YML4kfqMzGXL18z7anFs7Pk5n053c3O16v/+g+QCx5A/BWrOsrKzJ0ycsWHjDgCzZk5UE41lS6dZNzfX+V999MKQN2Jj42NiTg0ZOio8PGzEK4Mb1K/r7u5mp+/HTkCAX+dOrdet3wbg1ZdfUIWG7u5ugwb2/nHpcgAD+ne3t3tysmISlZqSalV1906S2EjX67XlqSlp6rZen6HTmb0qU9PMVampaeLddHc3v6ejxr4zdvSrjo6Ou/cc+GLeIlF4+nTc1Ws3Yo6e7NiptYuzc3KyMpLbd8xqQsHNW7fFxrn4BK3MUZ+ujPDWrTsgCIL4z+PpwvL3PeLA3B1y7A0AKF8Sl+4AwIaTvGlFiLzg2Btwc7G7+4MM3E5XbpEZOVzt0x6qKNDD1Of+S3zpQW6VaOznwfrU48IwKf6Ojf483ODvAQDtq0niiHdSzLWXk7DjrFjuVlUAACAASURBVHkgEkObGqxHbeZICyCCIIhHzfUH3OrhnywjV4bT33HJ1Tmz+mUZgF3nlVvARz3Z7E24k8o/3sy71+Wda1gP68I9fkFZWGDHWRiM8vMNHmro2+OVjVB/SEV5HGjkPCefL2eZboYJd6DP4c6apOO0bP7pNn7jvkXz5tXQL0IS70Jpb2lkM4vas4k4fJEDiCqPDtWtRklfHiYIgiAIgiCIJweJAgmCIIjHD1P958A5E7oTrgnKtbMT4yigUTHEf6pq8CGjGO30rvrsWWCzUFvNbc3TUt3ITacMAJjEGFMcBk19F2c6tk6CVsDJkPcMc+Vt4VxmjHEwJrSDDAwSwME5mJUHIUEQfz9//bX/hyXLQsoEz545Wfx/39vLs2uXNmvWbo2IqCVK9uw9tGPnXgAtWzSuVrWiuu9LwweOfHMKgFFj3tmw9qfAwAB7RzEajWvXbRH6rW49Br/zzhjVaNCKDL3iyZddaOc2AJs27dDrM5ycncRLKc9nIM2aNly2fI1O517VNP6rV68bDLK44k14e+T6Ddv0+owdO/f+tuzPwc/3s9pdr88AcP/+gz9Xbyz8qAAkJir6sKyMrHyapaalj3xj0oGDMQA+mj2l2zMd1CrZpBpXr/xenh7fL5z77rSPNm7aKUwcX371bQBhYVXqRdSuHxnevl3LIg3ykdCvb7d167fpdO7awQPo3avrj0uX+/n5Nm/WyOaOBw/FXEi4IrbXrN3avFkjoW7knG/avOPa9ZtK1brNkZHhQu6ZnZPzw9Lf1R5Wr9nUv1938bNqMBhXrFirVq1ctf6l4YMkSSpTulR4eNiJE7EAYmJOPTtohJCofjhryviJMwAkJT1o276fTufevn3LjIzMjRu3ix7+2n0wPT1DDcjevmOPCHcGsH7DtlYtmwoFZG6uYc26zaI8Pj5h34EjUQ0iRIYyQRAEkZeULP7hJtxNg6MDXmmG8NLSx1vl+EQA+GAjn9WNJdzjWbkokSf6UF1ILNlvY01hkG0vf2QO2WSB5GHqM7w0Fmt8kXx0GBzNagSZl6jqbxNCKtGpBmtVFaU8Lfo/eUOWOe6nQ+aQGKLKsZXHcT+dA6hdlg1uWMz44z0XeVgQSriTPIIgCMIGOUYsOiAfvWRdvuYE1p2Sa4egRWVxPS+AR/7F4Zup/PJdAKhXHp4u7O12fOxyAFh1DN5uvEkFJjzNZQ5x1/PRoVwAxC6745FwVx7ehJXxLmDkNm91WQbEKSsnNK6YpzpfOtbMz8727ZXyAz0ATOvKfN0sjuzpwlIzzSexQkm81Jj56Yp887qn5ydvcrLUJQiCIAiCIIgnCYkCCYIgiMeOxCRwaHV4GkWgUJXZhTGTaK7Q5KMUVG0HH4suMP+ZaBuaBmFRaqEcNGcMaxqpccHM5BRoVgkWcawWEkTTedB0x5hVZLD5KAxKEjIzz4UxBs4kJolYZM1e9PkWQTwV3L2bNOqtd3U692+/+bhECR+1vHu3TmvWbh0+7DkA8ecvvTFqCoByoSGzZ03W7t66VdNyoSGXr1zT6zPenvD+t998Yi88d9nyNRcSrgQFBURF1Vu1auPQYaPDwqo892zP+pF1QsuW0bZUnQI9PHWFnMWtm7envfcpgBK+PvbaNG7U4KPZU+rVC1ddAE+dPnv5yjVxzffwcB8z+uX3Z8wBsHTpH1aiQINBsU1ITLz77YIfCzkq076K3CDp/n17bW7dvP3SiLfj4xPCwqp8+vG7FcqHamu5ySmQc7Nywcfb6/M5M5avWDt5ymy1MDY2PjY2nsvy3yIKrB9ZJ6RMcP++z1j5LFarWjEiolbj6PpOTtZrzOPHzwwdPloILgXbtu+uG9l2xKuD27ZuNvCF17VVq1ZtXLVq42sjBgeWDHhn2sfafqa99+nHn87/7JNp167fnDFzrrZqzucL5ny+4Jv5H7Vo3mjup++99fZ0EY0N4Jmu7V5/bWho2TL37iV9/Ol8AI2i60+c8MbCRT99Me97tQe9PqNZy+4d2rWYOmVM63Z9VEUggA0bd/y1++DM98c7OzuPeH2i9rhDho4KCgrYtX1lMc8mQRDEv4IJq7iLE/f3ZH46bpTNXn3nbvPPt/NcI+qE4vkGTMjmXmrC3v6DyxzpmXhrueKTm55lvXBQOxkUzaqUVLYX7+cigzjXCLHY+Gyb7OOOUt4I9ISrE9t/ybyAUfOI3Z1Zrwi+7AicHNA70oYewuR7i/0XecNy1koIAFce8EX7lFH9dkweECEBeLUZ5u3Ci41Y1cBiLnlWn5LXnIDE8EZrFEbUQhAE8Z/iyFX5+33K7UCS0LwqGoSyBXsUQbYs4/gVHL/CHR14kDeqBKFmEMqWYN6uNi6nBtnuc8I76fybPTzIG6W8wIADeQSINpm3EwDcXTA0SgLg7cpaVOM74wBg7Uk0qYB00xff4hMR6I13OkmZufztFVwo128+wPQ1PDwUrzfN7+L/+q+yJKFsCVQqiWBv+OnYvXSsOgF1NtHlC6WuK6ok0iVPcDCAYY3Z3K3c1RmvNCuUEDMvOUa8v55nZGPPBXlie+lvMXokCIIgCIIgiP8gJAokCIIgHjuMQWLcyMGhRH4wDsY5Z8Jejiv/MOG0x0xf4pU5A+dchswhg3NtDrGQo1nI1vIV+fFHY1tn8WFVAZpCLhJ5mWnQImNX6/3HwSUwU1POxZw0Pcgmu0QIX0CIkwb1P/MQLASETDMI5V/tUM2KwDxTUCZoOrXi3WKALN60vEfgyuglMECSTOeZMxRDqkgQxGNBluVJU2bp9RlLl8yzEqI1adxg/561JUr4HD16cvgrY/X6jEoVQ7/5+hMfby9tMwcHh3feGTN02GgABw7G9H/2lTmfTi+nCVQV3L5996NPvgLwzVcfV6tWqUe3TlOmzo6NjReCtqCggCaNGkRFRYaHhwX4+wUE+HXs0HLokGe1gbBWaC/s5y9cevGlMUI9Vrp0sLZZbq45EdDKwe7K1esr/9woTOZEee9eXRZ8tzQx8W5oqIVIEUCWybMwLKzKyuWLCn2CAeDmzcSWbXoDuJVonUIrWLd+69R3P9LrM4a80G/UqJeEE54Wg0GZhVGWrap69+zSKCrys7lfr1m7FYCfn++PP3xRsUK5Io3wUSFJ0tfzPwouFZi3avYHk70tf3IEderUiDm82V6H+VT169vNXtWg53rbqwoODvpl6fxbN2+npKaVKROsmv+9OOy5vn27GXINQhdbpfKw118bZrOHfbvX2Ov8XOwee1UEQRD/WVpW47vP4+RVi/WWowO+349KgXi+IfPXmAl5u7JRrfHZVq5V/uUYcE/Ptc2yc5UNPx2CTKZ97i4AeOkSqFNGrFkQ6I2YKziQIOrNAwjxsxhhu2pSkJdcLVBytiV08DKp3BPuYOSvssQABolB5gCHlZLk+FU2IAIAypVgH/cwD/joNfnKA6ZzNrcW3zVIzcSmOBlAkhI+j78uQucsG2WsOQHhIzV3Kx/dFmHFFRcSBEH8mzBy7LvIN5/lickQd5M2YaxrTSYu4B92x9ozfMMp8x3EYMT1+7h+H9tjlWdUOldM6sBKepgvqgb7mbkeLggtgQMJOGTZxsvN7i4rT8p3UuHqjGldmHpb6VNX2nNeNhgR4MnXxfJ0xRYfJTzYu52ZkwRnB/Z8NBbvVW4Tgd6QWAHfpP20t7T5rLzpDITDrtVzzehKZvl7/pi+v4Y9F3A5yXqxqZJi+qJWnvUoANQIYuPaoYI/c9SI+WJv80NXuJcry/tl7rvpysbxa8jMlQGcvI6MbAC4loQZG+R3O+X1/ScIgiAIgiAI4tFDokCCIAjiCcAZIIGDC1UZF1JANVVY6Ns4k1SRmkkYyME4l0U6FAc3Z9daPW4qVI4wy+vOV3zMdn1gSq+ars3aOab6ApqTfk2CO6acCkvJnhazD5+pPw5wxiWYnA5FFjNnsPUwkanxv4WdN9NkFps0jeCAxadn2r5kWTafComBWU6eEoQJ4ingp19W/LX7wMIFn9WPDM9b6+3t+fOvK6a/9xmAzp1avz99vE2VXuPo+iJrWDjVte844MNZU7p3M8vvMjIyp7zzoV6fMWvmxGrVKgGIahix5s8lGzZuW7N26779hxMT7y5fsW75inXqLkFBATM+mOPv5+fr4+Xm5pqm16ckp6WkpqampD5ITk1KevDisGfHvTUCQFZ29gtD3hDmbVENI6pULi96cHdzE4GwX8xbGFq2jLu7m7OTk+TgYDAYsrOzb966/dNPK4SO8O0JM+rUqRlatoyri8vUyaO//W7pyDyCsMxM5aMbQz6fGhWdlNS0GR/MXb16U/fuHV4ePshKl6mSk5OjHD0nN29tcHDQJx9Ne35Qv2XL13R/psPfpQgUVKpo++hWZpB/L6WCA0sFWysXvTw9/qbhEARB/JtpX01qXw0Xk/iHG1XfWwR6Y1I7ZlPuUD2IjWqD/23jWr3djvPoU8f8UgacHRFVEdU0UrlBDeASzdydzbG/AyOlgZE4dVOev0uxDxR0z/MrT+1gu5ZEJdxZoDe/nWI6tNAC2mrp7IiRdlx6rydjw0kba5/0LCw/YlFis9nK4zysPYkjCIL4T3Mxia+Pxamryt2hhAdrWpl3qC45Wl6/u9SQOtfA3ot87SkkpVlcUd1d0LkWSvtYKAIB5BpNYSV5LrTuTuz5Buy5+vh6j3z8irk82s56a+8lvv4kvHWY0pH5aFwJnR3Qvz7bf5EPasj2XFQEfBLD222hWuI1Ls+SM/jG0xjRnFUvhNmeqyOeqSV1qYmlh+Xd8RZVgd4YElVYqz2j6f54Kxl3U+02U2/KuXae5FUpaT1mZwccTICHK3ew9dTRzwMAkjNw8KJFCQCA63O4sBAmCIIgCIIgCOKxQqJAgiAI4klg4VPHmMkn0KLULCZjjJlkc1yTHZxXYqYq2MSGKg18xLnAFmiCdIuDZhJMtQ8sYoeK5yKzNAjUJv8WbgAFNBO9mbWGmmNxm16DjDFmfh9ZoY9FEMRjJDsnZ87cb7+Z/1GTxg3y1p6LT5j67ocnTsTqdO5TJr3Zo3unfK4hkyeO3rf/qBqr+t6Mz6IaRASVKimCcUe8MTE2Nv7tcSN69uis7uLm5tqzR+eePTrfvn1385adGzftOHL0pFqbmHg30Y6vHoBFC+c0jq4vth0kRZrs5+f71phX1TZNmjZctPhXAF9qcmBt4ufnW8LXV2y3ad2sTetmedtkmESBDWypJ/PHxcVFCBZfefkFbbnBYHym+/NRUfU2rPvJnhxQkJmp5ClnZWfba1O7VvXataoXdWwEQRAE8QSo4Md61uNCAFc5CK/mG4lYI4h90hs/HubHLislcYkW33Ga1c1GsGDeYF9BrWDpzVb8ky2KAmNwI1Y7uGjrtSkdpYOX+ZX7/F46MnNhMMIgw2hk4ttpDgzOjrxSSfSNsBt32KmG1KwStzdCgiAIIh+uJvM5W3l6FtxdULssIssivLTk6mj3WRkDmlRgTSrgrh5bz/HDl5CWCQDTutiIgBfBtQB8dWgQartDB4bXmkqv3ZBzDJAYutVFeGkbl/vL9/nivbx6MN5oYS1VBNC8EmteiQHoWRuJqfzYZfSpDz+dxRE715A61yjsaRFIDM83kA4kyEL77uSAGmXwfIMiPPfMMihP5/pEolVlu1LCt1fKD/QAYLRrJmhNJX82f0Dxbnx0uyQIgiCsuZmWGOwZ9HePgiAI4l8IiQIJgiCIJ4EsJGUiLBecCxM7iybK8yDZwvOPMyVk2FJdptk2aeP+seKzgp6DWQl0tDo71QXQ6lkgY5KpgWzrMaG9QzLthppbbHrPGCso2QQo7NeUCYJ4Yrg4O+/9a7Wbm6tVedy5hO8W/rhm7VY/P98pk97s3atr3jZW+Pp6f/n5BwMGvtqyReMJ418PLVtGXH3OxScMGTYquFTg7798Gx4eZnPfwMCAQQP7DBrYR5bl6zduJSRcPnfuQsLFKzdvJt679+DuvSTh56fSo3tHVREIwMnJcc2qJWfjzkfWC3d1NQfvNqwf8fa4EX/9deDGjcSMzMysrGzRj07n7urq4uTk6KFzDwoKDAurOnRwf09PXf4TDCwZMHb0y/Xq1YmIqJV/y7z4+fmeObnL0dE6ldDR0WHFskV+fr4F9mAWBWbZFQUSBEEQxNNM+2qShzOvFmitgbCJpwsb0YTxJriVyq894BX8LXaxp72zR9VA1rgK93VDi8rM27XIUgNXRzSvZNvX0EQBfTpJdjWLBEEQRP54uqBjTdQPtS3py4cAHRsQwQZEICWLZxvsXocjQlApAKW9C7i1DIpiN1PRoRpUS1orfN0xMEpR/uXPiCZSYjgP8nxk94Xnoth9Pa8SwKoWPWs+18idHFApEOH5KubDSuNWMhqWRxlvup0RBEE8vey+vD8x7ba2hAFdwjq6OrjY30khR85dE7ve8gM4+Ln7tqrY/DGMtFDkyoYL9xJO3z578saJzNzMT7rO/rtGQhAE8S+GRIEEQRDEk4FxIQNkXOayLHMH5qAEzGraAEyWZVN8MOcyV/z/OAfnnHNRayUK/AcrAvNQmOkIiSQ3ykxSAjo4tMHLsNwo5HHVv9UdOQNkrlUhajs3OwWaDRo5wCVTSPTDeioSBPGoyKv2W7zkt1mzv+jQvsWX/5vZtGmUq0vBj40EERG1Duxd5+3tKUnaD1TY9HfHtmndrDAurZIklQ0pXTakdMsWja2qcnMN2dk5OTk5uTm5PiW8rWr9/Hzzmh06OjoMG/LssCHPFnL8+ePq6jJ8+KBi755XESgojCIQgMFoFJHKkfWK7FNIEMR/k1Kl/P/uIRCENY0rFHEZAgR7sWCvR7BoGNyAvqFEEMWB7ibE346vG2tX7aFuBPnLwT1dWGGSaqPKFdDG25U1r1TYIT1CRaCIHi72A7bnIqXnIgtuRrdRgiCIfwRODk45huxTN08ZZINa6OPm06ZSiwL3PXDl8P5L+7UlVUtWC/Qo+XhGWjDXUm58/tcXf9fRCYIg/juQKJAgCIJ4AjCAcQ7GRPQthMudPfWIDU0c12jT8tgE/h1mgY9E8Kbq6iTtLAqdfWyWATLGwBQxivY8MKYqVHjhknwlzclUk4LzBhNrM4U1A+aKthCQKDiYIJ5munXt0KN7J28vz2Ls6+trLderWqVC1SoVHn5UTk6OTk6OgPvDd/VPpGuXdtWqVq4TXsOeuJAgCIIgCIIgCIIgCIIgiP8sUSGRUSGRqTU6vbdpplq48/zOVhWbSawAeff28zu0L5+tNyAi+O/8ZnKId+n3O047dO3omtNrABQ4foIgCKJ40OWVIAiCeOyY9GiKw53MwZkaT2t3FxWWx1FQacO5bEJI01SKP1QN6sti96bt9pFp5DjANZZ93FQoc5bnj3Y26kS4JZquJeVka2Dcqk8wmUPWNDCfc5unnYwCCeJpxNfXu3iKQOLx4e3lGVmvNikCCYIgCIIgCIIgCIIgCIKwh5ezZwl3P/VlliHr0PWY/HeJvROXnp2mLakSUGj/28eGm6NreHDNv3sUBEEQ/3L+eU6BLs7OLi7ONquys3Oyc3Ke+IgIgiCIAuFgUKImGeMmkSBngNlnzlI0pybSKnWcaeuKKrDjtsVp+XekVdFZ+uRp+rXs2aJDEcXLzf6GQmdob3T5z4nbeKkoDZkiOJTz9KAJ9lXGYm7COdeed8Ug0GwAqLwH3OLgDKY3wtroUUgVmQRIYl9SAxIEQRAEQRAEQRAEQRAEQRAEQTxa3J3d7meYX26J2xoVkl9a/JZz26xKPJx0j2twRcFZUlQf5BRIEATxmPjniQLrRYQ1iq5ns2rf/qP7Dhx/4iMiCIIgCoBDBuNgjDEjlyGByVx43HGuyNUABsZEEq5GS6dx7BMJwsykfbMv1IPNcsYYt9++6KjGeBYdyhrxnqQJ2FXSeE1qOW3qseiEK7MvhLOeZQMOzrgw9GM2JY5C/McYA1fSfc3SwDwRzkIYKFSGXHmDLGWOZrEfs5JDMs4lJjNwwMgBxh1MNoYkDyQIgiAIgiAIgiAIgiAIgiAIgnhkOEqOBtkAICUrOfZOXFjJajab3UpPvJZ8zVFyLOsbejEp4YkPkyAIgvg7Ic31UwST/jFvR3BwKScnJ3u1TJJGj3szIMD/yQ6KIIinH2apIoOV3gzgjKmOgErmraVjn0m3VtRs36LL0gorH8ynlaXy75HEEOd7dG4OarZE5CxzyzGIzGXYGhUz92azM7sTYYxrlI2kBSQIgiAIgiAIgiAIgiAIgiAIgnj0tKjcXN3eFLfFXrPt53cCiCof5exoO4zRJnIB6VYK2UZziqPM5SxjdmH2yjRkZRkLFf/IwR9kpdxKTzRwY2HaEwRBEFb885wCn35efGXYts3bL128VNQdR7z+SmSDenFnz61fs/7UydNWtVOnTw4qFbR5w5a1q9cZjQXc9qKiG6Ykp5w9G1fUMRSS4a+8WKFihUMHD//w/ZL0tHSr2h49n6kXWS+iXsTB/Ye+nb8ghzKdCeI/Dyu0JE7RATKZC80gly2Vf5xrvQNNRfkI+Bj7m8VppnHa09g9/AHAwU0CRDWh2FotaPMc2CvPRxGo/MM5GLM68+o2iQEJgiAIgiAIgiAIgiAIgiAIgiAeH9GhDXee3yXMAm+k3LiWciPEu7RVG31uxrHrxwG0rNhs2YmV+XeYlHl/S/yO6w+u3Um/I3PZ29Un2Ds4KrR+jcDq2mYcPCHp8tEbx07dOFm5ZOUX6j135vbZg1cPx9+JN8iGUl6lOlXvUL1k1bz930y9te7spiv3L2cZsgD46fwblY+2N5ibqbdWnlp96b5ZceHjVuKZmp1qB9VUG/x6fJnVXhX9K3YL6yy2fz6+LDH1ltgu4V5icOTA/KdPEATxr+TpFQWWDy3doH5tbcn2XQfv3r1/+syFa9cSbe6SkpoOICCgRKvmDbXlhw6fvHTlxmMdbb3IiK7dunz4wUeZmVnNmjdt0bL5/fv3F3698MSJU4XvpExIsJOTU63aNatVrzpk4DCr2pCQsu46tz79e3fv1W3ooBfzl9c0btqobr26KSkpC79eFBNzrKjTKVMm+Pr1m/k0+Gj2J/+bNze6cVRUo4br1274Zemv2tqOnTsKdUhUo4YPHjz4acnPRR0AQRD/Mrgi5pNNOjSmyMs412baChhkcMa5zBVFoCw6MDvemXSBhTLzYxrnQcZ4Hq0bszIwfHTIssxMoj0OziFbjVm9kjNYx/gWFUvPRKZOSU1MZvlb/Gn6UUbIbHsOKn8zxjkYY+YpcM4Bo9HIjTJlBhMEQRAEQRAEQRAEQRAEQRAEQTw+nCSnphWb7ji/Q7zcGLdleMPBVm12X9oLoGapmt4uXvn3duh6zPLjy2UuVwusXi8k4lba7dM3T529HXv2dmzNUjX7hvdyd3IDcCrxzE9HfxFKRPFB2M/Hf4u5ZlYj3Eq99f2hH8a1Gh3gHqDt/2Ti6aVHfpa5XK9svVpBNTjnm+K2rDm9RtRKzCJQ8czts98f+gFAeOnwDtXaOjCHNWfWn7p1asnhpQMi+tcrXQeAv4d/g7INVp1ape7VMaxjneBa6su2VVquOLn6/N14R8mxfdW2RTy7BEEQ/xKe3rxad51bSEiw9o+rszOA1LT0azcSbf5JTUsH4OrsbLWju87t8Y2zafMmX3z9+ehxoypVqfTGmDcACBs/by/v8Ig6g4c9X/gU3RJ+fuLeOXXCVKsqF1dXdRY7tu4oUNfx6UdzLiZc8vb2HjN+9PODiyZ7f2Ho87M+mVU7vFY+bTIzMj+e/YlQt3Tu2ikioq5a1bJVCzd3NwBGg/H77xaTIpAgCCsUyZkQApoKNZJBoRRUthWZIAfTeNQVPodXKwgspNW55e4WWFYW0JuigpTFvGRte1u9FR8OLssyl2VFecg5A2ecC+kl00QYW503+2PI39RQBARzxrhJuCkDMofMIcuybJSLcaYJgiAIgiAIgiAIgiAIgiAIgiCIItCiYlNVTnfuTlxS5n1trZHLf13YDaBdldb597PvysHfj/0uc7l5peYvNnihZcVmz9bpM771WGcHZwCnb53+au83wnSjrG9I5xqdXR1dxY5nEs/EXDtWt0ydYQ2HDGs4RJTLXP7z9Hpt/ycTTy85vFTmcuewTgPC+9QMDKsVVGNMizeDPIPyDsbAjT8e+Uls96/TJ8Ddv4Sb76B6A8RMV536U1Q5S05NykU1r2TOUI4sU9fPrYT6MsDdP9CzJIBOYZ2szA4JgiD+Ozy9ToF5qRFWKaRsqQKbeXnonsBgdB66Dh07tG3f2sPTQy2sVbumn7+fLMsAbt68cWDfganTp7Rp1+bO7btLFi85HnMi/z7d3d0BLP/tj7wuffUiFdXd9Ws3lixeWpgRfvjBR19/9xVjrF3HdhvWbczIzKxUuVJqSmp6Wlo+ao2IiDpt27cBMObt0RPempiYeNtey/hz59PT0z08PADUqlNL9SPs1bcnAIPB8P47MxISLhZmqMSTx8nZiYHn5BgK2d7Z2RFA4dsTRL4wxmzIxriSHWyWA8LkEci5UQjaZNkcHKza1Gk38vZpUfSIzevsp+8+WZTMZY3O35QjjKIbEHLFv9HegSzmrDZjENpEzhh7SNNDgiAIgiAIgiAIgiAIgiAIgiAIogB0Tu4RIfWOXD0sXm6J39E/vJdae/TG8RxjTohPSLBXfhKLtJx0obRzc3LroHHU83bxernRS1/s/hJAYlri7kv7mpVv7O3i1bRctD5Hv/XcVuHwN7jB82Elq4ld2lVrt/r0agC3Um6p/Ri5/MeJlSIvuGXFZmq5BNYprMOig4utxpOUcU91InSUHJTGTPJ08UrJSs7MzUzJTvN28RTl7au22Xtxr2i/I+Gv7mFdtF0du35MYlKDspFFPK8EQRD/Hv5JosCaNW1kzz9hfEv4durSsUHD+n7+fmphelr6qZOnj8UcO3HspF6vYsfs3wAAIABJREFUNxpkuCA31xh/7vzihT8MeXFwycCAsePfmvz2lCtXrtrrOSSkDGMsJSVl9ao1AHQ6XVCpoIQLCaI2op4iCly5fIV2r3ffm3o+/vzPlum9An26PvFWYqngUgAqVqqY/ODB2PFjCu9N5ejoOGrsqAljJ1qVvzrylfi4+G1btgM4tP9Qq7atAOzctlPU1okI9/H1kWV55rQPEhIuOjg4zPxwxsnjJ2yOkPgbad4kskL5kN+Xb0hOSSuwsY+3Z9/eHS9dur5l+74nMjriPwEzy9a0cK4JwjXlCctclmWZqxG45shakwFe/hc3xhgXOrlHMHA5r8kuh4WILl8HPtvKxGKrC7n2hFlPjwM2T3K+vUHmdvZSXBtNoj+t76BqimjkRsYkig8mCIIgCIIgCIIgCIIgCIIgCIJ43LSt0lIVBcZcO9o1rKPOyV283Ba/HUC7qm3y72Ht2Q0ylwHUD63vJFmoR0J9yoT4hFxLvgZg7Zl1TcpFC7s+b1dv0cBP568qAgFU8isvNlKykjk4AwPw18U9+hw9gBYaVz9BkGdg3vEE6gL9dQH39HcDPQOZ5rMmZ0dnsaHPTldFgc6aDOV9F/d1rNrOxUFpdvnBNX2Ovmapmq6mEoIgiP8g/yRR4N/OrI9nhpQNkWU5LS0t9nTsubjz3Xs9wxjbvHHziuXmuHqj0QAgNzcHwLYt2+vUDa9bry6AgS88O/O92VZ9DhjYP7pR9MJvvgsMCgSwZNESUT595ruBQYHzv5i/b+8BoeoTgbyZmVlqsG+LVs0rV61cuWrlGrVqTpsyPTc316rzo0diujzTWZblI0eOGnIN8z7/KqBkQPy5+JTkFG2zCVPH+/v7p6enT5s8XVuekpqa9yRUqFC+cZNGbdu3PXXylOTgACA5OaVJ8yZNAADRjaIAXDh/oUF0gwbRDcLr1A4uHVwmpHTD6IYTxk3KzMh8mPNPPEIOHDwRElKqX59Ovy/f8CDZxhut4uvj1bd3R4PBsP/w8Sc4QOJfBwfAZS5LRg7GGQDGGZO4KS+YKyG3GuEelwEwJVYY4DI3/SUxtVPOuSScArVSPFNmrnpoMPGv/H/27jvOjqu8//jznNu376o3S5as5t4rdsC9YHAwJZBAIKaDIUAghF9CEsKPTigBgh1jegBjA6G54Ip/wb3IllUtWbJkS5a0qtv33nl+f5yZuXPv3l3trlaWtP68beRzZ86cOTP39ZLRa79+nloJOdVAw+Nu70m2qkSgD+T5q6I/m1j5kcsVEKUck/Mfk6E6DfsLJ9YxJ2KiNSN9mlwqjgSqf1GqYmLmVFSdiJiK+hecir+HxLtWEbMgymiqiARROUANvxmL7xr4mGFgopXZx8CieGJgUoquDkgGAgAAAAAAAAAA7CcTCm2Lpixe8cJy37f37jX3XrboIhFZu31de+e25nzL4sl7qbu0ZuszfjCpfuLAs6fPOX3D4xv84lu7tk6pnzJEVYgpiZBf/JO7hzc84o/MnTC7an7chrjKx8/9SHt3e2vUC3hr19Z7n7m/vXOb/9hXqmht9/J5Z9/z9D2BBYEF961/4OVzz/bH73v2ARE56/Azh358ABjfCAWOwDXfvLZ9+/Y9u8uV1S6/4rJ0uvod9vcXfYDPf/zG1//z29d9M5PJPLN23cA1M+l024TWj37ioz7S99ar3vrWq96aTqcLdQURec/V79m5a9eypcvb2tpEJJVOfewTHx24yOw5hy1cuGDp0qeqjt90wy+CILjr9ruK/UURuf++B2o+V6m/6FMiQzQLjhWL/SIyc9aM5uYmEdmze0/KuZedfVZjU6N/6j2790ybNm3atGm+R62/qqm5qbmpiVDgwaOjs+tnN9z8uisvesPrL/v5jb9v376r5rQJbc2ve+2lPT29P7/x5k6+Puwbn0Iz06h9cKBRwE4lTtQNCMGZWGAJflbyfI0b1SzXVztfF54YbnatZhXAqHmxiA1RJnCoU36ZaBumNfcTde5NdvD1UTyfeYx7+5rPQ/pRuKCoiPn4pJlWhBfNhZX/ygUP49trxf1NNXyN6psMV74FMTPRctgxfLHkAgEAAAAAAAAAAPaLixae70OBInLvmnsvXHBexqX/sOpOETl/4XlDXxuI7eze7scT6toGTjhq6qKfR+Pndm32ocDB1PyBUHtnux+0Flr3/jCRCYUJIvLE5qV3rLrruV3PNeQafTnDgeozdScddtJD6x/yxRHPmfsyJxpYsGTj44VMYf6EucO/KQCMP4QCR2DduvXDmVYsFkXEV9ETkd6ens/+2+fOefk5t916+79//ctf+MwXN2/eHE/u6e31qY6H7n8wuciZZ5/lGxPv2bXn9DNOS6VTQRC85+3v6+zsjOccefTiT/zTP4jI97/zg4GJQBHp7++/4Sc/H3h8X5RKgYhseWHrhz/wkeTx6394XTabvfvOu7/7ne/HBy+85MK3vPWvROT97/pAcuc4GHR1d//spptf/5qL3/DaS2+46dZt7durJkyc0Pb6Ky/q7O6+4aZburt6DtA2MU6oqooTdb4kXhAExaCYMjUVFedcIskXWJw2S3YKlgH19oavqt1wxanRLlWp3MU4/i+fVGtvdZAV/HGr/By+ChURcYNlCi3xa7QN58N4JuZ8VcJSYIm3Kk5V1Yn6DUsgppYIGg54vOjWiVmDPFT8R7JBko0AAAAAAAAAAAAYK7OaZ8xsmblx50YRKQbF+9Y/ePS0xau3rsqmsqfMOnHoa31jX68YFAdOaMjUx+OtUa2+4dvT1xEvGwzyAzIR8V2Jk1a3r71xyS/aO7dNqJ/4tlP/+qgpiz9/179v7dhS8/IL5p/rQ4Hd/d2PP//EidOPW7ZlRTEonj3v7JFuGADGGUKBY8/X/EtHoUARWbVy9dq1z3z1G19paWn+1Gf+9er3frC3J4xY9fb0+hzht75xTXKRM152pqr+5ze+vWHDxqs/9H4ReeShR6pydZlU+PVt3LBx4DZSqdQ3vv31Fza/8O9f+truXbXrwI05GyRgQyLw4NTT3XvDjTdfeeVFb3jdJT//xS1btrTHpyZPnvC611y8a/eeG39xS09P3wHdJsYHFdUwW2YqIkEQiAXqVCyIGtuGZfAsjANG8TSzGjm1/a9mem9v1f5qzBwsBTiMHcRVFIe6aZREjDOIFZODIBARC5L/+VRYEtB86cawg7NW/B6e+N08TjpWVA2sfKjwW0tcHu2CYCAAAAAAAAAAAMB+dNHCC77zwHf9+I5Vd2zp2CIiZx9xdlpTQ19Yl6mLx+1dO2rOKWQK3f3dItKSbxnpxrr6yyGB7V3bpzdOHc5V/2/d/b968lciMn/SgqtOfUva7SXT0lZoPXLqkcs2LxORP6y848Tpx9237kEROWPOqSPdMACMM4QCh+vfPvuvsw6bVSwWg1I5CeF7B19x5RUXX3pJfDBfyInI3CPmXnt9OeeXyaYzmYyI1NUX/ulfPvGPH/+kPx4EtevcxiZNmjh9xnQzu/6671WdipvzdneHfV0vveyS4088rq+vr1QKps2Y2tjU2NjU+B/f+urV7/3bFycXSGGoQ05Pb9+NN91y5RUXvf7KS278xS2bX9gmIlOnTHztay7esWPXjb+4tbePRCDGRFi5zkcD45p1ce5NwyJ0aiYWBD4XKEG5VODoo3WHrEQKb9AGx3GFxajQoCaPl/sLh4uISSAiak5MzAVRI2FxImYWmLl4auU6VWxACjy6TaLeIcUCAQAAAAAAAAAA9rPFkxe2FNp8I+DOvs77193v1J1z+Fl7vTClrinfvLtnl4hs3FWjDpGI9Jf6/WBG07SRbmxC3cR4vLZ93XBCgc/tft4nAhtyje88/W3D/FHTRQvP96HArR1blm9ZuXLLipktM9vyI2hYDADj0iETCvzN7+7s6uwe5uS6+sLll507thv42r//x99+5APt7e0vbHohKIVJvstefZmqrn167YplK+KZZ559VtuE1t6e3jv/cEfNpbZuG0Fl3Te9+Y0i8vCDj+zZvafqVDodhgK7urr8YPWq1W98818Ui8Xdu3bn8jl/cM2aNWOeCJw8ZdKPfvaDgcfPu/C88y48b2zvhf2tt7f/57+89TWvvuB1r7n4pl/dJipXvvrCre07bvrVbf19/Qd6dxgnVFRFRUXViUnKaVrTLkibVqTdfIIt7JtrQdg/2MyC4CAJBSY7ESe3VKMxcVUtvSH370v9+Tnhyn7sfCpSNSqbOLAAYbnz8l7/XKRRWUAxFbWoVXBUwVGqi7NXbHE4vZajGeFmiAQCAAAAAAAAAACMJZ/S6yn11GUK8cGLFp3/s8duiD+eMOuE+kQVwCFMa5rmQ4FLNi55/bFXpio7+fYF/XH/36mNk0e61bSm6rP1vknxH9fc+7I5p+/1krvX3OsHx0w/ZvjFJ2Y0TT+sdfazO9aLiC+aeMacM0a6WwAYfw6ZUOCmTVt37+kY5uSmxoYx38C2rdvi8n6xi195cTqdfmLJE7+48VfxwYmTJ51+5ml9/X0//Un4792P/cPfTZo86V/+8VMj7aLrUu6Ek07o7upubmn6P5/8+Of+7xdLpVJ8Nq4U2BVVCly9+um3vOltvk3kFa951Wvf8Foz+9QnPz3ahx7Url27Pvdvn08e+dRn/zWTyTz2yGM3/OTn8cGzXnbmK6945ZjfHWOuv6//pl/e9uevPv+1r7lIRDZv3vaL//lDsVg80PvC+OGcE3VR8TvzLc6dumBAY+AwBRgVnosTgZaMrx0EfEfdvc6pGgxnsqfhMf8SAh+zU1EL84PlPQxnJwNE38PwrvP5vmGlMlWGOREAAAAAAAAAAAAj1d3fIyK7uzuSlfBOmnH8r5f+xvf5FZHz57+i6qre/p543B8UM1FP3ksWXbByywoRKQbFJZuePHH6ccmrnti01A/OOeKcuI3vYD8HCqxGj8STDjvpj0//UUS2d7Xf9+xDZxx2Snzq2Z1hbcKeYk8g5kRFpL1zuz+4u7tc9qi31Leja3u0+dpFbS5edMG1913nx07dCTOOHWSbAPAScsiEAk868ajhtzHNZbP7eTu1ZbPZP3v5OR0de0Qkn8/7gy0tLcccd4yqfv0/v/pPH//k889vGv6Crzj3Fel0+vOf/sLceXPf+Oa/+Ma3v/6xj3w8LhlYiG7R3VWuoWh760c8Jnp7+jZsqCgg7JMr7e3tyePbd+58ETaDMVEsFn/5qz9cesmficjvb76nmIifAvtOVcNSgWET2+qzfhBm/yxsTmsWmJUTgZa4NL6kZom+uIxf9dlEeb3o3hWbSbbE3et/flRVNbCqduBgWcC9BgSjkJ/5zF707P69+DMqqlG3Xgs366sx1qRxok+jF6LJ5zOr+FOahq8i/BCVFSxv2yr+ETcTDvwGw7d4sKQ3AQAAAAAAAAAAxonO/i5f2G91+9NzWmfFx526cxec+7unfici8ybOn5To2+tt79oRj9u72qc2TPHjmc0zzjj8jPueuU9Ebnz8psPbZrfmW/ypQOzu1feISD6dv3jhBfHl3f1hG8OO3opWh3v6yjWe2rvbJ9VNEpELF5x//zP395X6ROSmJTf1l/pPPeykfCr3dPszNzx+Yzz/5hW3Hd42e8Gk+YWo/OFTm5+6ZdXtR09Z/OzOjXc//ce4YOETm5bWZwrbutqPnXp08u4LJh4xoX5ie+c2ETluxrFZlxntOwaA8eMQCgUePYxZB0Z9Xf2Vr7vyjLNOmzJ1SseejnvvuVdEMpnwXzNXvfNtPoRRLBadq52SyGQyn/zUPyaP+EuOWDDv7rvuWb58xfLlK/78dVc0NjV+8Suff8/b3+czIrkoFFg6aPJbg2Vocvl8b09PzVM4eBRLpV//9s4DvQuMU6rOdxAW/4cIfyCZzhNfBs/n4NTnA4OSJOJqGqb2LNEwV6yif25osOJ5yQSdqA5M5yWPDD/VZhYMrNg38nbHlTfUqJOyVaYWJU4MDtxhjS2HUcVBmguX45hi/k+MEr2FclFHsTDlp3GjYdNymtKisKaJmPr4J8UCAQAAAAAAAAAAxk5f0L9hx8ZfP/Vb//GOlXdMqGtbNGlB3ET4zNmn3br81mJQvHDheckLt3fveHDDI7t6ytV8fvbYja859oppTVPTmhKRVy6+ZMuebWu2re4r9f3n//7Xm078i9mtM3tLfT9f8ovNezbn0/l3nPH2OGPX3r39oWcf8ePu/u4VW1cvmjTfpxVvXvGH+BZ/XHvfq468NOPS+VT2r09583ce+K6vI/jrpb/+9dJfO3WBBS7Rqviu1Xc9mm/5wDnvO3nWCb5yoYjcvvL221feLiIzW2bOaj1uyXNLROS+Z/503zN/evn8l1eFAkXkwoUX/OTRn4jImXPOHNN3DwCHqkMmFHgQmjVrpnNORC667CIR2bp16ze/9q3773vg6KOPuvTyS51zLS0tzc1Nx594vIh0dnb+7fs/nCzpl2RmDQ01Wh5f881rn1jypB8/eN+D57zinIaGhosuueCW398mIvl8bphdKcdQKuVEpLWt5R/+8e+Tx9PptIiceMqJU6dNjQ9OnDjBD5qbGrcQCgRewnwm0Je7C0vVWXVGLa4W6DN+yd/cVDVZJjB5PFH9bnQ7G/2lA42qk+9eFvT/TBwpn62816D/Lhj+lrTiH3G9v9qXD6yMmFwmDCLG+6JwIAAAAAAAAAAAwGh94c6v7OzeHn8sBsX/fuQnIvLpS/81n8qJSC6VPXPumcs2LZ/XNiee9j/Lfnfvmnurltqwc8PX/vgfbXUTPnHeR/2F7znjqnvX3febpb/Z3tX+jf/3TR/aE5HZbXPeduqbGzL1/sInNi/9wUM/Si513f3fmdI45eqz3/fPt3wqefy+Z/700PoHP3fZp0Vk4aT5Hz33Q9c/8MOtHVviCfMnLXjV0Zd++a6v5tP5kw87+bTZJ09rmCoiJ0w/7oWOrT4LKCLZVPb8hee9Yt45Wzq3rGtfv6tnZ9qlT5tz2qWLLhr4ihZMmiciDbnGw1sP27eXDQDjBKHAETvyqMUXXnzhUUcfWagLQ/ft29qv+da1y55a7j+ufnqNH5xy6smved2f+9jE//2XzwyWCPRFBD/24Y8nj/zwp9+vinGsX/+sH5zz8j/zocD6hnoRCUovRr/gWCqVFpFUKlVXX5c87ndbyOeTxzPZnB8EL25yEcDBxvmqfmYiga9C55vSDpxZ1abW9w4eItYWlaY7JIzid8Ia1QyjLsIHo/LGDtINAgAAAAAAAAAAHHr+8fyP7XXOqxZf+qrFlyaPvPrIy1595GXDWf/sOWecOfu0Tbs3P7tzw56+jsOaZx7WOqs+UxEJOHbq0V+6/HM1Lx/suDepbtLfv+LDPaW+Tbs3p9TNbJnhRAML3nXmO+dNONxV/lTp4gXnv3ze2Zt3bylkc5PqJ/mzU+qn/NMFH3+h84VJdZOSJQaTVmxZJSJnHH76cJ4XAF4KCAUO15FHL77iz189f+H8uC9wnFO556574kSgiPT29OzcsbOlteXNb/srX0rwv3/w388+u2EfN7DumXV+sGJZeC9fXLAUjKB38DHHHj378Nm//Z/fjXob6XRGRB579LGvfPFryePX//C6bDb7v/f+6bvf+X588PgTj3vXe9750x//dNvWbTNnTj/ymKNvu/m2Ud8awKFLVTXsn57oLWuJPrW+eKCKWVBuSWsaDWyIRF3NenUvcmwuuYfEeFiV/CodsDCd1uqnnKzzVy7+53vFR1+NmYnGvYRV1TcaTpQaBAAAAAAAAAAAwMEtpW5m8/SZzdP30/r5VDZZw8+pmz9h7iAzc3NaZw08PqV+yhDr37n6bhF52ZwzxmKzADAeEAocruOOP+7Io4/0YzN78oml1//Xd7/01S/4trlVVixfcfqZp/tE4N133H3z72/d9w08vXpNEATt7e2//MX/+CP1DQ0iUuwfbijwvAvOfetVf/3TH/1sX7bxkx/9pK6ucM/d1UWGPatMvTz+6JL3vON9IpLL5z/5qX+uqy/s2rHjgfsf2pcNADgkaVTST0VrxuNUw7ygBT6JpmGsTIeOAx6sJfOqDL9G4IEJ0oUZyqo7x2+/vCn1HaA1sKqZEn6JTtT5aYfIVwMAAAAAAAAAAIBD25JNS7d2bDluxnFV1Q0B4KWMUOBw/fS/bzjvgnPz+fxTTy779reu2bF9xxCTt7dv94NlS5ddd+31yVMLFs6/6p1X/f1HPj7IpYMqlUpXveUd/f398ZHGxgYR6e3rGc7lf/mWN11y2cWPPvzo7377+xHdd968uW97x1u7u7p6enrjgyefenLVNB+OPOHEEyZMmDBwkTlz59TVF0TkfR983/p1H9+8efOI9gDgUOdcyuekB6NiqiYSDEjEjadkme/2rofWQ/m0YFgWMIr/1Ywuqog4H+U01bhe4qH0sAAAAAAAAAAAADj47ejZee8zf+ot9s2fOK8uU/j54zeKyHnzX3Gg9wUAB5FDJhT4m9/d2dXZPczJdfWFyy87d2w3YEHwmU99plQM1q9/duiZb3jj6y69/FI/njR5UtXZiy65sFQq1/YbusFl1blkIlBEGhobRKSne++hwI9+/CPHnXDc1q1bv/Klr+11cpW1a58p5PNTp03duWNnT8+g9/Jxn1wu19rWOvDsrp27du3c5ceTp0wiFAi81KRSzjknGlYMtAG188I6o2a+A23YWXhANbqKdrxRD/cXuVPwyA2/TGA8f2RPZGaiUQxvVKlK/zLNLC7kqCYqoiYmamqa6BAc5Rqrn8tExNxInxYAAAAAAAAAAAAYkZ8+dtOabatF5IF19/sjJx128vTGqQd6XwBwEDlkQoGbNm3dvadjmJObGhv2xx7Wrlk39AR17sN/98ETTjqhv7//0YcfPe2M0yZNnvSqKy7/9a9+E8855thjly9bHn+sqx+qem02lx/ibEN9vYh0dnYNtSXVz3/5czNmTu/r6/vkJ/7FbMRpDTP7yN9+bK/Tvvfj69Pp9IP3P3j9dd8b6S0AjHsmoqLOqYqZqamkpBwzExGxsBadiqkEJlFNuijnNpZRs8HXciNJ4w0jjFi+k/rWutGnxK8SpvqGvIWfEH3UGrc2Ew18o+bKHQz3iawyiOm/gEBENbyv0yjwZ0G4fR/g9BUQzUzEaRgY1PjuB3liEwAAAAAAAAAAAIeahlxF0KIp33zFUa88cNsBgIPRIRMKPOnEo3r7+oY5OZfN7uft1HDiiSe85+p3F+oKq1au+uLnvtzd1d3U3LT4yMWvf+PrzOw3//NbEZk5c3pdfWHTpk3xVb7aXyaT+eCHr06u5hMYdXWDhgJVNZfPi8jOHTtrTmhsaPSDGTOnm9kXP/OlPbv3jN3jVgsbgx7s9boAHCDqRMNInKpqVAwvKgkoJiqmUa1AHzILREw1CALRwaNllWm5inRdWPpuYHrvgP1GNfobH9BqiBoWB/QvUyQwU5XwW4m/wESCU6kWCAAAAAAAAAAAgP3m8qMu3dm9a8OOZ9MuvWDygjcc/9pCeqiKSwDwEnQIhQKPPtBbGMr/+ed/WLR40bpn1v3o+z9euWKVP/ilz3/lm9d8PZ/Pv+FNrz/2+GP+/YtffeNfvVFEdmzfEV/YUB8WNZx3xBEDl21sborHr7z80gWLFjy/8XmfKXzFea/wGZHnn39+4IWZTOaUM06JP950w03Ll68YbPMtba0iEvgUzmj5zaTSqX1ZBMC4perLzjmJ+9P6GnZxmi9sIWxmFlhgYmZmQSJJV87FaRgSrB0VjIOAcX/hg0zY9HiYpVvjaGPtgOP+l3yfNfYmqlLe4UH4ugEAAAAAAAAAADDOtOSarz7r3Qd6FwBwUDtkQoEHjy/8++dKpVJHR0ddoS6dTotIqRSsWLbq2m/919at25Ize3t6Pvqhv//UZ/6ltbV18ZGLr73+2z7MMXHSxHhOXV1BRPr7+z/w3g8mr/3hT78flIInH38yPtJXLM49Yt6JJ5+YnGZmd/zhzoGb/OCHr25ra/Pj5U8t+9Uvfp08+853v/30s07v7entL/Y3NjZmMhkR6djTuS+vxT+afyEAUE3VfP04TXa0rWgL7E9blAoMAguCwCyQ8LLw95komlZOx8Vhtb0H5qrb9kpVccFkqG1/Nr5VqaxuOFjkbrDrhx8o3Ld9hndLRBgr7xvGM9Wimo+jaFIPAAAAAAAAAAAAAADGljvQGzj0fO/672/dsnXhooWzD5/tj6xcvuKmn99UlQj0dmzf8YH3fujJJ5YmwxkLFi6IJ/hA3to1a6suvP7a7773Xe9fv/7Z+MhtN9/2/ndd/alP/luxWIwP/uqmX7Vvax943+9f/4P+/n4R6ejo+Pxnv1R19tpvX/fpf/n0I4882tTU5DcgIs8/V6Pi4DClM2EWMJs5AI2bARzsVEU08IGyisyYWfmAiYhTVZEgCIIgqhYYWCyxYFhgsGYETVUHhuE0wZLtbU0ksPhvC0sWyosebRvqzmFpwVrPVbGE1XpX+0ZV4xClaryT5IyaQwAAAAAAAAAAAAAAcMBQ123Eli1dvmzp8tNOP+XqD10tIk+vXrNy5eoh5lsQfP7/fmHevLlXveuqw2bPEpEZM6bFZ7973ffMbMOGjVVX3XXn3TVXW7Vy9c9+/LO//Ou/7Ozs/NqXv77sqeU1p23duu2Ln/vShz7yt1/4zBeK/cWBE9auWbd2zXd+8qOf/ud/fdM519XZfe23/2t4L6CGXC7nBysGb1IM4KVMXUqcMzExEwkkjpolagWqiqqJWdhCeECwLexR6/8Kx+LEahbbq52fUx8HjCoLHoDw30BjGUGsajFsZmOe1FNVsyBOAAYiQRhHDGpXYgQAAAAAAAAAAAAAAC8uQoGj9MD9D53ypweWL1tes3vvQGvWrP3Ex/5Poa5w2mmnbNmyNT7+7LMbRnrrm39/69InnxqYI6yybOnyd7ztXUPP6ezo/OM9984Lr+/5AAAgAElEQVSaNfOrX/56d1f3SHeSXOd73/neE48/mXw0AIg550SciZiYbzRbFcgLY2xmYkGUC6wuBBgHAUVMtVztzxKNa+OiegP3EF6iFX2B/ewD1fTWBxlr9g6OnsgS44oLB1tz78nIEW8yLFNYDlNq1FM4vKEFQUAYEAAAAAAAAAAAAACAg8TBGwpcuWrdhg2bx2Spru6eMVmnyje+9s2RXtLd1X33XX/c91vvNRE4fNd9+ztjss7ttw0rHAngpUnVqaqZhrkyVd/jVk2jZJ6PBDozCaIOuFU19MIydFquMziwxJ7P2EWXusQGwu638Rbi+ZLMuyVPlQe1WvqKSniv2gYL58XjKL/ooj1XFEccGBNMph6jcXyqxgZGlAgceLv48kDEqcavVU2SL1ZMfaPn8GQ5uBllBCs+AAAAAAAAAAAAAACA/e7gDQUWi8XdezoO9C4AAPvIJ/icWBjqM3FqYdPfuFZfxXxVUScWxGdUw9ybqoqGNf9UbfAGwJa4VjWOBKpWJfyiIzVLCyYXGxuDljCsUTyxdqVAfzBap2qL1Ysn6ynui2hzGnVg1vL9/JcQdXY2s3JkkyggAAAAAAAAAAAAAAAHghvGHAAAxkCYzYs+6IDQmA/wqalZRRm+gZXw1IcHdVj/Ftt7zTyN/k6wWoZzuxFtY0w6/Hr7vsPBJJsyW/Sy4jtpdKpUKpmZc0QBAQAAAAAAAAAAAAA4kA7eSoEAgHFFaw2iZJmZiYbxMlV16kSDoRJuqvECUaU9iboGD0wb7pPBGgHvy4JjmAUcE4l3OOCU6IBcoIgv/BiVb1RVCSwoljRlqqQCAQAAAAAAAAAA9petXdv+sOquZ7c/u7N7R122flrTtJNmnXDi9OMGm/9C5wt3Pn3vczs2dvV3Z1PZGS3Tzzvi5dObpo3V+lXau9q/+b/Xisgnzv9YWlMjfbqilR7a8OhjGx9v72wXkeZC8/Ezjj1z9mlpVzvcUgyK9z7zpzXtz2zcudGpm9E8Y97EucdNP7o13zLSWwPAOEMoEACw36lTDUvZiZiJK5cLDOvb+bSZWRAELq1Rh1wnEpRzaD7qp1GRQVURda6cCLSw43DYXniYe3N7nTm8eoRJYTvdRMwuEQTU5JGBM8u3HXZwUFWjV1i+Km7pO8xlBztuYmF7Yx/+G/iY0YcgCFLREXKBAAAAAAAAAAAAY+7Xy3//x6f/GH/c3bNrd8+ulVtWPLD+4bee8peFdL5q/s2r/nDHyjtE5PAJc4+Zccyz2zcseW7JkueWnL/wvIsXXLDv61cJLLjuge/v7tkV1wQZkfbu7f9x73929O5Ju/QZh5/h1D2w7oFfL/3Nnavvvvrs90wotA2Y337Nn67f3tXelG8+adaJe3p3L9u0fPkLy25Zfsv7XvaeWc0zRnZ7ABhfaB8MANjvog6zYSowPjwwDOfLBKqqasoXDaxey9TMiTgRpxHnVNV8e2IZEIMbg82PdfnBIbKAFbcekMN78bk4sFnZRjnemoo4UfMxxwO7VwAAAAAAAAAAgPHrnmf+N07sFTKF5Kk121bf8PhNVfNvWXW7TwSec8Q57zvznRfNP+8dp731lUddJiK3r7zjD0/ftY/rD/S7Fbdu7dgyqoeTjv7OL9/11Y7ePdlU9u/P+7tXH3nZ5Ysv+fj5H23INXb07vnK3V/v6u9Ozt/Vu+fzd3x5e1f7lMYpHzv3w5cvvuRNx7/h78/7u/psfTEo/se931y9bc3odgIA4wOhQADA/qciGtXzC/9RLienieybmZmYajnwF/YTjkjiQDKnV/VxDLZcyxiuHztoo4GaSANK5SajT+VvxYJAgkRlxBd9twAAAAAAAAAAAOPY83s2/2bpb0TkimOu+Oxln/63i//586/8zCVHXhJPeHLTk6vb18YfX+h84faVt4tIQ67xskUXx8dfPvfsKY1TROTW5be+0PnCqNcfaM32dfc8fc+oH/DGJb/sK/WJyKuOeVXc/LchU/+G418rIj3FnhuWVKQSf/3UbwMLROQ1x1yRT+X8wcZsw7vPeoevWfiDh3/kJwDASxOhQADAi0BF1CwwG1BxLm6oqxpXETSTMIamce7MhTUBnQuzgVFqLcrMxbk9jW6XuL9JzV66Yyh+IKtOzA3SljcxOfkyhqHGspWhSSdR1cQR7N+/9cSCMqD0YqJMoISpzvgLEh35gwAAAAAAAAAAAGBY7lv/oIhcffb7Xzbn9IxLi0hK3Xnz/uz1J7w+nrN8y4p4/Ptlt/nBGYefnqrszfWyuWf5wW0r7xz1+lW6iz3fe/D7aZd2A/uADUN7V/vSTUtFxKk7ZeaJyVOLJy/Mp/MisnTT0h09O/3BTR2blzy3xFc0nDfh8OT8aQ1Tfeqxu7/7wQ2PjGIzADA+EAoEAOx/5ZpzYoH66FggFohZlAVM/i1iZiV/pe8ULJoSTak6nw6MF43HUUPhlHMpETewamBi8ZHuPVkqsJyVS9x6WIvEG4mCduHfQ6boyhnH6NldHHxUdeUJqvErknCCk+qCi3upOFju6xzH/FQST1y5MX8XdeKcOqcmSigQAAAAAAAAAABg/3hsw6Mvm/uy2S0zq46fOvPECfUT/fi5nc/7QdFKy19Y7sfHTz+m6pJjph3lB08+/2QxKI5i/YF++tjPu/u733zyX+bSuVE83UMbH/OD+ZMWpAbECo+aHm74gWcf9oPVW8OahW11bQNXO3nWSX5wy4rbRrEZABgfCAUCAPY3VU2JaBgX07AkXfxRna9sJ6JxMb/4V5OoZbDz4bMB8bZkl+EwQSgDWgmrjElP23IuL1G/cIjHTu61ZizPbMRJxZrraEXFxGR2cMSqQ4T+RgMf0+J7Ohd9PT72OdykJAAAAAAAAAAAAIZha9e2YlA8d/6f1Tw7Z8LsqiPLXlged86dUj+56mxDpj6byvoeu09sfmoU61d5aOOjT21+6qTDTjpqyuJhP1OFRzeEocBZrdWpRBGZ0TQjvNH6MBT4QseW8FlyjQPnT22c4gcdvXs6+7tGtyUAONQRCgQA7HeuIsemYQTQ59dcRa5Ow8a0XuDLCA6zF27tSnijjMbt/W6Jdfdyg72W6Nv7zYbMF8b5v327UfStxL2DJdmUuULY2tlXZxQn6sodmykUCAAAAAAAAAAAMKYm1U383GWfbsrWCMCJSCFd8IMZLdP94KkXwj6/zfmWmpfEBfZ8QcGRrp+0vXvHzx+/sSnffOUxV4zwsUKd/V3bu9r9eHLDpIETpjaGucZdPTt39e4RkS27X/BH+oq9A+c355vi8ZaObaPbFQAc6ggFAgD2u6ioXrn5r1YG/eJh3H02kXiTqMPwiG8qGq4z5kG1qHxhRVCvao5FBivvN6r7alWGMvy4z8HHqCVzGO4LTCo3XlWhMRGIVBVV58J37bs/7+tuAAAAAAAAAAAAMDzP79rkB4e1zPKDnV27/KCtrrXmJa1RKHB7185RrB8LxK5/4PuBBX9z6luyLjO6/e/q3hWPJ9RNqLXbcrRxZ/cuEXEu7T/uSFwbq881xOO4piAAvNQQCgQAvDhUxbly691yoM1Vp+V8BNBGnaOrDur5XOEY1wusqNjnor7GQ++qZnZwBLfc50zhkCuHlQJNomrye7so+tWJulQ6k06nnXMymgAnAAAAAAAAAAAARun5Xc/5RrrHTj3KH+no3e0H2XSu5iXZdBjg29W9exTrx25ddfvmPZsvWHTBzOYZo97/rp7yHvKZGsnCTKp8cEf3DhGZ3jzVf9zZvX13356q+SblH3bVLCUIAC8FhAIBAPudrxHoc3QShue0sthc+MHMxCz6aNHlo6yxF64y9h2EK5aLk4Gqrma74mTJQLPRlDysVatvNJI7GXAXUVVL7F/j56ldLtAkagItzrl0RtMpUTUL9lPDZgAAAAAAAAAAAFR55LklPcUeEfnzY17tNEyA7I5idtlU7ep92XTWD+L44IjW99bt2HDHyjumN0+/cP65+/IIviNwtOEaKcZc4qCvFDi79bDyDjc+XjW/p78nHjcmqgYCwEsKoUAAwH4X99qV8K9o6Jn4CJqZVCXnVMeuPN4+LxN3Nh5s9cruurWjgXvfptZMHGqNCojJuN4I6wjW2ImVW/8O/SD+erFELjDMfaqqjiL1CAAAAAAAAAAAgFEoWulXT/5KRBZOXnTctKPj46Wg5AeZdLrmhemo/W4wZAepwdYXkZ5S33cf/J5T97ZT36L79nO4Yqk4cGNJyTBiMSiKyHHTjm6LGg3fvOzmjbueT27s98tvjT+2FGo3UAaAca/2vwAAABhD6pyIWGCmTlT8L4FYIOJUzTcT9nFB89M0CMw5NSvXEVSnYqIiPnVWFT5LRuLiUxYVHYz6CNfY2xAhtuQp85dbNNSw7KGIhqckSN5Rqu9XHqtqIiIYbS+qvqdhFlICk0DEiYqFr8dMnGrgC54nI4A2WFTRRCpSeuHY9woWS/4JzdRE49M+DKgqGmgx3JOvuGj+ShMpxQv59sxply35vKcEJREnqkOkKAEAAAAAAAAAALBvbl99Z3d/d0uh7S0nvyl5vCnfvK1zq4j0F4s1L+wt9vlBbpD+wkOvLyI/X3JTZ1/nG0/8i9Z8yz4+RWuhOR77zF+VvlJfPG7INfgf0v3FCa//9p+uCSwILPjG//vWoimLJjVMen7XpjXbnk4uMqt5+j5uDwAOUYQCAQD7nTo1CzQIJKWqTpypRf2Cw2BaHC+TREav3CrXwohaOZYney9IZyZjVWYwCtRZRZW+gYX0BivXN0QZvzARmIgZiqiF8UAXiLjyPSra+yaWGGRl83nCAdX74k9aedCkHHUMX7c4yYiJqfmEoWhQ9eJNxCzQlKRy2ZRJOpMORKxcRJBgIAAAAAAAAAAAwNhb3b729pV35NP595/9rlwqmzzVWtfqQ4F9pf6a1/b0d/tBfXbQ7rpDrP/o80uWPLfk6GlHnzTj+GHu9qalv+7q6xx4/PwFr2itKxfz6yv1DpzTVywfbIraAc9tm/2hl3/gmj99p6N3TzEoLt201B9fOHnRxp0bOvs6ReSw1tk1Sw8CwEsBv/0BAF4EZmbiNOVUnAQaBs7CVJ1qHFOLzgzsojuMEGBl9sxsLJNoe717FOoLZw5RgHBgg2CJ30N0M59/rN5/rTczxI7jlxnvJ7rWwsBkMoDpiweGdQItkEDVqUhYINCvkZxu8XcYiF/JibqspjPRTsM3QSIQAAAAAAAAAABgbLV3t3/n/uvTLv2+s9/dkmuuOttW3yZbRUR6ij01L+/pD2N2E+onjGL93z11s4g8u2PDZ+/8UtWp7ihu+MW7vuJ/MvWG4183t232A+vur9mq+LjpxyyYND+xsRopxu7+8lNMqC8nCKc1TP3khZ/YvHvz+p0bd/funlDXtmjyAjP711s/7SecetjJNZ8OAF4KCAUCAPY7p65Q35jJ1WnQ79vtilrYEDcMm/lqduG5uHCeqKqmhpUILPfsLZfyMxEbboZu3yTK4fnKfOUah1UtjBPbLAcHw9bB5ZM1H0jCMn6DFQasuCpazpJxwPCO4TcQj9SXbDRRi2oE+kChiZiW4p7CYqLqzMKWztEXmfIdolOpVC7flE7X+RbDMvhOAQAAAAAAAAAAMGpd/d3/ce+3Awvee9Z7pjVMHTihLaq9197ZXnOFzr4OP1g4ef7As3td38REZHfPriE2ub0rvHVH3x4RmdE8oyvKCyY1ZBvzqZxT5yODWzq2zG6ZWTWno6/LD7Kp7JT6KclTTnR607TpTdPiI79feZsf5NP5U2adNMQOAWB8IxQIANjv0pls6+QZ2zetLXXsEC35QnM+Z2Zmpj6tplEPYR+YE1UX5eH2Hi5T1bAwnUYpOiuH2Ya+cAyeML5PIhEYZ/6SGcGBYcE4TFg51LBhbyJQ6LOSg+cj42Rh4sEHzPZdkKM8pgurCWryMpXAJwOdiJn6jYZ5TTE1kUBSms6lM5lMrpDJ5lLpTCafr6uvLzS2NjZPEnEqLix0SC4QAAAAAAAAAABg7PQHxW/97zUdvXvefvpVc1pn1Zxz9NRFNy+7WUQ6eveULEipS541sa0dW/14YChwOOsfNe3ILXu21Ty1ZttqPzh8wlynKRFpK7SKyAfPft8QD7Vg8sIVLywXkU17Ng88u37ns/GaQywiIut3brxz1Z1+fMmRF1c9OAC8pBAKBADsf6ns1DkLN69/eld3hwZBmHcTCYNuYbE6tSgIZ2GeTIebKYtKCfrrokJ1L9L/zR9sixW1AAc/q+FjlisDlqdEM8tRwuSUqvbCmlzBEkUAZfB2xr6LcDjbSWAiTlLqUioqqiZO1QVmJmmXyeVyhUyuLp3Nay6XLtQX6hoaG5py+fpMvpDJZDSVEhGxjGlKrJz7BAAAAAAAAAAAwJgILPiv+7+7ec/mt5zyV4sm1Sjyd839158z96zFkxcePmHuM+1rRWRt+zPzJ85Lztnc8YIvy9dSaJtSP3kU61959KsH2+Gn/vBZX0Hwnaf/TcYNN5Fy0cLzfShw9ZbVsrj67Lr29X5wymFDVf7rLvZcd/93/HjuhHlnzT59mHcHgHGJUCAAYP8yE9F0Y9v0yYcd0dH+XKm3KGrOrCTiEl13Y6rqXMofL5fxG0a6zDS8JCrQd2BSaVVlAqtOJSsFlksAilq5zp9IRUgwcYlWtgiuSAFKZcVDDRsyJ+5STiJakLyXRdeaiGpKXS4QLQYuk83XNTTm6xtTuVw6ncvm6gv1Tfm6xkyuLpsvuHTG9xk2i9oEq4oFYikVEyuJc4QCAQAAAAAAAAAAxtAPH/nJ2vY1f3HiG46denTVqZIFt62+Y/XWVW85+U0icuHC86/507Uicv+zD1aFAlduCYv5XbL4wlGvP7ZmNc+Y3jz9+V3Pb9q9aUfPztZ8S3yqGBTXb18nIk355uOmVe8q6XsP/bi7v1tEGnKNf33KX475JgHg0EIoEACw/6nTTH7W/KM2r1u1a3NXWoqipqZW0WJWfc/adDqdSmUsjLQlA36JmF1F4s7iXFvUCtfiZroafrLw5ADJ9N6IWgmbmWhQWeQvbLJrlSurqqrz//C7MFEVC2v9qZhIUN5DmOQzEROLnih8RWFlv/Cji++mUk5ARnPC5r+i5lsVJ16m+gbNgX8GUytKKpMtNLTWNzTX1TemsnmXzmXydXUNjfm6hkwul0plnUuLOvEPIi561rDIY7T9VNxHefhvEgAAAAAAAAAAAHv1syd+8eSmJ0Xk5mW33rzs1uSpkpW6+joDC46aenQhnReR+RPmzm6bs377uiXPLXnFvHNmNs/wM/f0ddyy/FYRmdQw+YQZx416/TF3+VGv9CnGGx7/xbtO/5v4+O9X3tZX6hOR1xz76to/7RNp797+08du9JURpzdPf/cZ76jLFPbHJgHgEEIoEACwn/n8m6YaWqdNX3DCzm2bXbFHRNRcEIUCo7icU5cSUXWq4szMzAIxsWRv3eoafP5jmExTERFnPlkXRuZUw1ODtvIddOPVaT9fBFCjpKEP40W1+Fz5sJj5anxxLlDUx+nEmZio+VV80rH8QGqSfNi4TbCqP6zRUY3qIoa3S/QS9nUKXTROiZhoEJgEqiYqTvv7g1JRXTrT0NLS0NKaLdRlcvlCXUM+35rN5jPZfDqXS6ez4lLqnMRNmMuPHYc4q1mUThxRvBIAAAAAAAAAAABD+59lv3to/YN+vKtn52DTzpn3snj8njPefu39313bvuZb/3vNG054/YJJR6xpX3vrij8Ug2IhU3jvWe90iZ9KjWL9sTV/wty3n37V9Q98d/XWVd9/+MeXH3WpSfDwxsf/+PQfReSSIy85esqRA68qBsXbVt9556o7/ccz55716iMvS8U/3gKAlzBCgQCA/SsqYufE5Q874pjnn17W8VxHRvpLFkSZOEs21Q0CX9bOlw6M+uCWs3OqA4OBcXnAKBOXLFWnlRNG/RRJyT370n2eORMTCczP8dPCrsFx72BVUSsH7CzwZffioomBhH9QSVkie6caxLFBc1HHYRUxlUBFUmZi6pN/gbpSIOlUJiVWDIKe/v6Sc4WGhpa2ifVNLbl8Uy5bn8nms7l8JpdPZbMulXGplAvCun+iKuqssr6iVryHqvdR8SqGfHMAAAAAAAAAAAAYmY27nrt3zb17ndaUb57XNif+mHbpd59x1S+f+u3jGx/74cM/io+fMvvUVy6+uD5Tt4/r11T1o6URWTRp/nvPes8vn/zVk5ue9DUL/U2vPPaKo6Ysrpp8/4aHH9u45Jn2NYEFaZc+dc5pF8x/RWO2YeS3BYDxSWfNPfVA7wEAhuXZNQ8ckPuuWrVKRGbNPvyA3L2QyxyQ+44tn+GzQKRUfHbVw4/cdkO2f3dJiyURJ5JyaVUnvpaec4VCfS5fMLNAy9cGQeBr70lgKmKBlZvhmomIc85UfPZOzCQK5PlTvhBhMPjevBHVt/NNgaO0XyoMBfrdlkqBlSwI/DTnnHPpaKbvAhy+krhKoEZF9kQ1+tXEfExPnVMRF9UQNCcqpoG6qDygX8Q554qBdPUVXTabyRaamtuampoK9fXZfF22vjGTLaQy+XQm51LZlO8F7EOJGlf+M7W49XKiXmHtt/JSSft19/Yf6C0AAAAAAAAA2Ccb1j8jIgsWLBj1Cv4nBYcvmDum+wKAF8+Onp1bO7Y1ZOsnN0xKu4O9elTRSs/t2tRf6p/UMLE511hzzvUP/cCpm9EyY/GkBTOapw/WWRgADqBnVq3dx/8Xui8O9t/rAQCHPlM1ExVVTaWnzVnYMmXuno3LAi2KmU/IxbEzMwuCICo4F5bZKxaLFsXoZECNQC8IAlUVF04IgsCHAp1z5VRizc0NsuAwA4Jm5jerWu6ZG6gEFhYL1HJNwcpaeyJmYUteMwlc1KFYAudcICVfLtHETEzU+aygmZipSMpUXSpTEgnUenp7TVOtE6e2tU2qa2ouNDRn83XpbDadzjtNaSrlXFpdStXHCjVsXJysrahRGlEriv4BAAAAAAAAAABgHGjNt7TmWw70LoYrranZLTOHnvM3p7zlxdoOABySCAUCAF4MKiZOzCSbbzj13Et+/+N1KelRKxfvU596i1J/vgpfGNrzxf/iBN4gzExNkxUEk01+q2aOtC7g3p4u8RQqzjQIxMx87s8S7YzLXYPFwv68qiamYeNe8U+dUmdBYJIKRMS5flNNpVwmXQqss6PU12e5XL65qXXqzBktba31jc2FQoNmC86lRZyJE1950dSZBCaiIuok+V9IqdSo9Vd+IVYZoSQgCAAAAAAAAAAAAADAIYNQIABgf9O4JJ1qIKr1E6bPPOr4TSsfkL6Oqvp9GiXT/K9Buc/usIT1AuPVVMsHTYLKZZI1Aqtigr4RcLL4X80LzcLbWRCoqKQ0EPNBP4tSiU5Ey6UC/VDjB/InnE9EqqYz2b7+Yjqd7S8VXSodmLhMZmdHZ2dvqaGpacrUmRMnT29qnFDX0JzNZlO5rIWvVn3/Zd9fOOoyrE59KDFM9UXFAS1ZIrAc+DPRithg+WURCQQAAAAAAAAAAAAA4BBCKBAA8CLwMbhAxMRU0rnjTjtn85ql1tclVvKhM4vya865uGpgUlh4r0Z5O62K90WxwrA1r4Y5OEtG4WJBYL5oXzIRKDXuIyI+8RcNrBzuMwm7HptGgUKRwKycH1QVVXUuKhSocbU+EysFgYhzqbRJWgt1e3pK/UGqsaW1bcrkuvqmRS0TWydMSefqxJwEPljo/E3DZxQV/9RmolFQUMw3YI6fJHqgclnDAQMZ/AgAAAAAAAAAAAAAADg0EAoEAOx/Ws7jaUrMtK55yhHH/9ny+3+n/Z1pNTMJxJwEoikTMZUwIVjVCzheT8Pknv9fGCKMMng+OhhWvTMJzPz5cuwvWjNewqmoiIrzl4SXql/HxB8XMQkk2pUvvOfEmWqggRPfIDm8dVwP0G/c1IlLFcOnkmIgoql0LpfOFoqB9ZcsSOfa2tpaWic2NLY1Nrfl8/UunTUXlQA0M3EmqikfJ9RkJDEqr2iDpfu06nPNzN+AYwQDAQAAAAAAAAAAAAA4FBEKBAC8OCzMp6k4lWLRzVl8wnNrntzz3Kp0qejURNVUVMKkniT69lrURFgqqt6phZ2Jw0qDQ927ekl/VEQkpSrlsGC55qCpOlEnzqLjKuIkJWaBBRJl/0xEg0BV1KmaBT6rGIhaSiQQFdF0oJm+knOaCVQLDY2pdDotqVS20Njc1tDYkq9vqG9qzhbq1KXUpVTSZiKa8v1/fXFC5+JGwBGt8UDJNxR9cMP8egAAAAAAAAAAAAAAwPhAKBAA8OIIw2o+dZdOZ+obmucfe8pjW5+3vt1qgdO0iZrv5asaNuGNWwMPmfmruIMlPg55kVZm6sJOvHGjYVMR5+sNqolYICLOfMbOxa2EzUQkEDNxKXXiNGWiJZGSSY+lGxubCvUNqVzeUplsPt/Q1NLYMjlf15jPF7K5vLiMiJo6Ed/2V03EfH1Cidv+RvUKh34YobQfAAAAAAAAAAAAAAAQQoEAgBdHMq8W9rxNZXLT5izaMm/1phUPpyQQ9bE8jXv/VuQAVcVMy8lCq1q1HCJMhucSUToN108UA4wujJcyE7OSmQUq4lxKxLfuFVETVZWSllSdmQSBqUupS4toMQj6iyUJtJAuFJpa8oX6TDqnmbxm65taWuvqGgr1Ddl8XSqVFk2JpjXqpmyJYn+a3HP8omrlALVmfUASgQAAAAAAAAAAAAAAQIRQIADgxVbOtKnLN7TOXnxC+3PPBN07NMzIqYZ9fCXZODhulquicarPRJyWY4I+Eai+gW/5fslcYBgcrLEfFX8nEwnMLAicivMtjc2HA4OweJ9Ll0rWG5QCS+cydY3NrYWG5my+kMnk8vWNdQ1N2UJdLlvI5PKpbE7UaXRZopKhxg2N4z2Gewk/BFENQo13OEgWEAAAAAAAAJm+f2sAACAASURBVAAAAAAAoAKhQADAAePSmQnT5kybe9SG5Q+mpV/VqS/op1rdLrhWpcBkpb0wQag+KShaWTnPzMLs38BonSYieWoWSCAmqiZSEhFzZloyLQWWSqVzdS0NTS25+oZMXUOuvjGbqyvUNeQKdblcPpVOuVTGXMpM42ijXzfaRPjR1PcElsRTqkQPFIYGK0fJByEgCAAAAAAAAAAAAAAAhkAoEABwgKiJWbahZcaCo3dtXd+9Y5Oq+WJ+yVm+WGBYKdAqmv9WZeMsyt1Vh+nUFxTUmleJiA8MmpiYqHMplyuZdfYVMy7T1DKppW1Koak1l8/V1ddnC62ZbM5lsplMNpXJqUslyvxZYn1/jzjol4gIVjyZv/nA5F/tF2aDnQAAAAAAAAAAAAAAAIgQCgQAHDCqIi49YersKXMXr3l8ezroD9QVTUzVxMwssMDiRrsW+NyeqK8E6JxIGOYTMY267YqZSkkCFXUmIurC+WZq4TFRVedL9pVUNZXu6S0VgyCdzTc2t7W0TWxom1hoasnnm9LZunQ6n0rnUqmUqmo6ZeUux5pIBEq4F/FlANWkulph9ClQEZOoaXGUF6zseKzJCwAAAAAAAAAAAAAAAIaPUCAA4EBR3+k3W2icPHvx1k0bOrasV9HAomxdWP3PnKmImKUkCAILTEWcqpoLu+6qhd13fT5QnZQbDTvnVEScmqiJE5cSly6adPX0lkzydfUTJ85smTix0NBc19hcV9+kLu3SuXQ269IZVafiRJzP5/n9hFUFNe4NrBV5PtVEvq9mgUBX2fQ4rl84jPdF12AAAAAAAAAAAAAAALA3hAIBAAeKD/cF4tITp8yZNmfhym2bXLEvm0qlTYuBaOCspBaoiPj8n5maRd11VU01FcSZPDM1U5+cc6VikElnAnWBqLpUYNbTa719rrGtdeLUKc0TJzVNmNTY0pLN1zltsJKJiKTUxwclLNbnE3iunNvzDXw1rhRYfozkcG8tfgn2AQAAAAAAAAAAAACA/YhQIADgwPF1/kQklZl62IJNz67es/kZTWugEpivClgyKZmYiamISaBiYs4CSUkq7ZxZICqmGq6jzjSlqXzJWWdvfzqbb2hpnjJtVl1Lc2NjS13jlEwm7zJpdelE/19V52sT+oKD5rsRi2qNAF/igEWNhMsNjstzSP4BAAAAAAAAAAAAAIADg1AgAODAiPrsOlHTlGueOH36nIVrdm0tlXoCCQIJAiuqlFRKJoGZmDkxFVHfJtipiEp/KpvO5tOpjLh0bylwqWxL24TmSVMamtoaGpvzhfpMLm+WEpcSl1J1vjdx2MNXfNteMwlcWBHQDajzZ8naf+UIYHw6rB048CqigQAAAAAAAAAAAAAA4AAgFAgAOGBMLYrlmbnM9DmLtm1au2vTM0ExKPb1i5mIiqZFTTVlJVcSc6lUOptL5TIulRaXriu01je1NDY21ze2NLe05eoanUuZc6JO1EkgoikVZz5KqOLUFwKMOhD7WoWS8t2JK3v/avSxfLAyEEj0DwAAAAAAAAAAAAAAHHQIBQIADiAVETNVUROtb540fe6Rxc7dxb4e03QgQdE0nclncoVcvuBcxsTl6xrqW1rqmloaGlsKDU2ZfINqSlRFnKgT0SDM9qmKqqqYisZVCcVMEyE/ixJ95qf5U9HR6FR5fo34nxIJBAAAAAAAAAAAAAAABxNCgQCAAyWRpzOnIpLOTp+9eM/29m2bNtQVCrlCnblMoaGlsWVCXaGxUNeQL9Sl0hlNZUzDCGB5KQ3r+Gkc0wvDfb69r0aTREQtzvnFC1g5CFgZ8xs8EajUCAQAAAAAAAAAAAAAAAcdQoEAgIOAD/WJy9W1HrbolLbp83O5fH1jYyaTT6dzLp2RuNmv6sB8nqqKWFy1L+4NHI0tviJco2IFk5ppwJAbcKPEpgEAAAAAAAAAAAAAAA4yhAIBAAdM3KA3+qii6ZaJ01omTjMz1ZRYNEtVEmnAcoE/q1HJryK4p2JWkQKsUfFvLxsc+TkAAAAAAAAAAAAAAIADhFAgAOAA8+X34nifqrOw6t/eG/RWlu4b/RwAAAAAAAAAAAAAAIDxgVAgAOCgUDO6R54PAAAAAAAAAAAAAABgRAgFAgAONkQBAQAAAAAAAAAAAAAARskd6A0AAAAAAAAAAAAAAAAAAICxQaVAAMDBxqIBBQMBAAAAAAAAAAAAAABGhkqBAAAAAAAAAAAAAAAAAACME1QKBAAcbCgQCAAAAAAAAAAAAAAAMEpUCgQAAAAAAAAAAAAAAAAAYJwgFAgAAAAAAAAAAAAAAAAAwDhBKBAAAAAAAAAAAAAAAAAAgHGCUCAAAAAAAAAAAAAAAAAAAOMEoUAAAAAAAAAAAAAAAAAAAMYJQoEAAAAAAAAAAAAAAAAAAIwThAIBAAAAAAAAAAAAAAAAABgnCAUCAAAAAAAAAAAAAAAAADBOEAoEAAAAAAAAAAAAAAAAAGCcIBQIAAAAAAAAAAAAAAAAAMA4QSgQAAAAAAAAAAAAAAAAAIBxglAgAAAAAAAAAAAAAAAAAADjBKFAAAAAAAAAAAAAAAAAAADGCUKBAAAAAAAAAAAAAAAAAACME4QCAQAAAAAAAAAAAAAAAAAYJwgFAgAAAAAAAAAAAAAAAAAwThAKBAAAAAAAAAAAAAAAAABgnCAUCAAAAAAAAAAAAAAAAADAOEEoEAAAAPj/7N13fBTV+sfxZ2s2vQcSCL2DilQBaRYCWFC69Vp+6vXaxYKooHQbNhSsKDY6SK/SBaR3UCAhAUJ62ZTNtvn9MbiEEEJCEjZZPu8/7mv2zJkzz+S+yM09+51zAAAAAAAAAAAAAMBDEAoEAAAAAAAAAAAAAAAAAMBDEAoEAAAAAAAAAAAAAAAAAMBD6N1dAACgJPkFNneXAAAAAAAAAAAAAAAAgGqDlQIBAAAAAAAAAAAAAAAAAPAQhAIBAAAAAAAAAAAAAAAAAPAQhAIBAAAAAAAAAAAAAAAAAPAQhAIBAAAAAAAAAAAAAAAAAPAQhAIBAAAAAAAAAAAAAAAAAPAQhAIBAAAAAAAAAAAAAAAAAPAQhAIBAAAAAAAAAAAAAAAAAPAQhAIBAAAAAAAAAAAAAAAAAPAQencXcEl6na5Nm5a1oiIiIsL8/XxL7lxgKUhOST2blLZzz8Ecc97VqvECfe/ok5KSumP7DkVR3FIAAAAAAAAAAAAAAAAAAOAaV0VDgVGREX1iugYHB5Wyv5fJKzq6VnR0retbNV23Ydv+g/9UcoHFuOueO/0D/G022y/Tf1m98o9KuotGo9FqtQ6Ho5LGBwAAAAAAAAAAAAAAAABUX1UxFBgaEjh4YB+9Xm+z2fftP5J4Njk3N7/kS4xGY42IkFYtmwQE+Mf06iYiVz8XuHTxsiH3DzYYDA8/+vBf23ZmZ2VdwSCTp362fu36ObPmXWq5wTdHjahXv+6EMe8dP3a83CUDAAAAAAAAAAAAAAAAADxKlQsFajSa3r276fX69PSMeb+vzszMLuWFx0/E79h1oE9M98aN6vXo1jE2/vRV3kd48cIl9w68x2g0arXaoMCAi0OBL7z8/L49+9b+sa6EQQICA/r179f3rr4FloKLz2q0Gl9fXxF5Z+zIKZOn/rlpSwU/AwAAAAAAAAAAAAAAAACgOqtyocD69WpH1ohwOJxLlq8vfSJQZbXal61YXyMiNCDAv03rlhs2bq+0MouhKMrGdRtv7XVrRkZGfHxCkbP3PTi0fcd27Tq0PX369N9HL7mKoeJURCuWfMuWzcUH/nrc2sNoNDocjmJTg0ApGYwGjShWq72U/Y1GvfpPrJLrAgAAAAAAAAAAAAAAAFAuVS4UWLNmmIicOZOYlJR2BZdbrfYDB//u3KltZI3QCq+tfoP6b456w2a1Wa1WRYrZ3len0ymKojjlky8mFTkVFhamroP4xtvDn33q+dzc3GJv4VScOtHFxZ2c/sPPxXbo1KWT0Wg8cvjIzh27KuKZcI3qfnO7BvWjZ81ZlpllvmznoED/wQP7xMaeWvXHn1elOgAAAAAAAAAAAAAAAABXqMqFAiPCQ0QkKSX9ikdISk4XkYjwsAqtS0Qk9kTsru07GzZqmJh4Njsr29vHp3nLZnt373XYHRd3rhFZo179eju273TYLlhczSmKTl/lfuy41mzdtjc6OnLIoL6z5izLKHFJzuCggMED+9jt9i3b91zFAgEAAAAAAAAAAAAAAABciSqXTvMyGkTEWmC94hHUa71MXhVa1zlfTv7KdRwUFPTZlE/ad2z/0w+/rF2ztkjPV4cP8/Ly6tCx/dJFS2fPnFsZxQBXLCc3b+asZYMGxAwZfMfsOUvT0rOK7RYaEjhoYF+LpWD2nGW5eflXvUwAAAAAAAAAAAAAAAAAZaN1dwHVWGZm5oyfZxqNxseffPTFYS8UOduiVQsRMRgMzVo0q/BbazX8F4fyysvPnzl3WV5u3pCBfcNCQy7uEBYaMmRg3/z8/JlzlpIIBAAAAAAAAAAAAAAAAKqFKrdSYMn8/H3atm5Zs0ZoRHjYxWsB/rl1159bdovmgsZGDerExZ+2F7fDb/ktXbIspm+v0LDQdh3a9ujZbd3aDWp76zY3GAwGEdm86c8pn08t/YAajaYUvSprHURcayz5BbPmLBswIGbIoD6z5y1PTk5znYqICB3Uv3dWtnnOvOUWy5Wv3AkAAAAAAAAAAAAAAADgaqpOocDrWjbu0a1jWfNwbdu0vPXWzouXrD19JqlCyvD1883NyXV93LJpy5333Ckinbp0doUC7+l/j4hkZGQUTgQGhwQ/9+Iz48dMtNvslxpcp9OJSJOmjT/4+L1iO/j5+4mIt493hTwLYCmwzpm7fMA9MYMH9Jkzb/nZpFQRqVkjbGD/3hkZWXPmrSiwkggEAAAAAAAAAAAAAAAAqo0qFwq02hwiYjKZirRf17JxTK9uIpKdbT5w8O+k5HTrRVmlrKwcETEajSJSYClQG52K4u/nO+DeXrPnLk88m1L+Cqd888WiBYtmz5yrflyyZNkd/e7QaDS7du5SW3x9fRs2aiAik97/xHWV3qAfO3F0YGDgyHffHjliVLEja7RadaVAp8OZEJ9QbJ+w8DCDwaAuQwhUiIIC2+z5K/r3u31Q/95zF6wUjQzo1yslLWPugpU2q83d1QEAAAAAAAAAAAAAAAAogyoXCkxPz2zYoE6d6MjCjX7+Pj26dRSRf47FLVux3mq95Ep7IlIjIkREklNS1Y9r128bPKCPj493r9u6/PjzgvJXqNFo+vXv17Z9u7+P/q22JCYm+vv516pd67EnHhWR+g3qaTSa/Lz8nrf26HlrD7VPy5bNAwMDRaRBw/r/9+Rj3379/cUj+/v7qwdrVq6Z8dusYu/+3kcTjUbD119+U/4HAVxsVtvc+Svv7XfbwP4xInL2bOq831fZ7SX9QwMAAAAAAAAAAAAAAABQBVW5UODp00nt20lYWEhEeEhySrra2LZ1Sy+TV3a2+bKJQKNR36plExFJTEpTW1JTM+bMW/7wg/eGh4c2blT3n2MnK6TO8IgwH9/ze/ja7LbWbW5wfUxPTxeRwi2uRhGJqBFRuF2j0SiKIiKW/Px9e/Zt/XPbhvUbdTqdTqdzrYYYERGenJwiIq8PG1742oYNGxw/fqJCngjXOLvdPn/Bqr59uovI0mXr7Q6HuysCAAAAAAAAAAAAAAAAUGZVLhR47ER8SmpaeFjowP69Z81dlpqaISI1a4SJyIGDf182EdgnpntAgH+BpWDXnoOu9uSU9NTU9LCwkKioiPKHAhVF0Wg0WzZtKXa1vyvw3fRv1qz649effrNare9P+FBtfH3Eq42aNJr03scHDhwUkdffet3LaJz0waQTx+NcFz753//r1rPb30f//uj9j3NzciukGFzL7A7HwsV/uLsKAAAAAAAAAAAAAAAAAFeuyoUCRWTFyk2DB/bx8fHu2b3j7LnLRSQiPFREkpLTRSTA3y8w0K/IJUajsUZESKuWTQIC/EVk3YZtOea8wh3iExLDwkJCgoOu7qOUisFg6HNH79tjbnM6na5Go9EoIsPffn3Sex/v2rXbbrPXqBExevzoiy9v0rTJu2NHvfLia1e3agAAAAAAAAAAAAAAAABAlVMVQ4Fnk1LnLVh5R9+eWo1GbfEyeYmIupduq1aNO9/U5lLXFlgK1m3Ytv/gP0XaLRaLiBgNukqu/UqoSw8ePfz3gf0HXI39B91rMBgs+fkn4+NFxG6zqRsQfzjhI1efO+/u27lrF0VRvvz8SzfVDgAAAAAAAAAAAAAAAACoQqpiKFBETp1O+m7a7Hp1apWyf4GlIDkl9WxS2s49B4usEVjhNBqNiNjsJW1kXCaKUxGtHDp4aNHvi12NMX16BQUHHTx4KC01zXU7S74lPj7B1Scr2ywidru98J7CAAAAAAAAAAAAAAAAAIBrVhUNBYqI3e44diL+giZFROTPLbv/3LLbXVW5QoHpaelurAEAAAAAAAAAAAAAAAAAgItp3V1ANePtbVIP0tLS3F0LAAAAAAAAAAAAAAAAAAAXqB6hwAJLgYgYvYxXPIJ6bYHVVs5KwsPD1YOUpJRyDgUAAAAAAAAAAAAAAAAAQMWqHqHA5JQ0EakREXLFI9QIDxGR5OTyLu93/Y3Xi4jD7jh27Hg5hyoNnVanHmi11eO/KQAAAAAAAAAAAAAAAACAG+ndXUCpnE1KjY6OatWyyY5dB6xWe1kvr1EjNCoqUkQSk1LLWUmLFs1FJDY2TlGUcg7lotVdMvBnMBjUA5O3l4gYjIaGDRu4zoaFhYmIVkNeEAAAAAAAAAAAAAAAAAAg1SYUuHPPwetbNQ0I8O8T033ZivVlygUGBQXc0bu7TqdNTEqOiztdnjI0Wm3zls1FZPmS5eUZp+iwGo2IDBo6cNDQgUVOeZlM5w6MXurmxe+Of6dInxIyhQAAAAAAAAAAAAAAAACAa0r1CAXmmPPWbdgW06tb40b1akSEHjj4d1JyutVqLfkqX1/vyJoR11/XzGDQ2+325cs3lHN5v/4D+hkMhiOHj27dsq084xTmiv2tWblm7Zp1rvYRI0f4+Hrr9ee2DzYajSJy5vSZ114e7urzwMP397mjt5opBAAAAAAAAAAAAAAAAACgeoQCRWT/wX9EpEe3jgEB/p07tS3TtRkZmctWbExLzypPAWHhYXffc3dubu774z8ozzhFBPj7qQfp6RlxcSdd7WlpKeYc0/fffK9+NBgNImK3OwpfqzidIpIQH1+B9QAAAAAAAAAAAAAAAAAAqq9qEwpUc4Gx8afbtm5Zs0ZoRHiYl8mr5P7mnNzk5NTTZ5J37TpodzhK7nxZ74wZmZycPHLEqMuuUFgmIaEhIuJ0Ovfv21e4/Y1X3yr80Wa15ebkTvtmWuHGhb8v3rBuw6lTZyqwHgAAAAAAAAAAAAAAAABA9VWdQoHqPsLrN253y61XrVj9+/yFFT5s7Im4mb/O+mPN2tyc3BK6Pf3EMxc35phzcsw5FV4SAAAAAAAAAAAAAAAAAKCaqmahQDeqjESgiFit1kW/L66MkQEAAAAAAAAAAAAAAAAA1xqtuwsAAAAAAAAAAAAAAAAAAAAVg1AgAAAAAAAAAAAAAAAAAAAeglAgAAAAAAAAAAAAAAAAAAAeglAgAAAAAAAAAAAAAAAAAAAeglAgAAAAAAAAAAAAAAAAAAAeglAgAAAAAAAAAAAAAAAAAAAeglAgAAAAAAAAAAAAAAAAAAAeglAgAAAAAAAAAAAAAAAAAAAeglAgAAAAAAAAAAAAAAAAAAAeglAgAAAAAAAAAAAAAAAAAAAeglAgAAAAAAAAAAAAAAAAAAAeglAgAAAAAAAAAAAAAAAAAAAeglAgAAAAAAAAAAAAAAAAAAAeglAgAAAAAAAAAAAAAAAAAAAeglAgAAAAAAAAAAAAAAAAAAAeglAgAAAAAAAAAAAAAAAAAAAeglAgAAAAAAAAAAAAAAAAAAAeglAgAAAAAAAAAAAAAAAAAAAeglAgAAAAAAAAAAAAAAAAAAAeglAgAAAAAAAAAAAAAAAAAAAeglAgAFyGTqcTEafD4e5CAAAAAAAAAABA2ajT++pU/xVTL3fwTQEAAABKx1ERf4WWB6FAALgMLy8vEbFaC9xdCAAAAAAAAAAAKBt1et9kMpVnEPWbggKLpeLqAgAAgCdT/3Qs51+h5UEoEAAuQ/0dbbVa3V0IAAAAAAAAAAAom4KCAleq74qd+6aggG8KAAAAUCoFlgr4K7Q8CAUCwGWov6NzzNmKori7FgAAAAAAAAAAUFqKouTmmCtqpcDsTL4pAAAAwOUpimLOqoC/QsuDUCAAXIafn5/BYHA4HNlZme6uBQAAAAAAAAAAlFZWZobD4TAYDL6+vuUZ59w3BXZHZlpGxVUHAAAAz5SRmu6wV8BfoeVBKBAALkOj0URFRYlIdlam1Vrg7nIAAAAAAAAAAMDlWa0F5uwsEalVq5ZGoynPUK5vCjLTMwssloqrEQAAAJ6mwGLJyqiYv0LLg1AgAFyel5dXeHi4iCSfTcwxZ7u7HAAAAAAAAAAAUBJzdlby2UQRiYiIMBqN5R/Q9U1BYkJidkZWRdQIAAAAT5OVnpmYUJF/hV4xvRvvDQDVSHBwsFarTU5OzkhPy83J8fP3NxgMBqNRoyFdDQAAAAAAAACA+zmdDrvNZrVac3NyrNYCjUZTo0aNwMDAihrf9U1BWkpajjnHP9DfYDQYvby0Wr4pAAAAuHY5HA6b1WotsOZk5xRYKv6v0CtDKBAASiswMNDX1/fMmTMWiyU9jX2EAQAAAAAAAACoory9vSMjI/X6Cv4ytPA3BQUWvikAAADABSrpr9Ar4P4KAKAa0ev1derUsVqt+fn5+fn5eXl5drvd3UUBAAAAAAAAAADR6/U+Pj7e3t4+Pj4Gg6Hy7sI3BQAAAHC5On+FlhWhQAAoM6PRaDQa3b7WKwAAAAAAAAAAcAu+KQAAAEBVpnV3AQAAAAAAAAAAAAAAAAAAoGIQCgQAAAAAAAAAAAAAAAAAwEMQCgQAAAAAAAAAAAAAAAAAwEMQCgQAAAAAAAAAAAAAAAAAwEMQCgQAAAAAAAAAAAAAAAAAwEMQCgQAAAAAAAAAAAAAAAAAwEMQCgQAAAAAAAAAAAAAAAAAwEMQCgQAAAAAAAAAAAAAAAAAwEMQCgQAAAAAAAAAAAAAAAAAwEMQCgQAAAAAAAAAAAAAAAAAwEMQCgQAAAAAAAAAAAAAAAAAwEMQCgQAAAAAAAAAAAAAAAAAwEMQCgQAAAAAAAAAAAAAAAAAwEMQCgQAAAAAAAAAAAAAAAAAwEMQCgQAAAAAAAAAAAAAAAAAwEMQCgQAAAAAAAAAAAAAAAAAwEMQCgQAAAAAAAAAAAAAAAAAwEMQCgQAAAAAAAAAAAAAAAAAwEMQCgQAAAAAAAAAAAAAAAAAwEPo3V0AAFQ/OTk5FouloKDAYrE4HA53lwMAAAAAAFAuOp3OZDJ5eXl5e3v7+vpW6r2YVwEAAAAAAJ7kas6rlB6hQAAoA5vNlpiYaLFY3F0IAAAAAABAhXE4HLm5ubm5uSJiMpmioqL0+oqfOmZeBQAAAAAAeJ6rM69SVu6vAACqi6ysrOTkZEVRjEYvP39/g8GgNxi0Wp276wIAAAAAACgXp9Nht9msVmtuTo7FYomNjY2IiAgMDKzAWzCvAgAAAAAAPNJVmFe5AoQCAaBUMjMzk5OTNRpNcEion3+Au8sBAAAAAACoMFqtzuilM3qZ/PwDzNlZWZkZSUlJIlJR89fMqwAAAAAAAE9V2fMqV1iVG+8NANWFzWZLSUkRkYiakcxcAwAAAAAAD+YfEBhRM1JEkpOTbTZb+QdkXgUAAAAAAFwjKnxe5YoRCgSAyztz5oyiKIFBwUajl7trAQAAAAAAqFxGo1dAYJCiKImJieUfjXkVAAAAAABw7ajYeZUrRigQAC4jPz+/oKDAYDAGBAa5uxYAAAAAAICrITAo2GA0WiwWi8VSnnGYVwEAAAAAANeaippXKQ9CgQBwGerv6AC37vUOAAAAAABwlfn7B6ipvvIMwrwKAAAAAAC4BlXIvEp5EAoEgMtQf0fr9QZ3FwIAAAAAAHD1qJMh5Zy8Zl4FAAAAAABcgypkXqU8CAUCwGWov6ONRqO7CwEAAAAAALh69AaDa6m/K8a8CgAAAAAAuAZVyLxKeRAKBIDLcDgcIiIajbsLAQAAAAAAuHp0Op2I2O328gzCvAoAAAAAALgGVci8SnkQCgQAAAAAAAAAAAAAAAAAwEMQCgQAAAAAAAAAAAAAAAAAwEMQCgQAAAAAAAAAAAAAAAAAwEMQCgQAAAAAAAAAAAAAAAAAwEMQCgQAAAAAAAAAAAAAAAAAwEMQCgQAAAAAAAAAAAAAAAAAwEMQCgQAAAAAAAAAAAAAAAAAwEMQCgQAAAAAAAAAAAAAAAAAwEMQCgQAAAAAAAAAAAAAAAAAwEMQCgQAAAAAAAAAAAAAAAAAwEMQCgQAAAAAAAAAAAAAAAAAwEMQCgQAAAAAAAAAAAAAAAAAwEMQCgQAAAAAAAAAAAAAAAAAwEMQCgQAAAAAAAAAAAAAAAAAwEMQCgQAAAAAAAAAAAAAAAAAwEMQCgQAAAAAAAAAAAAAAAAAwEMQCgQAAAAAAAAAAAAAAAAAwEMQCgQAAAAAAAAAAAAAAAAAwEMQCgQAAAAAAAAAAAAAAAAAwEPo3V3AJYWFBnl7mypkqPx8S2paZoUMBQAAAAAAAAAAAAAAAABAlVVFQ4HNmja4s2/PChxw8dK1R46eqMABAQAAAAAAAHi2I0nK1pNKQprkWSXfquQWaNxYjK+X4m3U+BilXrjSoY62aYQ7iwEAAAAAAEBVVkVDgSHBAVV8QAAAAAAAAAAeKdMiyw46tp2QC1OAbg7h5RZocgtEROLTNBuOhrsdSgAAIABJREFUKL5ezo4NpE9LXVDF7LYCAAAAAAAAz1FFQ4GqhITTM+csV4+feGxQYGDAshXrDx46VqZBhgzsHR1dq3IKLIavn69Go8kx55R/qK7db7YWFGzbur0i6gIAAAAAAABwGeYC5ff9zvVHNGoEUFFENO4OA15EEdGI5BZo/jgsfxx29mim3H2d1t+rqpUJAAAAAAAAt9G6u4DqRKPRaDTFTK4Vbrzjrr5Tvvli2GsvBQUFlfN2tWrXeu6l56Z++2XrNjeUc6iKUqdOtLePd1mvat3mBqPRWDkVAQAAAAAAABVj9VHltXnK+iP/xgFFNFUvEXjxioXrjmhem6dsOK64qx4AAAAAAABUNVV6pcCq5o67+97e67a33hhpzja7GvUG/RdffZ4Qf2rCmIkOhyM7K0uj0dzY9sb3JjV56rGnXX2aNW164MDBMt1uxi8zm7do3rBRg1deH7Zl89YvPvuy9Nd6e5s+n/rZybiTC+ct3Lt3f+FTb73z5uYNm9f+sa5w46vDh4WEhoweNTY/L7+EYR94+IGmzZssXbxsw9qNpaykcdNGT/3vSXO2ecTrb2WkZ5T+EQAAAAAAAICrw+GUb7c4d8Sebynu1eCrR6eVlrW1N9XXRgdr/E2aAJNGUSS7QDFblFMZypYTzoOnnM5CIUC7Q37aosSlOx9sp9NWwRgjAAAAAAAAri5CgWUTGhY6ecpn+fnnk3MGo8HLy6tZ86Yffvr+S88OKyiwiYiiKBPHvu/q8+j/PdK9R7cfvvth9co/ynS7zz+Z/MnkSSLSqctN8+fMP3MmsZQX5udbDu4/1LZ9m1dHvHr61JkJYyZmZmaqpyJqhD/+1GOdu3aKPX5umtPHz/eGG28Qkc+nfPr6sDfSUtMuNazNZtXr9Xffc9fd99xVpgfxD/AfO3H0M08+V6arAAAAAAAAgMqWZ1MmrVFOprq7DhERMRnl7ta6Xs31posmbsP1mnBfTYNQ6dZIl2eV1UftC/c4LNbzHTYe1SSkO1+6ReNjIBgIAAAAAABwTavGocCWLRoFBvoXaXTYHUf/icvMzK6MO9qsNhFxKs51a84vsxcQGNCtZzcRWbZomYg47HYRsdvtsSfORe6CQ4K7drtZRB55/BGtRrtyxerS3zE1JdWcbfYP8BeRoJCgIqFAL5OpwGK51LUff/jJ+5MmRtWKqlU7auTot19+fpja7nA4RKRZ82a1a9dWW1zbH9usNofdUUI9VqtVRMzZ5qefeEZtUW9x+OChcaMnikjNmjU//PR9ERnx6pvx8Qkicsedfe97aKiiKF98WoaVDlHZDEaDRhSr1V7K/kajXkRK3x9VQXZ2ttFoNJlMl+rgdDpzc3P9/Yv+Iq1qsrOzAwIC3F0FAAAAAMAzOZwyaY3zZKr7U3RardzaQjvwRoOv8fKdfYxy93X6W5vqZ++2/XHI6XSea49LkUlrnG/00um0lV2vh/OAeZXYEycMRkPt2tEl9Nm8aeOWLX8+/vgTwSEhV7E0AAAAAABQ6aprKDAkJKhPTPdiT4WHhyxeuq7YU+VktdpExGa1z/htlquxTp3obj27KYpyqbTfsy88o9Vq1USdXm+41OCP/d8jPr4+U7/82m67IHd1/Njx1m1am7PNhw4cLtz+wsvP3dj2xsmfTN6xfdelxvz848kTPhwvIuERYa5GxSkikp6W/sIzL6kt3j7e30z7SkSWLF7qWlCwwh06eLgUvXCVdL+5XYP60bPmLMvMMl+2c1Cg/+CBfWJjT63648+rUh1ERBbMnxcdHd2mbTvNle5XNGvmjEULf2/Ttl3Pnrd06tzZYCj6++fI4cNvDH/tpk6d+/cf0LRZszINvmf3rtq1o8PCwy/V4cyZ0/Pnzety883XXXe9Tqe7skdQp+AfeuC+Ljff/PjjT4SGhZXiCgAAAAAAymDatiqRCPQyyIu3Ga6LKluUz9coj3Q0tKzpmLreXmA713gyVfPDNufjna7pVGDVnFexWCwb1q/r1LnL1YkSbtq0cc7sWTfc0Pr+Bx5s1rx5sX1mzZoZFxu7edOmAQMHDRl638WPCQAAAAAAqqnqGgrMzMo+cOBoMSsFOp0HDx+rrLsqiuvwo88+NGebf/rhZ5vVWsIVbdu1adqsiYicOB47etSYIoG/wkJCQ1q3ad2mXZsjh48WbjcY9DnmnFOnTr024lVXo5eXlzrsi6+8uHDBolm/zS52zISEUwnx8dF16hQUFLgajV5GEcnLyy31Y5+n1erUlQW9vc+9I6tOqxkMRrXFZPJS203eJrXFYNSr3QwGg81mK3F4XD1bt+2Njo4cMqjvrDnLMkpcWTM4KGDwwD52u33L9j1XscBr1L59ew8eOHDf/Q+IyJrVq+Lj4/39/fvdc++AgYPUbHGZxMXGisiunTt27dzx6mvDb+7atUiHgwcPiMjWLX9u3fLnddddP3b8hNIPPmH8OIvFcv31Nzz40MPFTnwnJyevXLF85YrlWq128JChJpOpdesb6zdoUNanWL9urYhs3rRp86ZNg4cMfeDBh8o6AgAAAAAAl7LiiHPbcRFRRNyZC4wI0LzSyxAVeIU1tK+ri+qnnbTKlpSlzl4qW49ragc7Y5pdW7nAqj+vkp2VNeXLL76Y/Hn3Hj0ee/yJoKCgslalslqtBoPhsnnHBx58aP/+fXv37tm7d0/TZs3eHvlOkTBiQkK8+phOp3P2rJl6vX7offdfWUkAAAAAAKCqqa6hQKfDuXzVJjcW4OPtXaNGxDtjR456c9Sl+oSFhz330rMism/v/vfHf1DygGpgzmg0BgYGFk4fikhaapqPt494F3+hr49PCcN++9W0F195fsnCJa4WL6NRRHJyriQUaDDoRcTP3++bH74u3N6oSaMiLSNHv13kWpO3iVBg1ZGTmzdz1rJBA2KGDL5j9pylaelZxXYLDQkcNLCvxVIwe86y3Lz8q17mNWTb1i0//zQ9Pj5eROrUqdPl5q7ePj4iYjabf18wv3nzFpGRkWVdJy8hIV49GHrf/RfPXIvIgQMHXMfde/Qo/cjHjx2zWCzqbPvPP00fM278xX18vM/9anI6ncHBwV9NnfLDtO8jI6P+88gjnTp3Kf29Vq5Y7jretHEjoUAAAAAAQEVJzlHm7lTjgO5MBPp6yasxhsiActVQK1AzrJfh3UXWXIuojzN3p9IuWgn1df8iiFdBdZlXiahR4733P3z9tVfWr1u3ccOGt0eOatO2XZmqUpcbfP7ZZ9p36PDEk0+V3FOr1Y4c9e4jDz9os9mOHjny6rCXp379TeEOixYudPV85dXXutxczGMCAAAAAIBqqrqGAt3O4XCIyPZt2+02R7EddDrdO2NH6fX6rX9unfzpl6UY0KkevPn6W6Up4Lvp33h5eaWkpEz77scSuh0/dvy5/77g+qjRak3eJhFJiD91cec60bWDQ4K9TaZGjRvd2uvWj97/ODvrgqyYun/EoQOHxo+ZWLg9Kipy4kcTMtIzdu7YNX3aT4VPde1+82NPPPrX1r/63tF75iVWNIRb5OXnz5y7bHD/3kMG9p01d0VqWnqRDmGhIYMHxOTm58+auzw/z+KmMj2c0+ncsH79Tz/9mJqS4mr87NNP2rZr7/1vqO79Dz+a8duv69etq1u37l139+vR85bS7ORis9nU3cCbNG2qviJ/sSOHD6kHgwYPub1XTOnL3rLl3EbSYeHhb749stg+3j7ngsz16tfv3advdHSdEW+8nph4ZuKE8RPf+6B5ixaluVFi4hl1Ql9Ebru917PPPV9yf6fTeeL48UaNG5f+WQAAAAAA16wF+xRFcXNmTquRl3uVNxGoigrQvHS7Yfxim1MREVEUzZy9ylOdPTkUWB3nVZo0bfqfRx6d9v13TqdzzOh3v/n2+7Dw8FJeKyKKokycMD4p6eziRQvr1q3bK6Z3yf39/Py6duv+x5rV6jTL6dOnatWqrZ7KzMxctXKFOuX74aRP6tWrV/oyAAAAAABA1Uco8AqpocC0i3JULq+PeDUoKHD1ytU/fDe9dEMqpehTNs2bN2vTvs0v0391tbRt21rdV2LTho2uRkv+ubxX565dOnc9v4LXsNdeHPXmu4UHXL5kxe6du5cvW1nkRgaDQavVhoaF1qoVVeTUxvWb9uze+/HnH5lMJqPB+NP0Xyr0EVEulvyCWXOWDRgQM2RQn9nzlicnp7lORUSEDurfOyvbPGfecoulpD2ycQVsNtue3bvWr1+3dcuWwito+vv7N2veolGjRk6n02Q6t0m30WD83zPPHTl85OTJk5M//+zHH6aNGTv+svvwnkpIUA9eePGlYjukJCerq/2JSP8BAwufysvLO3P6dAnRus2bzi3U+uSTT7nq3P7XtsioqNq1o9WPrpUC9Xq9iLRs1ere/gPmz5srIikpKc1Lrv5fs2fNUg+CQ0L+98yzl90WZ+aM32b89muXm29++n/PFtkQBwAAAACAws5kK9tPqNNx7ozNxVynaxpRYZv8NovQxlynW7bv3DvMO04od7Z01gr0tE2Eq/u8SkzvPtO+/04NNe7cuSOmd583RwzPycnx8/MzGr1KLiwrK/P4sWPq8ReTP4+OrlPsi5enTiW4pmhiYnqroUARCQ4OcfX5+afpTqdTq9V+9PGndevWFZHYEyeCQ0KueFNjAAAAAABQpRAKvEJ2h0OduCn2rMFgaNai2bdTv123dsPVrCo0LLRNmxvNZrPdbhORJ55+wtfXt+NNHceMGpOSkioi9z0wVERyzDknjse5rlIUZfPGzR07dVSzOy6uCSCNVvv1d1NM3iZFURSnMvSBoUXuq9Wdm1ts3rL5j79Mu/isGuWJuSNm3959e/fur5ynx5WwFFjnzF0+4J6YwQP6zJm3/GxSqojUrBE2sH/vjIysOfNWFFhJBFYYi8Xy17Zt69ev27VzR5HfHkFBQZ98+nlwyPmZWW/vc5PXeoPBZDJNmPjeU0/+n81mM5vNY8eO/u77Hy4eX1GUXTt3tGnbTqPRxMbGisitt93umgL+7NNPuvfoccMNrdWPBw8eVA+63HyzT6FdyBVFmTBu7L59e4fed//Q++6/OIeXmZl55sxpteYOHW9SG48cPjx2zGh/f/8vp34dEBAgIt7/jqnT6dSDoffdv2zpEl8/vw4dO5bmx5WclLRm9Sr1OCM9/cXnn73sJeqygps3bfpr27YvpkytUaNmaW4EAAAAALgGrTyiiGgUt0YCfU3Sv3UFT8/e21q/8W9Hzrm4mmbNUXm4Q8XewW08Y15FRLy9vevWrXvy5EkRCQkJEZG77+43ftxYf3//qFq1TF6mwp1tdtuhgwfVHX6vu+56P18/Vw0ikp6edvH4IjLspRebNm324ksvh4SGNmvePDQsLC01tVPnLq5Sk5LOqssETpj4vpoIjIuLe/mlF3Q63UsvD2MfYQAAAAAAPEB1DQVqddpet3QODCy6EJTD6dy5+2BsbDF741Ysh90uIrZL5KUURXl7+MiTJ+MLN7Zuc8Ojjz8y/JU38vMrbCdWreaCN319fXweevRBrVarBhbVg5DQ4BvbtVm5bOUjjz9cI7Kmoijvjf+gyDhTJn81ZfJX7Tu03/7Xdp1Op66DeP5xnM633xjVtXuX+JPxKSkpIuLv52/OMbs63HL7rT16dnfYHe+OPL+yoMnkbbfb1XiiS0L86Yp6dlSUggLb7Pkr+ve7fVD/3nMXrBSNDOjXKyUtY+6ClTarrRQDoLQWLfx98aKFUbVqxfTu07BhwyZNm0VHRw9//dWjR454eZkKz1yLiOvVcC8vLxEJDQt79rkXPp70oYhkZWYWO77dbh/97jth4eFPPvlUXFysiDz00MPqqRm//bpm9ao1q1e9MeLNmzp1FpEDB87Fc3Nz837+6fyCpgkJCfv27VUvOXTw4Jhx44vcZftf29QDnV7/+4L56rE6gtlsfmvE8I8+/tRgMLjeyFeUc8ugmkymb7//IT09/YP333vp5WF+fn4l/7h++OF79aBe/fqtW99Yih+wZGdnZ/77w9FpdaW5BAAAAABwbdobr4hoxK2pwIFt9d6X38m2bHwMMqCt/sfNdkURjUb2JCgeEwr0jHkVVa+Y3t98/VVUVK0b27QVkY43dZr/+yJ1LrcIq9U6aMC9ItK0WbPRY8eV8mdlMBj27t3z+GOPNG7SxDWVnZh45rVXh6kdkpOT1YPvv/9WPThx/LjT6XQ6ne+/N3FofPylNk0GAAAAAADVRXUNBQYFBrRq1bTYUxZLwVUIBdpsdhGxXiIyZbfbiyQCa9eOemnYizq9buyE0a+89LorJVNOriW4VPHxCWNGjvXy8jp8+IjRy/jNtK9EZPaMOWtXr33jreEtr2uRk5Pz0cRJsSdiLx6qT9+YB/7zwLF/jr/79uiLz549e3b2zLmuj9N/++HIoSOff/qFOdssIl26WESkoMDqWoBQo9V+/uUnJm/T5E+/2LNrb4U8LCqPzWqbO3/lvf1uG9g/RkTOnk2d9/squ93u7ro8zaDBQwYNHlLKzt7e3uqB6595j549Fy5ccPzYsbbt2hd7icFgEJHUlJTx48aqLY/856EifSaMHzflq6+jomod2L9ffcv81KmEU6cSih2wcPbXZdO/ewdrNJpFixaqx4H/Liyam5cXf/Jkw0aNtFqtVqt1Op2FQ8b+/v6jRr51/NixZ595esLE9yIji2447nLqVIK6SbHJZBozdry6+uBlHTp0UA0FfvLZ52Hh4aW5BAAAAABwDTqWquRYNCJKsQu5XR0mg/RsUinvs/VsrJv5l91iExHFnK+JTVfqh7hzi+SK4hnzKqo777q7fYcOhbc4KDYReMX0BoP60nidOnVFRP1PlbpAoMlkur1XTOFLdDqduiShwWBofOm9jwEAAAAAQHVRXUOB6emZy1asL2alQLvj6D9xl7ioIqkzhq6VAjUajZrAMxqN6tSJ+tHFaDTq9DoRqRFZ84WXn//ko08vNfJLr75QmgLUWSr1VdfC/vnnWJGW8PCwqd99qdPpTp86U6t21Mgxb5fwRI0aN3x33DsjR4wq+e4ajaZFqxZTvvlCTTeq1/r4ev8048ciA77y+rAfv5u+auXq0jwU3Mhut89fsKpvn+4isnTZevuFq0Xi6nP96y68Ic7YcRN27dzZrn37X37+KTU15YUXXy722iZNm8bE9C7csmjRwrjYWBG55dZbw8Mjzpw5nZh4RkReePHlHj17Frl8YP97bDZbaFjYx598VuSU1Wrdt3ePiNzbf8Ajjz5W8iPodDqn05mZmblh/frExDNnzpyOi4tTy8hITx/9zjtTvvq62AsVRfnwg/fV4zffHlnKRKCI5OXmqQdRUbVKeQkAAAAA4Bq065SIiCLuiwSKNI3S6isyBnaeXidNo7R7TzoVRaPRyK4EqR9Siss8S9WcVymscCKwwqkRwzp16jz73PNFTqmhwI433VTk1OZNG9VQ4PA3RrRr7ynLSwIAAAAAcA2rrqFAETl4qGj6rdIVmic0GPQiYik4v33wkkVLRKR+w/pt27V12B1LFi1p37FDVK3I3+f9XmSY06fOXDy266XVmjUjS1OLOrNTmplLk7dp9co1s2fOsdvsd9zZNzMz89H/+09GRuaXn08tPNo7Y0dqNBpFUY4eOXrZMZ0Op06v27B2w4Z1Gy7V56133xKRHHPOrl27S/NEcDu7w7Fw8R/urgLnqAljNa/pavTx8bm5a9dVK1fMmjlDRGrXjh4wcFDhq9TF+erWrXfb7b0KtyckJMTFxhoMBnW+e8H8+SISFBTUrXv3SxXg7+9/8XoJS5csdjqdBoNhyND7Crc7HI7U1JRTCQlHjx7NzMxMSkpKTkqy2Wwikpaa+tGH75tMpoiIiKhatdu0aRsVFRUZGVWnbl25hLlzZseeOCEid/e75/rrb7i4w6+//Ny4ceP2HToWac/Ny1Uz0xX7ej0AAAAAwMOcTFVExL17B7euXYn/17V1be3ek+fCcCfT3PqcblI151VUmZmZz/7vv3fedffAQYP1+io3P8+kCgAAAAAAnqHKTTpUZb5+Pq5jdV4pPTVV/agoyoJ5C0WkW/eubdu1dSrOBfMWpqWlP/n0E6tX/ZFjzrns4H5+vuo4rw8bXppi3hkz0lJgmT1j7mV77vhr59Yt29TjJYuXishNnTu2btM6JSXFVVifvjHqLNXGdRt/mf7rZcdURBERS0FBSmpayT3/3Lwl7XJ9gGvB4kULV69eFeAf4OfvV7j9ZFyciKSkJL//3oTC7QcPHFAPPp70kZeX0dXudCpb/tysHk//8Yd69eoV3vVGXZyv5EosFov6UviDDz1c7DyvuuHvxQuR2my23379RUQe/s8jrl14VJ9+MunPzZsffOjhmTN+M5lMdevVa96iRXp6msViCQoK+ua7aa65+Ms6efLkT9PPrTm69o81derUadK0WeEOu3ftnDnjNxG5uWvXZ5593sfn/G/m/Lw8EfHzL7qILAAAAAAAheUUSCnftq089UIr8faFB1cftrqr1vMqp04lJMTHG41G9bXwmTNnmM3m3379ZfnyZR9+OCksPLyMPwwAAAAAAIDLIxRYBn5+56ecTN4mEUlKSlaTLsW+97lrx26NRjNwcP8fvpt++cH9/dStOUtZzDtvjy5D6RfasG7jjW1vfOg/D0yZfG6P4159e6m7afw0/ZfSj9Or9+29et9ecp9LvRELXGu6de8x47dfTyUkREZGBgQGutrVmWKn05mVlVW4v7e3T2ZmpoicOX06JPSCbX5aXXed6zgxMbGslaxb+4fT6fT397/l1ttK6OZlLBoKXLliucViEZHIyMhdO3e42vft27d+3ToRWbBg/hdTptauHa22x8XFHj92zGq1XpwIXLVyRXR0nWbNmxdpt9ls48ac/+VmNpsnf37JrXY2bdwYGBj05FP/dbWo5QUFBZX4AwAAAAAAXOtyq0BOLsi7EifNzg2uERHJsVTefa6eaj2vkp6ePnHC+Iv75OflVeqyfKdOnXr1leK3SN62dWuRUykpKZVXCQAAAAAAuPoIBZZB4fdQ1VWykpJTomvXUlv8A/zN2ebC/XNzc/Pz8rv37D7zt9n5efklD+7t4yMi+flXY5Zux/adTqfzpk43/fTjLznmnDZtbgwPDxeRv7b+ddk6C5szc466PmKxfp45XV37sIKqBqq3gICAn3+dcXH7a68OO3rkSI0aNceNn1i4fftf28aOGS0izz3/QouWLdXGuLi4hPj4rt26laeSeXPnisiAgYO2/7Xtpk6dL+6gvhNvvHClQIfD8fNP5/LNY8cUH0rOSE/fuGHDffc/oH708fZRc35FusXGxqpRv+FvjOjUuYurXVGUCePHJSWdjYyMatmq1epVK0Xkgw8nhYaGXnCXjIxhL7+orhT46GOPu9pzcs4tfRoaGlbGHwkAAAAA4Npiznf/jrrBlRkKLDx4VUhAll+1nle5/vobRrz5Vm5uXuMmjcPDIyZOGL97104R+XLKVyEXTnpULKPRWL9+gyKNfx89KiK+fn5FThmNxoz09MorBgAAAAAAXGXVNRToZTQ+/GC/wMCAIu0Oh3PT5u3bdx6ojJv6+Z4LBQaHBGu1WpvNpvy7nYSiKE5HMVtL7PhrR9ceXV95fdiYUWMvM7ifn4iYs7NK7lYe3j7ew157ecPaDRvWbzxy6EiLVi2Gv/naqDff/d/z/1Wnq6Z9+2OZBoyMimzYqGGl1Qtc00JCzk0KZ2Vluhq//fqr/fv37d+/76n/Pq3uOFNWhw8dSko6e8uttwUHh0wYP+72XjH/e+bZwm+lu4K8JtMFocDVq1bm5eV169592CuvicibI4Yf2L8/NCzs+2mX/L0REBighgIdDkdqakpSUlLS2bNJSUnqJjsiMnHC+BFvvtXxpk7qx6+/mrpzx/aoqFoffDRp7pzZamNwcHBo2AUhP+2/Dx4dXcdgMLja09PP7VQeWpnz6QAAAAAAD6DTaZx2dxdR+a7l/Tuq2ryKa/ZDRNT+Wq22yIxHhYuIiPjfM88WaVyxfJmItGrVqsipzZs2Hti/v1LrAQAAAAAAV1O1DQV6GS9OBIqITqcNCQ2upJsaDHoRiT1xot+9d4lIZmZmw0YNzyaejT0RO3vGnNzcXBFR5IKF8ebNmd+1R9emzZrc3uu2VStXX2rk2rWjTCaTiPy5aWslFd++Q/v/Pf/fAkvB7t17RGTyZ1MmT/20Xv16n3wxyeTtLSK/z/tdfYTS69SlU4ebOpTch+2DgTKx2+179+zetGljhw4d1ZaMjAz1IPbEif3796mzt1lZWW+MePMKxp87d05QUNBT/33aaDR++81Xq1auSE1NfevtkXr9uf85KCg4t4CAsdA2N06n86fpPwaHhDzz7PMlDJ6Rnn7yZFxubm5SUlJKSsqhQ4fU9v733O3qYzAYAoOCWrRsGR4eHhFRo3b0ub2GF8yft3TJ4uuvv2HEW2+rS7GWVfq/r7OrS58CAAAAAHAp/iZNeo6bd7fIyFfC/Spr3iwjXxERRRGNRvxN19DsXNWcV6leLt7zAQAAAAAAVEfVNRSYbc75+tuZgYF+RdodDufZ5NRKuumcWfNWrli9d/feb3/8WkQUp7w7blRmRubcWfP27T33GqXmwldwU1JSt2/b0b5ju/88/nBoaMiM32YVO/JtMbepsZtlS5dXeNkGo+HV4cNuuPGGzMys118erib/srOy1q1Zd8vttwQHB4tI/MmEubPnl3XkebPnsX0wUCEKCiybNm7csGH99r+2OZ3Obt27N2zYSD3lyrr98MM09SAyMurBhx4qYbQ1q1cdPHDBgqmuVfRsNtubb41UU8hDht737Tdf7961c8L4cW+PHKV2sFqt6oHaR7Vu7Vqz2fzJp58Xbixi//59f27evHTJYvVjWHi4ay3VRx97vGGjRmFhYWFh4QaD4eTJk3Xr1i1slOwkAAAgAElEQVR87Zkzp6d9/92gwUMeePCh0ieJi/x6SU5KUg/YPhgAAAAAUDJ/k5KeI+7dQjizMkOBmfmK/LtUYIC3+/dKrmxVfF6leikosLq7BAAAAAAAUAGqayhQzQVmm3Ou5h1jT8SKyM1du5hMJkVRxo0e36nLTUPvH/L4U4/16nPb6JFj8/MtOv35H6lGq73v/sGRUZFZWVmBgYF33nNn42ZNvvx8SlpqWpGRb+p0k4gc++eY3VZhO5cEBpxbSfHJp5/QaDRpqWmvDXujwGJxdbDbz98rJSVZo9W6EjyldN0N1zmK2zQZQCmlp6VlZmSqK49+8P5ErVbbu0/fwYOHBIeEqIvq2Wy2EydOiMie3bv27N6lNk6Y+J7a4VKCQ0KaNmtauOXI4SOJiWdE5N3RY1yNt/eK+fabr0Vkx/a/Dh861LxFCxGx/vtGu5fX+TfaIyMjX3jx5foNGlzqjomJZ94dNdJms93bf0D9+g3ad+jg4+OzYf36jz58X0SaN2/RtFkztee+fXvffnPE0Pvuv+/+B1yXR0XV+mLK1Nq1o8v007MU+oUmIidPnlQPatasWaZxAAAAAADXmgBvjYibX2SNS1MaV9pK93FpioiosccAH49NBFaXeZWrz2G3i0hiYuKkjz4otsO+ffuKnIqLjVUP8vLKtpkMAAAAAAComqpxKNBd7h3QT0R27dyVlpq2+PclTrvz/ofvi65TZ9SYUcNfeSO6Tm21W/+B99zZ7069Xv/lZ1NOJSSM/2C8Vqtt2qzJJ5MnHTpw+LOPP3ft1Xvfg0P9/P0cdsfUyV9VYJ2Dhg5UDzQaTUpKymsvDXdt/RAcEvzWyDdqRJ7PzbRt1/abaVNXL189Z8680gcTGzdpXDu6dik7+/r6dut+87KlK8r4HIAHOnUqYeOGDRvWrz9z5rTaotVqBw0ecne/e/z8zi+AWr9Bg7+PHv376BGz2Txh/Di1ceQ775Y8cy0ibdq0ffa5C/b5nfb9dwvmzyvSzWQyqfPjInL48LnJ67z8PPWsr6+vq2fNmjWnfDl5zZpV/v4Ber1ORA4dPKjuF/zhB++JyJ7du9Vxli1dMvXrb318fESkbr166uWJiYlqKDAzM3PcmNEiMuO3X728vPoPGOi6xaUSgR999IGX1wXv1lut56bXzWZz4faE+HhXtSX/fAAAAAAA17g6wcr+BHHvUoF7Tjlvb6arpMG3xzlERF2Lv26wp60UWO3mVa4+dcFCm82mhiYvlpWZWeQU734DAAAAAOBhCAWWTe++vWpE1rTZbF9P+VZtWbpkWZ+7egcHB9eOrhUQGNim3Y3qK6f9B/W3Wq3vvPXOieNxIjJ92vRHHn9EjehF1AwPDAxQQ4Fh4WF97ugtIpM//TI5OaWi6mzfoX3HTh3V4yKJwO49uj76xKN6vV5Ejhw++vWXX7/1zlshocEmk+nOe+7se3ffM6cTt/65ZfPGP1NSLrMRc2m2D3YZPeHdGjUiLJaCtX+sq4hHBKoZRVH+Pnp0w4b1mzdvyvh35xqX8PCI+x94sEhj+/Yd/j561Gw2j353lLoq3qDBQ66//oYKrCoyMjI+Pl5EmjVrrrbk5pzLKxeevA4OCWnUuMma1auCgoJq1Kyp0+l0Op3T6RSRtLQ0EYmuU8fV+Wxiorovea1atdSW2NgTPXr2dDqd48aOVh9Eq9W6gtElc/4/e/cZEMd17338zDZ67yAhIQk1UAf13mX16m7HSRzHaU6ceuObxEmcfpPc5Emzk9y4ySpWR733CkISSAgQVfTeWbbMPi+OtF7TtEKo4e/n1TB79syZhZ1ZZn77P6ra0YQ7rXpIT79uH+1dvgwAAAAAgM+Wkb2UXVdsivIw03LpRarFKnT3IRZoUcX1YlkH0SaEMqJXT0gEPtbXVZyUn5/n5enVLZc15EWbESNG/uytX7R6aOnihUKIKVOnvv7t7zquT7xw/uc/++m8+Qtmz5krhLh5Mz8sLFyn4/YBAAAAAACPK/6rvwtx8aOffeFZo9H44//6if36jhBi145dz734nM1mGz16RGBgoFzZUN/wg+/8sKbm1hcuD+4/XF1V86WvvLxn5x57kM7Dw+OtX/1Mo9Hs27XvwvkL3TjUa9euWSwWnU5XW1v7/df/SyYCo6MHvPTyS5F9egshGhoa1n2w7tjRE0KI1776zW9+5xtj4sbIpE6v3hGrnly16slVZrP597/+w9VraV/44udMZnNzU5PNdmteFa1WK4QYNmL4HS8MDRwUvWrNithhsSEhwUKIl17+XF5ergxKAp8pyReTfvrmTxzX+Pn7P//8i7t377yRmdnuU+Li4td++IEQIiM9XQgxJi7+2eee795R9eodmZ+f7+fvL7/O7jhHjLv7py5ef/0br331a1+X730hxBs//EFqSoqfv/+vfv3bjjrX6XQBgYGVFRVnTp9+6fNf+H9//pPcEb1e/7vf/zEqKsqZEX73u98PCg52XFNXV/f8s09HRkYuWLCgsLAgKChYUZQtmzfJ6/thYeGKogghcrKzvby8AoPu21RMAAAAAIDHVl9/xctNrW9WbLZb5fQePKNZHMm03o9igUcyrOqtom+Kp6st0lfT7Zt48B736yp3dO7smV//6pc/fOO/48eOu/eBDRkaExYW1jYo2YkxcfHrNnwsJ38oKir8xte+OmHixO99/7/ufTAAAAAAAOChIBTorOUrl65YvaKspPTNH/+8vu5Tc1bu3b1/1OhROVk5x46eWLpyaVBQUHNT83df/36rZkmJF1/5/Kv2Hw0Gw2/+8Gt3D/d/v/OfI4eOdO9oGxsa17730XMvPvvjH75pMpnGTxi3cs2KsPAwIUR1dfWOLQkH9h+0N7bZbH/83Z+GDBn88qsvB4fcCtDU19UfOXw0KyvLpqohocGDhw5pMRqNxluzdtbW1AohQkKCZdSvXXIGCl9f3+kzp9t/FEKMHTuWUCA+g0aPiQsPj5Dz2vj5+7/00hemTpumKMq+fXs6ekpUv372aWiGxsS88d8/Uj59pyInJ6epsTEmNrbLo3r2uedGjRoVHz/W3nNNTa1c8PT81MVrRVHsiUDnjR8/YdfOhNLSkr/99S+HDx2UicDf//FPffr06fKYvb293/tgra+v786EHT/58Y9aPTpr9my5sHbthzExMctXrOzyhgAAAAAAPdiwXsrp9rNkD86Wi5bp0Vp9t8YCzVaxOcli/3FUZE8oE9gDrqt0LmHH9n/9851Fi5d0ORFYVlrq5u7u4eGh0WiEEG/+9Gd324OiKDIR2NTU9MP/+oGqqqdOntzYd/2aJ5/q2pAAAAAAAMDDRSjQKQMHRS9csvDfb//76JHj7Tb41Vu/kQs//uGb3/7e63/5019bJQLbev173xQ223de+243zhrs6MD+gylXUp9+9snRcaMNBkNDfcOJoye2b91RUlLabvu0tOuvf+PbcfGjX/j8C+YW0w+++4Z9xuFf/OzX92OEwGfN17/x2i9/8fPnX3hxztx58hJt5w4dPGB/G77y5a+0zeRt+nhDcHDIvVy87tWrd69evR3XVFffmoLHy8u7Cx2qqnr82LG4+HhPT08hxPTpM3btTBBC7Nu7RyYC//C/f4qM7GNvnHwxaUxc/N1uxdfXVwixaPGSiRMn/fnPf0q+mCTX6/X6xUuWyuXradfmzZvXhV0AAAAAAHwWzB0sTmfaFEU8xBmE65vF/uuWhTHdeYV211VLg1Eu2hRFzB3SE8oESj3yuorNZnvn7X/s3rVz4KBBX/jiy10bRl1d3VdefcW+s844dvTosaNH79hs7YcfjJ8wwX4lBwAAAAAAPEYe6VBg794R3/nWFxzXLJg3bcG8aQ9+JBnpmV988UvOtKyvq3/zv3/qTMs//f7PRmOLfULe+yF60IDAoKAtm7YeO3L8jiFFKfHCxcQLF+/fkIDPsqExMR9+tN7Jxu+9+58tmzfZf/znO//4xS8/Fc9VVfXc2bOvfPlVx5VWq7WTPjt/VKqqunXx2tPL08mh2qWmpPz5T/9bVVX5h//9kwwF9uvfX6PRqKoqhHB3d//9H/83PDzC3v7QwQNbNm/uQijQzj8g4Dvf/d7zzz6tqqqvr++vfvNbV1dXIURlRUV9fb2fn3+XewYAAAAA9GwRPpqJ0erpTGF7iKlAIbYkWWPDNX38uie6l1mu7ki2/++vTI4WoV49pFJgj7yuYjKZfvmLt5IvJnl5ef34Jz91JunYLm9v75/+7K1jx4726dMnIiJC0+lUDz9644dCiD59+nzxS68403lYWHjXRgUAAAAAAB6uRzQUWFVd94h3eO+am433exMnjp08cezk/d4KgO7V1NT0h9//z4Xz5/R6/be/893k5OR9e/ekpqTs3bN7/oIn7M1SU1PMZrPjlVmbzSbjdx3p/FGpuLhYLtxVoq68rOxvf/vrxaTEkJDQv//jnaDgYCFETnb2W2/9zL7RAQOiHROBqqp++MH7kyZP6bznOyanPT09n3zq6ZaWltVrnpTT3Aghzp07K4Roam5yfhcAAAAAAJ81q0cpiTmqyfIwY3MtZvHbveafLTEEeNzrMErrbb/bZzZZbsUcDTrbipE9p0yg8x6X6yqqqn77W6/l5+cLIX7+i195eXk5sXMdiomNdabkof0yS5++fYcPH3EvWwQAAAAAAI+4RzQUeD09u6Kiys3VtVt6azYaKypruqUrALivjh879te//NloNI4bP+Hr33jNy8srLn5sYuKFyoqKv//trxaLZdHiJfaWQoiQkBD7c5ubm+VCYuKFd97+h2O3KVcuywWbzaYond1myM/Pkwv2gF3njEbjhvXr5Jfv48eO+973f2AwGKxW67qP1n68cYNjyytXLm/csH7Nk0/JH48cPlxTUzNmzJjO+y8rKwt22Md2PfX0M63W7Ni+XQiRlJjIBW4AAAAAQEc8DcrnJirvHBfioZYLrG0Sv9lnfnOxwV3f9U4aWmy/3GNuahFCCEXYhFBemqh4GnpOmUAnPRbXVerr6243zhdCvPbN16Oiorq6x3enpaVFLjgTcAQAAAAAAI+1RzQUKIQgxgfgM6WivPy3v/11+vXrcfFjn376mQHR0XK9Xq9/440fvf6t14QQ/3zn7WvXrr76la95eHicOH5MCOHj62vvoamxUS401NcnXrjg2HlpaYlcaG5utl+Vrqmp2b1rZ2hoWHh4uJ+/n9lsPn/uXEV5uRDCz//OX2eXs/S+9OLzTU1NQojnnn9h9ZonhRDZWVm//tUv5Raj+vX75re+bTGbv/36N4UQaz/8IDw8YvKUKaqqfvDBe0KIoTHtf4s9MDBQLuzZsyt22DDnX0aTyfT+e+8WFxcJIbZt3TJ9+oyofv2cfzoAAAAA4DMlPlKTNVQ9dE2x2USnWa/7q6ja9s0NLa/P1Q8O7kptvyuF6l+OmJtahFCETRWKosyNEXGRn60ygY/LdZXa2tqc7Gz7j3PnzZ85a1Yn+5Wfdytl2HkY0Ulms1kuWK2EAgEAAAAA6OEe3VAgAPRI+fl5hw4eDAoK8vb2aWkxZmZkyPX19fUDBw763vd+EBgU1Oop/QcM+PkvfvmzN39iNptPnTx55vTpXr16GY1GIURjQ4Ph9oXmxqZbs+VOnzHza1//hmMP//m/f2/buiU8PMLVoQJrfX3d0SNH7Ne1HY0fP6GTXbDZbPZhNzU1aTSan7z505GjRudkZ7/77n8uJV+UX4h/9Stfmzptmmz2jde+9ec//VEI8bvf/jo5+WJ1dXV1VZWrq6ubm1u7m4js00cunDxxIvHChZCQEC9vb4PBxWAw6PU6jUajKIqiKOptLS2mpqbG6qpqGQe0k68SAAAAAAAdWTNKk11uzSl/yEX1mlrEWwnmSQM1z8TpfNycHUyt0bYu0XIy/XbAyyYURQwIsa0cqb2PY32oHuvrKk1NTV999RV7Mi8yMvLLr36lVZttW7ckJSb6B/h7eXnbbLazZ8/I9QEBAXfzOrXPbDLdWrg9BgAAAAAA0FMRCgSAB8rFxaWurnbvnt2OeTU3d7eofv2+2O9LHT1r+PAR/3j7n//9xg+Li4tUVZXzywghbtzIjB87Ti4bb09zYy+zZzd6zBiz2bx6zZMazSd1Anr3jnznX/++eTP/vXffvXD+nH29q6vrc8+/0NFIzGazvIwuf/Tz9//Nb3/XUN/wozd+eOXKZVkdcPHipVOnTdPrP5n3aNbs2apq/dtf/6Kq6sED+28N2Gi0WCw6XTtnomHDhg+Nibl29apslnf7a/HO0+v1b/7050OGDr3bJwIAAAAAPlM0ivjmTM0fDtnyKh72UIQ4laFeyDYtGaWdP1Tn2umF2yaT2H/dsiPZarJ8an3fIPH1aRpNz503+LG+ruLm5hY9cNDFpET7hQuttnV8c9z48YqinD9/7uiRI47re/XqfafX5s6amm8FH+3pQAAAAAAA0FNpffwiHvYYAMAp33rt5Yey3crKSiGEj69ft/Tm6ek5fvyEZctXlJQU27Nuy5avGDLkDvE1dw+PefMXGAyGtLRrcvZeIYTeYBg3frxcVq3WgoKCNWueXLR4Sas5ZUJDQ8fExbVbls/Hx2fK1KnHjx2rr68XQgwaPPg3v/mdj49PR8Mwm80fffShvFDeNyrqf37/R4PB5ZWXv+Du4bF8+Yqvf/21FStX9evXr+1F7f79B8yYOTMlJaWm5pPZ4WNiYkLDwtrd0LRp04ODg80Wi5ubm5urm4uri06r1el0Wq1WURTZv6IoNptNtpflA11cXMLDw+fOm//Gj34cEcEJDgAAAABwZ3qtMqmfUlxvK64RQoiHO5WwVRXXimy7UqwZ5TbVJqw2YbEJnUZRbaK62VZab0spUjckWf/vpOVqoc2qCqF8MuCx/cXXp2pcdN05+rramnssU8d1FTtFUcaPn3Dq5MmGhvofvvHfA6IHtm3j5eU1ePCQWbNmT58x48L5C42NDfKix5df/Yq3d4eXa5xUXla+b99eIUR4RMT0GTPusTcAAAAAANC5e7+uci+U3v3GPpQNA8Ddys8650Sr7peRkSGE6N0nqnu7NRqNL734vNFo/NrXvzFr9py7euLePbtPnz5VVlY2b978p5959t4Hc/nypX/87W+rVq92ZiRFRYVfffXLPr6+f/v72+7u7jIp6FgXsBM2my0p8cK6dR/dyMwUQkyeMuW73/vBvY8fAAAAAIB7tyfNtiXp1nfPHm400EmOg1wVp8wb3P0jvpmXI4QYOLCd+JqTuK7SSk1NTWpKyuQpU+7Y8szpU7/+1S81Gs3P3vrFsGHD732cpaUlX/riF0aPifvSK6+EhYXfe4cAAAAAAKAT935d5V4QCgTw2OhhoUAhRE52dkBgoLe3d7f3fL+Vlpa4uLj6+vp2uYeK8vLU1NQ+ffpE9evXrUMDAAAAAKDr8mps687bsspu/WizCaGIRy0c2GpUA0JsT8drIn3vyzAf2VDgY31dxUmqqm76eOPcefPv5QpM2z4dJ0EGAAAAAAD3z8MNBeoeylYBAEKIxzcPFxISeo89BAYFMU8NAAAAAOBR08dX+cFc5VKhLeGKLb/yES0WaB9VZIBYPFwZGfEZzXg9vtdVnKTRaNY8+VS399m9HQIAAAAAgEcToUAAAAAAAAAA+MTICGVkhNJgsl0rEZcLbSU1otEkjCZbY8vDDAl6uNjcDIq7QYT7imERSmyYcNc/kqFFAAAAAAAAPGyEAgEAAAAAAACgNU+DMjZSjI0keAcAAAAAAIDHDJMFAAAAAAAAAAAAAAAAAADQQxAKBAAAAAAAAAAAAAAAAACghyAUCAAAAAAAAAAAAAAAAABAD0EoEAAAAAAAAAAAAAAAAACAHoJQIAAAAAAAAAAAAAAAAAAAPQShQAAAAAAAAAAAAAAAAAAAeghCgQAAAAAAAAAAAAAAAAAA9BCEAgEAAAAAAAAAAAAAAAAA6CEIBQIAAAAAAAAAAAAAAAAA0EMQCgQAAAAAAAAAAAAAAAAAoIcgFAgAAAAAAAAAAAAAAAAAQA9BKBAAAAAAAAAAAAAAAAAAgB6CUCAAAAAAAAAAAAAAAAAAAD0EoUAAAAAAAAAAAAAAAAAAAHoIQoEAAAAAAAAAAAAAAAAAAPQQhAIBAAAAAAAAAAAAAAAAAOghCAUCAAAAAAAAAAAAAAAAANBDEAoEAAAAAAAAAAAAAAAAAKCHIBQIAAAAAAAAAAAAAAAAAEAPQSgQAAAAAAAAAAAAAAAAAIAeglAgAAAAAAAAAAAAAAAAAAA9BKFAAAAAAAAAAAAAAAAAAAB6CEKBAAAAAAAAAAAAAAAAAAD0EIQCAQAAAAAAAAAAAAAAAADoIQgFAgAAAAAAAAAAAAAAAADQQxAKBAAAAAAAAAAAAAAAAACghyAUCAAAAAAAAAAAAAAAAABAD0EoEAAAAAAAAAAAAAAAAACAHkL3sAcAAI+Hm3k5D3sIAAAAAAAAAAAAAAAAwB0QCgQAAAAAAAAA3Ed82RIAAAAAAOBBIhQIAE4JCOr1sIcAAAAAAADwQFWWFzzsIQAAAAAAAOCuEQoEAAAAAAAAANxHvftEPewhAAAAAAAAPFAPd+YEQoEAcBe8PfUPewgA7lpdg5n3L+4f/sAAoF0cHgHgcSeP5AAAAAAAAHgcaR72AAAAAAAAAAAAAAAAAAAAQPcgFAgAAAAAAAAAAAAAAAAAQA9BKBAAAAAAAAAAAAAAAAAAgB6CUCAAAAAAAAAAAAAAAAAAAD0EoUAAAAAAAAAAAAAAAAAAAHoIQoEAAAAAAAAAAAAAAAAAAPQQhAIBAAAAAAAAAAAAAAAAAOghCAUCAAAAAAAAAAAAAAAAANBDEAoEAAAAAAAAAAAAAAAAAKCHIBQIAAAAAAAAAAAAAAAAAEAPQSgQAAAAAAAAAAAAAAAAAIAeglAgAAAAAAAAAAAAAAAAAAA9BKFAAAAAAAAAAAAAAAAAAAB6CEKBAAAAAAAAAAAAAAAAAAD0EIQCAQAAAAAAAAAAAAAAAADoIQgFAgAAAAAAAAAAAAAAAADQQxAKBAAAAAAAAAAAAAAAAACghyAUCAAAAAAAAAAAAAAAAABAD0EoEAAAAAAAAAAAAAAAAACAHoJQIAAAAAAAAAAAAAAAAAAAPQShQAAAAAAAAAAAAAAAAAAAeghCgQAAAAAAAAAAAAAAAAAA9BCEAgEAAAAAAAAAAAAAAAAA6CEIBQIAAAAAAAAAAAAAAAAA0EMQCgQAAAAAAAAAAAAAAAAAoIcgFAgAAAAAAAAAAAAAAAAAQA9BKBAAAAAAAAAAAAAAAAAAgB6CUCAAAAAAAAAAAAAAAAAAAD0EoUAAAAAAAAAAAAAAAAAAAHoIQoEAAAAAAAAAAAAAAAAAAPQQhAIB4JFjMplMJlO3dJWTm3+zoKhbunJkNBotFsu99FBTW2ez2bpvRADQwzU1N6uq+rBH4ZTq6pqHPQQAuCf3+EG3XUajsdv7lGw2W1FxyX3qvBt11z84AAAAAAAAAABnaH38Ih72GADAKd967eWHst3KykohhLuHtxDCxaB9AFtMvXp9R8LehobGsNBgnU53L13l5eUfPnIi7XpGcHCQl6dnd41w0+Ydp89eqKmpDQwMcHFx6UIPm7cmnDmb2NDQ0KtXuEbjbEK9uqbW2Gx0c3PtwhbxWdZiUu/f+3fjx9uKikv8/f3cXD/5y/xg7ca8/Jt6vd7Pz/d+bFSy2WyXr6SGhobcv03AGff1D8zu6LFTx46f9vX1ufc/KlVV12/YYjAYAgP8u2l0n/LR+s3Jl1JsNltwUKDzR/i7papqdk6e/928GhmZWc3GFm9vr1brS8vKKyurfH18unuM7cjNu+ni4qLX39PJHXhcPJjDY17+zby8m4EB/t11wKmtrXvvg/UlJWVhoSFd+6Dbrv+8t+5i8pX6+vqgoECDQd9d3Qoh8vILdu7an5ubHxoa4u7m1o09d9n+A0eupFwLDQ1x/HT0n/c+Sk+/4eLiEtCls09efoGPt5eiKO0+ajabky5eDg0L0XTQAEDXyCN5c1OdECIgIKDL/cjrKj6+ft06OgAAAAAAgEddXW3NPV5XuReEAgE8NnpGKDDtesahQ8eio/vrdJ90parq+x9uKC0t6xfVR1GUurr6nJy8isqqjMyskSNi7W3Kyis8PTzuanOhoSFlZeUVFVXX0zNNJlNk7173OH4hxI2snKvX0oUQVVXVKanXYoYO1uvv+r6mj49XRmZWRUWV2WyOjHRqVEZjy4aNW9Oupw8ZPIg4Be7KfQ0lXEhMLiuvuJ6eOWb0CIeVF2tq6vLzb8bGDtVqb223pqY2Jzc/KLDbPvPtP3AkJTWtpaXFyTcR7pMHk3o5fz6psakpKyvnZkHhkMED76WrS5dTb2Tl5OTmZ2XnDh0yqKOARZddvpLa0mIqLCqura3r3z+qCz1UVdds3prg7+/fNsBnt2//4aSLlysqKvv36+vMLlRWVe/ctS8j40ZYWGirbq9cuXby1NnUq2menh4B/ne+V71z1z6L1RoUFOj0Dt1SXlG5I2FPdnZubMyQbn/ZgUfQgzk8XruWnph06WLylbKy8ugB/e79zbV7z4HGxqa6+vqU1GsR4WFeXt3zvRqLxVpYVFxRUXUjK2fE8Nhu6VM6dz6puqa2qbn56rXrXl6egU5/0qiqrlEUxZnvIFVWVe/ec6BfVF8nv7CUeSO7oLAo9Wqaq6tLSHCQLBOYmHTZ2NKSk5N3V4OUVFXdtHnHpcupHh7u7SbaT5w8cyXlWkpqWmCAv4+P9111DqAThAIBAAAAAADuxcMNBRKqAIAHrbqm9t331zmWuzObLSaTKTsn7+PNO55cvcweIVqyaL69zYXE5IvJV+bMnj7gLgMW06dNfv/DDUKIKynXhg+Lucf7mqqqHj12Si7fGufd3HhNz8iy2dTBg6Lt8cTy8kr7o/k3C69fz3B1dTUY9DJ/Xe0AACAASURBVG1v6N64kW02m4UQW7YmPPvM6nvZC6AbabQaIcS4sWM+tVKjEUJMmjjOcDsya7FYtm3f3Ww0urq6RvWNtLesrKq+fDnV1dVFq9XeVYmj6uqa7Jw8IURKalpgYMDgQdHdt094FNXVN8iFey/7ejH5ilzoFdFOrdac3Pzy8oqx8aO73L88gOt0uokTx3atB6vVWl/fkLBzr5eXZ7sBFFVVa2vrZOG9tes2Pf/sms47NBpbtm3fLZd37d7/pS++4HiWkUFzo7GlpqbWmeH17t3r2PHTaWkZy5Y+odVqLRZL8qUUFxfDHbMyp89ckL/K3XsOLlo415ltAbgjg8EgF8rKK+49EZifX1BaVm7/sQufnDMyswZG92+7Pj5uZErqVbPZYjS2tH20oLD4wMEja1Yt8/Bwd1yfk5vv5eXpGIOrqaltMZlk0u7WmG8WyoWRI4bd1X8KSUmXsrJz48aMjI0Z3MlneqvVun3H7pYW00frN61eudSZ10SeXAwGQ5/I3nJNcUmZXIgZOrgLH1o0Gs3sWdP27jt0+MiJrKyc+fNmOZ6/amvr0q5nyujh7r0HX3n5RYLXAAAAAAAAAEAoEAAeKBmk02g0I4bH2Fc2NxuTL6UIIWSlMXmLS6/X2eeItDc4cPCoEOKu7vZ5eLh7eXnW1zcIIZqNxla38SwWy13NUHzs+GmZzAsNCV74xJz/vLdu2/bdTz+5wskbbxkZN1TV2rtXhBAiOCiwvKJy2LChjY1NQojTZ87fyMqR++7p6eFiMJRXVMrXQU7p6OLiEuTiIuMmRqPR1ZVJhPFAVVXXXLmS6ubm7uLyqdKYzc1GIURBQaGqWu0rW1pMQoi8vJstLbdu/GdmZjcbjUKIvfsOrVm1LCDgVpEMH2+v/PyCZqNRp9M5FhB1hquri71zQoE9W2lZuaqqQohBA/vPnDH1XrpKvpRiMpmEEIEB/gEBfmnXMxwfbWpqPn/hohCivr5h1swubkgeyX19vO+2uq2dPRzv6+MTHNx+Qb7MG9l1dfVCCMdkTLssFsvHm7fLvR40cMDkSeNanbPkgN3cXOPjRjkzvBHDY9LS0svKKzZvSVizeplOp8vPLygrr9DpdI5TghqNLfK35u5+azZPvV4nA4hV1dWNjU2toj8AusZ+xJg0cdy993b4yAm50CsivKy8YnvCnmeeWnlXqf1Dh4+fO580f96sVrWBNRrNxAljz51PGhs/ptVTamvrdu3er6rq5q0Jzz69yr5HQojMzKys7NyB0f1HjhymKIpNtW1P2N3SYuoX1WfG9MkGg6G0rNxiscgP5xPGx7Udj6qqHY1fq9XabLYLickXEpOd2bWWFtPmrQmfe+HpO7aUuxAUGGCvzFpSUioX4uJGOrOttqL6Rkb1jczJzc/LL9i779ATC+bYHzp05Lhc8PBwX7JoPolAAAAAAAAAACAUCAAPmrxDptfrHGcNq6mtk5m/jtJ+x0+cttlsQgi9Xm+1WtttI6sJtrSYJk6Ib3XnLzwsNL3+hpeXZ/Cn5zo8fuLM9fTMhU/MiQgPc2bw6Rk3rqdnytDekiULtBrNmNEjLiQmHzh4dO6cGXd8ek1NbUFhkRBCVi6UZMzRTlXVVSuXyHuof3/7P0KIyZPGk3bCo8DbyzMnN99obHF3d3OM0srQT3FJWXWbGmOFRSWVVdWf9HD7vnh2Tq49FKjT6Z57drWi0WjvJnCAnq2isqrV3IhXr16XMbuOEoE1tXVeXp53/Csymc0y8yefcu58kuOjVqsqk3Oy0tWQwQPDw0O7MP47DiP1apq7u3u/qD4dNdDdDsQMGBDV0SnAZDKlpKZpNJrOT0Amk+njTdsbGhp1Ot28OTPanWu73bhM8qWU5EtXnntmtb0ImaO4uFEHDh6trKq+np45eFD08mULVVVtFbLfvedAXn6BECIsNMSZsySArrG/he8quteu02fOywS/l5fnwifmFBWXJuzc2yp/5oyGhsZNm3d09OjxE6ePnzjd7kONjU1nzyU6phvl/w4ZmVkZmVmOLbNz8kJDQ0YMj0lLu5XtnjZtUtsOTWbz2o8+Hjpk8Lix7dR/tR+1Xnrxmc6DdAm79paXV2o0mtmzprfboLa2znHS3ra/i/z8AiGEn6+Pu5tb26cbjS03srJjY4Z0MgYhxMQJY3Ny84UQefkFJpNJHp/zbxaWlpYLISJ7RyyYP1tuWlVVRVFIBwIAAAAAAAD4LCMUCAAPzcebtnt4uI8f3zrD10pRUYmcJLR3r4gnFszupHF9fYPM7TlOTirn/PLwcA8OCjx0+Lh9pcVikd3uSNg7ccJYx8qF7aqorJKlU/R63coVi2XmY8zoEdfS0rOyc3ck7Fn4xFzHuiatVNfUypujQ4cM6t8/aveeA7NmTu1zO5xx9Vr66TPnhRB+fr6yxJoMpiiKEt3e/GvAg6fT6V58/in7G7CyqtrTw8PFxfDPf39gsVjixox0fBO9/c/3VFUdGz8qPDxMq9H4+vp03rNc6KSWTyvOt8TjaPOWhPCw0HnzZtqnn87OyVMUZfHi+e22b2pq3vjxNi9Pj1Url+j1+nbbSIcOHVNV1d3dTaPRmM3m1SuX2ovV2Wy2DRu3ymOvh4f7jOlTupYIFEKITkMYObn5J06eFUI4lsy8T+rrGzZvSWg2GkNCghYumCvHZVXV3Nx8T08P+zmrurpGvq0qKqvkmoqKyrPnEoUQW7buXLN6Wdu3m/08K6sVajSaVm1MJpNMBAohgoLaL3YIoFtoNN0T/LpZUHT5ylV5Xl6+dKFGo+kVEdYvqk92Tt6WbTuXLJrvZHVtjUajquqM6ZN7RYS3eujU6XO+vr5DhwzsJKxmry0qabUaIYSbq+vnXrxVn09+bWZY7FD5wSM3N19W4Dbo9Q0Nja1627XngNHYcjH5sp+fT9tJjWXnjrWHO6LX6YQQLi6GXhHtf5Vo89YErVY7YXy83Erb/ZNfk4iNHdru07ft2F1dXaPX6wcNHNDJMLy9vUJCgkpLy3U6nT2xfeToCfmP0sInPpmWffOWBFdX18WL5nW+XwAAAAAAAADQgz2WoUCNVuPp7u7h6WY2WY0txqZmo2pVH/agAOCutZhMFZVVefkFT65Z3lGbxsamnbv3CyEGRve/40yO8lal2WxubGwSn74V5+vrY7w9jWlbckbgTjQ2Nm3bvlsmAlevXGqv8KEoyvKlCz9av7mwqGTtuk0rli3y9Gx/ssijR0/Kqc2GDRt67Pgpq9W6/8CRObOnD+gf1dTUfPrMeW8vz4VPzK2uqb18OSU4OLC2rl4I0btXuL3i1L79hwcM6Ne/X9/OhwrcP46hn6SkS9k5ecNih8gwq6KIlNRr9kdtNpusl7N9x26TyTx71jRnZv3esHFr//5RY+PbqeXjqK6ufv3GrTFDB3XLPIl4BGk0moLCovfeXx8WGiKEsFotZrNZr9cdPXqq3fYVFZVWq7Wmtm7dhi3PPrO6o0J9GZlZuXk3dTrdyuWLrVbrR+s3r9+49cnVyzw9PWw2267d+2W1y8AA/xXLF3UU8q6prTt8+LiLi6GT9KGcFL62rm7/gSNtH83KzpULW7fveuG5Ne3W4esWhUXFO3ftVxRlyuTxsvrU+x9uMOj18+fNOnHijCwGJnM5shZvS4vJsbKXfKimtq60rFz+IhxptVofH+/GxqaO8isyWiSEiBszctTIYfdpHwF0l+Zm4569B+XyksXz7YHpmTOmyEJ0H679ePmyhY7F8Doijx7u7u6tPhXX1zdk5+QJkXf1WtrnP/ds2ye2m/hXlPYP6TJUXVZeIY9mZeUVH6zd2MmoDh850TYU2I00Gk1TU/Ohw8f9/f1aFbsVQhSXlMojbUbGjays7FaPNjY119bWyUH6+/vZp12uqKwy6PXu7m6OGcqJ48duT9gzYXycrJ5+JeVaU1NzaEjw/Hkz7fXUj584I0Pe584njRvberJmAAAAAAAAAPiMeJxCgSHBgdHRfQb0iwwI8HO8KGyxWAqLSnLzitKuZzU0ND3UMQLAXZC3/WJjhnRU8UtV1W07dlut1mGxQydPunP6x14oZUkH1aRa+fd/1ppMJn9/v7gxIztpVl/fsHHTdrPZ7OJiWLN6mafHp25wenl5Lpg/e9fu/Y2NTR+s3Tho4IDx4+Ja1TgRQgQE+JeWlQ+LHaLTaktKyoQQfSJ7ybkj065nCCFWLF/s5uZaUlqWf7Pw/Q/W9+4VIZ+YdPGyLOOUnZOXnZM3fNhQglB4FGi1WpvNlpKa5uHhbjab7QEgycPD3Wq1XrqcKitfHjh4NCgw4I5JAlVVky5evpGV03nLkpIyq9V6JeVaWVnF8mULu2mH8AiRJwWNRuPiIgNzhs5DpXq9rtkohBAuLi6q1dpuKLC2tu7wkRNarXbVyiUypzJt6sRjx0+v37h1xfJFhw4dk/mJ0NDgpYsXdFKH0tfHW6/XV1RW+fp4u7i0riwlZ3WUzGZLVnZuq8q1jjX2FEVpbGq+T6FAVVV37zk4eFD0pIljZWI+PeNGY2NToxCbtux45qlVVqvVy8tTNk6+lHL2XKKbm+vnXnja+U08tWZ5Ry+U2Wy+mHxFniLj40Z10z4BuKWmptZgMLT9tNllVqt12/ZdVqtVUZSlSxaEBAfZH9Lr9StXLN60eUez0bhuw5bx48aMHNHFmO+FxFuzt48YHtv20d17DtTVNzy5etldzXh74sQZIcT4cXEVFZU3snIURXn5iy+02/J+T6Mrj7Qjhse2TQQKIeQcxxqNJvB24E8IUVZWXl5RKYQYNLC/vaqi2XTrq0qqqu7cta9Znt7aOHHyrCw6K5WUlv3z3x+0bXYx+Uq/fn2DHDYKAAAAAAAAAJ8dj0coMCjQb+qUsVF9e7X7qE6n6xPZq09kr0kTRqdcTT93/grRQACPBY2iyPBQRw0OHjpWV1cfN2ak05GC7r/fV1NT+/HmHRaLxc3N9cnVy93cXNu2iewdMXvWtEOHj9tstvSMG+kZN/r26d23b2REeJi3t5dsM3XKhKlTJggh7IWjCgqL/+/dtTI4IoRYv3HL00+uvF3s0FJcUurm5lpeUSlvFso2QoiU1LRxY8c4OX0bcP/IP0J/P981q5d10mz9xq3V1TVDhwxypraQrM3W3Gz0vp1Vapder5NzvOr1vBF6Jpnq8/PzmTN7ujPtU6+myWzEnNnT2y3gZzKZNm9NMBj0q1YssR+Whw4Z1NTUfCExecPGrXLN4EHRM6ZPvuPmOpqNsaq6xjEU6OHh3tjYNHxYTNenIRbiyNGTR46e7MITNRrNy1943v6jzWY7dfqcTCLOnzfb+SyR1WrtqGhiSWnZwUPHli9d6NXmDXvi5FlVVYUQjrOKA+gu+w8cqaquGTd2TNsynCaTaeOm7TNnTAkPc/bIY7FYPt60vaa2ThbADgkJatXA38931colm7ckWCyWM2cTLyZfmTxp/B2r7hUXlxQUFLq4uNg/tWZk3qqQp9PpWn2XoLS0TE44vnffoQXzZzs58oqKyrLyiqDAgFEjhx06fFyu7KhY7P0mt2swtF9EVtaItdls8t8B6fKVVPk5f+aMdqqhazSalcsXZ2RmBQUGeHt72Sckzs8v8PXx9nb4WNXJgVoRwpkPYAAAAAAAAADQIz3q95IVRZk6OW7M6FhZh6Oisjo7Oz8vv6i2rqGhoUmn1Xh6efj5+kRFRfSPivTwcB81ImbooAH7Dp7MyMx92GMXikZjU7t/XuP71C2AB0/evuqoHIjZbMnOyZs3d6Ysp/dQVFRUbtm2y2q1hoYEL1w419DBZJGJSZcuJCZPmzrx/PmLcgqz3LybuXk35f281auW+vv5ypYmk0neFBw9aoSvr48QIiXlqrwdqAhFtX0yadrnXnjabDabTGYZmiwtLd+ybacQYsXyRSQC8eiorKp+51/vd9JAzmTXyUSrbYWHhXQeCDh7LjH5UoqiKIsWtp/NAlrZsm2Xl6fn0iULHMvy2Ww21eEjpaIoISFBVlXtcqDk1KlzMuzi5uZaX9/g5uqq1WqPnzzz1JrlXR752PjR/TqYNT4xMflGVo6T/SQmXZJlO5+YP7tXRJiTzzIaWz786OMxo0fI4JHRaNy4abtBr5enqqrqGpvNtuHjbc8/u+Z2TUchZxxOz7ghl0+eOqfX6wcNHHBXpb8AdKKquqayqlqeDYuLS55YMMfxUYPB4O/nu33HHie/VGM2mzdu2l5XV6/VapctfSI4KLBtG1VV9+075OXl2djYZDKZWlpMhw4fP33mfGTvXlFRfSJ7R7SbSHN3dzt56pwQws3VVaPVyHnVZWD68pXUtu3lJ97KqmqjscXVtXUd1nadOHlWo9EsfGKuM43vN6Xjc0f+zUKLxRIeFlJUXNrQ2GgvOt7Y2GwvjtsuLy/PMaNHOK7Jzbt56vQ5RVEWzJ/dJ/LWt0b/895HOp1u8KDo2Jgh7X5/CQAAAAAAAAA+mx7pXIWri2HRwhl9+/QSQpSUlp84mZiXX+TYwGIRxhZTRUV15o1cRTk9LHbghPGjvDw9liyalXz56qHDZzvuuxuMHj1q3MSx/3z735bb9ata+de7b9/ML3j3X+/m5ubdsbeVq1fqddpNm7Z01Jvdq195OXrwwN//+vcFBUWdtwTwiNPqtPZoYLueWrNcJufsiktKjx07tWrlkm4MxnWUM7aXnho3doxOpz18+LjBYGg7WpPJJGMZx0+cWbVySUbGDXvtE71eP3fODHsiUN68lHdJx4wertPpamrrDh+plLUGF8yfrdFoHGMTadczT50+5+fnOzZ+tIf7rXqK92miSaBr3FxdZ85sp7yN3dFjJxsbm8xm0wMcFNDahPHx9vCElJ9fcOjIcaOxRQjh5+tT39BosViOHT99/MSZyN4Rw4fHOp+ck+rq6gsKi2SML/Vqmlw5eFD0+QsX828WRvaO6NrIPTzc/T59HrRzPvlhNBrlTPQjhseUlpWXlpXrdDrHkF52dq7M4l+6nOL4xKvX0s1m89lziQEB/pG9I1xdXWNjhpSWlgUGBtTU1MpYkkajmEwmx1Dg3r0HHTvp26f3P955d2B0/4kTxpJWAe7duXOJckGr1Y4dO6ZtgwXzZ2/avCMx6VJe3s3Fi+Y7vj1baWhs3LJ1p4zrDYzuX1BQVFRU3LZZVlZuTW2dEKJ3rwir1VJUXCrL+sry2AaD4QsvPdv2WT4+Pl/4/HPyGzVGY8u776+z2WwDo/vPmjn1RlZOv6g+nYThnFFdXVNSWjZ3zoxODiw1tXU7EvYsXbzgQVTLs9lk3LztI5cvpwohZs2c9sHajUVFJfYii83NzUKITn5BrRSXlO7Ze1BuZfeeA889s1oWan1y9fKDh44mJl1KTLoUER46blyc4wTQAAAAAAAAAPCZ9eiGAnVa7aoV80NDg2w228nTSefOX+68vc1mu5KSnnY9a8G8qQOjo0aNiFGttiPHzt2/EU6bNXVM3Jj4cfFr3//o0IHDbRtoNJoB0f3f+s3PkxKT/vi7P3Xe2+y5M728vRYsWnBw/8EP3lvbScvg0NCgoKBf/c+vPnhv7f49++95PwA8NDqtTgih07UfCtTrda0SgXV19TsS9qqqum377lUrl3TXMNQ2d++sqrp//+HcvJvu7m4L5s8ODgqsqq45f+GiTqfz9vbSajRms0WW93Nzc/Xz9QkPC5FPLC+vmDhh7OhRw8+dT8rOyRs/Ls4xCFJeUZmRmaUoSnOz8Z///sDf36+5qVkI4efn226NE3mvtLq65tq16/Fxo7trf4FucavEmiLq6uo7aSYrBcoSZd2r3fvuQLscE4ENjY0HDx4rLimVccBp0yaFhYbIOTFTr6bZbLa8/IK8/AKNRuPm5uru7ubt5eXt7eXt7dW7V0TbeXLtjp84I7MdI4bH2EOBsTFDzl+4eOjwseeeWX1X9TK7l5zdXlGU+LhRyZdSki5ednd3a5Wtl7MqX72W3uq5cn15eYU8nY0eNVyu3/DxNnkSfP65Jx1rK549l1hdU6vX6wYPik5JTRNCuLq6xseNupCYnJGZNWJ47ITxcVQNBLrMaGyRtaiFEKtWLnH85omdoijLly38aP3m8orKD9ZuWLliSbvZ4vybhXv2HlRVdUD/qJCQoFOnz9sDaqqqms0WmTuUH9Tl+oqKylWrluTnFxw/cUaehePGjBw6ZFCrnuVDGo3GXmP7xMkzNptNo9FMmTJBVdUDB49qtdqhQwZOmjjOyQNCs9G4bv1mxzVXUq7179e3f5taqvYSsCaTacvWhJYW0+atCc8+vbrz7J08KXQ6gBZnxtlWU1NzQWHRwOj+np4erq4u+fkF9lBgfX2DEMJeOLBzlZXV23fskcve3l5zZk+3n5Lc3d2WLF6Qk5t/6PDxwqKSLVt3+vh4z5g+OSw0pGtjBgAAAAAAAICe4dENBc6dOzk0NMhqVXfuPpx5486V9iSz2bJj5+Gpk+PGxo8YMzq2tq7+YvK1+zTC/v37y5pVq9asbDcUaLVa9Xq9xWI5d/oO2UQ3dzcvby9ZNszF5dZUQXHxoy9dutK2cGBISLAQoq6uLvXTtUwAPIZsQgit9pND8bvvrRNCtJhM8oAmf7RrMZnkfb7yispjx09Pmzqxo36PHjvlzObNZrMQwvTpuFJzs3HDx1vNZsuUyeNjY4bIlf5+vl/8/PP2NkZjy3/e+0gIMWJ4rJxU0ZGrq+u0qZOmTZ3Uav2+/Yc1Gs2a1cu8PD1SUtPO3i70Imy2gsLitlWptNpbMYtZM6d1nrsCHjz59mluNiYmJsu79XK9m+unCvbISmz2AF9lVXWAv1+HnRIVwv1UXFKanHwlL79ACOHt5TllysTI3hG79xw4bzaPHx8/ZfL4UaOGHTlyUhb8U1W1sbGpsbGpvLxSPt0xgdFKXn7BzYJCIcTUKZ86Mbm4GAYPir6enrkjYe/KFYsfyF62lpWdm3+zUOaErFbr2PjRcWNGdlSg6+q19MtXUkeOiB08KLqTIl45uflVVdVCiMUL5zsmAotLSpMvpQghlixekHc7tyRjQ1qt9uy5xMtXUjNvZC1eNL/dJBOAO0q6eEkuTJwwtpP3kU6nW71y6dp1m8xm88ebtq9YtjAwMMCxQWLSpQuJyTqdbuaMKdED+gkhBkYPsE/aW1BYnLBzrxAiPm5U2w+6Q4cMiurb58zZC6GhwW0TgfaTvu52de2a2jpZVHvC+Dh7TNBqtWZkZk2cMFaGAm9k5UT2juikHrZOpxs0KFounzufJMtsz2pTq9hms739z/darWxpMR05emL+vFkddS6E2LZ9dyeP3osLiRcNBoP8t8XHx1ueLKS6+nohRGho8B07qaur37w1wR7EbHdi6Ki+kS997plDh45lZefW1tZt2767T2SveXNndlKUHQAAAAAAAAB6tkc0FDgsZuDQwQOEEAcPn3I+EWh3/GSip6f70CHRUyePzckpqK6p6/YRurm5+vr5CiGam5pf/8a3221jU21CiBuZWadP3WEi48mTb0Vn8vNu/uud/5PLy1cuf/Xrr/71f/928WKyvaXBYJDxwa2btsq5jXR63S9/89bf//J2TnZO9+0fgAdB1iBxrBQYHz9aViRKu56h0Wji40dnZeWUlZdPGD+21XPbnQXMXhqkurrGmQHIW2s28al6YwaDfvSo4bExQ7o2qdn19Myki5efXL2sVRGmi8lX6usbli9dKIu1FBeXfFILsKY2Yedef3+/uXNmtB2eoihubq6EAvGokcX/Ro4YNmF8XNr1DJnEnTF98uDb9+ylnbv22WxCZmTTM24cPnKibRs7OZd3WXmFvN/fkdzcfLlgNLbYEwzoeRoaGlNSnfpyS1FRSSePNjcbr6Rcu5Z23WhsURQlJCRoxPBYe3GplhZTSWnZlq0758yePqB/1OJF84zGlozMrBtZ2aWl5bKNl5fnU2uWdzRtvcViOXDwqKxHOKB/VKtHJ4yPv56eWVZecfLU2cmTxju367fOj0KI0tJyby+vdtvIElOdMxpbDh0+bt8LV1dX+6mnXapqra2tO3b8dEFBkTwllZaWh4R8ahpKm8127NgpIcSA/lHNRmNlZXVAgJ98JXft3i+EmD5tUnBQoGMoUAgxauQwjUZz+sz5pqbmjzdtf/bpVZ6eThXHAmCnqqos5xkaEjxieEznjd3cXFcsX7Rh41ar1bppS8LSJQvsdeN27zmQl18waOCAqVMm2I9sTp5PVVWtqKwKDgqcOWNK5y21Oq0sv7133yE5GfrwYZ8a85zZM+ThKCc3/8DBo35+vmtWLe3oAKXX6eyVSuWHhKioPu3G3V584am2K106jhtKr77yUucNtu/YLedNvitWqzU9I2vRE3Pl6xweFlpaWl5f3yAj5k1NzUKIsLDQzjvJyc3ff+CIqqpurq6LFs0LDPDvqKVWo5k7Z8aFxOTEpEsysH7i5Jnp0ybf7bABAAAAAAAAoGd4FEOBOp1u0qQxQogrKddTUjO61sn+A6eCAv2DggJmzpiweeu+7h6jmDlrplzYsG5Dc7Ox3TaqTXWyt/hxcXLh3X+/K4SYM3f2gf0Hf/nzX//tnb+8/v1v/e3//T0kJLi5ubmutm5A9ADZsqmpedz4eCHE4mWLwyPC3/jxD77+6msdjQTAo8Nk+qQsn6w05uHubl8TM3SQECIn1y3teoZWq4kZOsjd3W3vvkPRA6I6qR1iZ7xdq2z5soXODGbP3oM6nW7MmJGOK7Vabat7ls7Lyy84cvSkEGLrtl2rVy11fKi52Th/7kxZC2TvvkN5+QV6vW7VyqWuLobdew6WlpVXVVV/vGm74x1Wi0WGJh/FUxU+aywWy+UrV11cDC4uLrKoj5eXZ2zMkKCggIzMrGPHT8vSazqdTlYDshs8eKAQoqCwqKXFdPzEaSHEkaMn/fx8Q4KD2m5FzuXd3Gy8np7ZyWBkHlFRlI4mH0fP0NTUfDH5MNHnUQAAIABJREFUijMtO/oEWF1dc/jIibLyCg8P935RfaMH9AsPb529kLEVXx/vflF95BpXV5fhw4YOHzbUqqrvf7De3d190sRxnRyKjx47ZTabXVwMrYLd9t7GjR1z7nxSSmqai4tLu+Wd2mpsbJQL19LS0663/++AMzNob0/YY7Vaw8NCnMyy2E+106dNksmbi8lX5s2daX9xhBAXEpNlZdCIiDBZS2zunBlRfSM3b00wmy1DhwwaMnhgu52PGB6TeSOrvLxSVdWjx04tWjjXmSEBsLt85arVatXpdE8smONMe38/31EjhyVfSrHZbNu27161cklQYIAQol+/vuPHx3etYOfOXfsLi4pXr1zSqvSgI3l00ut0Qohdu/bL7+p4eXmePnPesdm1a9dv3iyw2YTMf1dX1+zbf3jB/NldGJWdoijubm730kP3slgsEyfE20894eFhyZdSrqRcmzRxbHlFpXyhIsJbFwt3dOz46Wtp6UIIvV7/3LOr7/h/QVZ2bmNj04zpk+W/JFnZeYQCAQAAAAAAAHxmPYpJi7gxsZ4e7iaT6cTpzsrkdM5itR4/mbhy+byovr16R4TeLOysgEoXTJw8QQZ6Dh04Itf4+fv9/Jc//fMf/1/G7Rv5ztyqlKL6RQkhqiqrM9Izv/jlL0yfMS2qX993/vGva9fShg2Pfea5pxsbmyJ6hTs+5ctffcW+rKqqwcVlzrw5O7YldN8uArgvWlpaPlk2mYQQnp4eFqu1o/YREWHyJqgzQYrm5mbHTMMddX7fMfVq2omTZxVFaVuzxH58O3su8ULiJ9VMrbd3pKKyqtUEx5Mm3ip2uG//4ZzcfBcXw5rVyzw9PIQQI0bE5ubmZ2RmWa3WYofchqwUpdd/6lTl/KEV6EZarTbzRnZ1dU2rKF7a9Qz5Z68oSmNT89FjJ+V6m+1WqtXxD9i+fPlyarvxKRkUHjI4uu3s23ZHj52sr2+UQSsisz1bcHDgimWLnGkpD9dt1ysaTWhocHz8aB9vL3kkb1tdz2qxCiE0Wm1jY1Orhw4dPm40tphM5k5q2uXnF2TeyBZCLF40v6M/yNGjhldUVGZl5yYmXSosLF60cO4d/3SbmpvlwqKF83p/+jOw3clTZ1NS0zrp5NjxU1VV1fPmzqysrLKHAs+dT2ppMel0WkVppxxXZeWtuZIvJF6yWMzX0jLkaevJNctlfqixsSnp4mVZbtD+ml+8eDk19Vptbd2I4bETJ8R3MqTZM6et27BFCFFRUdn5KwCgleqa2rPnEoUQ8+bMcHFx9rPu+HFxGZlZ8viWsHPvi88/pdVqZb3equqaq1ev6/W6tvX2ampq5cKNG9nybC6VlZUXFhULIbbt2P3cM2vaLS5or9stj5xTp05cv2GLoiiqVS3+dDq5qqq6oaFRCBF0O19oL5LavVRV7Vr97y6rq6svKSkTQri4uMTGDLGv790rXFGUa2npkyaOzczMkpH0jmo0NjY27UjYU1NbF+Dv5+vrk5Wd++77633bq5XuqLyiUghRWlY+f96s4ydOh9+pDCEAAAAAAAAA9GCP4r3kmKEDhBAXL11rbrqnunc5uQWFRSUR4aFDhvbv3lCgXq/v3ae3EMJitrz2+jfkysFDBnl6eb7x4x++9eYvqmtqKsornOzN19fXzd1NCOEf4Pev996R85pNnTE1M+PGpYuXhg2P1Rv0P/7mm716ReTm5P7rvXf0ev36D9fvTNjdjXsE4IGRJb4kWdvJw8O99vbcuC0tpla3OQ16vZur66XLqSNHxOr1+s47bza2OD/92R3FxgxpbjYqihLg76c3GOyT+cpo4/4DR4QQ/fv1HTp0cLtP92oTIjGZTAk795WVVwghRo6Izc8vkNmpEyfP2Gy2mKGDXVwMbg7VTUwms3wFHDuxdhygBO4fRVFWrVhsNlvc3FztK81m88ZN2+vq6vV6/YL5s3Yk7A0OCpkwIV5WAdyRsKewqCQ8LHT69MlOlu0JDQmWRwar1drunICqql5Pv2Gz2dzcXB3LjgLt8vXxdnV1lXPadq6qqvrDjz5u9yFVVffuPfjUkyvaPlRdU7t770EhxORJ44I6LppltVotFouXl2d9fUNxSen7H25Y+MTcdotl2tkTikGBHU4T2bmy8orr6TeWLX0iLDSksrLKvt7Ly/Ni8mlvL0+tVqu0ScnYg/s3CwoVRfH395M/VlVVy1Cgqqr9ovrodLpZM6eWV1Ru2rxDCBEQ4JeekTV50rhhsUM7H5Wvr8/A6P4ZmVnMHQzcFVVVZWHOwYOiIyN73dVzp02duHvPQfkx+/KVq/ZJeD3c3WWy39XVpdU51x4ErK2ra1Ws1MPjVoXvwqJi+zzsjozGW4cRmX729fFes3qZXqeTE+ZK/3jnXZvNNm3apAcQWSsuKd2RsHfp4gWyXPf9VlFRKScabjeGqChKZO+IvPyCi8mXZf2/gQMHtNtPQ0Pj2nWbPD09Fi+a3ysi7PKV1KzsXLPZLPci9ep1m80WGhIcFBRQUFhcXV2j0+mGDI62hwKrqqrd3d1efL6dmZQBAAAAAAAA4LPjkQsFBgb4+/n6CCHSM3KcaH4H6Rk5EeGhAwdEHTx8RrU6O5nvHc17Yq68xl1dXR0ecWuyG08vTzkF2ytf/VJoWOjGde3fWG1rybJFQoiG+oad23c6rs/NzaupqVm+atmuHbtbjMasG1mDBw/U6/U2m23ytClWq3Xvnv1UzAIeO/Y7hU3NzTabTafTyZidpGiUtk8ZNCj60uWUw0dOzJs7s/POm5qahBCeHu6dN3OeY3nCbdt319XXL3xiboC/n30vgoICjUZjdnbupInjPDrdbkVF5faEvfYYU2LSZXvVNHkoKygseuaplbICk1RbWyuEkFFpO1MLQSg8HDqdzrG8mclk2vDxtoaGRg8P91Url8gMa3FJ6c2bhTLttHDhvHXrN+flF7z/wYbRo4bHjRl5xzo98+fNslgs//q/D9dv3Lp65ZK2VT9vZOXYbk8xXFJa3snchYA0ZvSI4OAgPz8fWZnV7mZB0c5d+1o17qQsX1smk2nL1p22/8/efcc1dXd/AD8JmcyEvRFRFBUFURAcqLj3qKu12tr216fr6X7aPm0fa7V7W21rW7vds3UvRFGciDJEGSIb2StkkPH742vTGAIyIsvP++UfN9/7zc33RjhcuCfn6HQR4aFNJ8Pt238kv6DQxsZaIBCoVCqlUrVz116pVBIWGuLbw9vkU6qra1j6iNGPgOZzcnR4ePH8hvm4/QL69AvowxrZl1dUTpoYZdhCNCMz68jRGCKaN3eGycRcGxtr/c/i8vIKVkY0Lf2GUYthfQ59Q5GjIuRyRVhYSOvOC+D+FH08Viarc3dzGTO6xa1gfby9pBK7isoq9mNaPy4UCh5bttiCyy0tKy8vr/Dv7afflZdfyHIQQwYHBQcFssEriSk+Pl53rVRXU1trVLe7+X2KMzKziotLIsJDDQd1uhb8HUOn0xl+ZqCmVvbXnoNarfavvQcXLZhjmJhoXjqdjhU+v5mda2VlOWvmlOvX01OvpTecGRISlJ2Td+78JRYnAwcEmDoeWVqKJ08a5+3lwR6yiMrlckcMH0ZEqdfS1Wp1YGC/Xn6+lxKunDt/ycbGmu1iFWTHjB7RdOo5AAAAAAAAAAAAwP2g0yUF9vBxZzcCS0rKmzH9Lm7cyB07OlwkEtpLbEvLKs2xQCKiMVFjiCgzI3P5myvYSI8ePqs+WklENzKzlr/5zrvvvzN33hy15u7dfzgczuio0UT047ofL1641HDCvx57Wvp3kZKoCeOIqLjolruH20NLH5q3aN6yhx8310kBQPtghe483N1SUq4Rka2tTXlFpbW1lZen+9AhgwWmagEODOx3+UrSjazsjMysXn6+jR25urqGlSFsrORGW5w7f4ndRt26bfec2dPsbP+5Ierm6nI67txvf2wJ6Os/YniYyaaQqdfSYk6cltjZzpwxefef++rr1WGhIYMG9md7v133MxGFDh2sb5/KsN5tdnfefFWiOhp0Akqlasu2XTJZnaOD/exZU3k8nk57O02/5991g6KjT/YL6JOWllFRWRV/6Ur8pStCocDO1tbR0cHFxcmvZw+TtT95PJ5/b7/raRkbN+9YtGCuUenQ5JTbzVLHRUX27tXz3p8odAcN8/wqq6pZ+UCpxM7SyjI/v9DV1bmqsnrf/sNzZk9zdnK86zG1Wu3O3ftUKlUf/15xZ86fOXvBMIWOFdkqLSv/Yf3v+oc1NbVenu75BUWst2ZFReXBQ8ekEjuTNQhvZuewClutPmsOh9N0hc5hw4Zu2rxjy9ZdEeGh+p9HLXLrVgkR2dtLZs+aZtHs1pw8Hm/a1AmteDmA+1ZGZlZ6xg1XF+cZ0ye37giRkcN3/7mfiKws7wgL7Du3tLTseMyppKSr06dNbJiOz8jlirgz5+POnL9rTdCqqmoisrO1aekiS0rLWFKyra3tgP7/1OFml/danba84o4/aBj2NTa0/ucNDQc1Gs2+/YdNxtu2UypVv/2xha0ncEC/EcPDiOiaqYxAInJxdnJ2cmSFwwMHBDT2hnO5XH1GYBNp1o1p53bJAAAAAAAAAAAAAJ1Tp0sKtLW1IqLS0gqzHK2yqkalqhcI+FKpxFxJga6uri4uzkT060+/6gfHRI1mG+vXrdfpdGu/+vbTrz624JmoL2JkxqzpAoGgsKCQZQTy+Lwv13xx5OCRgwcOKxUKIlqwaN7UGVNXvPVuZuaNwIEDiOhM3NlpM6dxudxjR6LNckYA0J6CgwIDAvzdXF1++mUDEXE5nC1bd9nZ2YaFhri4mC5oYWVl2S+gz9XU60eOxshkskEDB5icdj0tg90z62PupEDW5IttDw4e5OTowIqi6Zf34MK5O3btTb2Wlp5xY9TIiD7+fkZH0Ol0oyOHB/T1v+tr1derWZd2jVZbWVXNyjLpayg6OTk0v4oVwD2SdTPnWPTJ+vr6nr4+XC43L7+wh4+XPh22oKAoLu78pIlj3dxcY0+dcXFxCg4KTEy6qtFolEpVcUlpcUlpWnqmm6uLnZ3phuBDQoKup2XI5YpTp89GjR2lH6+VyVgSUr+APsgI7N60LakL1VJl5RWswp+lpXjunOmHDkezH0YTxo/5c8+BHTv3DI8IGxjYVMqLSqXavnNPVVX1yBHDBvQPcHZ2qqqqcnR00Devjz4eq1AoxSLRmDF31PSys7Pjcjg7d+2VKxRE1MvPt3dv458XbIWsHu0Qg2q1Ziexs40IHxp35kLcmfMWFtwB/U1Xq2pC1s1sVoTMZEYgmt0DmEWtTHb02AlnJ8dZM6e0NDNMz83VpaevT2HRLZNX0X379L58Jbm4pHTDpu0L5s22tDSRT3zhYgLbOHX6nKurSxMN09lPaqlUsv7nDRZcrr4wtiFW9PfwkeN8g8/S1NTK2EbsqTNOTg76QncsKVCpVG3ZusvwIMo7i2ezfGsievih+SYXJhCYvupoO6FQ4OPtmXnjZh//XiwjUH+ODanq62tlt880NzdfoVC0uiIsAAAAAAAAAAAAADSt0yUFsuSPmhqZuQ5YW1trby+V2JmtUc5DSxYRUXl5eVZWjn5wYNBAIqqprsnOziGioqKixMuJbLBpU6dPJaLsmzlz580motBhYRKJ3byFD8xb+IDhtFffeOXbtetYh+KDBw5PnTGViG7euElEn6/+7EZm5pqvvjHXCQLAPSWVSlhrLXYnb+qUCdk5uTEnTh8+ctzdzWXqlAk8Hk9/V4/dUbt8Jbm8osLWxrq6pjbuzIWiouKRI8Ib3rBMvZZGRD18vMxbG6OmpvbgoWNse/y40SZLFfL5/PkPzNy773B+QWH08ZPXrl2fMnm8YRU01quxOby9PS0sLIKCBqSmpul0Og6HcyMr+9r19MhRwxfMn938/msA90JtrezI0ZiiW8UWFhZDhwQHDuj30y8bWGlA7t+9v21tbXLz8v/YsG3+vFn5+QU3srIrKqrmzp6ekZmVlJxSX6+W2NkumD+7ie9TW1sbCwsLjUbDUo70zp2LZ2m4o0aGG46rVKrGCu1AF9VIKkUznqi9yzPz8gv37juk0+ns7aWzZ04xDNTu7q6RoyJOnIw7HXfu5s3s0ZEjbE1Vuqqpqd2+8y8OceY/MMvBQUpEhhWtGFY10NJS7OPt1fAIix+aF3vqrFRqFzQo0OQiL19OIiKxSNREcVyzGDCgX9yZC0SUcvV6S5MCa2pq6+rkDcvZ6rEcd5apg5pVAK0WG3vGwV46e9bUVmcEMvrG3yZNGD9my9ZdCoUy+nhsw1qeGq2WXWbzeLzJk8Y1kRFIRHl5+UQUNCjQ0dGhsLDIwcG+4c/ouDPnici3h49EYmfyIIaFTpVKJQuJjyxdxEZYjW2FQmH4FH0SnrW1FTWb/seNWq1u+h3WNvmTaVxUpJ2d7ZCQIP2IycRotVq9bfufLHgSUUVl1e8btk2dPN7d3bX5awYAAAAAAAAAAACAZup0SYE8ngURKVRKcx1QoVC15d6qEYFAMHDQQCKyt7f/dcNP11Ovrfv2x4ryCkcnRyKKvxCvn/nt2nVr133N5XIdHOzZrf2GRxs9ZpSllVilUgWHBA2LCCOiOpm8TiYnoprqqq2bt9Wr1C+99qJOp7tyJfGlV14gIoVc3r9/ACtH1Mu/14jIEc4uTs4uTilJV49Hx5jnJAHg3rt4MYGIAvr6W1qKA/r6c7nc6OOxBYW39uw7NHvm1IqKSha4klNSz56LV6vVUyaPl9jZbty8Q6fT3cjKvpGV3cvPNzJyuL7dcMLlJJmsjsvljhgxzIzrVKlUu/7cp9VqLSwsZs2c0kRPSS6XO2P6pE2bd1RWVRcU3tq4ecfih+Y3v52ivgmaj7enj7enSqU6dz6e1W4ZOiR4y7Zd+/YfdnSwHzNmpKODvZlODqAFdDrd+QuXLiUkikTCiPDQwAEBXC53/4EjRKSvjsZYW1tJJXYVlVUHDx2bNXPKHxu3yWR123f+9eDCuWGhg0tLy2xtbe6aIeRgLy0uKTX8jlPV16elZxLRtKkTDW/bFxbd2v3n/sYSdqGL0um0rCn8+QuXmjO/qKiYbag1prtJMhcuJlyMv0xEffx7jR0zsuGEfgF9ZLK6i/GX8wuKNmza7uriPHToYE8PN8M5u/7c5+XpMXbMyCa+jFlqe2NX3zweb8zoEY3spJycPPalHhk5vIlzISJ9WsldqdWmi/ZZcLmeHu55+QWt6FN86vRZtnEs+uS16+ljR480SsRhbwL7Ed/SgwOA3pjRIwUC/r3+PrKXSsQikVyhKCgsarj3ypVkrVbL4XAemDNd2uQHVGpqaiurqqUSOwcHqYODtLHW5Cwp0M/P1yjAmsSukAXCOzILxSJR3zsrcLeuOml9/e3i36zb+901Etm5XG5YaMgdExv8CUaj1W7fuae6uobH482dM/3q1etJyVfVavWfew749vDu3z8A5cABAAAAAAAAAAAAzKvTJQXKFUoishKbaNnTOlZWYv1f0ttu6WNLLHgWe//aZ2drO3L0yID+/T754qNf1//Kbs//tXuPfmZNdU1dXZ21tbWTs9N3P37z1Werk5NTjI72wIIHFArFU48/069f31f/+yoR/d+yJw0nvPv+CiI6EX3i8MEjYcNCiUggFD713FPs5aLGj9VqtezUps+ajqRAgK4iLT2zpLSMz+dFhA9lI338e126dKWyqrqoqFihUGZkZrHAFXvqLJ/Pnz9vFquQNy4q8sjR29/p5RWVSoWSJQXKZHUshW7qlAnWVi2oDtK06uqaHbv2KBRK1mLS2sqqtLTMxsZGKBTUyU2nYkybOnHDpu06na6uTn7zZo5fzx4N57BbhDk5eZo7k1dUqttN0LRa7Y6de1QqFYfDCQ0dbCkWL5w/Z9OWnaVl5du2/xkyeFDo0MHmOkeAZqqsrLqZnTtxwtievj5sJO7MheycPCJysDdOVB0wICD21NlbxSVcLnfi+LE7d+/VarVnzl6YMH6M453lhaqqqnk8nlgsMirPM3To4MzMrGFhQ/T31OPjr7DOwlKJnX6wqqr6rz0HiejI0RhrKytXV+d7+R5A+9FqdUQklytuZGU3YzrJ/47J+up0RmpqavftP1xRWcXn8yJHDTdsP82+mvTJG0OHBLu6uhw4eFSj0RTdKt6z9yCr5O3s5Dg8Ioz1i+fx7vIbxO2kQG2LmyDX1ckPHo4mopEjwn17eBvtPR13rqKiks/n83g8pVLJvgGbUzxM//OloREjhqWmpgUHma5Z2JicnLyb2blENDh4UMLlxPz8wt83bLWyspRKJM7Ojk5OjiKhsJefr39vP64Ft6CgSKFUyuUKuVyuUCjkcoVMVlcnl8vlirlzprciHxHgvmKUeW+SSlXf9hfq0cMr9Vq6k5OJKoAJl5PYVa4+I1ChUGzcvGPUyAijjPwriclENHbsqOa8orZ5QdLR0cHKymp4RJh+5NGlixq23NVoWtN3Xp8UOGfWNGoymsacOF1eXqFuduqh/shMdXXN7r/2y2R19vbS6VMnWlqKRwwP43AoMekqEWXdzMm6mcPj8Xr4eAUHBTo2WYux+SoqKuPOXpgyaVwby0wCAAAAAAAAAAAAdFGdLilQIVcQkY2t2ZJarK2tiahOrmjG3LsQi0UjRgwvKSnZvGELEdlJJQMHBfL5/EUPL2LpAsXFJaafaCl+/e3XriRc2fDbxoKCQjbo6eluJ7F77533jP5c7tfLr7y8vKK8wtXVpaefr1qt/nn9rxqN5sOVHz774nOrlq8qKrr10+8/CgSC79auizt1pu3nBQDtKb+g8Fj0SaFQMG/uTMNuYiEhQceiTxJRQWERqxTI+oTOf2Cm/rZfLz9fS7H4yLGYISHB/fvdbsirqq/fsWuPTqcLCzWu59QWhUW3/tpzUKvVBvTtPXJEuIWFhVar3bvvsPzOVmVGd2ptbKxHRw4/HnOKiMrKyhtJCtSx41dXVxuOsxu65RWVe/cdksnqhELBrJlTWfc0S0vxtKkTdu7aS0Txl654eXm4ubqY60wBmkMqlSyYN0v/ML+gkN347+HjVV9fz7Xg5uTksV0cor59eseeOisWi4jIxcVJKpVUVFSazO7atXuf0feUoWvX041GLsZfZpXeGvpr78HHli1uUXlO6LRYwScXF6c5s6Y1Z35ySmrsqbMNu0myykznzl28kphCRAP6B0SED2W9fY3oDKo/eXm6L1k8P/bUWZahzhpn29nezl27a0bgP0mBLazUXVNTu23HnxqNZuiQ4IYtidnFc12dPCc33zDJz6YZjTJZ802TSYpSiZ1MJtt/4IhEYicWi3Jy89l4ExkkVVXVh48eJ6JhYUOCgwL7BfjHnTl/IytbJquTyery8guac7J8Pm/kiHBkBAK0Tl5+4Z69B3k8nkDA51lYVNfUsnErK8tWH3PQoECVqr5hye30jBsqlWp4RKj+Mlur1e7YtVepVB05GiOVSFgjdSKqlcmSU655erg3UVqbXbqzjWbW9hs/brTRSMOMwFZ/DFKpvB1OXVycmp4pEgpaVI9QZfBXjvSMG8eiT+p0uiEhQUOHBOvHh0eEubm5Hj12gh1WrVYXFt1yKXQyS1KgQqHYsWtvfX39gYNHp0we3/YDAgAAAAAAAAAAAHQ5nS4p8FZxGRG5uDhzuRxWJaUtXF0cLSy4RFTwd1e1tnjuxee0Ou0H737IHn756Vffrf9GIBBYWVkRUVzsaZPPqq+v5/F4HA5nUPCgQcGDKioqTkSf2PPX/ry8gqeeeKb27xsYtxfs6vL2ijdra2qfe/qFx55cRkSXL1354uvPv/p89bVrac8++ZzJl7CyspLJZG0/QQC415JTrsWeOuPk6DB92iThnV3A/Hv7ZWfnOjs79vT1sbeXlpdXiEWiBfNmG01zd3dd+vBC/UONRrNt+591dfIJ48eYzMBrnetpmdHHT0oldhMmjLX/uyYKl8t9ZOmiW8Ulx2NO6dMWXVyMK5P17dM7NTWt6FaxayN5eyxZJCJ86ID+AWzk23U/W1qK/fx8z567yGqxuDg7TZ82kf93c2Q2Mmhgf5bXkpCQ6IZ7e9ChMjKyWPJBUFDgHxu3Ge4Si8U8Hm/C+DGeHre74A0dEnz4yHGR0EStoxkzJiclpUilUhsb6zYuyYLLRUZg99DM2lEmCQzCJssrjT11VqfTBfT1HxISZG0qf46lYmjubLArEonGjxs9csSwc+fj8wuKJk+MarpjZoNjalt6IqVl5Tt37eVyOVMmj/fx9jQ5x8fby8fbi4gSk1JOx51ng0YNNE1iuZLaRpIUhwwJTk5OvXY93TClprFepTeysg8fOa7T6UaOCGeZizY21hMnjK2vr8/OycvOzi0vr6iTyxUKZdOnP2L4sD7+ve66cgAwydPDbeGCOamp1xOTrurzjzkcjmuD61KT4s5cSExK4XK5DdN/szduNwxfZ89dZBvnzl86d/52P3etVqufsOvPfY8vW8y29+8/YmkpnjwpqulXr/+7rqG5uhm05WhNFFJtI/1p/rXnQH5BkZen+5jRIxtmbfb09VmyeMGBg0eLbhUH9PUf/Xfj+HPnLyWnpPJ4Fiwas+RFrVb7+4at+pM9GRt35uwFlvZdWVnFdjEnY+N0utvTsnPyzl+4hELjAAAAAAAAAAAAcB/qdEmB2dkF7GPonp6uOTmFbTyaX08v1qqmtqaujYcKGTJ4QGD/91e8ry8HqFKpVr2z6u0Vb/P5fIVcvmnjVpNPzMy48ccvf7z+1mvWNtZEJJVKZ8yekZebf/Fi/IeffkA6nVqj1ie+fPDp+zweTyKVfPzZB27ubkQ0MChQIBD8b8Vbr7zwaklJacPjj5swdsmjS9567e2cnNw2niMA3FNlZRXnL8Qbth81oi8EMmvGlGPRJyJHDTfKCGwo+ngsh8NZ/NA8M3YNJqLi4pLIURGoZ10BAAAgAElEQVT9Avo03OXi7DRn1tT1P29gnUztTaWJzJgxuaysvIkqKdbWVj0M+kIuWjj36tXrW7ft1mq1ri7OgwcPMpkREhEemnUzp7q6xsvLow0nB2AGI0YM8/f3YxUrH1+2+PyFS6z/nauLMyufaZik69ezx4jhYQ0zaInIXiqJHDW8fdcOnR3L0uNwOCaDsElisVgsEg0bNsT7zuBZXl4xcsSwPv69mqh7x0pWa0xlsIlEotZ9fbJ0GcNquHe1a/c+by+PqLGj+HfmNZo0MLB/YtLVujr5iOFhzXmXWDaJycRcVixw5IhhwyNC9+0/wur8BTSSaJiVlX3ocLS3t2fkyAijDEs+n9/Lz9eokSh7e9VqjUarIR3pdDqWvcThcNqeBwxwn5NK7CLCQ93cXA8eOsa+B2fPnNrMLrFDhwTV1tba2tpIpZLGMoCbifd37dXraZnVNbUPLrp7g3V9owCeqbqtrcYS4FraJ5eFa5NNk414enrweLywsCHNPLK1tZWOqLy8wtXVeeH82U1klotEwtmzpubk5ru7/fOBopDBA4uLS4RCgb291GSB2xaxt5e28QgAAAAAAAAAAAAAXRHHq2doR6/B2OJFM1xdna6mpu8/eLItx+FyOcseeUBiZ3v+wpWTpy62cVVhw4YS0bmzFwwHh4YOff7l54hozZdrz545Z/SU79Z/Y21tfS31+qp33rOwsHjxleeDBgcp5PLnnn5BXicnohmzpk+YNL6srFwg4Ht5exFR/MV49tyBgwby+fyc7FyxpcjJyUkhlx85dLSosKherSai/3vqCR6Pd/pUXGZaxsOPPszhcOR18meefO7efdAfoDPIyTT+LmsfaWlpROTg5ElEttZ3T1ZoT2q1ujmdHM0u+nhs//59XZzv0mjMJFV9vVEtq4zMrIvxlwP6+gcE+AuaTAdRqVQVlVWte124n1XX1t/r798DB4/yeLyosaPamF4AXZHZv8BKSssc7KXt87V05GhMVVX1qFERTfe7bJHf/tji6GA/Liqy+XmB9fX1zUkH1FOpVDwer5lv0cX4y2Vl5cPChtg12a63rk6+ddvuIY00L2aLVKpU5s3CB+je2uHn74mTcVwuN3zYkA65JNZTKlX19fUmC7I2nLlz1x4fH6+IcHP+KSY5JbWkpGxISFCLco4Li27xeTyztOsFgO6KRfKykjwi8ve/e4XmxrC/q3j5GH+CAgAAAAAAAACge8vNzmrj31XaojMmBfbu5TNz+jitVvvbH3+WlpW3+jjBgwKixkZoNNofftpSW9vWSoEN8fi8Nd+utraxzs3JeePVtxpOMEwKZCNBgwepVerk5BSjmYMGBb7631eJaPGCJWzEwsKiV2+/tLSM1/77yoDAAWdOnx0SGsLn83U6nVajteDd/qy8Ya+3TRs2Hdx/2OynCdB5ICkQAFqnHZIS4H6GLzAAAJMQHgEAujokBerJ5Uq5XFlfX6/V6jp6LfcdLpfD5/PFlkKxyHTxbwAwhHjVgRCvAFoE8aoDIV4BtAjiVQfqHvGqY5MCO137YCJKz8guKSlzcnIYFxW+dfv+1n1rWdtYhg8LJqKU1LR7kRFIRCvff8faxlqr1X7+8ZfNfMrlS1eaOVOj0Vy/lkZEjo6ORBR/IX7X9l1ara6oqIiIfvr9R4FAsO6b72NPnGrDGQAAAAAAAAAAAACAaVqtrqKiSqVSd/RC7l9arU6pVCmVqjqBQiq15XI5Hb0igE4K8arDIV4BNBPiVYdDvAJoJsSrDod41XadMSmQiI4ci1swb6qnh2vUmIgjx0639Ok8nsWcGeMtLcU11bUnTlxoxjNa7IWXn/fy9tZqtR+/90lJSanJOVyOBRFxOK35uhSLRQqFkoicnJyIKCkxWSaT6ffqdDoiskCDQgAAAAAAAAAAAIB7g90BsrQUSuysBXw+7kC0P61Wp6qvr6ysrZMrKyqqHBwkHb0igE4K8arDIV4BNBPiVYdDvAJoJsSrDod41XadNKusoLD4VNxFIho0sO+YyLAW5dWJRIK5s8Y7OzsS0cEjsUqVyuzLm79o3pDQELVaveqd9xr2AtbjWrBlt6zSIYfDeXjJQ+t++i58+LDQsCEWPIuKigrDjEA9C14nzekEAAAAAAAAAAAA6NLq6hQqldpSLHR1thcJBbgD1CG4XI5IKHB1sbcUC1UqtVyu7OgVAXRGiFedgT5eiUUCxCuAxiBedQaIVwDNgXjVGSBetV0nTQokogsXk5JS0ogoZPCA2TPHWVmKm/MsFxeHhxbN8PLyYA/9/HzMvrAnn3pixqzp9fX177y5Iu16ehMzuVxuSysFDh4c/N36byZOnRgTfSLu1Jkp06cQ0ekTxrUSLSwsUCkQAAAAAAAAAAAA4B5hjVwkEpuOXgiQ/j9CLld09EIAOiPEq05FKrVFvAJoDOJVp4J4BdAExKtOBfGq1Tp1qblDh2Nramojhg3u6ev9+LL58ZeSEy6nyOpM/zc7OkjCQoP69unJ4XDq69W5eQU9fb0HB/UjoujjZ8yyHicnx7dXvG3vIM3MuPH1l2tKG+karMeSArlci7seuUdPX7bx0msvEtHuHbu3b905cFCgXy8/Ipo8bTJfwN/4x2aNRsOmsaRAAAAAAAAAAAAAALgXVCo1EQkFnfpP6PcPAZ9HRPVqTUcvBKAzYvFKwMedo04B8QqgCYhXnQriFUATEK86FcSrVuvsf9GIO5NQUlI+JjLM1tZmWFhQWOigoqLi7NzCqura2loZz8LC2tpSKrHz7eEpldqxpxQWFu87eKKysnrsmPDBQf3MlRc4bsLYh5c+XFNT8+HKj5poGWyIJQXy+fympwkEgklTJuof/v7LH4cOHBaKRM88/7ROp7t4/mLI0JCJUyaOnzS+5FZxSvLV7OwcDoejVCqLS0oGDOhvbWPt4ODg4GivUqo2b9raxtMEAAAAAAAAAAAAAJ1O19I+MHDvsHZdWo22oxcC0BmxeMVFd6nOAfEKoAmIV50K4hVAExCvOhXEq1br7EmBRJSekZ11My9s6MBBgX0trSzd3Fzc3FxMziwuLr0Qn3Lteib7/mSJgGbJC+TxeXPnzd2ycev+fQea/6y/KwXeZVrUuDE2tjYsrKxb+/2p2NNCkejTLz+ysrJa//3Px48dd3d3e/KZJ3v6+bq4ubq4ubJnCYXCV157WX8QjVqz5889rTw9AAAAAAAAAAAAAAAAAAAAAAAA6Ba6QFIgEanVmtNnEuLOXu7h4+HX08vBXiKR2olEQrVarVZrysoqCgpuZecU5hfcMnqiYV5gZWXVpYSrrVxAvfqpJ55p6bN0Op1Sqdy5bXfT0w7sP9TLv1dYeNgfv244FXuaiN5+579CgWjl8lXXr6URUUFB4fI337G2sZ49e2bffn1d3FxEIpHRQc6fu7B9686WrhAAAAAAAAAAAAAAAAAAAAAAAAC6k66RFMjodLqsm3lZN/Na9Kzo42dIqx08eIBQcJc2vma3/M3lNzJvNmfm11+u3bJxa3FxCXv4w7c/5uXlazR39MOuran9/bcNbJvD4Tg4OtjZ2QlFArFIzOFQSnIr8x0BAAAAAAAAAAAAAAAAAAAAAACg2+hKSYGtFn3i3NnziXVyeTu/bjMzAhl9RiARZWfnND1Zp9OVlpSWlpS2YXUAAAAAAAAAAAAAAAAAAAAAAADQ3XA7egHtpP0zAgEAAAAAAAAAAAAAAAAAAAAAAADa2f2SFAgAAAAAAAAAAAAAAAAAAAAAAADQ7SEpEAAAAAAAAAAAAAAAAAAAAAAAAKCbQFIgAAAAAAAAAAAAAAAAAAAAAAAAQDeBpEAAAAAAAAAAAAAAAAAAAAAAAACAbgJJgQAAAAAAAAAAAAAAAAAAAAAAAADdBJICAQAAAAAAAAAAAAAAAAAAAAAAALoJJAUCAAAAAAAAAAAAAAAAAAAAAAAAdBNICgQAAAAAAAAAAAAA6EgqlaqJvTqdTqfTNec4Op1OJqsz37oAAIyZK14ZPUuj0bRlVa14UQDo9u5FvAIAuBc6W7xq44UZdB68jl4AAAAAAAAAAAAAAMD9q76+/uVXXreyspz3wNyQkGCjvRs2bjl2LJrL5f74w7d3PVRiUvJXX60JCwud98Bse3t7k3M+/2J1VtZNP7+eLzz/bGPHKS4uef2Nt4jo1VdeDAjoa7jr6zXfVlZWDY8YNnbs6GafIgB0E+aKV1k3s6USiURixx7ezM5ZufJ9oVA4d+7scVFjiCgh4fKP63958YXnevXyu+uqcnJyV733YUBAn3kPzPX09Dhz9tzWrTuI6J3lb9rZ2emnJSYmVVZVjRo5ojVnDgBdjRmvr0xKT8/46OPPPDzcp02bMnRISNOTL19OTL12beGCeRwOx+SExMSkjZu2ENEzT//Ly8uzdUsCgC7KLPHqrnGmRb5e821FRcXcObMGDgzUD+p0uq9Wr83OzuFyOW+8/h9HR4e2vxDca0gKBAAAAAAAAAAAAADoMNt37JLJZDKZ7GZ2dsObQIxWq23OofbvP0hE586dHzVyeGNJgQUFhTKZrKKioonj6Oh2IQq5QnHHuE535UqiVqv18vJoznoAoJsxS7xSq9UrV75PRP7+vV9/7RUiyrqRRURKpdLGxprlJX+95lsiev+Dj//972eCBg1s4mi5uXmr3vtQrVYnJaWMGTPa09NDJpNVVVURkebvlZSVlf3082+pqdeISF2vRk4zwP2gjfFqx87dZ86cazju4uL86isvajSa79b9oNVqc3Pz0tLSDY/j5eXp7uZm+JQriUmrv15LRHl5+S++8ByPZyJDo+hWcXFxSfMv+QCgO2n79ZXJOPPiS/9hV0RNi4wcuXTJYsOR2traxMQkIlr3/fq1a77Ujx+LPs7GiWjN2m+X/+9NsyQgwj2FpEAAAAAAAAAAAAAAgI6Rl5d/5MgxIpJKJbNmTj979nxySorhhLS0dLbx4/qfDcdFItHihxYZjhQXl6SnZ7BDGZX3uyu1Wv3cv1/Sd4nS33P65pt1XC6XbU+cOH54RDjb5e7u3vJzBYCuzVzxikUqlhTINm5kZbEN3x49iMjZ2WnRwvmbNm8lotWr1z76yJKRI4ebXNL1tPTPPvtSrVYT0aKF8xumD+bl5e/dt//8+YvsoVAotLSybNvbAABdQNvjVUlJSXl5ecMjs4ulv/bsq6ioZCPHjh0/duy4fkJ4eNgTjy8zfIq9VGplZSWTyVJTr6149/3XX3vFqkEgUvz9MQyBQNC2UweALsYs11cm40zTLYn1GvYlPnHyFNuIihqjHywvL9+8eZv+YU5O7sFDRyZPmtCys4V2h6RAAAAAAAAAAAAAAIAOUFZW/tHHn7Htp5960sLC4mpqalzcWZOTG44bJQUePHSYbUydMrmlK9FqtUql0uS4PkFQpVLdvJnNtouKimJPxRnO7N2rp6ura0tfFwC6CjPGq8tXEtlGcHAQ28jMvEFEXC7X2dmJjYwfH+Xi4rz662+0Wu3Pv/xWJ5dPnDDO8IA1NTV/bNh04UI8ezh27Ojx46OMXvTjjz9jlbf0x5w9a6ZIJGzVGwAAXYZZ4lVAQN+amtpbt4pZaqCLizOrwezgYJ+ZeWPPnn1sso2NDduoqan5e8TW6IBeXp4fvP/uZ59/lZ2dk5+f/7/lK5b/7y1bWxvDOUgKBLg/mev6ymScWbDgAbn8n7rvyckpKSlXiWj27JmGoaZHDx+jwx49Gs02xo75p7jyd+t+ZL8YvvLKi+vW/VhTU7Nt246gQQPd3PA7YKeGpEAAAAAAAAAAAAAAgPZWXFyy4t335HI5S2fx8+tJRM7Ozi4uzobTSkpK2d0Xo3EOh2v4UKVSnTx5imXVNFZSqwk8Hu/JJx/XPywrLdu+YxcrDtGrlx8b9HB31xeNiIk5GRNz0vAICxfOR1IgQHdl3nh15UoiCzs9fLxZ8vGtW8XsfrbhtIEDA5//97NffLmaiJydHA13HY85sWHDZsM+euOixhCRTCa7fCUxNva0ftksKo4YETFt6hRHRwezvisA0BmZK15FjhoZOWrk3n0Hdu7cTUTPPfc0awqcnZ2zctUHbM5jyx4ZPjycfVjirbdXaLVae3v7ObNnNFyVtbX1W2++/smnX6SlpQuFooaZf/qCXgIhkgIB7hfmvb5qGGd8fLyjo2N0Ot2yR5eyKy6WFBg1drSlpeWlhMsbN24ZNChwnEE5QFaYkDUdDgjoK5HYscHY2NMZGZlsnf0C+j7//DOrVn1IRF+tXrP8f2+KxeJ7+T5BmyApEAAAAAAAAAAAAACgXZWVlS1/ZyUrzjdsWOhDDy48dPiov3/vaVMnT5t6R52/TZu3sn5SH7y/sokD7tr9F7tXNGZMJJ/P37R5q2EnO0NsWm5u3uNPPMVGvl79uVgsDhzQPznlKhvh/N0ymMvlcjgcIuJwOJ6eHsnJyY0tQCwStfxtAIAuwLzxqra2luXqicXi/QcOGZbXUipV+/YfNJrv7u7G5/MLCosKCg8GBPTp6etLREeORBtmBBJReUXlmrXfFRQUGg7a2dlNmjQhctRIfXXAb7/7QSKxixw10t3drc1vDAB0Oma/vkpKSmZJzCwjMC8//733P2LxRygU1spkhw4fJaK9e/ezwaCggcdjThJR/34Bnp4ehoeysLB45eUXtu/YNXPGtIYlS/+pFMjnm+/9AIDOy+zxqmGcuXjxEvukxOKHFjXMRY6Pv1ReXh4Xd/bhxQ8avRzb0CcLnj17/udffmO1URfMf4CIevr6Tp06ed++A8XFJf99c/kbr7+qL/YMnQ2SAgEAAAAAAAAAAAAA2pVCoWR3gCZOHL9g/gOJSclbtmxjvZymTpmk0+n0M/WJLxqNxvAIFhYW+u309IxDh46wbQ93d5ZkY5Qx05B+Anu5W8Ul3333g9GcI0eOsVtQRCT972usmldU1NiHHlzABq9du/7xJ58Tka9vj9a+GQDQqZk3XumTj2tqanbs2GU4raioyGhELzs7h4hmzZrBkgKHDg3Zs2ffpEkTXFycf/31DyKyl0qsra2NnvXaf14yrGCqUqni4y9ptVqFQvHoI0va8JYAQCdl3nil0WhYc/M+ffzZSE11jVqtZttKpZId3FB0dAzbWLhwvlFSIEsuXLhgnsmV19bK2EZFRQVKLwPcD8wbr/QM48zQISH79h0gopSUq8HBQUYzk5OvElFAQB/DwWPRMeyii4hYz/SDh45s3bqdjTz7zL/4fycuz541Iz4+oaioqKqq6q2333nxxX8H9O1D0PkgKRAAAAAAAAAAAAAAoF15eLhbWVlNmzZ54oTxarX6hx9+YuPhw8K+Wr0mKSml4VOe+L+nDR9+8vH7Dg4O7H7S6q+/MZocNGhQY12cYmNPq9VqoVAYETGM3TcSCoVEZGkpbqLxE5fL3bNn7+1Fhoeu/WadRqOePn1a6rXrbBBltwC6KzPGK5ZJ3PYljRkdOWJEhJOj45mz5/SDT/3ridhTcUGDBhYUFH637gciWrnqQ8O6Nfn5Bey2ei8/v7avAQA6IfPGq8wbWSxo9O/fj40EBPRduHD+5r/LaFlZWbHG5SYfElFZWflHH3+q1f6T3BMUNHDxQ4saLuPWrVtsIykpBUmBAPcDc8WrvPz8L79cYzgeETFszuyZROTt7SUWi+Vy+cX4S0ZJgcXFJaxU88DAQP1geUXFpk1bDKfpixSybMXevXvpd3G53DfeePXTT7/Izc1Tq9WffPL5ww8/OGZ0ZNveFTA/JAUCAAAAAAAAAAAAALS3VSuX29nZEdHuP/ew+8cTJ453dHRo5tPr6+vZxi+//mZ4+5kJDR0SGjrE5BOvXEkqLy93dnYyahTl4uy8ds2Xjb1cWVn5q/95g1WMcLC3j4+/RERjx45h+T2urq7cvzsOA0D3Y654RURLlyw2TIjJLyhYseI9IvLx8X7zv681fRx9RRyJxK7hXjs7O9Zuz9HRkcvlarVauVyur3ajx+PxgoMHNXPlANDlmDFexcScYBsnT55ifYSJaObM6U88sYyl73zy8fsikeiTT79ITb0WHBz03LNPqdXq/3vyGf0RlCplaWmZ4fFZ0eWGSkpK2UZiUvL48VEtPGkA6JLMEq/qZHXl5eWG46Wlpfrt4OCguLgzly8nGj039tRpthEU9M9F0bp1PxoWm//t941ZWVlse8SICIFAcDzmhD7tLy0tPSk5pX//fq6uLhcuxBPR779vdHZ27t8voIVvA9xbSAoEAAAAAAAAAAAAAGhv7A5QUlLK/v0HiUgsFs+eNYOIJk2aOHjw4IbzVUpldU0Ny3chIolEwp5+/vzFxl7i+vU0G1sbd7fm1vA7ffrMr7/9YXLXjBnT2MbixYvkcgXbFgoErK2en1/PZr4EAHRFZolXDIfD4fH+uTvJDkhEw4eHG443k8TOrkcPHyISCIX6QZFIuObrL06djquqqjaczOVyfXv06N3bj1XzAoBuyVzxqry8/OzZ82y7qKioqKiIbY8cObz5i7G1sRk4MFCn0xJRSkqqYbaNoerqGv2u1NRrOp2Ow+G08LwBoOsxS7xydHQIDOzPJjSsLzh0aEhc3Bm5XJ6bm2c4fvLkKfZLnP6DFomJSenpGYZz+vTpzZICn332qcTE5C1btnG5XH1SYMLlK4cOHSGin9av8/DYt3v3X87OTugg3AkhKRAAAAAAAAAAAAAAoAMkp1z94svVbDs0dIhAICCigL59TN5NOXvu/KbNW4lo+f/e9PHxZoMWPAuW6bJ0yeKff/nNcP7Xa75NSLgsFos/+nCVtbV1c9YjV8jVarXJXf69e61a+c7xmBNBgwZm3cxmg0qVipXjQlIgQLfX9njVUGVlFSstQ0QbN27ZuHGLyWl+fj0bKyJ4KeGyXC4nok8++bw5ZxERMQwZgQDdnlni1e4/9+i3bWxsHB0d9RWz9J5+5nl2IURECQmXH3/iKaO0P2tr6xeef5Ztv/7GW8XFJSYXXFhYqN/WarVpael9+vi36tQBoItpe7yyt7d/8YV/s+1nnn2BXRfp9e8XIBQK3d3d69X/lEHV6WjChHGxsafGjRurH3RycmK/V0ZGjjx+/AQRhYUNra2tHTE8wt+/d2JichNnMWP6VC9PD2dnZxSP74SQFAgA0ALVtfXNmAUAnRG+f+GewhcYAIBJCI8AAABNSLma+vnnX+kfspIwiUnJV69eMzk/NzeXbeza/Zerq6tUajdxwvg+/r15PN5T/3qClYswJBaLiUgul3/2+Vdvv/VGc+7QDOjf79FHlpjYweF4e3uLRMKHHlxIRHV1dWzY2clp3XdrMm9kOTs5teDMAaCrMUu8ajjtwMFDzXl1lUrV2K6CgsLGenGa1LDZOgB0M2aJV5WVVadOxennPPTgwqFDQx57/F8Nn26YBdhYIcC70n/cgjl6LBpJgQD3g3t0ffX35LzCoiIievTRJURUWlp2/Xoa23Up4bKTk+OcObOI6PyFi0TUt4+/m5urnZ3d0iWLS8v+aXq+7NGlzTyX4OCgZs6EdoakQAAAAAAAAAAAAACAdqVSqT777MuG4xcvxhvehDYpMTEpMTFJKpVMnDDewsJixTtvu7m5GjWEIqJHli7OyMgoLi7Jzs7ZtHkry+drQsyJ2PLy8sb27j9w0N7efnTkSCLKy7v9WolJSeOixvZCmUCAbs1c8cpol0KhPHbsuOHIY8seIYOGmfn5BQcPHiYiDw/3pl+Fy+WOGBHRxIScnNybd+bcAEC3ZK54lZef35yX+7//e0woEGzYuKW8vNzb22vmjGlqtebb775v6bKPHo1mG5MnTzxw4FB8fIJCoRCJRC09DgB0Iffo+krveMyJmJiTJnf9/POvRiMvPP/swIGB/3v7v1Kp5Oidl2eMWo0PfndVSAoEAGgBB6llRy8BAFqsrKIO379w7+ALDADAJIRHAICujkVyuHcEAoGdnV1VVdWShx/auGmLvmmvtbU1q/DXkL4VFI/H4/P5EomUPXRzczU5n8fjvfzyC2+88bZWqz127PiQISF9/Hs3saRt23YYdZsy4uzsxJICs7JuspEDBw6NixrbxFMAoBswY7wydDzmhFFVraJbt+bOmcW2dTrd2/9bwbZnzZzR9Ar5fP4jSx9m2zJZ3Suvvm5pKZ4xY3rkqBFsMCbmJJICAe4H5opXA/r36927V3p6RtMvFzRooEgkOnrseHl5uYODQ3BwkP4Vmy8tPYN9KsPV1XXqlEkHDhwiotNxZ6PGjm7poQCgC7lH11dtIZVKGttVXV1DREKh0LyvCO0ASYEAAAAAAAAAAAAAAO0tKmqMj7d3YGD/jZu26Afnz5s7f97ciorKzVu2jh4dGdC3j37X2XPnv/9+PRG9/vorPX19m/MSTo6OS5cs/vmX34hozZpvP/n4A5Go0Rs5PXv6VlRUsG2ZrK6qqoqIHB0dBAIBG/T09GAb+tyaiorK1GvXDRcJAN2S2eOVQqHYu3c/2371lRe/W/djTU3Nvn0HbG1sxo+P0ul0P/38W0FBIetG5+zcggblN7OzlUqlUqnkcJoxGwC6HXPFqyceX5aekfHDDz81fAl1/e3cnTNnzwmForKyMiIqLi6JO3Ouvr7FxbT27z/INkJCgi0tLYODgxISLv/1197RkSMtLCxaejQA6ELu6e+Dc+fMnjplkuFI9PETLO14xTtvW1rekXdoa2vb9NGqq6uJyM7OroWnCB0PSYEAAAAAAAAAAAAAAO1t2tTJJseVSuVrr7+pVqvj4xP++9//NDP/rzEjRw4/GXsqM/OGWCxSKORNJAW+/NLzxcUlFy7G9+7lV1NTu/ab74jo+X8/e+NG1uUriU88vow9Nzs7p7i4RP+sAwcOISkQoNszb7zS6XSff7GaVbsJDw8LCOj7/PPPrFr1IRFt2rw1Lz9foVBcuBBPRGKxeMnDD7ZoqfpSpu7ud2k6DADdkrnilaOjA6eR5LMubU4AACAASURBVOKCwkK28fvvG/WD+fn5P/5oIoOwIbVa/fWab+Y9MNfT06O6uiYxMYmNjxo1gojGjRubkHC5pqYmOjpm/Pio5hwQALqoe/f7oEKhPBZ9fMb0qYaD1tbWbMPBwd7SsmXdXdhHNRwc7Fu6Euhw3I5eAAAAAAAAAAAAAAAA3CYUChcvXkREWq32ww8/LSsrb+MBn/rXE9OmTfng/ZUSSaMNoZiDhw7v2LFr85Zt+hGlSvnzL78lJFw+GXuKjWzavJVtjBo1koiSk1NKSkvbuEIA6KJaF69++31DRkYma3734KKFRNTT1/e1/7zM5XKJKDb2NMsI5HK5b735ektr0pw7d4Ft9PDxbtU5AUD3ZMbrq7y8fLYhbuCuvTVlMtnKVR8kJaWkXL1KRJu33L6sCgkJdnJ0JKKAvn2srKyIaNv2nQqFstWLBICuq43xqrZWtuLdVbt3/9WKhuYmFRQWskPpK8dDF4KkQAAAAAAAAAAAAACATmTUyBFRUWNYLZlPPv28jUezt7efM3vmXTvQaTSaM2fOEdHkSRP1g9ZW1sHBQawiIBHdyMpKS0snooiI8EUL5/F4PCL66KPPlErctAa4T7U0XkVHx5w4Ecu2H178oJXV7UI1fn49WbTR8/Bw5/Fb1vHs9Okz+fn5RNS7d6/8goKjx6IrKyuJyNLKksvlcrlcCy56cQLcv1p9fZWWnn7u/AX9w4KCAiLq27fP2jVfGv37evVdDnvzZnZubh4ru7Vv/8GzZ8+z8blzZunnzJw5nS1y67btLT9LAOgO2vL7YHJyyq1bxUSUnpFplsVcvHiJbQQNGmiWA0J7QvtgAAAAAAAAAAAAAIDO5cFFC/LzC9LS0mfPnslGNGrNPX3Fg4eOKJVKoVAYEhKckHBFPz5p4viEhMtVVVUnTsZu376LDc6eNV0oFM6cOX3Hjl3l5eVr1n730ov/bqzLHgB0b82PV6mp1/7YsIltBwT0HTlyOMtIPnX6zNat21lDYb3c3LzXXnszODho1szpXl6eJg+4dMnisrIylqCcmJT8629/sPFx48Z+/vnqmpqajRu3uLg4h4YOXfnucjc3V7OeNwB0Pa27voqOjomOjmHb166lVVRUElFw0KDmv25lZVVxcYn+YXh4WEDfvt//sJ49nDZtiqvrPwEqauzo6OiYoqKimJiTgQP6GyVMA8B9oqXxSiaTGV5KDRwY2MuvZ9uXoVar2cfDuFxur15+bT8gtDMkBQIAAAAAAAAAAAAAdC4cDuf5fz9TXFyi1mgKC4u4FtzYU6fZLpFQ1NKjFReXCAR8oVBYUVFZXl7ObuoYTlAolLt2/ckyaYx29e7dq3//fhKJ5PffN2q1WtY42MHBgYgmjI86ejS6qqoqJeXqtu0758+b2+bzBoCup5nxqrKy8rPPv2Lbfn49X3zhubKy8iNHo6Ojjxu2t5s2bYqXp+fmLVtZ2k1CwuWEhMuOjg5jx44ZMTzc2tra8KWFQoFarUm9dv2HH38qLS1jg8HBQa4uLra2tjU1NUR061bxnj379uzZ5+3tNXnyxCEhg+9aORUAuqu2X1+dPHm71mlQ8B1JgTW1tZUVlY11+UxJuarfXrr0YS8vj1WrPmQPvb29Zs+aYbTIp/71xPJ3VhLR2m/WffThew4O9i08UQDo8loar86cPaffnjlz+swZ08yyjB07d7Oq8FFRY3AF1RUhKRAAAAAAAAAAAAAAoNMRCoUX4y/t2bPPcFAsFru7u7XoOAqF8vU33jIaDAjoa/hQJBIuW/bI779viBo7puERHn3k4dffeJtlBA4bFrp0yUNsnM/nv/afl956e4VWqz148HBY2FAfb+8WrQ0AuofmxCuxWMzn85VKpY+P939efUkmk736nzcM5/fv3++RpQ+z3JeQkOATJ2O3bt3B7kOXlpZt3br92rXrLzz/LBFdu3b9q9VrTTYuHzMm8sFFCywsLFa++7+KisozZ8/FxZ0pKCgkopyc3HXrfvxFKHzmmX8N6N/vXr4fANB5teL66tFHlw4dEkJEl69c+f779UQUGNjfydHRcM6pU3Hbtu3QP/TwcDfcGxIy+OdffhOLxa+88oKPt/fXa75l4zY2Ni88/1zDWsteXp5jx46Ojo7RarUZmZlICgS4P7UoXg3o35999OuZp580V4XRCxfiDx06wg47fdoUsxwT2hm3GXMAAAAAAAAAAAAAAKC99e8XYPiQx+PNnj2j8emmiURCqVRiOCIUCodHhBtNiwgP+2btVxKJXcMj2NnZsbabo0aN/L8nHjO8de3q6vrsM0+x0lzICAS4n901XgmFwgUL5nl4eLz+2it8Pt/Ozm7o0CFsV3Bw0DvL33r5pef1iS9cLnfM6Mg1X3/x5JOPe3t7scH582+XI+3du5fRq7u7u02dOvnTTz98ePGD+jI2UqlkyuSJq1a+s3z5m0FBA9mgRqPp4YNgBXBfa+b1lUDADwjoGxDQ18fbSyQSikTCoEGDevTw4XK5jyxdYjR50MBA/ba/f+9+DT598fjjj374wSp2sbTs0SVWVlZ2dnbvrnjb5KUXEc17YI5YLB47dnRY6NC2nS4AdGHN/33Q1dUlMnLkuyv+Z8ae445Ojjwej4ie+tf/GVVrhq6C49UztKPXAADQLDmZ55oxy/zS0tKIyMHJk4gcpJYdsgYAaIuyijp8/8K9gy8wAACTEB4BALo6FsnLSvKIyN/fv9XHYX9X8fLxNevq2kNhYSkR9ezRspp8rXMp4XJ9fb27m5uXl6fRLo1Gk5F5g23zLCx8fXsY9fbVq6qq2n/gEBENGxbm28PHaO/162n6xpr29tK+ffs0rEljqKysPCk5hcvlDI8IZ+k1tbW1p+POTJww3uT8hITLAwcG3tN+UjduFhKRm5tjM+YC3F+6ULzS6XQajYbdXWYNhQ8fOTZhfJREIqEmFRQU3szOiQgP048kJFzOyy9wcnT08HB3c3PVH7MJZWXl+/YfCOjbd+jQkOadbishXgE0pgvFq8ZoNJrMzBv+/r0b7qqurmYJ0EKh8K7HKS4uEYtFNjY2TcwpKipycXFp+pqtjRCvABrTDeKVkRtZWVeuJPH5/CmTJzZxkFvFxRnpmUQUFDTIysqyrKzsaur1kSMijKYVF5eUlJZyOByjHOh7p+vGq9zsrDb+XaUtkBQIAF0GkgIBoHWQlAD3FL7AAABMQngEAOjqkBTYnjeBoDm67k0ggHsN8aqzQbwCaAziVWeDeAXQGMSrzqbrxquOTQpE+2AAAAAAAAAAAAAAAAAAAAAAAACAbgJJgQAAAAAAAAAAAAAAAAAAAAAAAADdBJICAQAAAAAAAAAAAAAAAAAAAAAAALoJJAUCAAAAAAAAAAAAAAAAAAAAAAAAdBNICgQAAAAAAAAAAAAAAAAAAAAAAADoJpAUCAAAAAAAAAAAAAAAAAAAAAAAANBNICkQAAAAAAAAAAAAAAAAAAAAAAAAoJtAUiAAAAAAAAAAAAAAAAAAAAAAAABAN4GkQAAAAAAAAAAAAAAAAAAAAAAAAIBuAkmBAAAAAAAAAAAAAAAAAAAAAAAAAN0EkgIBAAAAAAAAAAAAAAAAAAAAAAAAugkkBQIAAAAAAAAAAAAAAAAAAAAAAAB0E0gKBAAAAAAAAAAAAAAAAAAAAAAAAOgmkBQIAAAAAAAAAAAAAAAAAAAAAAAA0E0gKRAAAAAAAAAAAAAA4A5cCy4RabW6jl4IkP4/gv2nAIARxKtOBfEKoAmIV50K4hVAExCvOhXEq1bDWwYAAAAAAAAAAAAAcAc+z4KIVPXqjl4IkP4/gv2nAIARxKtOBfEKoAmIV50K4hVAExCvOhXEq1ZDUiAAAAAAAAAAAAAAwB0sLUVEVFlZ09ELAdL/R1hZWXb0QgA6I8SrTqWiopqIrKzEHb0QgM4I8apTQbwCaALiVaeCeNVqSAoEAAAAAAAAAAAAALiDSCQUCvl1cmXRrXKFsh59ozqEVqtVKOuLbpXXyZUikUAo5Hf0igA6I8SrzkAfr+QKlUgkEAoFHb0igM4I8aozQLwCaA7Eq84A8arteB29AAAAAAAAAAAAAACATkcisa2oqKqTK+vkyo5ey/1OIODbSWw6ehUAnRfiVeeBeAXQNMSrzgPxCqBpiFedB+JVqyEpEAAAAAAAAAAAAADAGJfLcXCQyBVKRZ1SVY/iEB2Ay+Xw+XyxpVAsEnb0WgA6NcSrDod4BdBMiFcdDvEKoJkQrzoc4lXbISkQAAAAAAAAAAAAAMA0sQh3IACga0C8AoCuAvEKALoKxCvo0rgdvQAAAAAAAAAAAAAAAAAAAAAAAAAAMA8kBQIAAAAAAAAAAAAAAAAAAAAAAAB0E2gfDADQ8XQ63a1bxTk5uRYWFiEhwe08EwBaSqPRVFVXW4otRSgYDvdGbW2tRqOxtbXlcDgdvRYAgM4CsREAAAAAAAAAAAAAoJmQFAgA0JESEi5v276rqKiIy+X27x8wOnJUe84EgJZKuZq6dev23Nw89lAqlcx7YO6wYaEdvS7oJhQKxa7dfx0/fkKtVrOR0NAhixbOt7Oz6+ilAQB0GMRGAAAAAAAAAAAAAICWQlIgAEDHKCktXb/+l7S0dC6X+9iyR8LDw7hc0y3d78VMAGiF4zEnfv99IxE98cSyoUNCbtzI+mr12u9/WJ+Xn//A3NkdvTro8mpqa1eufL+0tMzPr+fTTz0pEgm3bN1x8mRsSkrq8v+96ejo0NELBADoAIiNAAAAAAAAAAAAAACtgGQRAIAOcDzmxGuvvZmWlu7t7fXpJx8OHx7eWPbevZgJAK2Qm5vHMgLnz38gfFgYj8fz9+/9/L+fIaL9+w8mJaV09AKhy/vxx59KS8vEYvErL78glUrEYvEjSxf7+vrKZLKvVq/V6XQdvUAAgA6A2AgAAAAAAAAAAAAA0ArIFwEAaG/Xr6ex1CIrK6v/vPqSRNJo47N7MRMAWueXX/8gIi6XO37cWP2gv39vDw8PIvrl1986dHXQ5WVkZLLU0kmTJgiFQv347NkziCg/P//ChfgOXSAAQAdAbAQAAAAAAAAAAAAAaB0kBQIAtKvKysrPPv+Kbb/44nOWlpbtORMAWqempiYrK4uIBgzob2FhYbgrNHQIEVVUVGbn5HTcAqHLOxl7im0MHRJiON4voC8r+xpz4mQHLQ0AoMMgNgIAAAAAAAAAAAAAtA6SAgEA2o9Wq/30sy/VajURjR49qqevb3vOBIBWO3f+Atvo2dP4W8zHx5ttnDgR2+7rgm5Cp9OxYldcLtfV1cVwF5fLdXZ2JqJr167X1tZ23BoBANobYiMAAAAAAAAAAAAAQKshKRAAoP2kpaUXFBSy7Qnjo6qra64kJiUmJVdX17TDTABoteTkq2zDzc3VaJd+5OrV1HZfF3QTt24VK5VKIpJIJA336r/GMjJutPvSAAA6DGIjAAAAAAAAAAAAAECr8Tp6AQAA95GEy1f02598+kVFRaX+oZ9fz6efelIqldy7mQDQalVVVWxD+v/s3Xd8VNed//8zVRqN2qiiRhGIIkRHoptiqo3BNtjG3bHjZO3kl3Xy2GSdbDa72c0m2e+mxxv7m28Sxw1cMC6AAYMpphokgSSKkIRAqHeNRjOaPr8/7nA1qI4KEh6/ng/9cefOnXPPnbn3zDxm3vocg6HTXeFhYTe2aR32fiFA+Jxg3YzY8srGpqbh7RcAjCTGRgAAAAAAAAAABoxKgQAwfM6ePScvz50755mnn1q16k69Xi+EuHKl9J9f/Bd5+rNbsSWAAWtp8eYSgrTaTndpb6yx2Wxut3vYu4ZA0NzizXNru5xgvisbGxuHt18AMJIYGwEAAAAAAAAAGDBCgQAwTFpbWxsavL9Zvvji9x/e8uCiRQse3vLgL3/xnzqdTgjhdDq3bnvnFm0JYDDMZrO0oA3qnEtQKBTyssViGd5+IUDI6e2gLieYEEKj0XTaDAC+ChgbAQAAAAAAAAAYMEKBADBMGpuapYWIiIiJaRPk9Xq9/rnnviEtnzp12uPx3Iotb/HBAQEuLCxUWvB0qQXoe31JYVygv8JuTELtdnczXDudTmkhJEQ/vP0CgJHE2AgAAAAAAAAAwIARCgSAYRIS4k0LRUSEd7orfcpkebmpqflWbDkURwB8dUVFRUkLNpu9013yGqVSqVKphr1rCAQx0dHSgtVq7Xpve3u7tBAeHja8/QKAkcTYCAAAAAAAAADAgBEKBIBhEhsTIy10/V1TqVTGxHh/9WxuabkVWw7poQBfObGx3mvNciOCILNavWuiogzD3i8EiOg+gi/elfFxccPbLwAYSYyNAAAAAAAAAAAMGKFAABgmSqVSmgSt27p9sbGx0kJYWOit2HJIDwX4yomPj5cWqquqO91lNLZKCxkZU4e9XwgQcrXX2tq6rvc2N3tH+ClTJg1vvwBgJDE2AgAAAAAAAAAwYIQCAWD4TJgwXgjhdDqrqjvnihobG6WFuNjYW7QlgAFbvGiBtHC9vKLTXSVXSqWF6dOmDXu/ECAUCkVW1lwhhM1ms1gsne4tK7suhIiLiw0JCRmhDgLACGBsBAAAAAAAAABgwAgFAsDweejBzdLCyZNf+K632Wx1dfVSpTGFQnGLtgQwYNHR0dOnTxNC5OTkdrqruLhYCKHX66dPzxih3iEQbLhnvbSQk3PWd31zc4vNZhNCrFu3doS6BgAjhrERAAAAAAAAAICBIRQIAMMnLi52xYplQoh9+/Y3NTXJ64uKSqSFxx59+NZtCWAwNm68RwhhNpvPZOfIK5ubW7Kzc4UQmzbdp1TysQoDl5iYMHFimhBi567dbrdbXr9r9ydS6lQuVwkAXx2MjQAAAAAAAAAADIwqwpA00n0AAL989x+fHZH9SpPwhujDhRAhOs0gW5syZXJlZVVVVVVefkFq6rjIyMiKisrf/f4lp9P52KMPZ2RMvaVbAl9N7VbH4K9fQ2RkbFxcbu7Zc+fyJqRNiI2JqampffmVPzc3t8ybl7V5071D1198yQzJCSaEmD17Zl7++dra2uqamunTMjwez6lTp3d88JFSqfzxj1+MjIgYov4CwDAZkuGRsREARpA0krdbWqXq6QNuR/peJSLSMKS9AwAAAAAAuN21GlsG+b3KYChSUrNGZMcA0F/Xr3zhx1ZDr6ioSAgRHZsshIg2hAxJm7t279m9e48065lU5uS5576RPmXy8GwJfNU0NluG6vrNyy/Ytu0daW5uIYRSqbz/vo1r166mTOBX2RCeYHa7/a9/e+3s2XNOp1NaM3586lNPPp6UlDj4xgFgmA3V8MjYCAAjRRrJG+srhBATJ04ccDvS9yopY8YNae8AAAAAAABud+VlVwf5vcpgEAoE8KURSKFASU1NbX19w9ixo8PCwoZ/S+CrYwgzW5L29vbr18sNBkNsbIxCoRiqZvElNeQnmBCiorLSZrUlJIwKCRnKZgFgOA358MjYCADDjFAgAAAAAADAYIxsKFA9InsFAAghRo2KHzUqfqS2BDBgOp1u0qSR+eiGr4jkpKSR7gIA3HYYGwEAAAAAAAAA8BNT3QEAAAAAAAAAAAAAAAAAECAIBQIAAAAAAAAAAAAAAAAAECAIBQIAAAAAAAAAAAAAAAAAECAIBQIAAAAAAAAAAAAAAAAAECAIBQIAAAAAAAAAAAAAAAAAECAIBQIAAAAAAAAAAAAAAAAAECAIBQIAAAAAAAAAAAAAAAAAECAIBQIAAAAAAAAAAAAAAAAAECAIBQIAAAAAAAAAAAAAAAAAECAIBQIAAAAAAAAAAAAAAAAAECAIBQIAAAAAAAAAAAAAAAAAECAIBQIAAAAAAAAAAAAAAAAAECAIBQIAAAAAAAAAAAAAAAAAECAIBQIAAAAAAAAAAAAAAAAAECAIBQIAAAAAAAAAAAAAAAAAECAIBQIAAAAAAAAAAAAAAAAAECAIBQIAAAAAAAAAAAAAAAAAECAIBQIAAAAAAAAAAAAAAAAAECAIBQIAAAAAAAAAAAAAAAAAECAIBQIAAAAAAAAAAAAAAAAAECAIBQIAAAAAAAAAAAAAAAAAECAIBQIAAAAAAAAAAAAAAAAAECAIBQIAAAAAAAAAAAAAAAAAECAIBQIAAAAAAAAAAAAAAAAAECAIBQIAAAAAAAAAAAAAAAAAECAIBQIAAAAAAAAAAAAAAAAAECAIBQIAAAAAAAAAAAAAAAAAECAIBQIAAAAAAAAAAAAAAAAAECAIBQJAH1Qq1Uh3AQAAAAAAYGQM8osR6eFul2voegQAAAAAAHC7k74MGcHACaFAAOhDUFDQSHcBAAAAAABgZAQHBw/m4dL3Kna7beh6BAAAAAAAcLuTvgwZ5Pcqg0EoEAD6MIJjNAAAAAAAwMga5H9LSt+r2O32oesRAAAAAADA7c5ms41sFSpCgQDQByoFAgAAAACAr6whqRTYZmr1eDxD1ykAAAAAAIDbl8fjMbeZqBQIALe10NBQjUYz0r0AAAAAAAAYbhqNRq/XD6YF6XsVl8vVamwZun4BAAAAAADcvowtzS6Xa/DfqwwGoUAA6INCoUhMTBzpXgAAAAAAAAy3pKQkhUIxmBbk71VajS12u23ougYAAAAAAHA7stttplbjkHyvMhjqkdoxAHyJBAUFtVksQojGZstI9wXAAHH94pbiBAOAbjE8AsCXnVarHXwjQUFBsbGx9fX1dTXVkYao0LDwoegaAAAAAADAbcfUajS2NAsh4uLihuR7lQEjFAgAAAAAAAAAuIUMBoNSqayrq2tuajS3tYWGhWk0Go1Wq1AwlQ0AAAAAAPhyc7tdTofDbreb29rsdptCoYiPj4+IiBjZXhEKBAC/RBtChBBOp7OqqspqtY50dwAAAAAAAG4JnU6XkJCgVg/xV8cRERF6vV76XqWpkXmEAQAAAABAALpF36sMwMj3AAC+RNRq9ejRo+12e3t7e3t7u8VicTqdI90pAAAAAACAQVGr1SEhITqdLiQkRKPR3Lq98L0KAAAAAAAIMMPzvUp/EQoEgH7TarVarXbEa70CAAAAAAB86fC9CgAAAAAAwK2mHOkOAAAAAAAAAAAAAAAAAACAoUEoEAAAAAAAAAAAAAAAAACAAEEoEAAAAAAAAAAAAAAAAACAAEEoEAAAAAAAAAAAAAAAAACAAEEoEAAAAAAAAAAAAAAAAACAAEEoEAAAAAAAAAAAAAAAAACAAEEoEAAAAAAAAAAAAAAAAACAAEEoEAAAAAAAAAAAAAAAAACAAEEoEAAAAAAAAAAAAAAAAACAAEEoEAAAAAAAAAAAAAAAAACAAEEoEAAAAAAAAAAAAAAAAACAAEEoEAAAAAAAAAAAAAAAAACAAEEoEAAAAAAAAAAAAAAAAACAAEEoEAAAAAAAAAAAAAAAAACAAEEoEAAAAAAAAAAAAAAAAACAAEEoEAAAAAAAAAAAAAAAAACAAEEoEAAAAAAAAAAAAAAAAACAAEEoEAAAAAAAAAAAAAAAAACAAEEoEAAAAAAAAAAAAAAAAACAAEEoEAAAAAAAAAAAAAAAAACAAEEoEAAAAAAAAAAAAAAAAACAAEEoEAAAAAAAAAAAAAAAAACAAEEoEAAAAAAAAAAAAAAAAACAAEEoEAAAAAAAAAAAAAAAAACAAEEoEAAAAAAAAAAAAAAAAACAAEEoEAAAAAAAAAAAAAAAAACAAEEoEAAAAAAAAAAAAAAAAACAAEEoEAAAAAAAAAAAAAAAAACAAEEoEAAAAAAAAAAAAAAAAACAAEEoEAAAAAAAAAAAAAAAAACAAEEoEAAAAAAAAAAAAAAAAACAAEEoEAAAAAAAAAAAAAAAAACAAEEoEAAAAAAAAAAAAAAAAACAAEEoEAAAAAAAAAAAAAAAAACAAEEoEAAAAAAAAAAAAAAAAACAAEEoEAAAAAAAAAAAAAAAAACAAEEoEAAAAAAAAAAAAAAAAACAAEEoEAAAAAAAAAAAAAAAAACAAEEoEAAAAAAAAAAAAAAAAACAAEEoEAAAAAAAAAAAAAAAAACAAEEoEAAAAAAAAAAAAAAAAACAAEEoEAAAAAAAAAAAAAAAAACAAEEoEAAAAAAAAAAAAAAAAACAAEEoEAAAAAAAAAAAAAAAAACAAEEoEAAAAAAAAAAAAAAAAACAAEEoEAAAAAAAAAAAAAAAAACAAEEoEAAAAAAAAAAAAAAAAACAAEEoEAAAAAAAAAAAAAAAAACAAEEoEAAAAAAAAAAAAAAAAACAAEEoEAAAAAAAAAAAAAAAAACAAEEoEAAAAAAAAAAAAAAAAACAAEEoEAAAAAAAAAAAAAAAAACAAEEoEAAAAAAAAAAAAAAAAACAAEEoEAAAAAAAAAAAAAAAAACAAEEoEAAAAAAAAAAAAAAAAACAAEEoEAAAAAAAAAAAAAAAAACAAEEoEAAAAAAAAAAAAAAAAACAAEEoEAAAAAAAAAAAAAAAAACAAEEoEAAAAAAAAAAAAAAAAACAAEEoEAAAAAAAAAAAAAAAAACAAEEoEAAAAAAAAAAAAAAAAACAAEEoEAAAAAAAAAAAAAAAAACAAEEoEAAAAAAAAAAAAAAAAACAAEEoEAAAAAAAAAAAAAAAAACAAEEoEAAAAAAAAAAAAAAAAACAAEEoEAAAAAAAoDdOp6u5xThUrRlbTU6Xa6hagy+PxzPSXeg3j8fT0Ng80r3A7cVudxSXXO3vXbdIfUPTUDXF6BeQWoytNrt9pHsBAAAAAAA6U490BwAAAAAAwJdYZVXNxcKS8sqq9nar2+1WKBR6vd4QGREXGz1+3OjYmKgdH+8zmy1PPrpppHs6QDW19W9v3+nxeEanJG3auHbA7ZRXVF8sLC69dt1qtT3+8P0x0YYh7Wb3yq5XFlwsKq+ostvtbrdbCKFWq8LDwiampU6fOkmvDxlYszab/cjx09fLK81mi1KpCA8PG5OSvGRRpkrZ/X+fWtqtt5rF5AAAIABJREFUJ07lXK+otFptQoiI8LA5M6dNnjR+CNvff/BYZVW1zWYXQmi1mjGjU1avWKzVagZ2gMPG0m79y9/fdrlcERFhTz/+4Eh3B7fEldKynXs+e/LRTYbIiN63bGo2FhZduVxc2tJiFEJ899vP+HNXV06na+/+Iz1lZBVKZXCQNikhPikpITxM30s7Lrf7//71LZvNHhSk/YdnHlX2cAH2aURGv05q6xpOZ+f1dK9SpQzV61OSRiUljQrSaoe3a19WFZU1hUVXSkqvtbdb77tn9dgxKSPdIwAAAAAAcBNCgQAAAAAAYCAqKqv3HvjcZGqT1ygUCrVa1dJibGkxXr12/YszZ6X1wcHBI9fNwSq4WCRla66XVzqdTrV6IN+lvPyXt6xW6y3oXY+qquv2HjhsNJqkmxqNOioq0mazm0xtTc0tp07nnjqdOzV90oo75vf3iM5fLDpw6JicN3K7RVNTS1NTy8XCok0b18XHxXTavrjk6q69B4UQwcFBk9LGmy3tV0qv7dl/+HRu3iMPbFSrVYNs/3Jx6Sf7DvmusdsdxSWlpVfLnnniwQEHH4fH5aJSl8slhDAaTXX1jXGx0SPdIwy941/keDyeYyey77nrzl4227X3UHFJaX/v6oFHqVRWVFWbzZaetii4UCiEUCqV0zOmLFk4t9txoLy8Ugra2mz2K6VlaRPG9acPXsM/+nVLqVS6PZ7r5RVOZ4+lCnPPFUgj1cJ5c2dMmzy8HfyS+d3//s03dapUdh7JB89qFb18dqiqchkMSp1OMeT7vR2UlDgmTLjdQ+0AAAAAgNufKsKQNNJ9AAC/fPcfnx3pLgAAAADwOvFF7qefHbXb7VIWcMmirBVLFy6/Y37W3JmzZ2YkxMdXVNU4HA5pY4VCkTV3xkh3eYDsNntJaZkQQqcLzpo7c2CNZEyZaDBEll69Lt2cMW1KSIhuSLt5k9xz53fvO2iz2UND9etWLVu5fPGCebNnZEyZPTNjQdbsyRMnaLXayqqa+vrGgguXJ6alBgX5WxmrorJm554D0rJKpfINhbhcrsKi0tmzMnzLiV29Vv7xJweEEFIlvAmpYyalpaYkJV4sLG5vt5aUXps5LX0w7VdV1324c58QYnRK0tT0SbEx0U3NLVLMzuPxlFdWT8+4rZM9KpVSymYpFIpldyxQKgIz4PJV1txiPPlFrhCiqbllzsxpKlWP2akJqWPmZc6yWKx19Q3SmgVZs/u8q1tKpTJtwtg5s6ZdvVYu5wLHjE5+8P67p0yaEBcbHRIS0tJidLvdHo+npra+4MLljPRJXXOBWq0252yBtLx86UKNZiCR6GEe/XqiD9FNnpg6d/b07NwCeWBZsihr7co7UseNiY4yBAUFNTU1S3UWr5aVV1XXpU+eMPz9/LKYMytjzOjki4XF0s1pUyeFh4UO7S6Skqr37293uTzjxqmDgzuPjd/5TvPTT7c0NjpTUtSxsUMfSRxBp05ZZ8xozM21TpyoTkykpgP6JuWu/azlWlHhzM+3jx7NqQUAAAB8JRAKBPClQSgQAAAAuE0cPnoqOzdfWg4ODn784ftTx6bogoOkNWqVKsoQMXPG1OqaemOrSQo8zcscYJxuxMXGRCXEx0UZIteuXDqwMoFSob642OgzOflSGMX/WIzb7Xn1ze3JSQl6v2M0x0/mnPgiRwgxe2bG/RvWGgwRKpXKZrPX1NY5Xe7g4CCdLjg5MSEpIb6iqsZstuSfL5wyOc2fXKDb7Xlt6/sej2fc2NFbNq1fvGDugqzZUYbI0mvl0nG53W5Lu3X8uNHS9k6Xa9t7H0nTFm/ZfI9ctC88PLS5pbWxsbm93apRaxIT4gfWvhDizXc+9Hg8D21anzV3RnLiqLGjkzLnzKiorGk1tQkhzJb2eXNnKfxO2u098HlLi1HuzzDQ60PGjUkJCdGtXbVMvoKG1rAdVIvR9Pq2HXNmTbvVO7pN9uunzw6flKJmktEpiT1tqVAolApFdLThbN4FaY2c/Ovlrt61tVkqqmqk5XlzZyYnjtLrQ+LjYsaPG50xdXJRSand7hBCOJ3Omtr6qVPSOj1co9FMSksN0gatXLFowJGv4Rz9+qRUKEqulslByfXrVuh0weHhoYkJ8RMnjBuTklxYdEXqp7HVpNFohnM0+HJRqVTh4aE5ZwukEX7a1Mlhob1NRT0Av/pVW0GB+6OPbJcv2x56qHPjn31mPXbMefKk8/XXLS++GBZIgeqnn24qLXUXFbn//Of2efNUaWmUDEQf3nij7RvfaJ47V9NnitRmE2vX1v/sZ5ZRo8TcubfkUwcAAACA2wr/DwQAAAAAAPqhvqFJDqYEBwc/+9RD3UblVErlpo1rP9j56bWycik08OU1dkzy2DHJg29HpVJKRez8t2f/YaOx1f9HFZdcPZ1zTqFQPPLgxrjYaI/Hc/DIyYuFRfKMmUqlMiN9kj5Ed/J07ne//cy+A0cvFhZtfffDrz+5petMvp0UlZS6XK7MOTMWL5grr5yUlhoTbXh96w7pZtn1cvmu3HPnHQ6nEMJgiIgyRPo2NT9z1uWiK0KIU2dy586eNrD2r5dXWa3W++5ZnTAqzrfx++5Z88dX/i4tG1tbDZER/jx1ly5fuVRYnDlnuEtajoqPHRUfe4saH7aDcrs97+7YZbG03+od3Sb79ZPT6Sy5clW+eTbvvO+53S1dzxOm9nJXT3zjd51CUyG64EcfvPeVv74l3ayorLbZ7F3DwVGGyEUL5vR3v10Nw+jnJ9+nUXHzs5KYELdi6cL9B49KN7Nz8+fermHT24Rct1XpZ42y/tBqhRAiLk7x0ktRXe/V3EjK7doV5ZsI3L7dvHu39a9/jb4FPRoOR49a9+93Ssv//u/6VatCOm1w5Yrj5ZfbfvYzQ//HA9xC1645NRpFUlLfRSs9HtHU5G5ocAkhJk0amsSnTidyc11z5zauWqVWq3tLyNbWunNzXUKI554zXb3q/O//NgxJBwAAAADctggFAgAAAACAfvho96fy8splC3svnnfXmmUv/783fSeBhf/OXywqKi71f3un07Vn/xEhxMrli+Nio9vMlm3vfdzWZhZCrFl5x8S0VKvVduTY6fzzl+SHrFm5pLyy0mQyHz56auXyRb23n1dwSa8P6Zpqio4ypE1ILS4pFUKYTGbf/ksLk9PGd3pIlCFCq9XY7Q6Hw1leUZ2SnDCA9ltNbfMyZ40dk9Jpe7VaFRSktdnsQoiI8DA/njnR1Gzcu/+wP1t+iQznQe3ee9BstvhflPHLvl8/5Z674Dv6OZ2uC5eKuxbkGyk6XbB8pQghGhqbkhJHjXSnvPo7+vmv97Ml1acQaXu79VZ0ICDdimswJEQhhCcmRpGY2FvQKjm540PIqVPWBx4wCiFGj2756U8jm5vdv/99a08fQGbN0t57b+fInRCiutq1b1/7/v3WsjJ3dbU7OFiMGaOaPFk1YYJ63rygGTOC3nuv7YUXTDU1CS0tPbavUAitVpGcrJo6VTN5slav9+v5cTrFCy8YpeVf/lL//e9HCCF8/6uitta1enVjaak7J8exY0eMwdBH8tFs9rzySuuhQ/a8PGdIiGL2bPXSpUFf/3pYTx/cjEb3q6+2HT5sq6pyCyGmTlU/+aR+2bIe44f9bV/mcIi33mr7y18sx47F9bJZf/vTidMpHnyw/vJl15tvRs2a1U055AH0//Bh66FDnUcGk8n9l79Yd+wwJCX1WNbU7Rb79lnef7995057XZ1HCPHP/6z75S9vyuQN+HjlIOC4cereg4nt7e7c3KGP0Tc3u//wB1Njo+sPf+gmwgsAAABgBBEKBAAAAAAA/srOzZdTWXp9SNqEcb1vH6TVTkxLlWrC9cTt9iiVff9ebnc4tDdKA9lsdqvN5mfey0/t7VadLlhuv2vFLIfDodH0VtPFbLbodMH9LZjU7b6kmn9ywSo/HTuZ7XK5EkbFZaRPFEJ8tOtTKRG4ZfM9Ui29UH3I3WuWhYfqs8/my4/atHHd39/cXnChcOH8OSG63n57rm9oWn7Hgm7vSklKkEJ7svZ2q9HYKi13OwWnITKitq5BCJFz7rwUCuxX+0II6TC7JeWc4uNi/Hk5mluMW9/9sM/NJA6Hw+VyB/c81a/H43G53HLZxTazRalU9v7ESo8a2lRNvw7KHza7vb3dGhkR3vWuA4eOl5ReG6odORwOhVKpVqmkFJ1QCGl5kPsdwDjjdLlMprbIiPABvzQ55wqkC/Dt7TulNSdP59w+oUAhhFbbEQq09JyBk6q99nI1jcjoZzZbPEKE6rvJdQ1YsB8TqffX0Pazz7eqW81mt0tv7kPS2s6dlooKV3i4omsMq6XFI4QoL3e/805b1wcWFnpLSO7ebYmLU0o5s+ef977p/Md/WKZMUa9dGxIcrCgocGzdavd97MSJyvvvD+paaa++3v3zn7f87ncdF0JYmEhLU+3Z49izxyGEEKKjJ1arRwihVCr27LGeOtVHPct/+Ifg738/PDW1j99ifvtbo1TFTQjx4ovmF18097Tl4cPOxYvrCgpG9XLNffpp++OPt0j5MyGEEJ6iIvvbb9v/9jfL1q1REyZ0/jxz7Jj1rruaTCYxf77q8cd19fXu//xPy9//bnvkEe2rr8Z0fcH7277E6RTvvNP2k5+0lZb2UUO6v/3p6uc/N37wgUMK2w3++ZGCfd/8ZktRUTetpaYqV6zoMRG4e7flRz8y5ee7hBDPPx983326RYuCdbqb3lkGc7zyu9uzz+p7nxTYYvH88pft3UYSB8ZodL/0kum//9tsMom772aqawAAAOC2QygQAAAAAAD461zBRXm5z3kwJfMzZ0rRNF8Oh+Pw0S8qqmpaW01ut1utVkVEhI8fN2bhvNmd8jcNjc1n8y8WFV8JCtJ+/cktJ0+fzTmbL01Kq1Qqk5MSNtx1p5TVq6mt37X3YKcdJSeOWrtqqbT8wc5PG5uapeXwsNAH779bClWcK7iUe+68EOK5rz+aV3Dp1JmzFkt7SIjuqUc3BwVpnS5X4eUruXnnGxub/79/eKrrHLvXyioOHD7mm5WMj4tNSRqVkpwYHh7qcrm7DYQ1NjUfOHS8qrpWqrEUHW1Yv/ZOQ6Q3cZVXUHjwyHF54+0f7pH2u3rFEt9CVp1cLCwSQmxcv1oIcbm4tK6+UQgRHW3oNLvukkWZ5y8VWa3e3IMhMmLu7BnZuXnnL1zOmtvbPLPf/uYTPd0VovP+CB0aqpcWSkrL5HtjY7qpHBMdZZBCgRWV1QNovxens/OkeoHr193Z58a1dQ1vb98pz3Cdc7bg/MXLQoj0SWl3LM6SN7tWVn7ii9ym5hbp3FMoFCnJiSuWLvCdm/haWcW5gkvXysqnTEpbujjrsyMni0tKpUJxGo16Rkb6kkWZnfbudrsvF189m3e+tq7hhW89rVAorpWVf7T7gO82Ol3wN7728L4DRwuLSjo9/K41y9PGjxVCvP/RXvlpHDM6eUHWLH8O6tLlK3kFFxsamx0Oh1KpjIgIW7Z4XtfKi7nnLhw/dUaegTo0VK9Wq2dNT585PV0IsXPPQXmGXI/HI01Hq1AonnpssxwbarfaDn1+sqq61mRqE0IEBweNGZ28avmiTinbisrqM7kF18rK16y8Izkp8bPDx6+VlQshFmTNnp81q1Ov/NmvEOJMTn5RSWlzi9HhcCoUirCw0IRRccvvWKC7OdZpsbTnny88f+myyWT+7refKS65evjYF/LAZTBEbLx7lZ/zUMuulZVbrbaIiPCEUXETUsdK+UWTyVxVXdttTHb4SalH+WZ0VGTXbcquV+acO192vWLdqmWTJ3Uu+Tkio5/T6fzs8IlLl0uki0uhUBgMETabffO96zpNUz4A18sr5WVVD2lUP89n//tZW9dw4ovcmtp6aVjW60NmTkvvNBr38lY1P3PW4aOnOnVSHhxaTeZX33hXXp+UOGrzvevkm34OAtJR791/pLqmVkqRajTqtPHjBl8GOClJtWFDizRNcKfYk5TWMpnEP/2TqesDKyq8u/7Od9qSk70fGyIiFBE3LtNPPrFt2RL64osRQoh169oef9ybF0xNVV64MKprBjEnx3bXXU1yROx3vwtdu1aXlqZRKoXTKQoL7X/7W9tvf9uRF2xv90RFKX/yk4h//deINWvq5Dl/3347fPlyXWmp49Il5+nT9ldesQohXnnF+sor1s8+M/SSGysudvzgB95Lad8+Q2ho5yxyXZ37vvta5Jt6vaK62tVTWbjz5+1r1jTLh1xf7zbdeBbPnHFt2tSUnR3ve8KeOWNbsqRJCLFxo+bdd2Ol1+LBB0OmTWvYutXudjds2xYzmPaFEC6X2L697Sc/aes2VNdJf/vT1YkT1n/7tx5TlQPovxBizx5LT51/4YWQbgOaZrPnn/6pWToNJk5Uvv66Yd68bkJ7gz/e/goJGewE221tnj/9qfVnPzOburlAAQAAANwuCAUCAAAAAAB/tbVZ5GU/cy1RhkgpfierrKr5YOenDodDrw+ZPSPDZDZfKytvbGxubGw+f/HyffesiYuNFkJcvVa+Z/9huYqVUql6fduOxsZmuR232329vPIvr73z+MP3h+pDYqIN09InnfgiR95g7qzpGVM7isndsShz7/4jdfWNCoVi8YK5lVU1hz4/Wd/QJN0bHBx8Jif/2Mkz0k2Lpf3Yyez6hsbqmrpeju7IsS+klMbc2TMiwkPP5l9oamopvVpWerUjEnf/hrVjRif5PupaWcXRE6flmx6Pp6Ghadt7H339yS1arUYIce16RUREmNHo/aFVq9VIsZieQipCiBZjq81mNxgipLRTbt4Faf2s6VO7bpw+OS33XIHT5ZJqsE2ZND47N+9ySWnvocBeVNfUSwtxsd7frY2tHb8S67oLBsk15xwOxwDa78nFS8XHT2VrNJqvPbZZ70dprrLrlWFhevmpVqtV0kug0XbEAQ4eOZlXcFGpVM6Ylh4fG3255OrVa9evl1f+/c3tD21an5gQf+KL3DM5eXIIr7ml5S+vveN7XA6HM/tsfmV1zZbN90hr6uobPz9+uqKyWk7VeDxCoRBjRifPmzvz5OlcaaV8+dy5bEFYmP6LM2el9cHBQZs2rpOuFCHExrtXfbR7//XySpVKdeeyhZcKS/o8qL37j1y6XKLRqGNioi2WdqOxtbnZ+MHOTyemjb97zTJ5s0OfnzqXf0Gr1axcviAlObHwconUN1ObRUqV1Tc0BgcHyxlTrXcXCoXwJlpq6xre+2C3w+E0GCISRsXVNzRarbbLRVeulF57aNM90iHsP3T8ctEV+RmzWm1vvr1DvvZP5+R1CgX6s1+z2bL9wz1NzS1KpXLGtClOp6usvLK11dTaaiouubp6xZIpkydIpRzfeX9Xq8/p+tnhE75TbAshmpuNr731/n33rOl0Iffu+KkcIcS8uTOFEAvnz5aLGh49ceahTev9b+fWOZPTUTFUq9X4JtXarbYDB49dLSt3uXosgTZSo9+b73zY3GyMMkQuWzJfpwv+IjtPiofKJ8yAud2eU2fOyTdTkhO7buPP+dyvfhZcuHzg0DGFQhETbQgP09fVN5rNluOnsvMvFD716Ca1Wt3nW1W71bZ21dJP9h2S23z4gQ2j4mOl5fAw/ROPbHrtre0ejycmJmrNyjvkzfwcBKQyru+8v9PhcEZEhC/ImhMeFpqbd/5iYbG8wYCrac6eHVRRER8VpexUNU0IMX58TWmpe+JE5eXL3cxq/fzzTS+/bBVCFBfH9lSUTrZkSbAQ3lDgnXdquyYCz5yxZWU1SstxcYqPP47yTW6p1SIjQ/ub30RlZrY98oi3nfZ279CtUIjly4PkUODixbq4OFVcnGr+fPG1r4m777bcc483yXfvvc0nTqgyMrqp+WaxeLZsaZJqE+p0ijfftLz2WrTvk2q3izVrvJ9GkpMVn34aM2VKj0ftcomNG5uEED/8oe7FFyPCw5VCiM8/t37tay1Sfb78fNdLLxm/+11vgtLhEE895f1w9dJLBjmdmZGh/a//0v/Lv5jfftu+aZN582b9wNqXfPZZ+4cfWn/xi/ATJ2y//nVvM9j2tz9dGY3uhx5q7unegfVfCPGrX7UJIbZuDdfpbkrUaTSi27hna6t75cr6M2dcQog1a9Q7dsSGhHRzpQz+eEfEH/7Q2tjo3rYt8o9/bNu3zznS3QEAAADQPUKBAAAAAADAL6Y2s29ZoIHN3ltb1/Dujt1CiLCw0K8/+ZC00uPxvPrme0ajyWJpf+udD5/92sOh+pDIyPA5M6fl5l2Qcj9Wq9VqtSYljpoyaYLZbMk+WyBFiKxW2979Rzbfu06tVs/LnGlsNV24VCQ1O2N6enhYx2+o0VEGgyGyrr5xfuasyRPHXysrDw8Pl5MWVqv12MkzUshDKoqm1+v0Icl2h8M3ieirorJaysTMnpmxZOFcaULbP7+6rf3GLJzjxo4WQkRGdp5x9eiJ01qtZuni+UmJ8VevVRw5dkpKipzNuzAvc6YQYuPdK4UQv33pr9L2mzaujY7qY5a3uroG38xcS4tRWui2vNn0jMk1tXVKhfdX7ZhogxBCTuEMQFVNrbQgPQ/S2SIt9DSjqG9VrT4nwezafleNTc37PjtaW1svBQ2/yM5btmRen/OZZs2dkTV3xmtb329qapGCpNJLIPto94HSq2VarebxLfeHh4cKIaZMnvDyX96STstdew9+42sPpyQluJyunHMF0gVSXVOnUqnSJqSOH5tSXVufd6O+ZnVN3dm8C7NmTJUOOT42xmq1ymegRKFQzM+alX+h0Gy2CCHCw8OkSKVarV44b/aVq2UNDU1SWNA3fqRWqwyREdfLK+fMmhYWqu/zoD7Y+em1svKYmKhHH7xXmnYwr+DSwSMnhBBFxVfGpCRKUzPb7PZz+ReEEEsWZk2bOkkIMT9rVmiofv/Boy6XUwihVqmefvyBqurad97fJb3WTz/+oO+OmpqNW9/9SAhx7/rV48amSG2+9tb7ZrPF6XS9/9Hebz79iNSBoCCtHAo8cuwLjUYdFxcjndVdJ2vuc79Op+vVN9+TqgM++9SWkBBvXOPAoeMFFwrdbvfeA0fUalXahHFBWs2s6emXiq5I+xJC5J+/ZDBETJ08UaNRn82/KF1KHo9n557PvvWNx/0MP7W2ttXVN6pUqvTJE6TBJzIyQmqqqrrW1GYO86Pm5a3jdrt37T10xWfy5bvXrLhpC48nPDxsfOrYouLuJ38fqdGvsOhKc7NRCHH/xrXSc3jPuhXSRdpLftEfZrNl2/adculElUq1esXiTtv4fz772U+pLKJGo37ikc3Su1VdfePWdz/yeDwmU9snnx7ZcNedDoej97eq6KjItPFjTSaznLYMCbkpD22IDA8K0lqttvvuWSPPYuznICAlvN98+wMhRFxs9MMPbJQ2Hp86es/+I4WXO5cvHYCeat21tXmk2WaFEO+917Z4sS4hoWNLOZNnNvddrdBg6HgjiI7ufAn7RrLCwkRublxPXXr44dDISOVdd7UIISwWtxDezaKienyjWb8+5LXX3E8+2SpVPfzTn9r+9KduSud+61tNubmusDBx7FiMyeRevLhp2jTj97/vfft2ucRzzzUePuyUqs0dOhSbmNjjfwhIE9GWlrr/+tfwp58OlVfecUfw4cMxo0d7k4X799u/+13vXTt2tF286BZCPPCAJjn5ph+Mnnwy9F/+xSyE+Ld/M8mhtP62L1m9Wrd6tU4IMW2apvdQYH/709U//mNzRYUnPV0ptTPI50dy5ozt8GHns88GP/xwaOcWu9Pe7tm4sUFKBMbFKd54I6bbROCQHO8ASnbabH3Xa+zdj37kPT/r6tz79rUOsjUAAAAAt8hgi4QDAAAAAICviBqfmnlqtWpglYE+/sQ7NeqGu1bKKxUKxcMPbJQLQX28e7+UZpuXOXOBT4Wwhzatf/D+u6dNnTQ/a9azT20JuxH4K6+okgMTK5YukDt2/FR2p71LJaxmz8oQQowdk7LhrjuXLOyYTXXC+HFbNt/zrW88sXTx/LUrl87PnDU/a9a969f0dCwHDnvnuJyUliotKJXKhfPmyBtsvHvlvetXdU1PxsZEffOZRzPSJxoiI2bPnCpP71tzI5Y0AK1tZiFEUoK3opLVapMWwsO6+fXaEBn+0Kb1UrZDoteHOJ0DLPTSYmyV6imOTx0rFxtr6wgFdn+eaH2q1rUYe/s5udv2fdkdjtfeev/1rTukRKAkr+DiX19/t9+zW958VldV10rnzLpVy6REoGT61MnSgvQ8pyQnLFmUKdcVU6tVzz61Zf3a5VMmT1ixdMFjW+6Ts4nHTp6RCgpKD9lw96pue5E521uy0XcyUyHE4vlz5Y45b45AFV+5KoSYO3tanwdVW9cgTcvrew7MmDYlONhb0PHQ5yekhbKyCmnBt0RlRvpEtVolzyZ88346v9Z79x8WQqRPniglqIQQQVrtkgWZN549a+65AiHEquWLnn1qi+/c3E8+uvnRBzc+tuW+zDkztmze0O2z1Mt+Dxw+Lk30vGDeHDkRKIRYuXxRdLQ3Ybb3wBGHw6HRaGbPzNjo80Jkzpnx1KObM+dMnzk9/WuPbZ4wfpy03uFw+JbW692J07lSSU65b/MzO4ayE6dyen7orXKhsPjQ56d27Tn4tzfe/f2fXpUTgeHhYZvvvWvsmGTfjXW64KWLs+5es0yj6f5fykdq9Cu9Wi4t+J6TSxdnSUlQf1rwder02QOHjn+4a////dvWP7+6TU4EpiQnPvnopq6lRv08n/3sp9PpkjKR61Ytl/PrcbHRE1LHSstXSq81NRv7fKuSpgmeMytDvoJOZ3fUO5Tq/FmttoSEeDkR6P8gIITYd+BzaeG+DWt9x/NVyxf18/nuH2km3/p6txDixz9uS0ysffTRhuxs71ub3e4d24OD+/4o4jtEdP2HU99xAAAgAElEQVTk8vvfG+Xo2Isv6ntKBErWrQt54AGNbyqx2zZ9LVvWUSv3s8+6qWf58sumv//dJoT47LPo6dO1ixYFv/BC8A9+YP6f/zFKNQIfe6zhb3+zCSGmT1cdPdpHIlAI8e67llWr1L6JN0lKivqnP5WDfR21bN95xxvR27Chc7m7pCTV7NkqIcTFi+78fPvA2u+kz4lr+9ufLg9ve+0123/8h/7OO7v/Z4OB9f9XvzIJIe65J9jP+PGPf9wi5TiFENu3G2JjezzqQR6vEMJs9p7ABQWOU6esvfydPu29gkymwc79LQvpuygzAAAAgBFDKBAAAAAAAPil2Se5FRTUuXaXP/LPF0pZsdBQvW+dMyGELjgoI32StFxb11BRWS0tB9/YUVCQ1nfC4qAg7T3rOmKFRcVXpQW1Wj11ire+UeHlEt8pXMsrqh0OZ1LiKK1PjbrYmI6aPUsXZUnRltkzp0pTiwohQvXdTAknaWnxPiGhPkW/xo5JkZebmlu6feCShVlqn6RIUmKCtNDQ2NTt9v7kL6VtNOrOWQG3x69iMFqtpt/5uRv27j8ihNBo1L6FteTImkLR/bdPKp8afr2X+Oq2fV9KpXLm9PQ5M6clJY7yrTjY1mY+9Pmpfh1Lpyd6196DQoiQEF3quNG+6+dlzYyLjdZoNIsXdFQulC+K0SnJvjMmx8ZEZc3xhvycTpdvacBuI5tCiOnTJksvqNvtLr7SUc5t3NgU+WS4cLFIXl9TW2+xtI9OSQrSdpOB6HRQ0vOp0wU3NDRVVdfKf/obp7rT6Wq32nxPvEOfn6yrb5RbmDplkm/SricVldW13gKW0b478n2NKqpq5WW93nsdjRmdLBVXi42JWrxgrm+9T3+0mtou3ZjYNLNLSnLponnyYR6/Ec4L9hnQ5s666SHrVi+Vc11FJaX+dMDldksV1HxnPZ4yabyc2bp0ucQ5uLJ2A1BRWX0u/0LxlatyTdDxqWM33LXqmSceTElO6OlR2u7OqBEc/RQ3QmnbP/xEjj5HRoRHRxt8c8Z+yjlXUHCh8Oq16xZLu7SvqVMmPrblvs33rusaZ+zX+exPP4+dzJaGvuBgrW+DvqNHZVWNtNDnW5VCochI94aVL13umNhXmoBbCLHAJ5bq/yBQVV0n9SEpcVTIzRPBq9Vq+ZQe8PTBfdq0KUiaXVcIsXWr/YUXvEVwFy8OevFFXWlp3KRJ/X7dfV296vz+970R9rAw8a1v9V0C+TvfCbtRKdAvo0d3JGuLityd3mk//tjy/POmsDBx8mRUZqZ3IPr5zw1Llqh/8APzN7/ZdO+99W+/bRdCZGaqDh+OjYvrIxEoBdp+8IPuD2TOnM5PV2ur+4MPvJ+Upk3r5nqfNcvb/23bzANov78G0B9fZWXOZ59tXbRI/cMfdlMmWTKA/l+54nj3XbsQYsOGFrW6avXqut/9rlU6Lbv1xRe23/zGG/V7/vngJUuCe9pykMcraWz0vqE8/XTrggVNvfwtX+4daWtrB1spEAAAAMCXAtMHAwAAAAAAv0QbOuZwlFMO/XLturfsWbdZqNkzM+SJVssra5KTbsqpdM2WxcfFRESEG42tQohGnwDKogVzz1+8LC2fzs5ftMBbvCrn3HkhRObs6b6NyPkMrVbjWwrOd889HY6cojMaW+UKTOFhermOms3WY1kXXwnx3jl/bbaBPKsSKQ1WfyNYo9eHSPPPtrQYIyM6z+DZVWtrm7pLoNAf18oqpDJ+D96/3nea1/CwUKm0pKeHVKLdJ6/ZtSJXn+37UqtUM6ZNkW9KU8RKy3kFF1csXTCA4xJCtLdbpecwJrrzbI9qlerRh+7t6YHKLvmYeZkzT505Ky03NDbHx8X0vmuVUpk2YVxRcakQ4kxOnlQJTHqsfNblnDsvH/XJ02eFEL5lNXshpbXa263S3LvdqqtrGDM6SY7hOhyOt975cO7sGQvnz1YplX4+pZdvRHUPHz3Zc2c65uaWz8DxN0cw+6u8whspVqlUXeePHjM6SaNRS3UEq6pruz6800PUKlVG+iRpaJInxe7dufyLHo8nPj429OYTe9rUKWfzzktDR+6583JUdHjMnD51TErix58ckE+hhPjY8akDfKpHavRLSUqQApeNjc3/7+/bVi5bLKXinnj4/gEcxYa7Vja3tMqz7no8nukZk33jd776dT7708/Sa2XSwrs7dvfUoBzG9eOtSsybO0Oa79vpdBUWXZk8cbw3WFxyVavVjBmd5NNPfweBvPOXpJujb1RC9aVSdV80dEhs3Ro+Y4Y2PV0rhDAavefbu+96/53gueekZJ6npcUdGTnwwgfbt3dc1N/7XkhERN9NSZX8Ro3y94eV6uqOp2jixJveHz7/3LpxY8v8+art22N8KxTqdIoPP4zJzKz785+983EvWaLetSsmPNyvI83Li+/pLvkAFy709v/4cat877hx3RzUxIlqIWxCiE8+sf/iF/1uv78G0B+Z0ykef7zJZBKvvx6l7nn/A+j/Sy+ZfG/u3+/cv7/t1782/+EPEffd180HmJ/+tOO/aL7+9VBpDmij0d11punBHK+sutr7QSs7O3r69N7+acdsdhsMNb7zbns8wmr16HS3KtcLAAAAYGQRCgQAAAAAAH4ZFd+RZHK5XE6nq78xsoZGb74hMqKbCi6REWFarcZud0jFAv1pMMoQKYUCW4xGeWWILjh13Bhp1tfcvIKF82crFAq323OtrFytVsnTPkoGU98oKiqyqalFCHGhsCQpcZS8PigoyOm0CCHi42P9acd3fske9N1JQ2S4EKL6xhTP0VEGKdBWWFTqW75LVnr1+tgxKdJckBZLu8vl8q345ac2s+Wj3fulbE2n0o+R4d4kotvdfSkd38xQT6HAXtrvxcrliyLCw46dPCPdbG4xGiJ7rBjUmc8zXXNjMuKuNcP6S6lUBgVppUNubGz24xFiQdYsKRRYW9dgabdKNboOH+0ofGg0trYYTZERYXa741pZeUiIzreUZk8H1dTsvVKSEkctmj+n++1vnLp6fciUyWly1b3s3Lxz+eeXLVkwbeokfw5Bjqg+cN/dPV1nvhUHh6rYmHwVhIR0X5wpKTFBmju193mrZXJKzM8wdHZuvhDCaDRt/3CP73rf3Ft2bv4whwLjY6NTx42+a/Wy3fsOSWuOnTwTFxvtmxXz30iNfhnpE0+ezpUqzjqdrr0Hjhw7lb1+7Qp5GuJ+SUlOHJ86pqGpWT7J3/tg9zNPPNRtIcx+nc/+9LOtzSJVvd3YwzTiQgh57PLn6pAGASnqejonTwoFXrhU7PF4ZkxLlzfr1yAgV3DsPVx+KwoFPvywN/vocgmTSQghVqxQ+86cazZ7NmyoP3/e9dFHhvnze6zE1ruCAqe8nJHhV5U7hUL89rfdJ0e7JU95LISYMaOj/5cvO5YubXr++eDf/Caqa/HlffsspaUdkfqYGMW1a87p07uv3Om/S5e8cXy5JF5NjXcvYWGi29BhSoq3z1ev9h0A7dp+fw2mP7/6lfHoUedrr4Wnpg7wZ6+e+n/5sisszHseyioqPPff37JmTduOHbEhIR3XQFmZc88ebzupqcpPP23/3ve8UwmHhYk77tD8+7+Hz50bNPjjlUlR9sceC5oxI6iXNKQQIixMmZ6uHD9e9b3veT/Y/PKXxjffbD96NK5rYBEAAABAAOCDPgAAAAAA8IteH+KbS+hptsdetLd7C6L0NHVmSIg3HOYb8uuFnNZS3Vzc645FWd4dOV3nLxYJIS4Xl3o8nsmT0vrb515MmpAqLVwqLLbIh+Z0STNRjk5JUnWpUjYw/uQtEhPiFQpFw43A2ZKFmdJCUclVt7tzrb7T2Xkf7d5fU+vNTpVXVgshxqT0LxvkdLm2vvuR2+1etmTB+NQxne6VQopSnapuHy7nq5RKpbq7YFDv7fcuc850ubBWvc+8t31S+CSQ5FCg2dLer713S04LqTV+hRWiDJERN1I42Tn5QohWk7m8oio4OEjOFZ3JyZNLYM6aMbWnpnwPqq7eG7f1eDxJiaN6+pNfkbUr75g8aYL8cKfTdeDQsbfe+dDpdHbZT2fGG5E7vV7X0476kdf0m1zPz+Xq/tyT401+VrOTt/cnmFVeUS2NAFartbyiyvfPdwpmm81e4jMx9LCZmJaaMXWyfPPDXZ+2trYNoJ0RHP2eeOT+SJ/Tpq3N/Pb2nb552f5ac+eSiAjvW4nT6dr63sfdRpn7ez733k+n0ynNHex0unq5Ev2Zp9vXwnnekF9jY7P0ymafLeg0KXa/BoHWVm8Mys+Z6AfG4xFZWbUpKdWTJtVMndr5Lz3dO4fywYNO3/WpqTUHDzrr6jwLFjRt2zaQ01gIkZfXMZSNGTP0BRRKShzPP9/xeebb3+6ImMfGqnbujPzf/+2cCKysdG3YUP/II97zbdEitRDigw8cM2Y0rF1b9+qrbWVlfQ+/PcnN9YbVpFKLQoiaGu/nsYiI7sc3nc57LZtMHeXl/G+/vwbcnzNnbD/8ofnBB7VPPNF9KU1/9NT/Tz6JbW1NNBpH7dtneO654DCfO/ftc/74x803b9zxmaG01P3ii+a6OndcnELq8+7djszMxv/zf4yDPF5fL7wQXlsb/8Yb0b0nAoUQKpW4cGHUxx/HLlsWLFXK/NGPzBcvuteurTeZ+nhxAQAAAHwZUSkQAAAAAAD4KzRUbzJ5f3q/dPnKKP9qQcmCgrRSIUBja/cFuvQhupYWoxAiVO9X1Tqb3Zvp6TTBqyEyPGFUnFQw7OTp3GlTJ0mzdmbOntZDSwMxZ1bGtesV1TV1brf7jW07Nt69Kigo6NPPPvd4PMHBQRvuunPodtV3FEmhUCQmxFdW1ZzJyc+cMz0uNjp9ctrFwmKXy/X2+7seeWCDvOWly1eOn8qeNnWyVFjO7XYfPHJSCOFn+TfZu+/vMpst8zJnzZqR3vVe3zSMqc0c1qUMoaXd+6t5T5N19t5+n0bFx10vrxRCGAyR/j/qpgTSjRuNTf3Ov3YlzVcrFWzz8yFZc2bsP3hUCJF/ofCOxVmfHz8thX4iwsM+2LlPCFFYVLJqxWLp3J7dSyjQ56A0am9W0s8ieUKIdauWpk+asHvfQTlCV1ff+OY7Hz716OZediSEUKm8UYbauoZbEf7rab8hOm+OqqfCfvLZqPEvoClX+OtlnmvZ8VPZQoisOTNnTp/S9d7Sa+UHDh27sWXOhBsTQw+nVcsXVVZVNzcbpct/63sfff3JLf0t+zqCo1+QVvu1xzZn5+YfO5ktz2J8Nu9CcFDQfP9m0O68A4XiofvX//X1d6WUnsnUtnPPZxvvXtlps/6ez733U56l2uVyOZ1OdZ9ZHv+kJCfodMFS/v6L7HOZc6a3tBiTEkf5zr3er0FAnh24udnfEWMAFArxxhtRP/mJceFCbXS0slNKvKDA8YtftAshnnkm6M47Ow4kJ8fx618PKrHtcIj8/I5/URg9eih/KzGZPJ9+2v7888a6Ou+r/9Of6u+4o6OiYVSUcv36m4YUj0e8+mrbCy+0ShXp7r5b88c/GsaNUx840P6tbxmLitz79jn37WsVonXiROWKFdr0dPWkSZq0NE1CgjrYj1KJ1dWuV16xCiH+9V9DkpO9ByuH0nxr3fnyXV9d7ZwwoccSgN22318D609bm2fLlua4OMXLL/ejiGMnffY/PFy5erVu9Wrdf/2X+3/+xyidlkKI3/7WunGjdelS72uQn++QH/LUU0F/+lOUTqdwu0Vuru2ZZ1qkU+6f/9m8eHHQwoXB/T3ekBDlvHl1ycnKnrbvl4MHvZ9MzpxxPfBA/Z49cbei6icAAACAEUQoEAAAAAAA+OuOhZny1JPn8i9kzZnuT0pGFh0VZTKZhRDNzS3dbiCH/OJjY7rdoBO5iFHXuWWXLp739vadQgiz2VJccrW2riEiIqz3CRD7S6PRbNl8z3sf7qmoqLJY2re997GUL0mfnLZyxeKhKpTl/8yMK5YufGPbjmMnz6RNGBsZEb5yxWKH01VcUlr7/7N359FV1nf+wL/ZIAsBkkDYd0FEQUVQXEBQEbUuVfuzdtpau/yq1nY6XaadTmc6v+k57cy002XacepR2rrUDmpdEBUXUBAVBAVXRJA9bCEQSMh+k/z+eOJNyEaCWO3T1+t4PM+997nP/T7b9+ac++bz2bP3N3PvGTZkUGZmz+07dh04cHDQwMILZp0dvWvRkherq6sLCvK61X/z0See3VNcMvHE8WedMbndFQYO6J+WlhaFbIqLS9qGAncXN9XhGz1y+FFs/4iikE1KSkpHocMONB/rZHrv4MHy4r372u1fvHHT1sLCfm33rq3q6qZqav27dm2HECaMH7t4yQsNDQ11dXVr123Y8O6mjIz0SSeNT0lJiZoRJxL1zyxdXlNTO2rk8E5DRc071b9/09GorKzqaKf27S99c+36c885o6qqen/pgSGDB44YPuSmL31mxapXV6xcHa1TWnpw7boNE8Z3Vnqzb58+0f2++tU3o06mbS1/afWokcO6Gy/u3MAB/dauWx8l3ioqKtvOUdXvhfx6d60x9IGDTfPMEaNgZeWHoizy1CmTemS0E52ZeOLxS59/qa6uLoSwv/RAyb7SfgV5XdutY+mTV1069855Ud6rqqr6gfkLP3n1pd3awoc1+5XsK01LS8vr23vK5EknTTj+6WdfeHfj5uil5StXT5k88ejSdTk52R+/9MIH5je1e960eevKV15r1d+5W9dzV8aZkZEeZYVfXv1Gu3HGRKL+2eeWn3PW1KzMNs1lOzbl1InLXlwVQnj7nXejQq1nTDml5QrdmgSysjKjTvTbduw8O3TYa/j99/4+/viMe+9tmhtLSxvy8povoaysyhCqQggf/3hWyxRdff2h6Pk//KH3Jz95NMXhiosPK1rcr1/3orHtOuGEPYMGpe7a1dCy1ezs2enf+Eaviy/u7O+lTZsSN964/+mnE1HP2Z/9rPfHP960/gUXZL3+etbtt5f9+teV69c3hBDWr29Yv7665dtzc8OgQakjRqQ+8ED/3Nz2T8cPf3gwhDBhQup3vtM8lb331RQyM9t/V8tbqq6u3VU62353Hd14vvnN0k2bGp55Jv/99MDt+vjz8lJ//OO8GTN6Xnxx01+zt9xSngwFJntST5iQ+rvfFUQ3R2pqmDKl57335p9wQtMfPzfddPC11zK7u7+DB6f96Ee5t91WOWVKRsvbJPLyy7UPPFAXJUrPOefIzaZnz26eW3JzUxoawpE7ugMAAH9RhAIBAACArho3dvSq1a8nm2A+9czzV152YedvaWhofPGlV047dWJWZs+BA/pv2bo9hFBbW7dz156oUl1LUfgghDBkcOuX2pUcybjjRrV6adDAwr59+0R1Bx994pkQwikTOyyldtTWb9hUVLRz6JBBs2acWVdX17dP76ysLpTr6ab6Drott9KvIG/scaM3vLvpgflPfPG6a9JSUy+9aNa7G0ctX7XmwIGDGzZuTklJ6dUre84FM5JZrh07d7+19p0QwsWzZ3Z9PEuWvbTh3U3jxo5OJgtbWvbCqsqq6jkXTD954oTVr74RQti4eVvb/r8HDjTVnTpxwrij237ng4zaW7ebd+lEfYtmxwMKm9N7Ty5+7rPXXtlq5U2btz3y+KJPXn3pEUOBB8vKowBWdnZW79wuVcEMIaSmpowfN2btug0hhCcXPRdCmDr55Ch8c/JJE1a+8moI4bU31oYQzuy0QFrLneqd2xydeWLR0us+dVWrlauqqv/3/gVRN9Wt23YsXvrCzV++Lgr9nHn6qceNHjHvT49E+7JpS1GrUGDj4b0H+/fL3160M6qs1u79/uJLq19atWbE8KFdPCAdafW5LT/olTVvzjjn9FbrJ0N+Awd0KQi7dfuOaOGkE1pfq608/+LLIYRhQwe3mwiMnHryiStffjVaXvbiqiNOoR+ErKzMqy6/6L4HH4se7ty1Z+nzK89tc6A696HMfitWvVpXVxcdtMzMnpddfN7adRuiuyOEsHlr0dgjFV9sbGy/RebwYYPPmHrqS6vWRA9fWP7ygP79Rgxvbqrereu5K+PM7dVrf+mBqKTfaaeelNHmmrn3wUdLSvbPmnFm1w5Vk1MmnRjVJqyvr1+7bkPPnj1a7kV3J4H8vL7R9/Lu3cXtRmyPuZ0768eP31NWNjj5zPr1TcmvYcMO+y0jWWJtxYra//7vPfffX9Dd6nQDBhwWgNq9u37IkPcbiZo0Kb1XrzBiROrAgWnDhqUOHZp+wQWZY8d2OCGEENasqf3Vr8rvuKMmhDB5ctr3vtfr4x/PaZVu7dkzfPWrvW++ufdLL1X/7neVt99e3Woj5eWhf/9w9dVZWVntZ8tWr6659dbq3NzwyCMFvXo1rzN0aNMuV1e3f2tUVTU/30nkrqPtd9dRjOfBBytvv736u9/NmjXr6Kegoxj/RRdl33Zb/Ze/XB5CWL68uadzsg/vnDk9WsVlx4/P+NGPcr7//YoQwuuv1+/ZU38U+3vddb06apH89a/vD6EuhPDjH/eZNOnIoUAAACD2jtm/2gQAAAD+Glx2cXNTxS1bty97YVUnK5eVH/rtXfeueuW1rVuLoo6Tae8VIVn5yuttV46aHubm5owe1bp6XEND62Dcunc2RgW3xh9/XLtJhRlnHZZxmXRSZ+1xOwiKhIYWgaqWyyGEoh27Hnvy2ayszP9z5SX9CvIGDSzsPBOTDKO02k7yYau0SrK/5MGD5aFrLrlwZp8+uWVl5XPvvLf0QFkI4bgxIz977ZVfu/H6r914/d/d/IUvfe7aZJDr5TVvRKmg2edN73o5vZdXv77mtTdHjRz+sTmz2r66bv3Gl9e8Pnrk0BDCtNObylOtf3dTq9X2FJdEOztyxLBWibqubz+EkKivbzfis3vP3rKy8pSUlEsv7lIb02Qc52BZ86HOycnOfS89U1Ky/74HH2t54rZsLXrk8UWjR41omw1KtAlxLnvx5WjhvG7me86Y2pz2S01NnXLapGh5SotG2L165bTML3a+UyGE48Y0JWj37St9/MklDQ3NBzBRX3/PffPr6upmTW8aZ21t3d6S5u7J/fvlnz+zKamZ8V5opUePpuRB/eGnY/IpJyWXH5i/MCqhl7TunY0vrVqTn9d38KAuJfOqqmueX/7y8pVrohbknXxu/375yev5zbffabupKJocQjhnWjuVz1qdvsrKqqgPdU5O9vjj268PF6mprX1nw8ao73Mnq02dPKnlSCor31f/084lOz6HEOoSiZYvDRk88KxpU5IPV7/6xoZ3N7fdQvKa/+jMftuLdra8aCeMH5u8pBN1iXAktbUtjsnhdc/OOmNyy4KpDz/6VFnZoeTD7l7PRxzn1Pdu54aGhrvnPVxZdVjMa+HTS4uLS06ZNKFVZ+eOvqqS0tPTkh8UQjh5Yjvt17s+CZw6qTlM//hTS1pupLKqOnmBtTxQndtfeuDpZ55/6+0NHaUzV6yoKS8Phw41v/rOO02ntVV73127mi6er389t7IyTJhQvGhR9+6m9PQweXLz4d20qdM6eF1z770FTzxR+NRThXfdVfCjH+XddFNuR4nARCI88kjljBnFkyeXRInAv/mbHs8/X/iJT7ROBCalpIRp0zLHj28a85w56Zdd1rzxRx7Jv+GG3Hbfu39/wxVX7A8hPPVU/pgxh41n2LCmrVVWtn9Gysub79n8/PZDk51sv7u6O54dO+qvv/7ApElp//qvR1919ajH/7nP5Q4dmhJCKCpqLClpGtiAAU1JwLy8dg7XtGnNWb2NG+uOyfGPJBJh3ryaEMK4camdJwI3b078278d7GgyueeeQ9/85v62/z311Af4bQUAAHxAVAoEAAAAuqF3714XzDpn0bPPRw9fXvP65m3br7nyY5mH9zdM1Ne/9sbby15Y2djYOPu86VGYpkdGxuxZ5zyxaGkIYfOWbRve3Ty2RYW/F1e8Ei1celE7Qa7a2rqXV78+5b08TVl5xaIlL0QFzGZOn9buUMeMHp6VlRkFDYcPG9JuW8lkU9e6DrritYzsVFRW9ujR3FTumeeWR0WV7nvwsby8vtlZmenp6enpaTlZWX379u7fv6BVD82ovloIoeLwGFDyYd3hiZacnKyoW+Xrb70zetTwoh27Fixc/IXPXtOzZ4e/9aampnz6mo/fc9/8gwfL7vjD/WdNm3LGlKZ8UstkyaGKygcfeWLfvtIQwvSzTj+pTa2+jrz+5rqoMeXOXbv/5/a7W77U2NhYV5dobGxMT0+LTmvPHj1OmXTiq6+/VVeXeGHFK2e3CGAtWLgoOnetimB1a/tvrl3/9DPLQgijRg4/f+ZZyXBhWfmhhxY8FUKYc/6MljWxOlGQl7dnz96oHXDDzLOqqqr/908Lzptx5uWXXHDPvQ9H6+zYufuW2+4aOKAwKzNz3/7S/aUH0tLSLp59btutbdm6fU9xSTKot2Vr0YZ3N4UQ+vTJHdumpGXn+vbJzc/vu3//gRDCKZMmJK+onj17DB0yqGjHrqhbaLd2ataMaclOpu9s2LitaMfYMaP6FeTt23/gzbXv1NfXnzB+7NAhA5PbWfj0ks9ee2WyPWjyKh0xvKmUV35e803x5tr1E088fuUrr61bv/G6T1113JhR0WclEvXz/rRgxPChw4YMCiFs2Lh5T3FJamrqFZc218lLpv3aTcHe+8CC0tKDUd2+a6++tPPPvfxjs397571RKu7JRc/NuWBGcs0NG7dEN/sZU0/Nzs5q+0GPLlx8zVUfi5YbGhoeWvBktDx71jmdnquw+NkXo4XhwwZ3slqPHhnJcxpCeHbZipb510PvVUsNIVRX17ScVzt5qSOlBw4ml/eXHmz16hlTTt62fUd0FUUVVT/1fy5v1co58V6UsNWs9WHNflEGdNmLK88954y2g2ybJm+r/FBFy2PSKlB+9RUX3UJAGgIAACAASURBVPb7/40uxYaGhnvum3/9Zz4Rde/N7ZXTrev5iOOcMH7s0udXRt9BBw+Wzb1j3pjRIwcPLKyqrn5z7TsVFZW5ub2mnzU1essRv6paOuuMyRvei2K3Oz90fRIYM3p48nIt2rHrgflPzD5veu/cnJJ9pU883ZwRfOGlV6qqa4YPHdR5KcFEInHXHx9sbGx8c+07FZWV7cZn77ijIoSwb199r15NX9mvvpqI2uO2apa6c2fTRTViRMbdd+edfHLJ7Nmlt96auOGGLrUFj0yalL56ddN23n03Mf0IJWiPjbKyhrvvPvTv/15RVNR49tnpv/pVr7vvrlq1qv6Pf6z94x93dX07Tz6ZuP/+Pg8+mPPGG7WNjY0nntj+3wZ1deHaa0uKihrnz+87bVrr8G6yUt3Bgx2F0hrfWzOl3RKonW+/u7o7nltuKSsvD5s318+eXdxqzejKCSHccMOBAQNSQwhf+EL29de3/qvg/Yy/R48wa1aPu++uCSEcPFjfr19qCGH8+PSoDXTLPF/SCSc0n6Y9exre//FPeu65quLixhDCF77Qzldb0s6d9RdcULJpU0NJScPPftZOkvLRR6vnzatt+3xubuqFF3a2ZQAA4CNIKBAAAADonoknHp/bK2f+Y09HRZ727Sv9zdw/9O6dO3BAYV7f3rW1tSX7Sot27GpsbExJSbnysjkjRzS3Bz1h/HE7du154611UQZlzvkzxo0dnZqasvLl195+590QwvSzprZKpSQte3HVnr37xowcXnqw7OXVryUS9WlpaZ+8+tKsjsMxZ55+2jNLX2hVnSupsrLqxZdWJx8+uei5M6ae0rdP7+QzDQ0NL770SvLh8pVrLp59bjIdlYy57Ni5e8fO3a02npKSMuPs05PFpV57Y12yMNLq194cN3ZU1GC0trZuzWtvRc83Nja+9faGE09oquTXr6AgisVs3rLtl7f8rrGxcdzYMZ0kAiM9e/a4/tOfWPj00vUbNr644uWVL6/Jz+s7aOCAgQP6VVZV79xVXLy3pLz8UAghIyP90ovOb3l2OrfunY2Ll7wQLbesQNbKCcc3t5SdNWNaCOHV199a+fKriUT91MkT9+0/8NLLr0b7deVlc/r2aU5vdHf7JftKo4XNW7bNvWPbyBHDBhT221uyf8vW7enpaVd8bHZXEkKRwYMK165bHyVv/ut/fh9CyM3tNWzooIyMjLOmTXlxRVOdv0SiPpmgSktLu/KyOT16tP8T/X0PPnrShPFDBw/Yun1ndLXn5vb69DUf7+J4WjrjtFMWPr0khHDm6ZNbPj9t6ql/2rErJSVl4knju7tTs2ac+exzy6PVqqqqX3/z7eS7Bg0svKhFhC66wf94/yMfmzOrb5/eO3bujm6ZgoK88eOayualpqb27NkjOmWLnn1+8ZIXoihwCGH2rLP3FBdHpzuEsHVb0dZtRcktX3X5RdEF0NjYuGnztrL3Khq+/tbbQ4cMHDFiaMtgWel7mbbi4pIjfm7v3F4XzZ4ZhZbWrtuQmdlz6uRJ2dlZW7YWPbpwcVSisqOeyzt27p73pwUnHD+2sbHhlVffjEZ1/syzR40c1tE5Kis/9MzS5Zu3bIserli55tRTTuzZo/1bdX/pweQBiZrw9s7NPe2UE7OzsxKJxJJlK5IvrVj16szpTZGyTl5qV3V1zabN29at35h85o231g0s7Ddy5LCWE+aVl114+x3zqqtroof/e/8j088+/cTxY6Oyf+ve2ZjM6r2xdt2kk8Yn558Pd/Zb/eqbDQ2N004/tWePHus3bIpKP548cULn02NZ+aE33nrnUItQ4JOLl845/9xBAwuTmemMjIxrrrr0D/Meeu8wVv/urnsvPG/6qFHD09PSung9Jx1xnFdeduF9Dz4WtUiur69fv2Hj+g1Np6xnzx6fvuaKqGLiEb+qWsnP65Of13d/6YGhQwa1e0x65WR3fRK44mOz77n34SgouW37jt/eOa/tBouLS55a/Nwlc2Z13r551+69ySth0+ZtbUOBK1fWLFhQF0Lo0yf1vS3XR6G9adNa/5CxY0dDCKGwMCUjI0ya1OOmmzJ/85vqG28sr6xs+MY3+oSumTgxPYSm6/+xx6o+//ku5cjfp9tvL58/v+Z738u5/PLsqOXxihW1q1bVhxAeeqhvcrXy8obrrisLIZx9dvq3v908sI0b67797Yqo1/App/RITw+nntrZlX/TTfuefjpx5529L7+8nchmsudyeXnYt6+hoKB1a6l9+5qSbXPmtP8pnW+/u7o7nqi0a3l5WLasw0Kh69c3rF/fEEKYNauddd7n+AcPbhrhiBFNfw+MG9e0C9u3ty4bHEIYNKj5X2jk5KS8/+OfdPfdTcHxn/+88rHHaqIyrPX1jdEhiv6fSITNm+vLy6PVqgoLU7/73dY3y0knZUyf3k6ccdQoPyYCAMBfnpRho0/vwmoAH75tG1/6sIcAAAA0SyQSy158+c2165LpkJbS09MmnzLxjCknt1ufb8vWogULF7V6Y0ZGxlWXX9Sql+i6dzZGiaiMjPSBAwq3F+1MvtSnT++2IYxWKioqb/v9/2ZkZHz1hutavfTU4mVvvb2+7VsmnzLx3HNODyE8s3T5a2+sbbvCeeeeffLE8SGEvSX75/3pkXZ3P2na1FPPPGPy/9x+d9uU20UXnFvf0BDVumupoCDvuk9dFfVL/e2d85KhnOTAumh/6YFnli6P0pmtXsrOzpp04vgzpp6Smtr65+dO/OK/f9uV1b74uWt757buCLxq9RvJSlchhPy8vhdfOLOwf8H72X4iUX/HPfe3zFelpKRkZ2eNHzvmnLOmpqamdGVrSffcNz+ZNhs0sPATV16S/l6r6527ih95/OmqFs09Cwryrr78olY1sR594tmoOld+ft/a2rpk9iglJWXY0MFXXDo7ucF29/rrX/lCu2NubGz89a13Hj929JzDs3ohhN/MvWfY0MGXXtROn+Uj7tSWrdsXLFzc8upNSUk595xpp57c3Gw0uvsyMtJbVXE74fjjzpt5Vo8WNYu2F+3608OPJ7dz+SUXJBOZ9Q0ND85/IhmmjPTvl3/FpRdGxR0TicSvb72z7eBTUlL+9qbPJ4/J/Q89Hm1k7HGjk7vcyedGfZPvf+jxKAIbrRDdC7NmnHnKpMN6qiYS9b++9Y5oeeKJ46McZyQzs+eF500fM3pERwc5hHDHPX8qbVOH7xtf/WLbNX93933t1kHMzc0ZO2b06lffaPvSeeeefeBgWUcvRXNRK1XVNbfO/UNHo/2ba65o2W96f+mBO+95oOUKGRkZF8+e+cjjT7d975jRIy+/5PwPcfZ79IlnN2/ZWl/f0HJaS01NPeuM05LdeNuVLCzaVkpKyt/d/IWWz7zx1jvJariR4cOGXH3FRV25niNdH2dZ2aF7H3y0ZVQxhHDC+LEXzDo7uluP+FXVrvUbNj325LOf+Pglw4YO6midrkwCkdrauj/NXxhVHo3k5uZcMPOcx596tqamduiQQZNPPmnM6COHsBsbG2+57a7otM65YEayl32kqChx2ml7i4sbc3NDWVlTuc158w596lNlIYS///usn/zksKpmvXvvLC8P06enP/dcYQhh9+76QYP2RC8tWZJ/7rnNJd/Kyxt79246Zd/7XtaPf9y8nf37G0aO3F3+3k25bFn+Oed0u9bdbbeV33BD+Xt7MWDIkM56vLbrs5/d94c/1IQQGhub64zu29fQr9/uEMJXvpJ5yy35yefXrKmdPLkkhPDDH+b88z8fIf74wx8e/Jd/qfjFL3r93d+1nyKtrw/jxu3etKkhhLB8eX7bUnnXXLP3/vvrQgh33937M59pHZo84vbb2rGjfujQpjPVcn+Pbjz3339owYKadj/ohRfqou1Mn54+cmRaCOHKK7OuvPKwL+6jGH8rn/pUybx5tR/7WMajjzb9g5annqqaM6c0hDB6dOrGjQPbvmXAgF1RSb9t2woHD05/P8c/KXn9T5qU9tWvdpZu/PKXm67VwsKUX/0q95OffL9B2HvvPXTttWUhhJYHAQAA+IgQCgT+YggFAgDAR9Pekv3binYeOlRRUVGVlZXZryCvX0HewAH9kxX1OrJvf2nRjt379h/o3y9/2NBB7dY9SoYCMzMzb/rSp0sPHNxTXJLZs+ewYYPTuhBoW/Pa2iXLlp8y6cSoZN2xtWnztvmPPT161IjJJ5+4v/RARWVVbW1dXSJRV1tXVV29p3hvTU1tnz65UcvLo7Zz1576+oZBgwrbjZR1xe49ew8cLDtUUZmRnp7bK2dAYb/OOzx+QGpqanftLk5LSyvsX3DEeoddV1Z2qKy8PITQryC/Kw1VO1F64OCBA2UDBxa2W3uyprZ29+69qampgwcPaPfaS4YCjxs98rJLzt+9Z+++/QcK8vt2VPkykgwFtpshi+zctacgP6/tQSveuy8nO6vzs9n5TpWVV2zbvqOhoWHQwML+/fJbvVrf0FBTU5udlVlTW7t37/6amppevXIK8vNatqJOStTX79pVnJaW1irXm9zUrl179uzdl9+3z6CBhUd3prZsLUpJSRkxfEjXPzdKBm8v2rVrz97cXtnDhg4u7F/QdmpqGQq8+cvXJRKJXbuL6+vrhw8b8j4vqrj6sGa/mpra1NSUjIyMQxWVJSX7GhtDnz65eX37HPHr5tg64vXc3XHW1NZu376zrLxi4IB+hYX9jnq2b6lox66hQzpMBCZ1Pgm01NDQuHtPcV1dYvCgwoyMjBDC1m07Bg0q7NF5T9PDJRL1727c0r9/fkH+YQm/iorGGTOKo6KA11/f8/e/b4qMJ9NyCxb0vfTS5rkuGSxrufKXvrTvt7+tiUrrPf9884TQSSgwhHDXXYc+97myaHnq1LQVKwYc8Y+LhQsrR43KGD++acfffyjwuuv2RS1oj20o8NZby2+6qbyj1ebOLS8tbfj7v++THP9Pf5rz7W+3XjOZYCspGdiqjl0Xt9/q+c5DgS2PZ3fH08p3v1v6k59UhRCefTZ/5sx2sp5HN/6WEokwatSuoqLGX/2q19e+1jv55Mkn7167tiGE8Oqr/U4++bDv7pqakJm5M+qIffDg4JSUY7O/K1ZUf//7ZX36pHz967ktE7GtVFQ09urVdC9s3lw4cuQxKP4nFAgAAB9lKn4DAAAA70v/fvmdJwk6UpCf1yoWcER5ffvk9e1qW8AQwqrVr4UQzph6SvdHdwRbtm6f/9jTaWlpl118fmpqSrvVmO578LFdu4vf5wcNHjTgfW5h4ID+nefS/jx69uzR9VbFXde7d6/evY9Nw8fOr66ePXq0iqN1rluHvfNIU0fXQKtSi+3qfKd65+acNGFcR6+mpaZmZ2VG+z50SDvljlpKT0vrpCZZWmrq0CGDuhJR6kS710/nnxtCyMnJHn/8mPHHj+n6B2VnZ3VeGvCv3Ic4+yWjsb1ysnt9GOHmyBGv5+6Os2ePHsd12nj3KHTxdut8EmgpNTWl1Rnp1pQYSU9Pa/dm/Kd/Ko0SgSGEr3ylaUrfujURJQJDCOeem9Vy/bffbio/OXp08w8c11+fE4UCX3/9sOKm1dWN7S5HPvOZXnPnVkbNZ1etqr/55v2/+EV+ZgepqkQi/NM/lf7Hf1T96Ec5//iPTVNreXlzr9WqqoYQjj7T+dBDlclvg7Kyps1u3Jh4+OHK5DobN9Z1ZVP333/oppvK/+EfstpNvC1dWv1//2/5smX50RH49rfLy8vD739f9a1v9Wn5dfTuu3VRIu0738lqlUjr+vZbaVu9uJWjG093dX38DQ1h06a6fv3S+vZt/Ylz55YXFTVOm5Z2443N/6wlPT3813/1mT27NIRwzz0VrUKBixY1ncqf/CQ32rVjsr/TpmUuXnzkIpdLllRFC2efnX5MEoEhhCOdTwAA4MMkFAgAAADE01tvb6ioqBw6dHAUbDqGqqtrHlrwVNRTspM2tSkpKf2OKi7JX4mGhqbMxzEsnQgfKLMfH4Ty8qZg0S9+0Wvq1KbKi//8z01dub/73azc3MMutjfeaAoFjh/fnMCbMqXpu37q1MN+9Sgqas4IbtnSuud1amq444782bNLohaut95avXLlnnvvzT/uuNYVEFesqP7Od8qWLUu0TASGELZubd7mjh31bd/YdTfe2NyIvKqq6Zg8+WRizZp2nu/EwoWV11xTFkJYvLj29NP3tHypvj4UFTUUFzeOG5d69tmZIYTs7JR///deN998aO3ahjvvPHT99U2hzMbG8Ld/eyDqM/uNb/Q+6u23sm9fc4aypib0bFOM9SjG013dGv9VV+2dP78uhPC1r2X+y7/0TYbzli6t/s53ynNzwx//WNCqXOYFF2RdccWh+fPrfvrTqksuyUrWKUwkws9/fiiEMG5c6pe+lPtn29+kRx+tjhauvz7rSOt2VfKEVlSIBwIAwEeOUCAAAADw0dXY7mIHDpaVr1i5pra2btTIYVmZPRcveSGEMOOsqcd8VO9u2hot7C89kKivb7fV47PPrSjaseuCWecc80/nI+q9ajkNHZfNqa2re3vdu/0K8oYMHhhCqKpq+nl+2NBuF9ziGGpsbGixLNbQGbMfH4Rbby347GerR45MHzGi6QeLpUuro466Eyak/uAHfVut/9prTTm/ceOaE9WZmeHKKzMWLar73vea4lZVVY3r1tV973sHkus89FDdXXcduvDCrAED0pIl2UaPTl+xovDaa0ueeSYRQli9un7s2L0zZ6afcUbGuHEZKSlhy5bEww/XvP56fQjh97/vnYxtHTjQsHRp9R13VCe3//3vl/3ylykTJvTIzj6altZ79jTXdzxi++COLFlSfcklTbu8alXrEGTSV76SnTwCX/lK78bG8NWvHvr858tqaxuvuSZn27bEHXccWriwLoTwxBMFAwc23+lHsf2k0tKGX/6yPPnwnnsOfe5zvdrOIt0aT3d1d/xvv920zq9/XX3HHbv/3//LGTUqY9my6l/8onrmzPTf/CZv1Kh2fmWbN6//V7+677e/rbn88v0/+1nu7NlZ5eUNP/1p+TPPJMaNS33ssYL09Jaf9QHub1JtbbjnnqZr9eqrc97/BqO6lbfd1lR9cMmSxOrVNZMnt4l5AgAAHx6hQAAAAOCja/eevdFCbe2R++U98viikpL9IYR3N22Jnhk1cviAwn7HfFTDhw6OFg4eLLt17h+GDhncryCvf7/8jPT08kMVO3bueXfTlvr6+ulnnz7xxOOP+afz0VSyf3+0UFlV1dE6Dy94asfO3SGEs6dNOX3KyVu27Yien/YBdLim63bvaU7YHKqoULixE2Y/Pgjp6eHcc5uryr3ySs1llzXNqPfdl5+RcVi4rLo6PPhgU1vh448/7G794x/7V1c3RG1eN29OjB7dTg/rz32uLISyL36x59y5zR3Y+/dPXby4cOHCyn/7t0NRK+ElSxJLliRCaJrPc3PDD3+Yc+ONuf37NxWKa3f7L7yQmDp1Xwhh27bCYcO6+uNLff2xzCJffvn+rqz26U/3avnw5pt7Fxam/td/Vd5wQ/kNNzTl9q65psePf9xnzJjD6uAd3faLihKnnbY3aoab9MUvln3xi2WTJqWtWTMg9fDuuF0fT0eSWcP0w89Dd8f/85/3/tSnDpSXhxBCeXn41rcqQgiTJqXdeWfvz362V9vgYyQzM8ydW3DaaeX/+Z8VX/5yeQhNu/CZz/S85Za83r1b9wJ+//t7RAsWVEZ7cf31PfPy3lfz5RDCww9XXndd02FJOu20fbm54dOfzvzNb1SKBQCAj4SUYaNP/7DHANAl2za+9GEPAQAA+LPaX3rw3gcera5uqmty2ikTTz3lxNxeHVY3+dPDC7cX7Uw+7NEj44vXfTIz8wOpWfLaG+ueWfpCR6/m5GTPnnXOqJHDPoiP5qOmsbFx67YdDy14MvnMxRfOHDViWNts2bwHHt21q6lT4aCBhXuKSxoaGq742OzRo4b/eYdMs+rqmkceXxSFNUMIgwYNmD3r7Py8vikdZT3+6pn9+EC98krNrFn7ystDbm546KG8WbOy0tJ2TpiQeuaZGRMnZuTnp95xR2VU0m/atLTlywcc8wGUljasWFG9e3dDcXF9enoYPTpj9Oj0ceMysrI+qDnhE5/Y+8ADdSGEhobByYnniJUC//Vfc37wgz4dbvRoVVQ0rltXm5GRMmZMRk7Ohz8NfhTGU1MT1q6t3bMn0aNHypAh6WPGZKR3p9rGzp3177xT179/6vjxPY74xve/v8XF9fn5aa0+qKysYerU4vXrG0IIS5fmz5jRTmdnAAAgfoQCgb8YQoEAAPBX5anFy956e33b548fO+aSOTPbfUtZ+aEHH3mitPRgamrqoIGFl19ywQeUCIwcLCt/fvnLRTt2VVfXNDQ0ZGSkZ2dnFfbrN/W0SR9EeUI+subeeW95+aG2z1984czx48a0fKasvOKJp5cU7y2pq0tkZ2cNHjRw4oRxI0cM/TMOlsO8u3HLgoWL2z6fk5P95c9/6sMY0V8Gsx8fhEQi/PSnB//xH5sqsT38cEHUmHXbtsSdd1b84AcVrdZftCjv/POzPqTBHksXXVT85JOJEMLcubnJOHJJSf13v1sRQpg+Pf3667OTK7/2Wu2vflUdQvjWt7L+8z/zPrxR8xEVZUzPOy992rSMCRMyBg9OLy5O/PKXFStW1Ef9uN98c6DQOwAA/JUQCgT+YggFAgAAAEAM/MM/lP7Hf7Rqtt4YQsrhC53oyjp/cbrSRzi517E8AsRHQUFKScmgD3sUAADwV607Vc4BAAAAAACOvb/aRGByd+K0UwAAAHzIUj/sAQAAAAAAAHQxGBez8NzR7U7MDgIfnK5UoAQAAGJI+2DgL4b2wQAAAAAQJ5WVjdnZf9X5tlmziseOTf/mN3PHj8844spbtyYuv3zf176W/fnP56al/VnGBwAAwF8moUDgL4ZQIAAAAAAAAAAAdE77YAAAAAAAAAAAAIgJoUAAAAAAAAAAAACICaFAAAAAAAAAAAAAiAmhQAAAAAAAAAAAAIgJoUAAAAAAAAAAAACICaFAAAAAAAAAAAAAiAmhQAAAAAAAAAAAAIgJoUAAAAAAAAAAAACICaFAAAAAAAAAAAAAiAmhQAAAAAAAAAAAAIgJoUAAAAAAAAAAAACICaFAAAAAAAAAAAAAiAmhQAAAAAAAAAAAAIgJoUAAAAAAAAAAAACICaFAAAAAAAAAAAAAiAmhQAAAAAAAAAAAAIgJoUAAAAAAAAAAAACICaFAAAAAAAAAAAAAiAmhQAAAAAAAAAAAAIgJoUAAAAAAAAAAAACICaFAAAAAAAAAAAAAiAmhQAAAAAAAAAAAAIgJoUAAAAAAAAAAAACICaFAAAAAAAAAAAAAiAmhQAAAAAAAAAAAAIgJoUAAAAAAAAAAAACICaFAAAAAAAAAAAAAiAmhQAAAAAAAAAAAAIgJoUAAAAAAAAAAAACICaFAAAAAAAAAAAAAiAmhQAAAAAAAAAAAAIgJoUAAAAAAAAAAAACICaFAAAAAAAAAAAAAiAmhQAAAAAAAAAAAAIgJoUAAAAAAAAAAAACICaFAAAAAAAAAAAAAiAmhQAAAAAAAAAAAAIgJoUAAAAAAAAAAAACICaFAAAAAAAAAAAAAiAmhQAAAAAAAAAAAAIgJoUAAAAAAAAAAAACICaFAAAAAAAAAAAAAiAmhQAAAAAAAAAAAAIgJoUAAAAAAAAAAAACICaFAAAAAAAAAAAAAiAmhQAAAAAAAAAAAAIgJoUAAAAAAAAAAAACICaFAAAAAAAAAAAAAiAmhQAAAAAAAAAAAAIgJoUAAAAAAAAAAAACICaFAAAAAAAAAAAAAiAmhQAAAAAAAAAAAAIgJoUAAAAAAAAAAAACICaFAAAAAAAAAAAAAiAmhQAAAAAAAAAAAAIgJoUAAAAAAAAAAAACICaFAAAAAAAAAAAAAiAmhQAAAAAAAAAAAAIgJoUAAAAAAAAAAAACICaFAAAAAAAAAAAAAiAmhQAAAAAAAAAAAAIgJoUAAAAAAAAAAAACICaFAAAAAAAAAAAAAiAmhQAAAAAAAAAAAAIgJoUAAAAAAAAAAAACICaFAAAAAAAAAAAAAiAmhQAAAAAAAAAAAAIgJoUAAAAAAAAAAAACICaFAAAAAAAAAAAAAiAmhQAAAAAAAAAAAAIgJoUAAAAAAAAAAAACICaFAAAAAAAAAAAAAiAmhQAAAAAAAAAAAAIgJoUAAAAAAAAAAAACICaFAAAAAAAAAAAAAiAmhQAAAAAAAAAAAAIgJoUAAAAAAAAAAAACICaFAAAAAAAAAAAAAiAmhQAAAAAAAAAAAAIgJoUAAAAAAAAAAAACICaFAAAAAAAAAAAAAiAmhQAAAAAAAAAAAAIgJoUAAAAAAAAAAAACICaFAAAAAAAAAAAAAiAmhQAAAAAAAAAAAAIgJoUAAAAAAAAAAAACICaFAAAAAAAAAAAAAiAmhQAAAAAAAAAAAAIgJoUAAAAAAAAAAAACICaFAAAAAAAAAAAAAiAmhQAAAAAAAAAAAAIgJoUAAAAAAAAAAAACICaFAAAAAAAAAAAAAiAmhQAAAAAAAAAAAAIgJoUAAAAAAAAAAAACICaFAAAAAAAAAAAAAiAmhQAAAAAAAAAAAAIgJoUAAAAAAAAAAAACICaFAAAAAAAAAAAAAiAmhQAAAAAAAAAAAAIgJoUAAAAAAAAAAAACICaFAAAAAAAAAAAAAiAmhQAAAAAAAAAAAAIgJoUAAAAAAAAAAAACICaFAAAAAAAAAAAAAiAmhQAAAAAAAAAAAAIgJoUAAAAAAAAAAAACICaFAAAAAAAAAAAAAiAmhQAAAAAAAAAAAAIgJoUAAAAAAAAAAAACICaFAAAAAAAAAAAAAiAmhQAAAAAAAAAAAAIgJoUAAAAAAAAAAAACICaFAAAAAecAIQgAAIABJREFUAAAAAAAAiAmhQAAAAAAAAAAAAIgJoUAAAAAAAAAAAACICaFAAAAAAAAAAAAAiAmhQAAAAAAAAAAAAIgJoUAAAAAAAAAAAACICaFAAAAAAAAAAAAAiAmhQAAAAAAAAAAAAIgJoUAAAAAAAAAAAACICaFAAAAAAAAAAAAAiAmhQAAAAAAAAAAAAIgJoUAAAAAAAAAAAACICaFAAAAAAAAAAAAAiAmhQAAAAAAAAAAAAIgJoUAAAAAAAAAAAACICaFAAAAAAAAAAAAAiAmhQAAAAAAAAAAAAIgJoUAAAAAAAAAAAACICaFAAAAAAAAAAAAAiAmhQAAAAAAAAAAAAIgJoUAAAAAAAAAAAACICaFAAAAAAAAAAAAAiAmhQAAAAAAAAAAAAIgJoUAAAAAAAAAAAACICaFAAAAAAAAAAAAAiAmhQAAAAAAAAAAAAIgJoUAAAAAAAAAAAACICaFAAAAAAAAAAAAAiAmhQAAAAAAAAAAAAIgJoUAAAAAAAAAAAACICaFAAAAAAAAAAAAAiAmhQAAAAAAAAAAAAIgJoUAAAAAAAAAAAACICaFAAAAAAAAAAAAAiAmhQAAAAAAAAAAAAIgJoUAAAAAAAAAAAACICaFAAAAAAAAAAAAAiAmhQAAAAAAAAAAAAIgJoUAAAAAAAAAAAACICaFAAAAAAAAAAAAAiAmhQAAAAAAAAAAAAIgJoUAAAAAAAAAAAACICaFAAAAAAAAAAAAAiAmhQAAAAAAAAAAAAIgJoUAAAAAAAAAAAACICaFAAAAAAAAAAAAAiAmhQAAAAAAAAAAAAIgJoUAAAAAAAAAAAACICaFAAAAAAAAAAAAAiAmhQAAAAAAAAAAAAIgJoUAAAAAAAAAAAACICaFAAAAAAAAAAAAAiAmhQAAAAAAAAAAAAIgJoUAAAAAAAAAAAACICaFAAAAAAAAAAAAAiAmhQAAAAAAAAAAAAIgJoUAAAAAAAAAAAACICaFAAAAAAAAAAAAAiAmhQAAAAAAAAAAAAIgJoUAAAAAAAAAAAACICaFAAAAAAAAAAAAAiAmhQAAAAAAAAAAAAIgJoUAAAAAAAAAAAACICaFAAAAAAAAAAAAAiAmhQAAAAAAAAAAAAIgJoUAAAAAAAAAAAACICaFAAAAAAAAAAAAAiAmhQAAAAAAAAAAAAIgJoUAAAAAAAAAAAACICaFAAAAAAAAAAAAAiAmhQAAAAAAAAAAAAIgJoUAAAAAAAAAAAACICaFAAAAAAAAAAAAAiAmhQAAAAAAAAAAAAIgJoUAAAAAAAAAAAACICaFAAAAAAAAAAAAAiAmhQAAAAAAAAAAAAIgJoUAAAAAAAAAAAACICaFAAAAAAAAAAAAAiAmhQAAAAAAAAAAAAIgJoUAAAAAAAAAAAACICaFAAAAAAAAAAAAAiAmhQAAAAAAAAAAAAIgJoUAAAAAAAAAAAACICaFAAAAAAAAAAAAAiAmhQAAAAAAAAAAAAIgJoUAAAAAAAAAAAACICaFAAAAAAAAAAAAAiAmhQAAAAAAAAAAAAIgJoUAAAAAAAAAAAACICaFAAAAAAAAAAAAAiAmhQAAAAAAAAAAAAIgJoUAAAAAAAAAAAACICaFAAAAAAAAAAAAAiAmhQAAAAAAAAAAAAIgJoUAAAAAAgP/Prh3IAAAAAAzyt77HVxwBAAAAwIQUCAAAAAAAAAAAABNSIAAAAAAAAAAAAExIgQAAAAAAAAAAADAhBQIAAAAAAAAAAMCEFAgAAAAAAAAAAAATUiAAAAAAAAAAAABMSIEAAAAAAAAAAAAwIQUCAAAAAAAAAADAhBQIAAAAAAAAAAAAE1IgAAAAAAAAAAAATEiBAAAAAAAAAAAAMCEFAgAAAAAAAAAAwIQUCAAAAAAAAAAAABNSIAAAAAAAAAAAAExIgQAAAAAAAAAAADAhBQIAAAAAAAAAAMCEFAgAAAAAAAAAAAATUiAAAAAAAAAAAABMSIEAAAAAAAAAAAAwIQUCAAAAAAAAAADAhBQIAAAAAAAAAAAAE1IgAAAAAAAAAAAATEiBAAAAAAAAAAAAMCEFAgAAAAAAAAAAwIQUCAAAAAAAAAAAABNSIAAAAAAAAAAAAExIgQAAAAAAAAAAADAhBQIAAAAAAAAAAMCEFAgAAAAAAAAAAAATUiAAAAAAAAAAAABMSIEAAAAAAAAAAAAwIQUCAAAAAAAAAADAhBQIAAAAAAAAAAAAE1IgAAAAAAAAAAAATEiBAAAAAAAAAAAAMCEFAgAAAAAAAAAAwIQUCAAAAAAAAAAAABNSIAAAAAAAAAAAAExIgQAAAAAAAAAAADAhBQIAAAAAAAAAAMCEFAgAAAAAAAAAAAATUiAAAAAAAAAAAABMSIEAAAAAAAAAAAAwIQUCAAAAAAAAAADAhBQIAAAAAAAAAAAAE1IgAAAAAAAAAAAATEiBAAAAAAAAAAAAMCEFAgAAAAAAAAAAwIQUCAAAAAAAAAAAABNSIAAAAAAAAAAAAExIgQAAAAAAAAAAADAhBQIAAAAAAAAAAMCEFAgAAAAAAAAAAAATUiAAAAAAAAAAAABMSIEAAAAAAAAAAAAwIQUCAAAAAAAAAADAhBQIAAAAAAAAAAAAE1IgAAAAAAAAAAAATEiBAAAAAAAAAAAAMCEFAgAAAAAAAAAAwIQUCAAAAAAAAAAAABNSIAAAAAAAAAAAAExIgQAAAAAAAAAAADAhBQIAAAAAAAAAAMCEFAgAAAAAAAAAAAATUiAAAAAAAAAAAABMSIEAAAAAAAAAAAAwIQUCAAAAAAAAAADAhBQIAAAAAAAAAAAAE1IgAAAAAAAAAAAATEiBAAAAAAAAAAAAMCEFAgAAAAAAAAAAwIQUCAAAAAAAAAAAABNSIAAAAAAAAAAAAExIgQAAAAAAAAAAADAhBQIAAAAAAAAAAMCEFAgAAAAAAAAAAAATUiAAAAAAAAAAAABMSIEAAAAAAAAAAAAwIQUCAAAAAAAAAADAhBQIAAAAAAAAAAAAE1IgAAAAAAAAAAAATEiBAAAAAAAAAAAAMCEFAgAAAAAAAAAAwIQUCAAAAAAAAAAAABNSIAAAAAAAAAAAAExIgQAAAAAAAAAAADAhBQIAAAAAAAAAAMCEFAgAAAAAAAAAAAATUiAAAAAAAAAAAABMSIEAAAAAAAAAAAAwIQUCAAAAAAAAAADAhBQIAAAAAAAAAAAAE1IgAAAAAAAAAAAATEiBAAAAAAAAAAAAMCEFAgAAAAAAAAAAwIQUCAAAAAAAAAAAABNSIAAAAAAAAAAAAExIgQAAAAAAAAAAADAhBQIAAAAAAAAAAMCEFAgAAAAAAAAAAAATUiAAAAAAAAAAAABMSIEAAAAAAAAAAAAwIQUCAAAAAAAAAADAhBQIAAAAAAAAAAAAE1IgAAAAAAAAAAAATEiBAAAAAAAAAAAAMCEFAgAAAAAAAAAAwIQUCAAAAAAAAAAAABNSIAAAAAAAAAAAAExIgQAAAAAAAAAAADAhBQIAAAAAAAAAAMCEFAgAAAAAAAAAAAATUiAAAAAAAAAAAABMSIEAAAAAAAAAAAAwIQUCAAAAAAAAAADAhBQIAAAAAAAAAAAAE1IgAAAAAAAAAAAATEiBAAAAAAAAAAAAMCEFAgAAAAAAAAAAwIQUCAAAAAAAAAAAABNSIAAAAAAAAAAAAExIgQAAAAAAAAAAADAhBQIAAAAAAAAAAMCEFAgAAAAAAAAAAAATUiAAAAAAAAAAAABMSIEAAAAAAAAAAAAwIQUCAAAAAAAAAADAhBQIAAAAAAAAAAAAE1IgAAAAAAAAAAAATEiBAAAAAAAAAAAAMCEFAgAAAAAAAAAAwIQUCAAAAAAAAAAAABNSIAAAAAAAAAAAAExIgQAAAAAAAAAAADAhBQIAAAAAAAAAAMCEFAgAAAAAAAAAAAATUiAAAAAAAAAAAABMSIEAAAAAAAAAAAAwIQUCAAAAAAAAAADAhBQIAAAAAAAAAAAAE1IgAAAAAAAAAAAATEiBAAAAAAAAAAAAMCEFAgAAAAAAAAAAwIQUCAAAAAAAAAAAABNSIAAAAAAAAAAAAExIgQAAAAAAAAAAADAhBQIAAAAAAAAAAMCEFAgAAAAAAAAAAAATUiAAAAAAAAAAAABMSIEAAAAAAAAAAAAwIQUCAAAAAAAAAADAhBQIAAAAAAAAAAAAE1IgAAAAAAAAAAAATEiBAAAAAAAAAAAAMCEFAgAAAAAAAAAAwIQUCAAAAAAAAAAAABNSIAAAAAAAAAAAAExIgQAAAAAAAAAAADAhBQIAAAAAAAAAAMCEFAgAAAAAAAAAAAATUiAAAAAAAAAAAABMSIEAAAAAAAAAAAAwIQUCAAAAAAAAAADAhBQIAAAAAAAAAAAAE1IgAAAAAAAAAAAATEiBAAAAAAAAAAAAMCEFAgAAAAAAAAAAwIQUCAAAAAAAAAAAABNSIAAAAAAAAAAAAExIgQAAAAAAAAAAADAhBQIAAAAAAAAAAMCEFAgAAAAAAAAAAAATUiAAAAAAAAAAAABMSIEAAAAAAAAAAAAwIQUCAAAAAAAAAADAhBQIAAAAAAAAAAAAE1IgAAAAAAAAAAAATEiBAAAAAAAAAAAAMCEFAgAAAAAAAAAAwIQUCAAAAAAAAAAAABNSIAAAAAAAAAAAAExIgQAAAAAAAAAAADAhBQIAAAAAAAAAAMCEFAgAAAAAAAAAAAATUiAAAAAAAAAAAABMSIEAAAAAAAAAAAAwIQUCAAAAAAAAAADAhBQIAAAAAAAAAAAAE1IgAAAAAAAAAAAATEiBAAAAAAAAAAAAMCEFAgAAAAAAAAAAwIQUCAAAAAAAAAAAABNSIAAAAAAAAAAAAExIgQAAAAAAAAAAADAhBQIAAAAAAAAAAMCEFAgAAAAAAAAAAAATUiAAAAAAAAAAAABMSIEAAAAAAAAAAAAwIQUCAAAAAAAAAADAhBQIAAAAAAAAAAAAE1IgAAAAAAAAAAAATEiBAAAAAAAAAAAAMCEFAgAAAAAAAAAAwIQUCAAAAAAAAAAAABNSIAAAAAAAAAAAAExIgQAAAAAAAAAAADAhBQIAAAAAAAAAAMCEFAgAAAAAAAAAAAATUiAAAAAAAAAAAABMSIEAAAAAAAAAAAAwIQUCAAAAAAAAAADAhBQIAAAAAAAAAAAAE1IgAAAAAAAAAAAATEiBAAAAAAAAAAAAMCEFAgAAAAAAAAAAwIQUCAAAAAAAAAAAABNSIAAAAAAAAAAAAExIgQAAAAAAAAAAADAhBQIAAAAAAAAAAMCEFAgAAAAAAAAAAAATUiAAAAAAAAAAAABMSIEAAAAAAAAAAAAwIQUCAAAAAAAAAADAhBQIAAAAAAAAAAAAE1IgAAAAAAAAAAAATEiBAAAAAAAAAAAAMCEFAgAAAAAAAAAAwIQUCAAAAAAAAAAAABNSIAAAAAAAAAAAAExIgQAAAAAAAAAAADAhBQIAAAAAAAAAAMCEFAgAAAAAAAAAAAATUiAAAAAAAAAAAABMSIEAAAAAAAAAAAAwIQUCAAAAAAAAAADAhBQIAAAAAAAAAAAAE1IgAAAAAAAAAAAATEiBAAAAAAAAAAAAMCEFAgAAAAAAAAAAwIQUCAAAAAAAAAAAABNSIAAAAAAAAAAAAExIgQAAAAAAAAAAADAhBQIAAAAAAAAAAMCEFAgAAAAAAAAAAAATUiAAAAAAAAAAAABMSIEAAAAAAAAAAAAwIQUCAAAAAAAAAADAhBQIAAAAAAAAAAAAE1IgAAAAAAAAAAAATEiBAAAAAAAAAAAAMCEFAgAAAAAAAAAAwIQUCAAAAAAAAAAAABNSIAAAAAAAAAAAAExIgQAAAAAAAAAAADAhBQIAAAAAAAAAAMCEFAgAAAAAAAAAAAATUiAAAAAAAAAAAABMSIEAAAAAAAAAAAAwIQUCAAAAAAAAAADAhBQIAAAAAAAAAAAAE1IgAAAAAAAAAAAATEiBAAAAAAAAAAAAMCEFAgAAAAAAAAAAwIQUCAAAAAAAAAAAABNSIAAAAAAAAAAAAExIgQAAAAAAAAAAADAhBQIAAAAAAAAAAMCEFAgAAAAAAAAAAAATUiAAAAAAAAAAAABMSIEAAAAAAAAAAAAwIQUCAAAAAAAAAADAhBQIAAAAAAAAAAAAE1IgAAAAAAAAAAAATEiBAAAAAAAAAAAAMCEFAgAAAAAAAAAAwIQUCAAAAAAAAAAAABNSIAAAAAAAAAAAAExIgQAAAAAAAAAAADAhBQIAAAAAAAAAAMCEFAgAAAAAAAAAAAATUiAAAAAAAAAAAABMSIEAAAAAAAAAAAAwIQUCAAAAAAAAAADAhBQIAAAAAAAAAAAAE1IgAAAAAAAAAAAATEiBAAAAAAAAAAAAMCEFAgAAAAAAAAAAwIQUCAAAAAAAAAAAABNSIAAAAAAAAAAAAExIgQAAAAAAAAAAADAhBQIAAAAAAAAAAMCEFAgAAAAAAAAAAAATUiAAAAAAAAAAAABMSIEAAAAAAAAAAAAwIQUCAAAAAAAAAADAhBQIAAAAAAAAAAAAE1IgAAAAAAAAAAAATEiBAAAAAAAAAAAAMCEFAgAAAAAAAAAAwIQUCAAAAAAAAAAAABNSIAAAAAAAAAAAAExIgQAAAAAAAAAAADAhBQIAAAAAAAAAAMCEFAgAAAAAAAAAAAATUiAAAAAAAAAAAABMSIEAAAAAAAAAAAAwIQUCAAAAAAAAAADAhBQIAAAAAAAAAAAAE1IgAAAAAAAAAAAATEiBAAAAAAAAAAAAMCEFAgAAAAAAAAAAwIQUCAAAAAAAAAAAABNSIAAAAAAAAAAAAExIgQAAAAAAAAAAADAhBQIAAAAAAAAAAMCEFAgAAAAAAAAAAAATUiAAAAAAAAAAAABMSIEAAAAAAAAAAAAwIQUCAAAAAAAAAADAhBQIAAAAAAAAAAAAE1IgAAAAAAAAAAAATEiBAAAAAAAAAAAAMCEFAgAAAAAAAAAAwIQUCAAAAAAAAAAAABNSIAAAAAAAAAAAAExIgQAAAAAAAAAAADAhBQIAAAAAAAAAAMCEFAgAAAAAAAAAAAATUiAAAAAAAAAAAABMSIEAAAAAAAAAAAAwIQUCAAAAAAAAAADAhBQIAAAAAAAAAAAAE1IgAAAAAAAAAAAATEiBAAAAAAAAAAAAMCEFAgAAAAAAAAAAwIQUCAAAAAAAAAAAABNSIAAAAAAAAAAAAExIgQAAAAAAAAAAADAhBQIAAAAAAAAAAMCEFAgAAAAAAAAAAAATUiAAAAAAAAAAAABMSIEAAAAAAAAAAAAwIQUCAAAAAAAAAADAhBQIAAAAAAAAAAAAE1IgAAAAAAAAAAAATEiBAAAAAAAAAAAAMCEFAgAAAAAAAAAAwIQUCAAAAAAAAAAAABNSIAAAAAAAAAAAAExIgQAAAAAAAAAAADAhBQIAAAAAAAAAAMCEFAgAAAAAAAAAAAATUiAAAAAAAAAAAABMSIEAAAAAAAAAAAAwIQUCAAAAAAAAAADAhBQIAAAAAAAAAAAAE1IgAAAAAAAAAAAATEiBAAAAAAAAAAAAMCEFAgAAAAAAAAAAwIQUCAAAAAAAAAAAABNSIAAAAAAAAAAAAExIgQAAAAAAAAAAADAhBQIAAAAAAAAAAMCEFAgAAAAAAAAAAAATUiAAAAAAAAAAAABMSIEAAAAAAAAAAAAwIQUCAAAAAAAAAADAhBQIAAAAAAAAAAAAE1IgAAAAAAAAAAAATEiBAAAAAAAAAAAAMCEFAgAAAAAAAAAAwIQUCAAAAAAAAAAAABNSIAAAAAAAAAAAAExIgQAAAAAAAAAAADAhBQIAAAAAAAAAAMCEFAgAAAAAAAAAAAATUiAAAAAAAAAAAABMSIEAAAAAAAAAAAAwIQUCAAAAAAAAAADAhBQIAAAAAAAAAAAAE1IgAAAAAAAAAAAATEiBAAAAAAAAAAAAMCEFAgAAAAAAAAAAwIQUCAAAAAAAAAAAABNSIAAAAAAAAAAAAExIgQAAAAAAAAAAADAhBQIAAAAAAAAAAMCEFAgAAAAAAAAAAAATUiAAAAAAAAAAAABMSIEAAAAAAAAAAAAwIQUCAAAAAAAAAADAhBQIAAAAAAAAAAAAE1IgAAAAAAAAAAAATEiBAAAAAAAAAAAAMCEFAgAAAAAAAAAAwIQUCAAAAAAAAAAAABNSIAAAAAAAAAAAAExIgQAAAAAAAAAAADAhBQIAAAAAAAAAAMCEFAgAAAAAAAAAAAATUiAAAAAAAAAAAABMSIEAAAAAAAAAAAAwIQUCAAAAAAAAAADAhBQIAAAAAAAAAAAAE1IgAAAAAAAAAAAATEiBAAAAAAAAAAAAMCEFAgAAAAAAAAAAwIQUCAAAAAAAAAAAABNSIFC7diADAAAAMMjf+h5fcQQAAAAAAAAAAExIgQAAAAAAAAAAADAhBQIAAAAAAAAAAMCEFAgAAAAAAAAAAAATUiAAAAAAAAAAAABMSIEAAAAAAAAAAAAwIQUCAAAAAAAAAADAhBQIAAAAAAAAAAAAE1IgAAAAAAAAAAAATEiBAAAAAAAAAAAAMCEFAgAAAAAAAAAAwIQUCAAAAAAAAAAAABNSIAAAAAAAAAAAAExIgQAAAAAAAAAAADAhBQIAAAAAAAAAAMCEFAgAAAAAAAAAAAATUiAAAAAAAAAAAABMSIEAAAAAAAAAAAAwIQUCAAAAAAAAAADAhBQIAAAAAAAAAAAAE1IgAAAAAAAAAAAATEiBAAAAAAAAAAAAMCEFAgAAAAAAAAAAwIQUCAAAAAAAAAAAABNSIAAAAAAAAAAAAExIgQAAAAAAAAAAADAhBQIAAAAAAAAAAMCEFAgAAAAAAAAAAAATUiAAAAAAAAAAAABMSIEAAAAAAAAAAAAwIQUCAAAAAAAAAADAhBQIAAAAAAAAAAAAE1IgAAAAAAAAAAAATEiBAAAAAAAAAAAAMCEFAgAAAAAAAAAAwIQUCAAAAAAAAAAAABNSIAAAAAAAAAAAAExIgQAAAAAAAAAAADAhBQIAAAAAAAAAAMCEFAgAAAAAAAAAAAATUiAAAAAAAAAAAABMSIEAAAAAAAAAAAAwIQUCAAAAAAAAAADAhBQIAAAAAAAAAAAAE1IgAAAAAAAAAAAATEiBAAAAAAAAAAAAMCEFAgAAAAAAAAAAwIQUCAAAAAAAAAAAABNSIAAAAAAAAAAAAExIgQAAAAAAAAAAADAhBQIAAAAAAAAAAMCEFAgAAAAAAAAAAAATUiAAAAAAAAAAAABMSIEAAAAAAAAAAAAwIQUCAAAAAAAAAADAhBQIAAAAAAAAAAAAE1IgAAAAAAAAAAAATEiBAAAAAAAAAAAAMCEFAgAAAAAAAAAAwIQUCAAAAAAAAAAAABNSIAAAAAAAAAAAAExIgQAAAAAAAAAAADAhBQIAAAAAAAAAAMCEFAgAAAAAAAAAAAATUiAAAAAAAAAAAABMSIEAAAAAAAAAAAAwIQUCAAAAAAAAAADAhBQIAAAAAAAAAAAAE1IgAAAAAAAAAAAATEiBAAAAAAAAAAAAMCEFAgAAAAAAAAAAwIQUCAAAAAAAAAAAABNSIAAAAAAAAAAAAExIgQAAAAAAAAAAADAhBQIAAAAAAAAAAMCEFAgAAAAAAAAAAAATUiAAAAAAAAAAAABMSIEAAAAAAAAAAAAwIQUCAAAAAAAAAADAhBQIAAAAAAAAAAAAE1IgAAAAAAAAAAAATEiBAAAAAAAAAAAAMCEFAgAAAAAAAAAAwIQUCAAAAAAAAAAAABNSIAAAAAAAAAAAAExIgQAAAAAAAAAAADAhBQIAAAAAAAAAAMCEFAgAAAAAAAAAAAATUiAAAAAAAAAAAABMSIEAAAAAAAAAAAAwIQUCAAAAAAAAAADAhBQIAAAAAAAAAAAAE1IgAAAAAAAAAAAATEiBAAAAAAAAAAAAMCEFAgAAAAAAAAAAwIQUCAAAAAAAAAAAABNSIAAAAAAAAAAAAExIgQAAAAAAAAAAADAhBQIAAAAAAAAAAMCEFAgAAAAAAAAAAAATUiAAAAAAAAAAAABMSIEAAAAAAAAAAAAwIQUCAAAAAAAAAADAhBQIAAAAAAAAAAAAE1IgAAAAAAAAAAAATEiBAAAAAAAAAAAAMCEFAgAAAAAAAAAAwIQUCAAAAAAAAAAAABNSIAAAAAAAAAAAAExIgQAAAAAAAAAAADAhBQIAAAAAAAAAAMCEFAgAAAAAAAAAAAATUiAAAAAAAAAAAABMSIEAAAAAAAAAAAAwIQUCAAAAAAAAAADAhBQIAAAAAAAAAAAAE1IgAAAAAAAAAAAATEiBAAAAAAAAAAAAMCEFAgAAAAAAAAAAwIQUCAAAAAAAAAAAABNSIAAAAAAAAAAAAExIgQAAAAAAAAAAADAhBQIAAAAAAAAAAMCEFAgAAAAAAAAAAAATUiAAAAAAAAAAAABMSIEAAAAAAAAAAAAwIQUCAAAAAAAAAADAhBQIAAAAAAAAAAAAE1IgAAAAAAAAAAAATEiBAAAAAAAAAAAAMCEFAgAAAAAAAAAAwIQUCAAAAAAAAAAAABNSIAAAAAAAAAAAAExIgQAAAAAAAAAAADAhBQIAAAAAAAAAAMCEFAgAAAAAAAAAAAATUiAAAAAAAAAAAABMSIEAAAAAAAAAAAAwIQUCAAAAAAAAAADAhBQIAAAAAAAAAAAAE1IgAAAAAAAAAAAATEiBAAAAAAAAAAAAMCEFAgAAAAAAAAAAwIQUCAAAAAAAAAAAABNSIAAAAAAAAAAAAExIgQAAAAAAAAAAADAhBQIAAAAAAAAAAMCEFAgAAAAAAAAAAAATUiAAAAAAAAAAAABMSIEAAAAAAAAAAAAwIQUCAAAAAAAAAADAhBQIAAAAAAAAAAAAE1IgAAAAAAAAAAAATEiBAAAAAAAAAAAAMCEFAgAAAAAAAAAAwIQUCAAAAAAAAAAo6xDcAAABzUlEQVQAABNSIAAAAAAAAAAAAExIgQAAAAAAAAAAADAhBQIAAAAAAAAAAMCEFAgAAAAAAAAAAAATUiAAAAAAAAAAAABMSIEAAAAAAAAAAAAwIQUCAAAAAAAAAADAhBQIAAAAAAAAAAAAE1IgAAAAAAAAAAAATEiBAAAAAAAAAAAAMCEFAgAAAAAAAAAAwIQUCAAAAAAAAAAAABNSIAAAAAAAAAAAAExIgQAAAAAAAAAAADAhBQIAAAAAAAAAAMCEFAgAAAAAAAAAAAATUiAAAAAAAAAAAABMSIEAAAAAAAAAAAAwIQUCAAAAAAAAAADAhBQIAAAAAAAAAAAAE1IgAAAAAAAAAAAATEiBAAAAAAAAAAAAMCEFAgAAAAAAAAAAwIQUCAAAAAAAAAAAABNSIAAAAAAAAAAAAExIgQAAAAAAAAAAADAhBQIAAAAAAAAAAMCEFAgAAAAAAAAAAAATUiAAAAAAAAAAAABMSIEAAAAAAAAAAAAwIQUCAAAAAAAAAADAhBQIAAAAAAAAAAAAE1IgAAAAAAAAAAAATEiBAAAAAAAAAAAAMCEFAgAAAAAAAAAAwIQUCAAAAAAAAAAAABNSIAAAAAAAAAAAAEwEC27UUcHMLEMAAAAASUVORK5CYII="} | headers=HTTPHeaderDict({'Content-Length': '252708', 'Content-Type': 'application/json; charset=utf-8', 'cache-control': 'no-cache'})
2024-09-30 19-07-20 - remote_connection.py - remote_connection - _request - 361 - DEBUG - Finished Request
2024-09-30 19-07-20 - remote_connection.py - remote_connection - execute - 305 - DEBUG - POST http://localhost:51858/session/efbf0fb3ffcb2acc43fffe3fb1be594d/element {'using': 'xpath', 'value': "//aside[@class='el-aside']//span[text()='外链']/ancestor::li"}
2024-09-30 19-07-20 - connectionpool.py - connectionpool - _make_request - 546 - DEBUG - http://localhost:51858 "POST /session/efbf0fb3ffcb2acc43fffe3fb1be594d/element HTTP/11" 200 0
2024-09-30 19-07-20 - remote_connection.py - remote_connection - _request - 334 - DEBUG - Remote response: status=200 | data={"value":{"element-6066-11e4-a52e-4f735466cecf":"f.29CA5E4FDE6B3066ACAAEB176FC5BB17.d.C4E1AEE512EDCC382EFDA4C9BB7DE0D2.e.14"}} | headers=HTTPHeaderDict({'Content-Length': '126', 'Content-Type': 'application/json; charset=utf-8', 'cache-control': 'no-cache'})
2024-09-30 19-07-20 - remote_connection.py - remote_connection - _request - 361 - DEBUG - Finished Request
2024-09-30 19-07-20 - remote_connection.py - remote_connection - execute - 305 - DEBUG - POST http://localhost:51858/session/efbf0fb3ffcb2acc43fffe3fb1be594d/execute/sync {'script': '/* isDisplayed */return (function(){return (function(){var g=this||self;\nfunction aa(a){var b=typeof...', 'args': [{'element-6066-11e4-a52e-4f735466cecf': 'f.29CA5E4FDE6B3066ACAAEB176FC5BB17.d.C4E1AEE512EDCC382EFDA4C9BB7DE0D2.e.14'}]}
2024-09-30 19-07-20 - connectionpool.py - connectionpool - _make_request - 546 - DEBUG - http://localhost:51858 "POST /session/efbf0fb3ffcb2acc43fffe3fb1be594d/execute/sync HTTP/11" 200 0
2024-09-30 19-07-20 - remote_connection.py - remote_connection - _request - 334 - DEBUG - Remote response: status=200 | data={"value":true} | headers=HTTPHeaderDict({'Content-Length': '14', 'Content-Type': 'application/json; charset=utf-8', 'cache-control': 'no-cache'})
2024-09-30 19-07-20 - remote_connection.py - remote_connection - _request - 361 - DEBUG - Finished Request
2024-09-30 19-07-20 - remote_connection.py - remote_connection - execute - 305 - DEBUG - POST http://localhost:51858/session/efbf0fb3ffcb2acc43fffe3fb1be594d/element/f.29CA5E4FDE6B3066ACAAEB176FC5BB17.d.C4E1AEE512EDCC382EFDA4C9BB7DE0D2.e.14/click {}
2024-09-30 19-07-20 - connectionpool.py - connectionpool - _make_request - 546 - DEBUG - http://localhost:51858 "POST /session/efbf0fb3ffcb2acc43fffe3fb1be594d/element/f.29CA5E4FDE6B3066ACAAEB176FC5BB17.d.C4E1AEE512EDCC382EFDA4C9BB7DE0D2.e.14/click HTTP/11" 200 0
2024-09-30 19-07-20 - remote_connection.py - remote_connection - _request - 334 - DEBUG - Remote response: status=200 | data={"value":null} | headers=HTTPHeaderDict({'Content-Length': '14', 'Content-Type': 'application/json; charset=utf-8', 'cache-control': 'no-cache'})
2024-09-30 19-07-20 - remote_connection.py - remote_connection - _request - 361 - DEBUG - Finished Request
2024-09-30 19-07-23 - remote_connection.py - remote_connection - execute - 305 - DEBUG - GET http://localhost:51858/session/efbf0fb3ffcb2acc43fffe3fb1be594d/screenshot {}
2024-09-30 19-07-23 - connectionpool.py - connectionpool - _make_request - 546 - DEBUG - http://localhost:51858 "GET /session/efbf0fb3ffcb2acc43fffe3fb1be594d/screenshot HTTP/11" 200 0
2024-09-30 19-07-23 - remote_connection.py - remote_connection - _request - 334 - DEBUG - Remote response: status=200 | data={"value":"iVBORw0KGgoAAAANSUhEUgAADVwAAAdmCAIAAADHXxJNAAABK2lDQ1BTa2lhAAAokX2QMUvDUBSFv1cKomYRFR0cMnbRppWmDdahqbXo2Cqk3dI0FLFNQxrRvas/wtlNcBGhs4uT4CTi4i4IrpXXDClIPNPHuQfuPRdSmwBpDQZeGDTqpmq12urCBwLBTLYz8kmWgJ/XKPuy/U8uSYtdd+QAX0AYWK02iC6w1ov4SnIn4mvJl6EfgriRHJw0qiDugUxvjjtz7PiBzL8B5UH/wonvRnG90yZgAVvUGTKkRx+XLE3OOcMmi0YNgxK71KhQoUCFHHlKGOgU0KhiUqRKkUN0SuTJcTBjA13+M1o5fof9yXQ6fYy94wnc6bD0EHuZPVhR4Ok59uIf+3Zgz6w0kHJN+F4H5RZWP2F5DGzIcUJX9U9XlSM8HHZQyaORQ/8FDJRN2vTWQQEAACAASURBVHic7N1nfFRFFwbwM3dbeiUQIoHQBEEQpFfpSAfpHUSqAtI7wktHAQEp0nuX3mtABKQjRZpKLyGE1E2yZeb9MJtlTdlsQiCAz1/Um3tn5s692YQvz+8cFpinNAEAAAAAAAAAAAAAAAAAAAAAAADAu0/J7A0AAAAAAAAAAAAAAAAAAAAAAAAAQMZAKBAAAAAAAAAAAAAAAAAAAAAAAADgPYFQIAAAAAAAAAAAAAAAAAAAAAAAAMB7AqFAAAAAAAAAAAAAAAAAAAAAAAAAgPcEQoEAAAAAAAAAAAAAAAAAAAAAAAAA7wmEAgEAAAAAAAAAAAAAAAAAAAAAAADeEwgFAgAAAAAAAAAAAAAAAAAAAAAAALwnEAoEAAAAAAAAAAAAAAAAAAAAAAAAeE8gFAgAAAAAAAAAAAAAAAAAAAAAAADwnkAoEAAAAAAAAAAAAAAAAAAAAAAAAOA9gVAgAAAAAAAAAAAAAAAAAAAAAAAAwHsCoUAAAAAAAAAAAAAAAAAAAAAAAACA9wRCgQAAAAAAAAAAAAAAAAAAAAAAAADvCYQCAQAAAAAAAAAAAAAAAAAAAAAAAN4TCAUCAAAAAAAAAAAAAAAAAAAAAAAAvCcQCgQAAAAAAAAAAAAAAAAAAAAAAAB4TyAUCAAAAAAAAAAAAAAAAAAAAAAAAPCeQCgQAAAAAAAAAAAAAAAAAAAAAAAA4D2BUCAAAAAAAAAAAAAAAAAAAAAAAADAe0Kd2RsAAAAAAAAAAAAAAAAAAAAAAAAAyEgfFcxfqWLpXDk/CMju7+fn6+3t6enh7uLiTEQxen1kZPSLFxEhIaGPnzy9e+/hr8dP/3n9VmZvOcOwwDylM3sPAAAAAAAAAAAAAAAAAAAAAAAAAK9ErVbXr1O9UcPaxYt/7OPtmaa5YS8izp+/vHXHvt17DptMpte2xzcBoUAAAAAAAAAAAAAAAAAAAAAAAAB4h/X5pnPtmlU//DC3Tqt9xaXiDYabN//ZtefQ3PnLM2h3bxpCgQAAAAAAAAAAAAAAAAAAAAAAAPDuURTl295dvuzc2sPdNcMXj4yKWbRkzayflnDOM3zx1wqhQAAAAAAAAAAAAAAAAAAAAAAAAHjHtGrecMjgr319vF7rXUKfv5j+44JVaza/1rtkLIQCAQAAAAAAAAAAAAAAAAAAAAAA4J1Rs0alcWMGBWTPlqZZQoiXXzAiwZg8cMD9B4/HT5y5Z9+RtG41UyAUCAAAAAAAAAAAAAAAAAAAAAAAAO8ARVF+njO5Vs3KjDmW5rMhhOBmE+cmImKKSlHUjDFGzMFcoBBi777gnr2Hv/3dhBEKBAAAAAAAAAAAAAAAAAAAAAAAgLddliy+m9b9nCd3YFonCiGE4Ma4WH1MBGOkKIrZzFVqjbOrh1qjIyLHawb+/c/9Zq26h4Y+T9cTvCFKZm8AAAAAAAAAAAAAAAAAAAAAAAAAwJ4ypYsHH9yQjkSgZIyPe/HsflxMlM7JxcnZ3RSvD3l4Kzz0oclkEOJfjYXty5M7MPjghiIfF0zfNt4Mlaf3B5m9BwAAAAAAAAAAAAAAAAAAAAAAAIDktWnVeO6sCc7OTuldQMTGROmjX/jnKmjmXB8VrlIrxnh9fGy0EETENFotEXOwJbFOp23etH7o87DLV66ndz+vF0KBAAAAAAAAAAAAAAAAAAAAAAAA8Jaa8cN3vXt1VqlU6V6Bm0366AhFUWudXCJfhBjiol3dvYmphRBciLiYaI1Gp9FqicjBXKBKpaperWJgjuz7DxxL965eH4QCAQAAAAAAAAAAAAAAAAAAAAAA4G3UqX3zXj06OJjVS4nJaIh88czFzcNsNkVFvPALCHJy9RDE4mL1bu5eBoOBiJyc3RhztFigjA8W+ih/ZGTUhYtXX2Vvr4OS2RsAAAAAAAAAAAAAAAAAAAAAAAAASKx06eKjR377iolAIuLcHB8Xo9HoTAaj2WTSObkwYjqds+A8Pj5O5+TGOTebjWldljE2YmifMqWLv+L2MhxCgQAAAAAAAAAAAAAAAAAAAAAAAPB2yZLFd8mCaWq1+tWXElwYDCZSVESkMEbEiEil1iiKSnCuc3Y1GAxGg8F2BpGwwYXgQghBItHKGo168YIfsmbN8uqbzEAIBQIAAAAAAAAAAAAAAAAAAAAAAMBbxMlJu3XTIg931wxZTQhhNpsYY0JwLgSRkHX+VGoNU1RanTY+PtZgjCObzJ8QQggz52ZuNnOzyWwyioSJiXi4u21at0ClUmXIVjNEBuQoAQAAAAAAAAAAAAAAAAAAAAAAADLKmhVzcgYGODhYECeRXIthIYgxIuKcGw3xxLnRaODCbDYbGZHgXPB4s9lsitNFhj0xxoZFhTibDPFmk8FsMpKZm00msynebIiNi41hjAUULBWQ52OmaIgRI0YkiBgRY4yCcn2wevnsVu16ZfBbSC+EAgEAAAAAAAAAAAAAAAAAAAAAAOBt0ap5w5Ilijo2NqGnrzALWcVPcCISgjHGBefcbDAZDRFPH4bcuSxin714/iw+JjLs1hnGiJgID31GRF5ZsoaEhOpUQqNiJkM8kVkIwTk3m0yGuOg4fbTZaNQ5O8XHRDy5dZ4xlbtvNv88H7t6ZVPUWkaWMGL5ciVaNW+4buP21/heHMYC85TO7D0AAAAAAAAAAAAAAAAAAAAAAAAAEBGdPrHTP5ufnQFC8Id/Xwl//A83GYxxcdwcT4ILzoUQXJhJmBkJxhjjgkgRihKnj37y6K63t3dUTEx8bKyHk1ZRFKawyIgIRVF5+PjGxhs1jJgwm80mtUar1miFECTMZmO8wWhQmMrJxUWtczGZzca4OK2zi4uHj5d/UIFyjRRFzRJqFD56HFK2YoM39I7sQqVAAAAAAAAAAAAAAAAAAAAAAAAAeCv06tHBfiJQenH/+r0rx4UwkWBCEBMkhBDEhTALs5GEUBQVMcYUjUqtFYKrhdlsiFczxjQatVanVmsYIy9vFSehqFSuLmrigimk0mjVah1jiskUL7hZrXNWm8yMkUajJYWpFcVsNJkNcZEh9wVjRIJsuhYHZM/auWPLpcvXv94X5ACEAgEA3go6nbZd6yYVK5S+cfOvpSs2PH0amtk7AgAAAAAAAAAAAAAAAAAAAHjTundtn/ogQWZDvDEuhoRJpWiJKWRJ5wkiRVHpNFqtzsnFbDaQYFwQEblptCqtVueiIaZWFBVjgpuNGpWKiIgxlaIWxEhhiqJiiqIoiprpzGYTN5tUTCHOBSnEBRFpNGrOzYKIkYoEkSDbXGDf3l0QCgQAACIidzfXdavnFvm4IBFVr1axTavGX7TodvuvO5m9LwAAAAAAAAAAAAAAAAAAAIA3Z0C/bt5eHo6MFEKQEMwkuMqkdnJ1cnHTaLRcUQsihSlEnAQXBkUIntDflylqtaJSM0VNxIiEwhShqIiYwhgpKmKMOBdms1kIIhVjKpVKIc64vJpAUam44EKuKRLvysfbc0C/btNmLMjIl5J2SubeHgAAXFycVy2fLROBkpeX58a184Ny5cjUfQEAAAAAAAAAAAAAAAAAAAC8OWq1+qvOrR0cLIQgzoXgJpNRq3PSubprXNy1Omet1kmt0TCmcC6IMUWlUlRqRaVRqTUqRc2ISJiFMBMJYoxIIUXFmcKFbD9sFtwkuFkILoQgUogpjBRijBgRk/8oikrFGEuaCJS6dG6tVmdyqT6EAgEAMpObq8valXOKFyuc6Lyvr/emdT9/EOCfSfsCAAAAAAAAAAAAAAAAAAAAeKPGjOrn6uri4GCWUKjPZDIxpjBFRcQkIuJCCNk2WJ5UGEuo9ieEsMxkCqlUTFGYzPwRkSDOzdxs5pyTkGMYJaxJxIgxIqYoCjEmSBBLJhjo5uoyZFCvDHgdrwChQACATOPm6rJ6xU9JE4FS1qxZJk8Y+sY3BQAAAAAAAAAAAAAAAAAAAJAJSpUslpbhQpDgJIhIMCZr+8nAH+eCBCdmiQ4SMRIkBOdCcM4F58Q552YhhMIUxhRijBEJEiTL/wlOZs65mYgpipqpVLZ3ZS+7Bstag8moXLFM+t9CRkAoEAAgc9hPBEqfVS73BncEAAAAAAAAAAAAAAAAAAAAkDmcnZzy5wtyfLws1Gep8WcTzpMthUkIm6qBXFb4ezlXyIigEJbCgSTTfgoxhRiR4MIsiAthZkwoioqxxCk7JgTJP8nFAvPlDWIp5AXfDIQCAQAygauL86rls+0nAokoNDTsTe0IAAAAAAAAAAAAAAAAAAAAINO0atlIrVY7PFxwLjjnXJBgjJGl2J8QgnOT4OaX44QgIZgM78ksIDcJzhkxRVEYo4T6gkwIEkwhRUVE3GwWZi4EyWbBTFEzxogLwc1CcLK2DWaW2oKJaDTq+vVqZMhrSR+EAgEA3jRXF+fVK376tPjHqY6cMXPhG9kRAAAAAAAAAAAAAAAAAAAAQGaqXfOzNM4QJEghUjGFWQoBJjQLTqj/x5g1LMhl19+ECCAXJNsNM0VRFOVliI5ZUn5CcFksUAYD5b9EZIkXMnkgmEgmE0hE1KxJvXS/ileHUCAAwBvl4uK8ZuUcRxKBCxauWrlm8xvZVOoURfmyU0utVpPs1bx5ct28dqxblzavdQ/16lS7evFwFl+f13oXAAAAAAAAAAAAAAAAAAAAePM+/rhAmsbLdJ8QQhb0E0IwJtsIs4QGwaaEkSRICCEYCSJOL1sGyy8FEWNMIWLymEhhisKYIM7/FTRkRMQZCUvfYkVQSpFAohIlirzS63g1CAUCALw5Li7Oa1fOSbVrsEwEjp88+41syiEuLk7Dhnxz8+qxRfO/12m1ia4OGdjLSacbObzvqV+3+2fzex0bKFgg35xZE9zdXXfvWGGb0AcAAAAAAAAAAAAAAAAAAIB3XbmyJTzc3dI0hRERE5yIMcYsQUDi3JIVJGFONF52G35ZRFAmCgVPCAjK9B8jIoUxhSmMKSSs/YctiwhZn9C6BWYtT5iYh7tbubIl0vYWMo7jbZjfeSeObTUZTdNnLti6fX9KY349svnGjb/+N2HGvfuPHFw2Z2BAntw5g4+depW96bTaeIPhVVbIFIyxup9XvfbnrX/u3E/fCj/9OM7fP+vEKbPPX7jy6vtRFEX+6DqiXZsmGzftet2vPTBH9h7d2mnU6sHDJ6U6uMCHeR49fhoVFZPs1QHfdmtQv+badVuXrdj4Ln5agIicnHQrl858FxOBRBQdrW/fsc/6NfNq1ax84cy+ytWahj4Pk5cURalWtYI81mg1Tk66ZFfI4uvz+287LH/1pp1GrZZZQP9sfmNG9Rs9dtorPA0AAAAAAAAAAAAAAAAAAAC8RazBA8cJS+0+wRhjCmOMCRn7Ezwh6seYDPpZ6gcml1iwxP44MSKFSDBGCinEiBhjgkj2HSZiCTOZbDEsI4H2ExDVqlY4eepcWp8rQ/yHQoFarTbHB9lnzRg3cdywL1p0vX7jdtIx9+8/rFWzcq2alYOPnuzaY7Aj0avGDWsP7N/jytUbPb4e6niU0Fa5siXWrvzpz+u323fqaw3ZvM2KFS1UrWr5WjWrFCyQV1GU6Gh96Qr1oqP16VjqwqUr3zXov3XT4gsXr3bo3DciMupVNnbq1+0ms2nK93O27Thgf2S7Nk0mjhs6fEifNh2+uXjp6qvcNKmcgQF1aletWqVC0SIfubm5yJMnf7+wZdte+xMXzpv6wQfZJ0yetWTZ+qRXDx0+3qtHxxHD+gwZ9PXipWsnvGWJMUiVk5Nu9fLZpUp+kurItzARKJ06feHQ4eM1qldyc3MZNrjXgCHj5flB/bvLtsJLlq4bM36GdXyNahWDj500mSzR+9DnYQOHjCtfrsTVqzdi9LGJFtdoNJMnDCOiq9duLlm2zv5Orl67mdEPBwAAAAAAAAAAAAAAAAAAAJkmnW0JLf1+LRX7hCAhzCS4MHPZTTilMn6W2cJyXZBgch1ZCvDfLJUFLWFA2dtQWO7O7KUCX1OvRUewwDylM+veb9ipX7cHBGQjolu377Rs0zPZ+J1Oq71y6ZDsjLl9x/5vvh2V6rKd2jf735hB8tt/5+4DkXKj6JTkDPxArVYRkclkHjhk3Oate9K6wmuV44PsJUsUKVa0cMGC+fPnz53F19uSobVx6/ad6rVbpm/97ZuXFPukMBE9ePi4fOXGr7LVc7/v8cviQ0SxsXEGo9HOSA93N/kUQohv+o7csevgq9w3i69P5UplqlQuW+yTwh98kF2jSSZrG28wFCj8mZ1Chm5uLlcvHpa7+uvvu9Vrt0o6uHbNygvnfy+Pe34zbNeew6+ybXiT3oNEoOTt7Xnh9F5FUWbMXDBj1mJZJvD6lWAnne5/42csWvoyzFendpWf50754/L1+o07OrJyxfKl1qz8iYhq1W2bbGgbAAAAAAAAAAAAAAAAAAAA3lfrVs0tXy4NzXYFN5/ds/TuxWBGXDBVloAgjbObEGQ2xXOTmXMj55wxUqnUlkhfQt5JCCGEYIwpikJMIWJMUclygYy9bBUsI4CMqZiiyJbCnJvIbBYk5BpGY7yrT/ayDXspag1LIXp44uS5Vu16ZdAbSpv/UKVAQ0LZPzvxtXiD4fjx09WrVSQi+V9b5cqWSFrR0VrvKjIqOiYmPdXyQkPD/P39iEitVuXNkzMdK2QIHx+vQgXzFyiQJ2/uXLlyBQYEZMvql8XNzSVpBNCWEMJoNOXNk/OzSmWO/vp7Ou67es1mGQrM8UF2O22U27f94tz5y9f+vGVnKaPBEgS8eOmq/XBmwQJ5fXy8iMhoND0Pe5GmDXt7e5YtXbxMqeKFCn2YO3dOXx9vmelMinMeGRUd/iIiOkbv5KTL4usd8ux5SssO/La79VVHR8coCksaINx34Fh4eKSXlwcRyfijVZXKZbNlzbJ+0840PQu8GY4nAmfMXDhj1qI3sqlULJg7hXMeGRlprfNnFfYi3MvTM8cH2Sf+bzARffhhXied7s6d+3ly55Rn5F+LLVs0IqKiRQrOmz2xZ+/hqd6xVs3KMmGcNBGY1c/XYDSGh0dm3PMBAAAAAAAAAAAAAAAAAADAW8Tb2zM905iM8BH/VyxPtg/mtlk920JvidJQQgimKEIIwQWRIEGyLXDCIOvghKKClkKBzH4ZwvQ/VEb4D4UCjUmiLclau36bjAOeO3/Z9nyfrzsP7N/jh+nzZ81ZanvemphZt36bIx1dtVpN32++/H76z9YzlSuWXrV8NhHt3HXQ9vyrW7Lgh+0792/dvt/OmNYtG40Z1d/JSZfo484551wYjEazyezi4izPHAk+8fTpswcPH9+99/DO3Qd//X1Xn6QHaFpt2b5v6uSRjLHw8MiUEoHlypYYP3ZwXFx82UoNX7yISGkpk9nyvWjd/hs7NfmIaN7sifXqVieimbMXnThpr3X3F43rVCxfMleuQH//rD7eni4uzsmmJMPCwl+ER4SEhD5+/PT2X3cuX7l+8dK1NHVDbtWykTwYO3764qXJtA+Wrly9XrFCaSHEhl92WU8G5cqxeME0tVp178HjzOpEDilxPBE4ftLMBYvWvJFNOaRunWpGo0kfG5u0AGp0TEyzpvXlz4LJZA6PiPTy9qxfv2aiMfKgdOnijLFEi/j4eB09tGn4yMnWOp3Vq1USQnzVfWCie7m5uRw5sFGtVjVr1f3yleuv4UEBAAAAAAAAAAAAAAAAAAAgk3l6eqRvIkv4n5BhPS6E4IILxgWpEscV7K+TMPblJGsuUAjBiFnTSPI6Y6nkAtP9UK/uPxQKNNgEzjw93OvWqbZ5y56sWX0fPwmxLYV1OPi36Gh9dHTMsJGTrCfLlysxoF93IhrYv8f1G3/tP3jMeolzh7KGVju2LPuoYD5fH++hIycnumTNtGWI/43uX6N6perVKj589PTM2Usp7mfXgfMXLqtUKqPRGBUVExkVnTTnd+fWSUVR9Pq4zl0HOL6B3EGBn9eu8uTJs6chz7jZXkTv7Lk/cucO/GnusrKliye9qlarlyyaxhhzdnbat2t1+cqNkpYue31KlSiaI0dAbGzcn3/eiouL0+v1Ic+ePw0Jffw45NHjp5PGDyterLAQYsWqjdNnpr/AW7s2TWTyct/+ozIRWLF8qRrVKoaEPjfEG4RNq/J79x4aShn37Q9u3bKh9eS3fbrKnsUrl86sWLXJkyfPXvm5IWO8u4nAbr2GeHq42wm23v7zuFarEUK0bNvTzm+YlBiNRk8P9zmzJowZPUDW+JTt3deunJNopJeXh/zp2LFladlKDfHxBgAAAAAAAAAAAAAAAAAAeP94erqneU7iwl6COBcJmEg+rycLG9nm+WQBwIQigcKyFDESQjBOpCScZgpTuJCxJcEsoUB7oUM3N5c0P1QG+Q+FAm2Dn9s2L8mTO2e1KhVq1/os0SXJ1dX5ePAW65e2xeHmz5lctESN6GhLp2DO/zU3ICDbupVzIiKjDAmtbG35ZfEJCgokojatm1y6/Ofa9dsc3HzhQh/6+niFPAsLj0ixTp6talUqdOrYUu587co51Wq1uHf/UbIjo6P1N27+7eA20sTTw33IwF6Kojg4fsyo/qmO8c/mN6hf90nfz7U/bPHP39uvFPjJJ4Ud3NWwUVNSutS6ZaPixQrLl9y9a/sfZy+xvemsGf8LPnpy89Y9jtxl8MBeRBQeHtn966FEpCiKwWDo1LGFfHvWz6f1c1i/Xo369WrYriDHaDTq4UN69+k32sGng9fq3U0ESraJwG97f/nn9dv7Dljy0AUL5NNqNUQ0e84S20Sgt7dn44a1ly7fkOrisbFx1oNTv9srb1m0yEcFC+QjoidPUokXAwAAAAAAAAAAAAAAAAAAwDvK2UmX1imMiDFigtHLZB+X7VETygammAskYsRkro8RCSYSBcgEkRCkkOAkzIwU4kSKIhgjSw5QEEvchji5h3JK60NllPc5FLhr23JPT4/IyKi4uHgiypsnlzx/9NCm3EGBRFSrZuXjv5328vL85597d+7ed7BcpMFgNBpMKV199Ohp6PMXJUsUDY+I1Mck01r30aOn8qBGtYqOhwL79+1as0ZlBwcnotVq1q6aW+Gzxumbbl/VKuXPnL1ojUjauvjHtTYdvvm02MeXr1z/586/Xm/dz6t179aufae+kWlpsCs9ePgk1TFlSn9q/7v56jncYkULTRo/VKbxNmzaMWL0VNtE4JiR/Ro3rN2oQS2NWrV+0077S3Xp3NLL00MI0br913KRKROH1a9bY/ioKY+fhBw9dsq68tlTu7P6+er1sV92G2C/6zG8DcaM7PfuJgITqVSxbP9vu/924sz4SbPMZt7n687yt9nO3YdlYk9aMHdyUFBgndpV23T4xn5FT3NCvO/3388NHDJeHnt5efhl8bl1+47tyIH9uslbfNltQMiz56/n+QAAAAAAAAAAAAAAAAAAACAzmc3c8dJjFkxYO/zK+n/cbDabTcQ5s9QRtLQPllf/VSYwIRH4smWwpR6gXJPZBo+sFQQFCSGEpUwgMZVKZblut4lwpnifQ4G/bNk9ZlR/znlkZHS8weDsbIleurg4Pw0Jlcdnzl6cMWuxrM0WfGDD3v3BP8z42WAw6rTagf27/zR3mZ3umSlp2rKbSqVkbIvbLt0HzZk53mQyXfzj2pMnIWmdfvfewwzcjFW5siWWLZr+z537VWo0T3bAiZPnkmbXAgKyDR7YS6NRr105p1qtlqHPw6yXGGM3rh69cuXG9B8XHD9xJt0b+7h4dfuVAufNnlivbnX5YUjH+jkDAzatX6AoSnhEZLuOvf+4fN32ap+vO3/ZuZV8nO+njLr34PHJUykG+BRFGdS/JxH9OGvh1Ws3iUin1X7RuK5Go544bki7jn2sDzJp3JCsfr5yz106tUIo8C2n0+latWyU6rB3IhFobb9eoXypPTtWWk8GBGTbv3t10sFly3w6cmifMeNn2Fkw2dhul06t+vbu8jQkdOGi1QsWvwOvBQAAAAAAAAAAAAAAAAAAADJEbFycRuOWpikvg3iMkSAhzGZulmUCBRdMISZ7ApO1ya8QQjCmEDHGFKYoRIwEF4IL6/WETp4viwAKYowJxTIgYRnBGGNMlepDpemJMtD7HApcsmz9xl92RkXFEFGxTwpv37xEni9Vrl7SwX2+7hQUFNijW/sunVs3b91dr4/r9lXbbl+1PXjo14FDx7944VDTXkkI4UgisHy5EqVLfvLj7CUOLvt135GO7yFNdFpthQolHz0Kefz4abzBkHSAtdalk02hzqx+viuXzmSM5cmdc+G8qV17DnbkXoyxrRsXazRqWRVs/Zp51Wu3tF4VQkyYOGvsdwPWrPzpwcPHI0ZPPRJ8wvEHSbUmZ1IeHmn4bSLzyJ6e7vt2rdZqNbdu36nToF2iPtE/TBnZolkDeWwymU+fuWi/GuLk8UNcXJwvXroqw6lENHHcYPl+iChr1izyoE7tKm3bfEFEcfHxXbsPyu6f9caVo8FHT46fNPP+g8dpfGiANJPdfmNj42p83srOsF/WL/T39wt59vx/E2em+17Zsmb56ss2CAUCAAAAAAAAAAAAAAAAAAD8d0RH6z3c0xYKTCjpZ638J2QtP3lJcCGYYFyQwhKaCSedzYgxwQXJ8oFETEYNE2eQGGOKbBlMjAnZtdi6SMplApNtvvpmvM+hQCKSiUAi6v5VW/sju3ZpJw9i9PqwsPA7dx90+qr/0oXTataofOH03m3b9w0YMi4Di/8FBGRbsWSmVqt58uTZo8dPM2rZ9MmXL2jpwumpJurc3FxuXj2W7KXatT5r3LDW1u37U73XvNkT/f395PHhI799O3BMogHLV206cerszq3Lc3yQffniGddv3O7Wc8iduw8ceRCN2vJ57talNef22gfnzWvpJe3l6enIytJ3I/p27vQyEZXF1/v4kS362Fi9PjYqKjomRv/BB9k/KmhppRp8iPBxJgAAIABJREFU9GSPb4bp9cm0kLbKny+oZYtGen3sN31HFvgwj4+Pd7asvk2/qEdEnPMGTTpfvnKdiAoX+nDOrIlE9Cw0rHbdtqHPwxRFadyoTp3Pq9b5vOqFi1d79h5mbUsNb4n4+PgNG7e3aplK2+6Rw/oS0dtfLFD+9jObuf0QqtFkIqKwsBf2S3WmxNXVUrlzzrxl6d0pAAAAAAAAAAAAAAAAAAAAvHsiIiIDsmdN0xSbbBBL+CMEs+QCRUK9wOTigAkLCGvLYFkjUGEJscCESoSMhBCMM1IpChOkMsuuxUJh3JywcoqZq4iIyDQ9UQZ6z0OBVpUrlbUeb1gzb826Ldt2HLD2r2zZrL67u6sMEZYuXz8uLp6IjgSfaNy0y6b1C7RaTZPGdapVq1ivYYd79x+ldIvq1So2/aJudFRMdIw+2c6YtvLkzqnVaohoyqQRk7+fk3EPmh5Xr90cNnJy7Zqf/XH5z5u3/k6a5pn30yRZo67fgMQZPolzceLk2VRv1Lplo7p1qsmfuklTZs9fmEzj0fLlSvx5/fZn1Zvt37PGy9OjYIF8Rw9tWrBo9YTJs1NdX6W21OQcPrRPqoMl29qHqVq1dottKNDb2xIoNBpNarXKmqqMidH36jMi1RqHjRvWmjVjnGwHfDx4S6Kro8Z8LxOBOQMDtv6yWK1WXbl6o3GzLrIwIee8VbteQwf17NWjU/FihU8c3Tp2/Iylyzc4/izwBowaMy1nzhzly5W0P2zksL6uLi4zZi16U/t6e2Xx9ZEHv5+5mNl7AQAAAAAAAAAAAAAAAAAAgDcnTX1cLQQjYrKIHxMWTJBsASysZ/4d2hNCEBOMhBD/qixoGcSEIPavoJ8QQnBGiqWyIDFiisIURgqRknIgML0PlUH+E6HAQh/ll5k/qWyZT8uW+XTq5JHlKzUOfR5GRAP695DfwRZteshEoIynXL/5V71GHfbtWq0oiqeH+9ZfFn9auk5Kdzl+/Pe6dWsEBPiHhobFxcd7eXr4+HgRUXhEZFhYeEBANiedjoj+/uceET0NCbVO/Khg/tf8AlK3Zt3WNeu2pnSVc64oislo3rXncLpv0ap5g8kThhGRwWCMjIr6rHK5ZEOBi+b/4OLitH3ngc/rt9u3a7WnhztjrHvXdhERkT/NW27/FrJS4IOHj8+fv9ywQS29Pnbp8vVTp81PmtGcO2tC/Xo1Qp49Hzt+huOPcOv2nXUbtmX3z3b9xu2bt/6+cfOvf+7cj4qKGdivW++vv5QfoZ27DvYbNDZRT+Fk7d575MdpXLYkNhpN12/cjonRly3zqawyuHL1ZpkIPLBnrU6rXbN2y9CRk61zdVqts4vTitWbs/tna9K4jqIoY0cPePEi3JFijfDGxBsMHb/st3zJjFRzgf36dnV1cR7vQPI1c7m5udy9fcrOgHS08Lbl72+J/N+89ferrAMAAAAAAAAAAAAAAAAAAADvlmehz9MxS/bxZbKeHxeCC+KC5D8WQiS0Bn5JkBCWhsOCv6wkyIiTJUP47ybCQnAyM6GSx5Y7KypFUZhcLoVsYPoeKkP8J0KBiXoHH//tdMUKpZ10uqmThn/ZbWDP7u39s/kR0czZi65eu2kd9sOUkZUrld1/4OjkqT/JynNZfH3y5wu6dftOsneJNxhLlq1r/bJGtYpLFk4jomEjJu3ac3j18tmVKpYWQlSp0TzRxMoVSzduWDujHzoTZPXzDXmW/Ee5Y7tm48YOkg1w6zXqMODbbk2b1FOrVYk6MpctXdzNzYWIGjesXatG5So1mgcf3Oji4kxEXbu0TTUU2Omrftmy+un1+pXLZskKfF/37HT02KlTpy8kGjlj1sIduw7s2Rec1mccPGyi7Zf+2fx2bFmWJ3dOGUb8qvsgIjpzYte583/8NG/Z+QtX7CxlMBjXrd/24Yd5585ffvDwcRcX54tn9xHRkyfPOnbpR0TXLh1xdXWWv5VatWzUulVj+6GrEcP6IhT4tok3GDp91X/18tmlSn5if2S3ru2I6C3PBer1sW06fGNnwIJ5U7P6+TqylCyVmkhQrkCZkU22+7BWk8wUAAAAAAAAAAAAAAAAAAAAeA88efosrVOYjPcRCUucRsjigdymfJil7l9yc5klOciJuKX1sEhYVmFECr1sISwbDMsShEwIwYkzIkVRCRIs5VBgOh4qo/wnQoFVq1aw/fLLbgOvXjys0aifPn0WmCP7kIG95Pk7dx/aDitQIK9arapbp1qdz6v+9ffdvHlyyf7CDt7U1dVZHsTHGzLoOd5q//tuQId2zRo37XLxj2uJLn3VudXokf2I6MzZSy3b9jSZzBs27WzZvOFXnVslKhYo6+1Jc+cvf/L0Wau2vbZtXsIY8/LySHUP5y9c8fRw//23HfLLh4+efNV9kG3Q0+rW7TvWcGdWP9/jR7fs3Hmg/+BxaXrkXj06DOzXQ61WxRsMU6bOWbR0nTy/fuP27l3b1aheKTpav2rNL1OnzUuUfbSyLf63dOE0J50u3mCo37ij/B0T9iJcRiSJSFGU6Gh9dHRMeEREXFy8Tqf7/fT5kJDQR49DHj8JmTNrfBZfH0deEbx5cXHxbTv2fj9ygZwL+1FXx3/debi7Jz3p6+tNRM/DXiQ7xc3NNdnzAAAAAAAAAAAAAAAAAAAA8K47fOS3RHXfUmMNAspQoGAkLD2BiV5WB0wurWdpAkxExIRlsO2CjARjKsX2Fsx6U6bIhUXCtJQSgfKh0vJEGen9DwUWLvShl6eHLMDm7+8nMzrTfvy5Qb2a035cuH3LEkVRHj166ufn26Nbu81b91gnZvXLIg+O/3Zm6IiJhw9suHHjb8fzmx98kF0e3L334DU81tulZbP6nTq0IKKN63+uVPWLJ09evqVePToMHfQ153zcxB8XL10vT545e8loNHXs0MI2FMgYk81ziWjr9n2z5iwloot/XJs5e9G3fbo+evw01W2o1aoDe9bKyoKyLffUSSNSnZU7KKeTTtesaf3s2bO1bm+vCppV0SIFF83/wd/fTwixa/ehfoPGWrtOE9HEKT9t3rp3/eq53t6ePbq179yp5egxP6xdv83Ogp3aNytXtoQQok37b6zVFkeOnlKo0Ifnz1+Oi4vfvmWpPjZ24pRZW7fv7/5V2xHD+mTLmmX12s1bt+/jnHfvNXTj2vlPn4bauQVkovcpF5hRsmXLkuhMoY/yazRqIrpy5XqyU/wcq0EIAAAAAAAAAAAAAAAAAAAA75yTp85FRkV7uLs5PEMQEReCkWCMhCASgoRI3JyQMbLWAHx5gixFBsW/htLLZKBglgbDJGzCgowx4pbOwkzhCqXc8ZMoMir65KlzDj9OBnv/Q4ETxw0loitXbxCRDAUS0dz5K+bOXzF6RN8cH2R/GhJarXbLrZsWFfgwr5eXR3h4pBwp4ymc8/ad+3LO839UKU33zR0UKA/u3XuU0pg/zh8oXb7+qz1f+rVq3mDE8L6x+rjomBgh7I1UFIWIXFycDu1bn+yAfHlzyQOdVrtv5+pipWrLn6VaNSoPHfT1H5evd+s1+NGjf6X6bt3+p9BH+UuV/OTM2UvyTL8+XeQ7fxYa1qffaOvI6TMX/XPnwdFfT6X6RDu2LJPf4pBnzw0Gg5eXR46EaGZ4RGR0dAwRWc+EhYXrY2OJyFqNr0L5UmVLF0/aa9iWt7fnnJnjK1YoTUR/Xr/dq/fwv/6+m3TY9Ru3y1RscHDvupyBATqtdsrE4R7ubj8vWp3cklSyRNGx3w0komEjJ1vfBhEFHzsVfOwUERX5uKCsaDhrxrg9e4MjIiKJyMfHq/fXXx4/cfbkqXNnzl4qW7FhjF6f6iuCzPJ+5ALd3FxuXDlqZ4Czs5ODS+UMDJAH1pq97Vo3kQe3bv2dN0+upD9Z4RGRad8yAAAAAAAAAAAAAAAAAAAAvBuuXLlRvlwJx8cL638FJ+KCk+DCbDYriiLLBDJLqk+w5Ir5CSIhuOByGUaM2Q4TgsuJQgimKMQ5qRQmBCdOREwwIibsJq7OnbuchofPaO95KDBnYEDxYoWJaMjwiVMmDre9lD9fUJfOra/fuF2/cSeDwXjkyG8FC+Tr17vLd+NmEFHtGp/JYZf++DNxgNQxZUoVJ6LY2Lh4Q/L9NANzZPfy9LCWtXvzNvyy69s+XbNmzeLkpIuKTr0tsqIoTk66ZC89ePjEemw2mbJlzSJLKv5++kLDL768eOlq0im79xwq9FH+FUt+LF7687i4eG9vz296WXoHd+k2MNHgLdv2prq91ctnFy70IRHNnL142o8LiKhBvRpzZk0gouhofcmydQ0GY8EC+fbvXk1EJpO5dIX6BoORiC6d3e/t7UlE/QeNTSkR2KZV48Ac2f38fJt9UU9GJC9fuX737oMxo/q7uDi7uDg7Ozu5ODtrtRqtVqvWqNQqtUpl+f0ide/WLtlQYBZfnzUrf2KMrVi18dq1m926tPmkaKH8+XP7+2d98iSkVt22RCSzkkS06Zed8QZDjD5Wfrlh0w5roDgTe5CDg96DXKDRaPpl8y47A5o1q++k06lUqf/NotNpZep6/cYdROTl5dGqZWMiiouPV6lVh/evf/EiYveeQz/OXnz5yvUrV2/8OGvRkeATGfo0AAAAAAAAAAAAAAAAAAAA8BbZd+BomkKBlligkNk+M+fcbDbIWoEqlUpm/Ky5PdsYjxCCOCdiQnAibgkOJpQGJEZEwmzixJjMFwouywMKLkRCdUEhuDCbTSLl5sGbttiLWLxu73koUAYBz52/fDlJP8qIiKiFi1ePn2SJ3SxdsbFnj44tmjccO2Em57xD++by/MrVm9JxX61WkytXDiI6eOjXlMZ8XLggEblmXiiQc162UkNHRt65dVJRlOhofYXPGqfpFhGRUckmAonop3nLe/Xo6Orqsm7V3MbNuiycN1WtVhHRzl0HU5qSEsbYlo2LPi3+sdFo6tpz0OEjJ4jIxcV52veWcoNfdu0v83/Tpo6SZw4dPi7PEJGbm6uMCW7avDulW3Tt0iZvnly2Z4p8XFAW8LMVbzDoY2LDIyIiI6NfvIgIC3sRGvq8bZumWq3GbE4mWvrL+gWFC33opNMRUYd2zTu0s3zqIiKjTp++sHT5BvmlTmfJYl65dlMmTeWXz0PD0vSiINO967nA+HjD8NFT7Qz47LPygTmya9SqVJc6EnxyyPCJ23bs1+tjGWNrVvwkfwNMnDRr2cpNG3/Z9fPcKe3aNm3Xtuk/d+7/vHDV/oPHMvRRAAAAAAAAAAAAAAAAAAAA4O2ybv22kcP6WItnpYoxRQghzGZFoxFCCM652fyvZsGCmLCUCqSXZQCFEFwmjhgjQUz2HRbESVhOEyM5UwgSZiFIqFRqwU0ioZcwCSLBOeckks8EmkymnbsOvvo7Sbf3ORSYxdenfLmScfHx7Tv3SXo15NlzayJQFloLefY8q5/vhLGD5sxfkT9fkAyK/bJlTzpu3aJZfRkv/WHGzymNqVm9IhHlzZMrfZUI33Wc81Fjvp82dfSnxT9eNP/70qWKEZFeH9un/2gHZr+k1Wr27VqdN0+u8PDI+o073rv/SBY13LNjpQzbbdi0Q9b/K1zoQ2uMb+z4GfLAyUknf5VERUXbucvmLbsHDehJRDEx+tDnL8LCwr28PPbsPfTg4ZN79x4OHfzNx4ULEFHLNj2vXr3p5KSLiIyyzr334NF3I/ufPHk26bJ+WXxsS0U+Cw07cODowiVrEzVOzeLrLQ/+/vsuERmNxjS9InirvKO5QLUDOb+Xgx346zkiMmrt+m2yEfbubSsCArIR0cVLV5et3EREN27+XaVG82Zf1B0/dnDuoMDJE4aNGt531pwl835e+WrPAQAAAAAAAAAAAAAAAAAAAG+p2Li423/d+ahgPseGM8aYSqXiTBBjZrOZm0xCCEb/7hUshLC0BbYU9RPCkumzXrceCOKMkZARQpkOJEs9Qi44MzMiIoWYYEIILnjCIsnkAm/dvmO/ufDrpmTivV+3SeOHMsZ6fTM8OlrvyPh167cSUZvWTaz15C5eupqOb4+7u+uo4d8S0fUbt/+5c1+elOswxvyz+ckcTJ3PqxFRj24dbKtT/qds/GXX3XsPiahWzcryTN/+o00ms+Mr5M8XdPq3nXnz5Dpz9lKpcvVkIpAxdmDP2txBgbIi4MAh4+XgaVMtccM9e488ePhYHhdNiAk+fPQkhZuQrGv4ef12eQqU/6ho1UpVv4iPj88dFJg7KNeqNVuOHT9tGyjs2L7Z5QsHjxzY0LplI/mdXbx0fcmydfv0/y7pspOm/kREYWHhq1b/Ur5y4xJl6gwdOTlRIpCIPin6kTyQl4wmk+OvCN5CcXHx7Tv3PXP2Uqoju3Vt16lD8zeyqVS4uLgQkUarljUyU/qj1WqISKvVOrhsp/bNTh3fLhOBu3YfatS0i+3VTZt3f1Ki1p0794nI1dVl2OBvfju6NRNbrgMAAAAAAAAAAAAAAAAAAMBrtf/g0bQMZ0TEBGNCMMEF5zLnpSgvKx8JQST7CFtjgJbzXP5JCAgmNAUWXAgzCc4sZQOJqRQloRkxY0zekJi8npAwfNUHyXjvbaVANzeXmjUq7d5z+ODh4w5OmTVnaa8endRqVbmylu7UQ4ZPSHWWoiSO9G3dtMTZ2enJ02cNGne2ngwPj5AHv/+2I95g0Gm1MjFWvlwJa+E3rUbj4FbTavrUUSHPQid/P+81rZ9uvb8dtX3zEnn85MmzfQfS0CG0+1dthw35JuTZ85Zte508dU6ezOrnu2ndz0FBgUS0fuP2QUMt38EeXdsW+ii/7PDbd8DLfF7RIpa83a1bf9u5lxDi2p+35HH7tl+ULfMpEdX5vOryxTM6dulnO3LB4jVmbh42uPeUicPHjRl0+MhvQ0dOCnn2PNll9+wLzv9RpXiDIekltVpVuVIZXx/vjb/sKlggv9zDg4f2kouBObLPnT2xQZPOdsbAW0Kvj+3Que+q5bNKfFrU/sgB33ZftmLjm9pXiry8PIhIp9Xu2rY81cE6XeqhwFbNGwwf2kcuG/o87Lux03YkVzU33mCoUrPF3p0rCxbIJz/kQwf1Gj12WnqfAwAAAAAAAAAAAAAAAAAAAN5eM2cv+apza1dXl9SHMlKpFEVRzNwsmKAk6TwhhExnCRIkKOWqbdZqf8K25p8QgsllbSYKEkww8XJe8quGR0TOnL3EsSd+Xd7bSoEqRXUk+ESvPiOsZ9TqVBKQBoNx8dK11i+PHjt16/adVG9kWxPL39/v2KFN+fMFhT4Pq1arhW3Ya+v2ffKAMeak01k/EfEGw/ad++Wxk5PO4edLg57d2zdrWr9Xj06tmjd4Heunm4uL89zZL2OX/v5+Rw9tCsyR3ZG5AQHZ+nzT5bux00qXr29NBLZp1fjkr9uDggI55z9Mn29NBLZsVn/4UEsL6cFDJ8TFxVvXsUayLl3+05H7VqlcdvzYwfL4+o3bU6clk7NcvHR9sVK1Lly8qtVqPq9d5cLpvXNnTXB3d012QdsPScEC+fr16bJhzbw/zh34+8aJpQun165ZhYjy5Q0ioqchofbrVlYoV1KOhHdCjD62Xcc+587/YX+Yp6e7Ixm7183Hx4uIoqP1+T6qaOePrMGZUr6ZMdagXo11q+be+vPXqZNHeni4nTl7qWnLbp+WrpNsIlDinNeu1+78hSuWnXh7vbanBAAAAAAAAAAAAAAAAAAAgMxkMpkW2cS37BNMRUxhxMhMZrORc86IiJEQQghL8T9rZo9ZCvtZsjeMsYRhCmMqxpSEsYxIXuIkuHjZXtiyrLBWFlRSKBJINH/BSlNmNwJ9bysFRkRGde46wPaM7Gtpn9n88vtRtMhH+fMFpZoLdHG29LKsVLFMl86tiWjpsnVjJ8zknNsOO3j4eMcu/Vq3aOTl5eHq6mIwGGNi9Feu/jln/orinxSWY5ydnRIt7p/N78WLiGQryTnos0plhg76Wh5PmTTizt0Hp05fSPdqGcjHx+vwvvUyacQ5VxSFiHIHBR4P3nL23B+Tpv509py9sNSjR08LF6tm/bJkiaJTJo7Iny9INn3u8c2wR4+eyku1a1aeOnmkPF6xauOWbXtt1ylatJA8OHHyXKp7LvJxwSULp8tA58rVm0aM/j6lkdHR+kZNvxw5rHe3r9oxxurXq1GjRqUmzb66eu2m7TBvb8/Pa1WpUrlckSIF/bNlVastxUvj4uPXrd86ceqc8PDIggXyyeaqp1P7xpUq+Umm9iKHNJO5wNUrZn9avEhKY44eOxkfn/7fABnF3c2ViGLj4gwGo51h8hN4M4W6m2tWzC5T+tPHT0IOHDi270Dwjl2HEv2eTHlZ0bhZl5VLZ5YrW2L7zgPpfAYAAAAAAAAAAAAAAAAAAAB4602bsaBl84b+2fxSHSmYIkgIEgojbjYLbjkruwCrVAoRMbViSQkyy6UU6/slrCoSygpyzpmiYuxl0UGSkxmTmcFky3s9DQmdO39Fuh8/o7y3ocCkUg0FdmrfrFePTtYvvb09D+5dd/y3M8NGTrp3/1FKs1zdLPUq3dxc9+0PHjRsfHS0PtmRR4JPHAk+YWcDbm7/KianVquOHfnFSadLyKWmhwzbSYyxVctnF/6kWlpThnZ/EtKjVfMG4/83RH5H7t1/1Lhpl+pVy0+aMFytVjHGSpX8ZPOGhaHPw37//cLuvYf3HThqJ4f0afGPv588Kn++IJPJ/Ovx04m+Wc2+qPvDlFFy/wcP/Tryux9s52q1mg8Cssmf5us3btvf82eVyixdNEOtVplM5mEjJq7ftNN6SaWyhPls3zYRjZ80+/qNv6Z//x0ROel0O7Ys+7TM5+HhkfLq5PFD27RukuguT54+mztv2bKVm6xnxozqLw9WrNpEdpUo8Ylao7I/Bt42MfrYth16p5QLfPbs+fDRUzNjX4n9ef12ZGTU6LE/2B82fuJMV1fnTZt3J3u1fee+JpM53Xto37lvuucCAAAAAAAAAAAAAAAAAADAu2L6jAVTJ49IbRQjYpTQ45eIKQoTQjCFMWJCcEt+T+aeZPZJCC6EwogRk1ks2SPYNpb174yWZZptW2EiEsSYojCjMJtMLNE1omnTf37V588I/6FQoP32wT9MGdmiWQNZpK17r6ET/jc4xwfZGWOVKpY+Hrzlzp37W7btWbR0XVRUTKKJ3l6e8iA6OubZs9DB/XukdWM5cgTIg0T9sE0mc6u2vWb/OP7hw8ehoWH37z9M68pJxcXHm3kqoZwG9Wr4+ng9Dwt/HvaCiFq1aJSBoUBvb8/li2cUSyiOuHnL7m8HjiWi9Zt2/nby3Krls/LkzikvZfH1qVe3er261YUQkVHRYWHhjx49vXL1+oTJs20XbNW8QXh4RJ9+o7btOGD7Y5nF12fxgh+KF7Pc6OeFq35euLp503oXL129/dddIYR/Nr8pE4fLGN+LFxH2t92yWf2pk0cyxh4+etK8VQ/ZI9XK+n6UJC9q0+bdapVKlipUq1XtWjf5ad5yeWnuzytat2psnXv5yvXv/jctUX3Ezh1blC9XgoguXLx6+uylRIs7uzhbj728PHIHBTLGcgcF/nPnvv3HgbdKjD62TYfea1fOsX5cpfDwiKYtu91POZH8Jn3Roqsjw/bsO2Ln6qskAgEAAAAAAAAAAAAAAAAAAOA/Yt3G7V/36pwrZ4D9YYwJQUJG9hhTZAtgpihExLmwNvdllJDOYTKnY8kX2eQCX/YZVhRFCGKMhCDGFLK5RIyYTTtipiiCJ67zdvfeo3Ubt2fcm0i//1AoUKtJvlJgYI7sK5dZsmjXb9xu07536POwCp81mTtrQr261eWYoKDAfn279evbLTw88uq1GytWbdqzL1he8va2hAILfZQ/X96gdGzMGgtLVCmQiM5fuFLhs8bpWPNVVK9aoXr1Sp4e7onOvwhPJTlnn7+/36RxQ6tWKa8oihDi8pUb4yf+aNvL+MHDx1VqNC9XtsTEcUPy5sllPc8Y8/Rw9/Rwzx0U6O3tSfSvUODg4ZMS3Sirn++UicOrVa0gX+zdew/7DRxz9twfpUt+8r/vBsrkpclktvbqJSL7rYqnThreqkUjk8k8d/6yH2YsSDrAWinQyUmX9Oq6jTtKlyrWrGl9InJze5n7vHf/0YmTZyuUL3X9xu3uvYYmTfJ92amlLBNoMpm7dBtoPW/9bdKwfq29+4Pj4uIDc2QfNaKffN69O1cV/bTmq7SchjdPr49t3f5r21xgZFR0izY979x9kNlbAwAAAAAAAAAAAAAAAAAAAHjTRn43deXSH+0MkEFAYgpTFGKMiDNFYUwl8zOywy8lqeNnmWU5y22CW9ZygExRLCsQU2Q60DqbKQoxxRIvVNQqJXFLzxGjJ2fYK3g1/6VQoFYrD3RarYxMqdWqKROGNWtanzEWFRUzfNSkbTsOyDFCiJ69hxf8Kd+CuZODggKti3h5eZQvV/LWrb+tocCsflnkwc8LVyUqYuegyhVLr1o+m4g0dmsZvjGydJ9/Nr+f506xLV22ZWvyLUFTVad2la5d2pb4tAhjzGAw7tq9b8Lk2SHPnic7+OSpc1Vrtvi0+McjhvYp8WkRa0PekGfPq9dqGREZZedGjRrU/LpnpwIf5pU/rs9Cw0aP+X7XnsPy6umzlz4qWrVK5bI/Thvr4+NlnRUbG9dv0JhkF/T29tyycVGe3DnPnL3UtefgsLDwZIdZs4Cenh7JDhgwZHyN6pW9vDz2H/zV9nzXnoNLFC9y9NffE40v8nHBWTP+J5ORL15ENG7WJfR5mPXq48dP5YGPj9e6VXMTzeWcp/B64K2m18c2avpll04tK1YoffPW30uWr3/6NDSzNwUAAAAAAAAAAAAAAAAAAACQCY4eO3kk+GTVKuXsjFEUtaJSc25kjBGTQT2WUAeQGGOJmqMKkp2GZeyPJRQLfFlG0HKNJSzCmCwrKISayewUAAAgAElEQVRglqAhUylMditmikbt5ERMWAOFR4JPHkuSAsosb0UK7c3QaC0P6+Skc3LSjRrRt3HDz7VazdOQ0Ok/Lli7flvSKddv3K5cvVm9OtVGDf82ICAbEYWHR1ao0ti2ibC1vN+1P2+lb2ORUTFE9PDRk779RqdvhdfhydNnTZp/dfrEzqx+vpzzUWO+X7l6c5pWKFXyk6GDvi72SWGNRh0WFn74yG+79hz6ZcuexHUzk3P+wpWmLbs5Oem6dWnT7It6Hh7uTZp1STYRqCjKF40/b9WiUbFPCmu1GrnzgwePLVyyNtkuusHHTjVp/tXRQ5vkl2Fh4S3b9kzaFVr+qP/+2464uPgOnfsGHztlZ7eahCKUUVHRyQ4QQtSq2yZf3qDzF67Yno+O1idKBDaoV6NHt/ZFPi5IREajad/+4D79Rydqunrn7oPdew5/VrmsTqdTqSyhSbOZx8fHnzl7qfe3o1Am8N21eNn6xcvWZ/YuAAAAAAAAAAAAAAAAAAAAADLZl90GHN6/IXdQjuQvM/LI4u/k5h4bHseYwpiKKSpSGHFBQpDyMuqXNKpkLRbImHjZE5gplnWZQoql3iBxLoiTIC4EU9RanYuTm6fW2VWlcWIqjauXL7MEB9m9+4++7Dbgtb6QNGGBeUpn9h7ekL+u/6bRqK/fuD35+zlLF043Gk2/nTgze+5S+61jrSqWL9W4Ue0fZy1+8PCx7flePTq0at5w8dJ1y1dtSvfe1GpVouDXWyIgINt3I/qNGvN9SoX97GjetF79ujX27D28fddBvT729WyQpk8d9Xntag8ePr5+/daZc5d27j704kXqbY7Xr55bpnTxrdv29h88zk5pvTq1q+zdfzTVFOPUScOLFik0/ccF+w8eS9dDkLe354zvv6tYobRWq+Gc37n7YOmy9StW/+JIgBIAAAAAAAAAAAAAAAAAAAAA4P2TNWuWw/vWe3i4JXs1Xh914cCKJ7cuMCJXd29FrTYLTmYuuCCVQowUYjIdKISQhQAFESOmUqkYUwniggtFURhjQlBCTJCRohBTEWOKRqdzcnV2dVNpnRRFzbROLq5eLh6+Lh4+GicXpqgURSFijFhktL5KjeahoWmOV70+/6FQ4NBBPS/98eeefcFubi4VypXcdyCd+S14D1h+zt+ayF1WP9+Z0/939tylQ4ePX/zjWmZvB+D/7N13fF11+Qfw77kjO03SRaktLWWWQksLBZTRhewiWLaKClqRqSzZyF4yVETZMpT1Q0FGpSCIrJZdkVEotLSle6+Mm9z7++OWWkuapk3aJLfv94uXnpzzPc95TqrXQD4+XwAAAAAAAACAlvf13Xa6/4+/SSbr2Q43nc5M/mDs+Nf+WrVwXmlZ+yiRSNXWRul0Jp2JoigTMrFYLBOFzJehwFgslh0KGIvisXginclk0nWJeDKKxesymVgskSwoLigpyy9ql0jkR4lEsqCkoLSspLR9flG7WCwRJRKxKBa+sitxbW3tUd87+fXX39lw35RG2IhCgQAAAAAAAAAAALQhPz7u6AvOO22VKF52HFhtqmrcPx6aPv6N4tJ2UTxeU1MTy2RCJmQymUzIRFEUoigTMiETQhRF8SgWi4VMyIQolsiL5xXmF7ZrV9Exr7A0xOPxvKK8onZFpRWFxWWJZF4sHo+iWBRFIaz03Oyuwv/bw8WXXP/H+x7ZUN+MxqonRAkAAAAAAAAAAAAt7va7Hujbd7tvDd9nlfNRFCWSBT122H3hrMmhrmp5Zi8TQiyEdIiiKMpkU3yxTBSlY/H8krLS8s6FpeWJ/OJ4Xn5eYUlBYVlhaVkyvyiKJ2KxRLTSFMCvZhDr9bcnn22FiUCTAgEAAAAAAAAAAGjVfjrye2edcUIiseoIvHRd6oNX/jZvyvup6qp0qjYTMrFYvDZkEsnC4nbti8raFxSXxZMF8bz8/OKyouKKvMLSRF5+PJGIYvFVBwGuZI2hwNra2gsuvu7PDz7WfK/YnIQCAQAAAAAAAAAAaNW+vttOd91+fXFR4con05nM4nnTP3z5serqZaWlHQrblecVtYvnFyTySwoLS/KL2iXyCxPxRCyeiGJRCFHIRJkv835RI+cBfsWixUuOH3nm2NffaY7XWi+EAgEAAAAAAAAAAGjtunXb9KE//b57t01XnMlkQiZTt2Dm55l0Jr+wJJlfGEvmxePxKBZfZQpgFIVMZsUXK86ttalfzDj428fNmTO3SW+yngkFAgAAAAAAAAAA0AYkEomH//z7nXfqu+JMJpMJIZMN+q3r7L/G+tdLrx838vSamtR6fUrTxcsqvtbSPQAAAAAAAAAAAMAapNPphx55Yvr0Wf369SkuLlq+C3AUomj9JgJnzZ57yWU3XnrlTXV16fX3lOZiUiAAAAAAAAAAAABtzIknHHvCyO+Vl7Vbr0+ZO2/Bb26+6+57HlqvT2leQoEAAAAAAAAAAAC0PYlE4rRTjjvuB0eVlhQ3e/HFS5befc/DN9x0WzrdBqYDrkwoEAAAAAAAAAAAgDbslBN/uP9+Q7feevO8ZLKJpWpSqU8+mfTEU8/e8od7mqm7DU0oEAAAAAAAAAAAgDYvLy958PB9Dhm+34479mlXunazAxctXjpu3PuPPzH6sb/9vaYmtd563BCEAgEAAAAAAAAAAMgpHSrK+w/YYeutevXafLNu3TbdpHOnioqy7C7Di5csnT9/4cxZs6dOnf7ZxMkff/LZO2+/N3f+gpZuudkIBQIAAAAAAAAAAECOiLV0AwAAAAAAAAAAAEDzEAoEAAAAAAAAAACAHCEUCAAAAAAAAAAAADlCKBAAAAAAAAAAAAByhFAgAAAAAAAAAAAA5AihQAAAAAAAAAAAAMgRQoEAAAAAAAAAAACQI4QCAQAAAAAAAAAAIEcIBQIAAAAAAAAAAECOEAoEAAAAAAAAAACAHCEUCAAAAAAAAAAAADlCKBAAAAAAAAAAAAByhFAgAAAAAAAAAAAA5AihQAAAAAAAAAAAAMgRQoEAAAAAAAAAAACQI4QCAQAAAAAAAAAAIEcIBQIAAAAAAAAAAECOEAoEAAAAAAAAAACAHCEUCAAAAAAAAAAAADlCKBAAAAAAAAAAAAByhFAgAAAAAAAAAAAA5AihQAAAAAAAAAAAAMgRQoEAAAAAAAAAAACQI4QCAQAAAAAAAAAAIEcIBQIAAAAAAAAAAECOEAoEAAAAAAAAAACAHCEUCAAAAAAAAAAAADki0dINADTW5E/HtnQLAAAAAAAAAADQqpkUCAAAAAAAAAAAADlCKBAAAAAAAAAAAAByhFAgAAAAAAAAAAAA5AihQAAAAAAAAAAAAMgRQoEAAAAAAAAAAACQI4QCAQAAAAAAAAAAIEcIBQIAAAAAAAAAAECOEAoEAAAAAAAAAACAHCEUCAAAAAAAAAAAADlCKBAAAAAAAAAAAAByhFAgAAAAAAAAAAAA5AihQAAAAAAAAAAAAMgRQoEAAAAAAAAAAACQI4QCAQAAAAAAAAAAIEcIBQIAAAAAAAAAAECOEAoEAAAAAAAAAACAHCEUCAAAAAAAAAAAADlCKBAAAAAAAAAAAAByhFAgAAAAAAAAAAAA5AihQAAAAAAAAAAAAMgRQoEAAAAAAAAAAACQI4QCAQAAAAAAAAAAIEcIBQIAAAAAAAAAAECOEAoEAAAAAAAAAACAHCEUCAAAAAAAAAAAADlCKBAAAAAAAAAAAAByhFAgAAAAAAAAAAAA5AihQAAAAAAAAAAAAMgRQoEAAAAAAAAAAACQI4QCAQAAAAAAAAAAIEcIBQIAAAAAAAAAAECOEAoEAAAAAAAAAACAHCEUCAAAAAAAAAAAADlCKBAAAAAAAAAAAAByhFAgAAAAAAAAAAAA5AihQAAAAAAAAAAAAMgRQoEAAAAAAAAAAACQI4QCAQAAAAAAAAAAIEcIBQIAAAAAAAAAAECOSLR0AwBtyfhZ6X9+Ujdtfmb6gsyy6pbupvkU5YdNy6OvVURDto5v1UleHAAAAAAAAACgrRIKBGiU2nR44M3aZ96ra+lG1otl1eHTmZlPZ2ZeGp/ev2/8iAGJhGQgAAAAAAAAAEAbJPQB0CgXPVGTq4nAFTKZkMmEp8fVXfxETUv3AgAAAAAAAADAuhAKBFizB9+qnTwn09JdrHdRFLLRwM/nZB5+u7al2wEAAAAAAAAAYK0JBQKswWdz00++WxdCCFFLt7JBZKOBf3unbtK8dEv3AgAAAAAAAADA2mnDocAoioYN3W3Y0N2iaOPI6QAt5O8ffLlrcO7PClwu+6KjP8zx7ZIBAAAAAAAAAHJPWw0FFuTnjTh0n/79+vTv12fEofsU5Odt+B6iWGzf/fdJJBP1Xu3addO77rvjgAP3X6897LrbwNvuurVdWdl6fQps5KbN32jCgF/KRq03whcHAAAAAAAAAGjr2mQosLy83TFHD+/Zo1v2y549uh1z9PDy8nYbuI2C/LyjvnPkXffe8fMzf5ZMJle5evhRh+fl5R1z7NG//t2NFe0r1kcDm23W/aTTTioqLrz86kuiWJv8o4Q2YSPMxmUyIYQwY+FG9+IAAAAAAAAAAG1d/VPuWrPNuncdftCQwoKClU+2ryj/ztHDn3jyhclTpm2wTiorq6694rrzLj53p4EDbrnt5jN+dvaihQuzl6JYbMcB/bLH8UQiP6/+QYbtysp+c8uNmcw6xm7i8XgsFgshtG/f/nvf/869d9+3rq8CNKSmtqU72OCyu7IvqWrpPgAAAAAAAAAAWEttLBS4Y99thwz+ejxez1S8woKCEYfu+8I/X3v33x9tsH4+/PCjd956Z8DOAwqLCo86+vDb/nBH9vzhR47Izg585qln7rv3TyvWDxjQf9y4f9fV1WW/XLRw4e2/v6P39r0nT/y8qqp6leLxROL4kT8MIXw+8fNnRo1uuJPPJ33e3C8HAAAAAAAAAABAG9NmQoFRFA0dsmv/fn0aWBOPx/YetnuHjuXPvzB2ncfvra3b/nDHLbfdHIvF5syZs7zVWGy/A/YNIfzpnj+NevqZFSsH7rLzaWec+tmnEy867+IVJ195+dVXXn613srbb7/8ZW+95bbJk6es5/cAAAAAAAAAAACgzWsbocCC/LyDDhzSs0e3xizu369PRXnZk0+9UFVd04w9nHb6qZlMetnSZSvm/K2wePHikuKSjh07/vD474cQvta9W15e3szpM7ps2iV7JhtqHDRkUAih1xabn/Kzk3570+/W+MQBAweEEL6YOu2ricDy8vJUbWrpkqXN934AAAAAAAAAAAC0eW0gFFhe3u7bh3yzfUV542/p2aPbMUcP/8tjzy5YsKgZO9llt11qa2urq6u/Ooawsqpyz8F7RlEUQqirrVuyZElxacmu39h1lTXZg216bxtF0SpFStuV/uqma+++/Y9jXhubPdN/wI6ZTObG625a5VmFhQXX3nBNPBG7/JdXTvxsYjO+IAAAAAAAAAAAAG1a1L3XLi3dQ0M26951+EFDCgsK1uHeyqqqJ558YfKUac3VTHFx8dKlqx3Od/f9dyaTyUwmc/kvrxj/0cdrW7ywqPD2u28NISxYsLCutjaE0KFjhxDC3DlzV22jpLigoCCEkE6nTzvp5/PnzV+nt4G2Z/KnY1vkud+9s7pZ6hTlh16dov9MrWdz8zP3TU5bmP7zmFUHkTbRaXsn3p+efu799DpXuP/4/GbtCAAAAAAAAACA9atVTwrcse+2QwZ/PR6PrdvthQUFIw7d94V/vvbuvz9qln5WTgQeOuJbUyZPefONt7NfbrZZ92QyGUJ4/C+Pr5wILCkt+cYe3xg9avQai9d8udlxTXXNhx9+2MDKXr16dt9ssxDC/HnzM+l60kVA61SUF529T15VbbhnTOqVj/8b1CvOD/26xXbsFhu0VeLsR6sXLlv1xoK8kJ8IiyvDWv03/ohd4gN7xHfuEf98bs0nM3xWAAAAAAAAAABsFFppKDCKoqFDdu3fr08T68Tjsb2H7d6hY/nzL4z96p6/TbF93+1HHDHi/ffef+D+B9Pp9MGHHpyd6vf6mDc226z7imWnnX7KJpt2GbjLTldffm1dXUMzwNLp5Qmhjz748PY/3JE9Li4prigvmzr1f4YdHnbEt7OhwBuuvXHBggXN+FLAejVnceZ3/0qdMij50z2TnUtr//rW8s+EIwYmohBCCJ/NSVen6rlxm01jZ+2dDCFkQljlkywWLT+oNy+YPfmDbyTO/0t9dQEAAAAAAAAAyDmtNBS4807bNz0RuEL/fn0WLVr6xpvvNVfBEEJtqjaE0GeHPpdfc9mKkx06drjyuiu+urj3dr2P+c5R9937pwYK1ptZ3G///Q497Fvz588f9cTfn35qVDP1DrSYsRPSh/fPdGkX7bllPBsKTMbD4K3imRBufjE1dsLycHC/HrHdesZufbE2++W4z9Nn/F/NrEX1fE7c+r384rxw3+u1z7zXzFsPAwAAAAAAAADQFrXSUGAy2cyNNXvB6urq7L+ec8a5DSy78JIL23eoWDB/wf33P7DOz6qoqNjvwP2EAqHN6dU5WlQZqlL/k+W7Z0ztL/ZJvj6prrgghBCOGpiIx8Ktr6T+MzWdPdOpNDpjWDIWhYVVmQfHLo/6zVxYT244FoWivFCbDqP/IxEIAAAAAAAAAEBovaHA1q+uLh1CSNelZ8+e0+Cy2hDC4sWLMl/uDrxWCgrzswdPPPbEunYKtIz8ZDh//7z8RMhu+7uyTAgHbZ84aPv/fgKP3D0Zdl91zQF9EqPfT89b8j93nzosce+Y2gVLQwhh4BaxKIQH3qxdZYLgGfsm8+PhqlGpZt01HQAAAAAAAACANkAosFUra1eaPRj/0fiW7gVYO9WpcNajNcX5YcrceqJ5Fx+c3KpTLJ0Jpz9SM2fxWmT3du4R37lH/PN56RBC59JYCGGPLWJ7bBFbsSA/EXUti0IIV30775xHa5rpbQAAAAAAAAAAaBuEApuksKjwvgfvaWBBFEVNqV/RoX32YMrUL5pSB2gR85Zk5i1Zfrx/3/iSmsxLHy0fGtqzfSyEcOvLqRWJwGQ8HDYw/sCYNWwEnM6ERCwsqAxT5qdDqGcEaYfiqGtZPITw2Zx1GVAKAAAAAAAAAECbJhTYJFVVVddcfm0DC04749TyivLGlEok6/mz2GSTLiGE2traencfTiT88UGbsUXHaLfNE/v2Tn8wPV2YjJLxkKoLPdpHPXaLZxcM6B7v0i7atWf8vL/WLKteQ7V/Tah749N0CKE4PxzcP/63d+uWVn35oM7R7r3iIYTbXqxd3y8FAAAAAAAAAEBrI1XWJJl05pNPJjSwIJVKNbJUUVHxV0+2KysNISxatKjeWwoLCxtZHGhxNXUhhPC1slhePAohTFuYCSHs2C2+YkGH4iiE0L4oKiuMllU3dkPhLmXRgX0SB/ZJ/GN83d0vSwECAAAAAAAAAGzs2l4o8NUxb7/62jv1XvrG1/t/Y7cBG7yj5tH+KwMFe/TYLDsLcNJnk+q9pay8bIO0BjSDVF0IIYyfmb56VP1Z4ZGDEnttGX9/enr6gsYmAkMIsdjyg7en2CwYAAAAAAAAAIA2GApsVQqLCu+89/YGFuTn5zeyVKfOnbIH6bA8DzR07yHZg2lTp3Xtuum0adNXuWXJ0qVr3zLQMtKNTPqtRSAwhBDKi6Pswb8nCwUCAAAAAAAAACAU2DS1tbUvv/hyAwv2HLxnXl5eLLbm73MyLxlCSKfT/3rhXyGE4pLiwUMHhxBqampi8dg1N1y9ZPGS18e8/tdHH580cdKkiZP++n+PjXtnXLO+DbDe9ekau/P79WeFk/F6T69Bp5IohFCbDpm1TBMCAAAAAAAAAJCThAKbJFWTuvvOexpY0HfHvp06d0rEYw2syRr3zr/vvPWuV18dU11VFUXRuRf8Ip6IhxAevP/B0c8899KLL596+inD9hk2bJ9hM6bPeOqJUW+9+XazvgqwIUyen77ln7X1XjpqYKJ/t1iI1lBhletbdIxCCJU1IoEAAAAAAAAAAIQQwprDatQr3oic3wqxxJongC1duvSF5/9ZXVVV2q70pptv6Ll5zxDCpxM+Hf3McyGEKVOmnvXzX9x6y21VVVVdNu1y/Mgf3vHHWw/61oFNewlgQ1tcGb6Yl6n3r8VVmdCI7YOj/00F9uwQCyFMX1zPbbE15QsBAAAAAAAAAMg9JgWuo4KCghBCIpnYvNfmDSxLJBMhhGQi2ciy++y791HfPSovLy+EMPa1sTf/+paVr7704stjXh179XVXbLJpl4LCwqOOOXLY3kPPOev86qqqpr0NsIF0Ko2G9ak/UrxZ+0aF+FaJ+mW3D35nSvqrK0sLw8Jl69gnAAAAAAAAAABtlFDgOiouKQkhJJPJy666ZI2Lk3lrDgUOHrLXUd85qqS0JISwcOHC++6+f8xrY7+6LJVKnXn6OVdec2n3zTYLIXTq3OnIow+/9+771vU9gA2qU0l0xID6PxAKk+GrgwBXUVq4/GDGgkwI4YB+8WxGsE+X2ICDY3//oG7shHRNXciE8MH0tEQgAAAAAAAAAMBGSChwHZW2KwkhVC6r/OnIkxpYdt2N13Tq1CmRqP/7HEXRrrvtMnTvIVtts1UymUyn0+M/+vjhBx4e/9HHDdTMpNPnnX3hxZdeuOXWW4YQSktLm/w2wAbywfT01aNS9V4aOSix15bx1XxaLLe4Mrw9Jf2P8XVT5mZKCsIRAxIhhHFfpG96NjVyUOLkQcmf7hn+/UX6vMdqpsxd0z7EAAAAAAAAAADkIqHAdVRUWBhCqK6pqU3VNrQuE0IIU6d8Ue/Fc84/e9ve286bN++tN95++823Xnvt9Uy6nj1A66mayfzywkvPPvfM3n16j3l1zLq9ArAhxevfNHhViTUtu2F0KoTQq3N04QF5iViorg03PpuqrQu/e7720fK60/dODugeG9A9b8aizK0vpT6ZIRoIAAAAAAAAALBxibr32qWle2iTLrr0gmVLl917932zZs1uYNnAXQYWFOa/9OLL9V6Nx+N1dXXrrUfINZM/rWdP7Q3gu3dWN73IiUMT39g8Pm1R5vFx9SeJ9942vlWn2JQFmXMfrWmgTjIevvv1xNBt4lEIMxZlfvlEzZKq/1lw9G7xA/ssD3w/+1HdPa80GFxek/uPz2/K7QAAAAAAAAAAbGAmBa6jSy+6vDHL3nj9jQauSgTCxqOsIAohdCmNjtm5/g/e4vwohJC/+k/l0sLw7QGJoVvH47GwpDrz1Pt1T7xTz2fIA2PqltWEw/snskHDJoYCAQAAAAAAAABoW4QCATaEiuIohPDB9PTVo1L1Lhg5KLHXlvGovkvf3jk+bOt4WWFUXRs+nJF+9J3ahvcFfvztuspUOHaXRMbuwQAAAAAAAAAAGxmhQIANIS8eqmvD6I9WOx/0s7nprTvHbn2pnshgdW148O3atyemlzZ6H+PR79VNnZeO1ZsxBAAAAAAAAAAgdwkFAmwIZz5SU9vghuHP/Sf93H9q6r301LvrstX4B1+YEwgAAAAAAAAAsNGJtXQDABuFhhOBAAAAAAAAAADQLIQCAQAAAAAAAAAAIEcIBQIAAAAAAAAAAECOEAoEWIPSwpbuYIPLhLBxvjgAAAAAAAAAQFsnFAiwBt3bRyGETKal+9iQMiGEsFmHqKX7AAAAAAAAAABg7QgFAqxBjw6xEELYmAJyURRCCJt39L8RAAAAAAAAAABtjMAHwBp8s3c8FtuoMoEhhBCPh2HbxFu6CwAAAAAAAAAA1o5QIMAadC6Jvr3TRhePO2yneKeSjS0JCQAAAAAAAADQ5gkFAqzZIX0TPTouT8hlMi3dzXqz4tV6doqG75Bo4W4AAAAAAAAAAFh7QoEAjXLJ8Lz9+sZDCFHujs+LohBFYf++8V8elNfSvQAAAAAAAAAAsC4MggJolEQsfHdgYmCP2D8/qZs2PzN9QWZZdUv31HyK8sOm5dHXKqIhW8e36iQvDgAAAAAAAADQVgkFAqyFbTrHtuksMwcAAAAAAAAAQCsl2gIAAAAAAAAAAAA5QigQAAAAAAAAAAAAcoRQIAAAAAAAAAAAAOQIoUAAAAAAAAAAAADIEUKBAAAAAAAAAAAAkCOEAgEAAAAAAAAAACBHCAUCAAAAAAAAAABAjhAKBAAAAAAAAAAAgBwhFAgAAAAAAAAAAAA5QigQAAAAAAAAAAAAcoRQIAAAAAAAAAAAAOQIoUAAAAAAAAAAAADIEUKBAAAAAAAAAAAAkCOEAgEAAAAAAAAAACBHCAUCAAAAAAAAAABAjhAKBAAAAAAAAAAAgBwhFAgAAAAAAAAAAAA5QigQAAAAAAAAAAAAcoRQIAAAAAAAAAAAAOQIoUAAAAAAAAAAAADIEUKBAAAAAAAAAAAAkCOEAgEAAAAAAAAAACBHCAUCAAAAAAAAAABAjhAKBAAAAAAAAAAAgBwhFAgAAAAAAAAAAAA5QigQAAAAAAAAAAAAcoRQIAAAAAAAAAAAAOQIoUAAAAAAAAAAAADIEUKBAAAAAAAAAAAAkCOEAgEAAAAAAAAAACBHCAUCAAAAAAAAAABAjhAKBAAAAAAAAAAAgBwhFAgAAAAAAAAAAAA5QigQAAAAAAAAAAAAcoRQIAAAAAAAAAAAAOQIoUAAAAAAAAAAAADIEUKBAAAAAAAAAAAAkCOEAgEAAAAAAAAAACBHCAUCAAAAAAAAAABAjhAKBAAAAAAAAAAAgBwhFAgAAAAAAAAAAAA5QigQAAAAAAAAAAAAcoRQIAAAAAAAAAAAAOQIoUAAAAAAAAAAAADIEUKBAAAAAAAAAAAAkCOEAgEAAAAAAAAAACBHCAUCAAAAAAAAAABAjhAKBAAAAAAAAAAAgBwhFAgAAAAAAAAAAAA5QigQAAAAAAAAAAAAcoRQIAAAAAAAAAAAAOQIoUAAAAAAAAAAAEY/BUYAACAASURBVADIEUKBAAAAAAAAAAAAkCOEAgEAAAAAAAAAACBHCAUCAAAAAAAAAABAjhAKBAAAAAAAAAAAgBwhFAgAAAAAAAAAAAA5QigQAAAAAAAAAAAAcoRQIAAAAAAAAAAAAOQIoUAAAAAAAAAAAADIEUKBAAAAAAAAAAAAkCOEAgEAAAAAAAAAACBHCAUCAAAAAAAAAABAjhAKBAAAAAAAAAAAgBwhFAgAAAAAAAAAAAA5QigQAAAAAAAAAAAAcoRQIAAAAAAAAAAAAOQIoUAAAAAAAAAAAADIEYmWbqAhW23Z41vD925ikcefeO6TCZ83U0dtXoeOHXr16vXmG29mMpmW7gUAAAAAAAAAAIBm1qonBZaXt2slRdZoh77bX3jJBdtsu3VTikSxRv1x9O23Q3FJ8bo9YttttzntjFPuvv/On/z0x/F4fB0qDB6y13Z9eq/b0wEAAAAAAAAAAFiv4mUVX2vpHlZr+z5bbdK5YxOLLFq8+NPPpjRTR6uVSqWO/u5RQ4YN3nHAjq++MqautnYdilx17eUHHzJ86dKlkz+fvLo13bp1vfDSC/c7YN9Jn02cOXPW2j5iyuQpvbfbZpMum/To2WOLLbd45aVX17bCj044fvghw/casufkyZNnz5qzxvXJZPLEU346aeKkpUuXre2zYBU/P+3HLd0CAAAAAAAAAAC0aq16++CK5hjyV1G2ISYFzp83//8efvSoY47stcXmP/7JcTf/+pZ1KBKLxTt07PCTE0eO/Olqk09RFIUQ8vLyzjrvrDNPO3vGjBlr+5RfXXvTnffcFkLo1Wvz1a3ZfY9vvPrKa/VuMVybqg0hdOzYscdmm33wnw9DCHsN2rPzJp0WL15SU12zyuJkft7hR4woLCrsv9OO55553qxZs9e2WwAAAAAAAAAAABqvVYcCy8vLmqFIRTMUaYx/PPv8UcccGULYtve29S7o0WOzk3920vm/uLCmZtXwXFYqVRNCqKqquuMPd67uKV/r1vXQww4NIUz45NOZs9Z6UmAIobqqau6cuR06dpg0aVK9Cw4afsBR3z1qj0F7XHPFtatrct7c+aOefiZ7pqSk5JARh2THJabT6RUrY7FYMpnMHufn51953RU/+v7IdWgYAAAAAAAAAACARmq9ocBEIlFaUtz0OqUlxYlEonad9vNdK5XLKmfOnNW5c6ennxj11avJZPL8i88vKi687KpLf3HGOfVWSKcz2VF8Y14bu7qnbLvt1tlQ4KuvvJZZKYG3wsBdBlYuW1ZZWZmub85f1uhRz/bo2f2ZUc9u/pVhgT16dD/yO0eGEHbou/33jv3Offf+aZUF2aqZzH8f/fRTo959592ZM2fV1dWtOFlcUnzN9VdnY52pVOr1sW9MGD9hdf0AAAAAAAAAAADQLFpvKLCivLQZS82eM7+JRb5/3LFDhg1O1aRWjr6tIhaLV1dVHXzo8IMPHb7KpWReMj8/Pzvq78c//dHtv79jdUWSecm+/XZY3dVeW6x2z9+sAw8+YMuttmh4TdY39ty94QX7HLDPgw88nEql1lhq2rTpK3/ZoWOHq669sqi4MIQwfdr0C869uLqqqjEtAQAAAAAAAAAA0BStNxRYXt6uGUs1PRR47x/vb9+hoq62btoX01aeO7j7nrvPmjnrk48/aXypzz6d2MDV/Pz8s849c537vOziy4cOG/Lmm2/Nn1f/K/fr3+/EU0741z9f+sv//bVyWeU6Pyhr190GfvzxhJWf1a1b10uuvCSbgHz/vQ+uuvzqJj4CAAAAAAAAAACARmq9ocCKirJWVSqTTt943a9XOTlgQP/Djty0y6ZdXnnplVdfGbPi/D777zN02JAH/vTguHfGNf4RURRCCEsWLznhRyeubs222259wSUXhBDyEvX/2dXV1T07+rkGnlKQn1dcXLz/gfsN3XvI8cf+uPHtfdV2fXqf/LOTFy1adOpPf5YdoLj1Nludd9G5iUQihPD8s8/fdccfm1IfAAAAAAAAAACAtdJ6Q4HNOymwuUqtrF1Z2SmnnxxCiKJo5IkjVw4FvvjCv/b+5tCzzjlj4cKFTz3+9NNPjWpMwVgs3vinF5UUr3FNcUnx0iVLVzlZVV2TPbj/nj+vcunbhx3yt8efrE3VrnwyiqIbfvurZCJZXVMT0umKDu1DCBXtK66/6dqOnTpFUVRWVnb2uWdddfnVOw7od/pZP4/FYplM5s/3/nnU0880/nUAAAAAAAAAAABoutYbCqxoviRfM5Za2S8vuyiZTIYQvpg67YpLr1r5UnVV1dmnn/OzM07beZedjjn26OGHHPSHm/8wbtx7DReMxaIQQlFx0dmr3z64vKIie9CutHSNHZ57wS86de706EOPjhnzxoqTxUWF2YMlixe3K/vvDMUfHPe9XXbb5YCD9r/hVzd98J8PV5zPZDKjnhh14MEHzpszZ+7c+TsUFebl5aVSqY/Hf/Lx+OWbJk+bNn2PPXf/yUkjoyhKp9O/ueE3b77x9irNbL3NVrNnz1ndpsYAAAAAAAAAAAA0XSsOBbay7YNXcfpZP+u8Safsbr/nnHluJpNZ+WpxcfFpp5/yxzvv+XzSpBFHjChtV3rWeWe99M+Xbv397Q3UzO66m06nd+i3QxRF06ZNS9XUrrImvyA/ezBv3rw1NllbW1dcXHzscccee9yxX7162hmnfvVkQWHhiaecePJPTln55Ohnnhv9zPItic+78JyysrIli5eseJcdB/Q77IgRPTfvGUKoqam59MLLJk36fJWyxcXF5154Tl1d3QW/uHDGjJlr7BxauSVLllRVVVVXV1dVVWX3zgYAAAAAAFpWPB4vKCjIz88vLCwsLl7zpltN4TcFAABkbcifQhuvlYYCk8lESXFRc1UrKS5KJhOp1KoBu3V21jln9OvfL5PJPHDfg4cffdjgIYNeeP6fKy846OADttt+u2tvvOb99z549OFHRxwxIoSw5+A9n35y1JQpU1dXdsb0GbEoem70P4459pgQQpcuXe65695/PPv8yms6dep48WUXPfW3pxqzOW9tbW0IIZVKXXTuxStObr3t1j/80Q9CCLfectukzyatOP+jE47fYsst6mrrrr7sqtXUq9+QYYOzicAQQjwWv/DSC766Jh6PJxKJZDJ55XVXHP/9kZl0eq0eAa1HKpWaPn16VVVVSzcCAAAAAAD8j7q6uqVLly5dujSEUFBQ0LVr1+xIjublNwUAAKxsw/wUurZavoN6NfuGvxXl7WbNXvNovcY494Jz+uywXSqVuu6qX33w/odf32O3/Yfvt0oocI9Be2QPevbqce1V13Xq1GmvIXuFEA44aP8GhgVef+2NUSz2+9tujqIohPDF1KnjP/xolTWzZ885+YTlE/4q2lcc/+Mf3nTDb2pXk3esq63L/idv5SRieUV59mDmjJkrn6+qrA4hpGpTU6dOW6tvyI3X/fqKqy9r36H9c6OfG37I8Pz8/MWLFj/+18eH7j2069e6hhAeuO/BHQf07d1nuxDChI8nhP+dqghtyMKFC2fNmpXJZPLy8ktKS5PJZCKZjMXiLd0XAAAAAAAQ0um62lSqpqZm6ZIlVVVVEydO7Ny5c1lZs20pdsVr1zVXKQAActYXy//9/K+f1YJdtNJQYHlzhwLLmykUeOElF2yz7dZfTJ12xaVXLVq4MITw5utvHX7UYRXtK+bPm59d06XLJhUVFdn/n9A5Z55XV1d32x/u6N2nd6fOnaZO+aLh+r+87KKS0pIQwuJFiz/68ONh++zdwOJddhtYVlZ242+vP+eM87Jp01XUpTfQrPLzz7kwhNCtW9dDDzs0hPDoI48+N/r5ffbbN4Qwd87cp558urS0pHef7VKp1JWXXb1hWoJmt2DBglmzZkVRVNG+Q0lpM39GAQAAAAAATRSLxfPy43n5BSWl7RYvWrhwwfyZM2eGEJoxFwgAAG1CKw0FlrUr+erJdDodi8VWPpPJZEII2bl6DSxbXcG19bMzTuu1xeYP/vmhJx9/asXJF1/41+FHHfbdY4/57U2/y5459offyx7cfNPvViQFLzzv4r2/OfSpJ59uoP5pp5+6xZa9QggL5i/IbsubHSZZuayyuro6kUyUlJSEEGpqapYtXbbib2AqKipOOGnk9dfeWE/FDTuT74ijjwghVFdXPzf6+by8vE6dO4YQxr42NoTQvkNFCCFV02w7OMMGlkqlZs+eHULo3GXTvLz8lm4HAAAAAABoSGm7svyCgpnTp82aNauoqCiZTDaxYCqVaqbWAADYKKRSqab/FLrOVg3PtRKLl9Qz927ipCmrnJm/YOH8BQvXuGx1BdfWXx75y8gfnrByIjA7PGzxosW7fn3Xfv37hRC22mrLvjv2DSF8+MGHb7359oplSxYveewvf2ug+A+OP3bgrjvX1tZed/X1J59w6umnnllXVxdCWLp06Qk/OvHkE0796IPx2ZWXXHDpySecevIJp6bT6RDC9GnTb/7N75v+dk3UrqxsxwE7hhBefP7FEMLgYYOzYc1RTz8TQigrrwghVFVVtXSbsI6mTZuWyWTKyiskAgEAAAAAoE3Iy8tvV1aeyWSmT5/e9GrTpk1rjqYAANhYNMtPoeuslU4K/GzilMWLlpSuNN5vwqeTxowdt3nP7itPARw37qMQwpDBu604k06nXxvzbiaT2XKLnitOLl605LOJ9SQF19bkyfUX+dO9fz7h5J/87IxTTz7h1NPOODWb9LzpV79pfOWTTztpt2/sunjR4ovOu3j27DkhhJ+deVp+fn4I4fprbqirq2tXVrbTwAEhhE8nfPr555NDCCWlJdlvxb/f/Xd1C4Xt+vXvN2To4N59tv184udFxUWxWGzJ4iV/uu+BEMKgQXtmRx5mZyW2KysJISxduqRF+oQmqqysrK6uTibz2pWVt3QvAAAAAABAY5WVV1RWLquqqqqqqiooKFjnOtnfFDRrawAA5Lim/xTaFK00FFhTU/t/f/37N/feveumm9TVpT+ZMPH5F8ZUVdf87Yl/DBq0S0V5WWVV1Ztv/eetd94PISSSiZ132r6woGD+goUvvvj6jJlz/v7MS0OHpLbaavN4LDZt+sxnn3ulZn1uXPvyS68cOuJbm2za5eY//CY79fGB+x5YurRRswmjWOy8C87u3We7Tyd8dtkvL69N1YYQvn/csX377RBCePqJpz8e/0kI4cc/OS47eO/239+evXGLLbfIHnz26cQGijfTK66qfYf29/zp7ngivnjR4kcfejSdSf/g+B9kMpmrLru6rq6uX/9+PTbvEUL414svZdeXl1eEEBYuXHWsI7QJ2SGX7crKWroRAAAAAABg7ZSWtps3d05lZWVTfh1rOywAANZBE38KbYpWGgoMIcydt/DBh59OxON16XQmk8menPDZ5AmfTU4kErW1/w35jX193NjXx618sqq65um//yt65qV4LFZbV7cBuv3tTb+7/JrLsonAL6ZOG/3Mc425q1u3rudedG5RUdGDf35oxa7E3/v+d765794hhCcee+KhBx7JLsvuzPvJ+E+mTl0+mbxnzx7Zg/HjP15d/UQi3hwvt/xxe++7d7/+fSsqKkIIURTNnTvvgfsffOP1N/beZ+j3j/t+COHhBx75/PPJUSx20iknhhDmzpn78AOPZG8vKioKIcyYPqO5+oENqbKyMoSQSLTYRu8AAAAAAMC6yf7j/crKyuwvudZN9jcFAACwVpr4U2hTtN5QYFY20nfkYfuHEJ5/cezs2fNCCCsnAv+78suTnTq1Hzpo1xDCQ/83asMkAkMIXb+26Yrj9u0rtt12648+Wm1WL2uLLXpdcMn5r495/Y5b70qlUiGE0nal5114TvfNumcymQfue/Dpp0aFECraV1xy5SVRFKXT6VtvuX3F7T0375HdLnnO7Dmre0RhYWE2wNdAGwd968BJn06aOGlSecVq90X9wx23lJT+dyvnyZ9Pueeue8Z/9HEIYcThhx562KGZTObhBx554vEnQwgjf3J8UXFhOp2+4pIrv2yjIJ6IhxCmfZlohLYl+7f6eXl5Ld0IAAAAAACwdhLJZNNH/QkFAgCwDlpw4HRrDwVmde/eNYRQ0LhETkFeXnb9BvOjE44fPGTQii8LiwovuOSCDz/48MH7H/r0089Wd9fkyVNOO+n0RQsXZnN7h4741sGHHpxIJKZPm/7r63+dnQhYXFJ8za+uzs/Pz2Qyv7r6+hkz/jtpr+fmPUMIS5c0tElxYUFBCCH2v5sIx77MCEZRlJeXN2jwXkcefcSK4GB2/+JV/OXRx479wXdDCLNmzv79b3//yScTQghdumxyxi9O37TrpgsXLrz6smumTJkaQhgydPAeg/YIITz854dnzZqdvb3/gB2zB59OWO13A1qzumy8uMF8LQAAAAAA0ArF4/HVzRxpvLoNNYgEAIBc0sSfQpuibYQCs/pst2X3zTZd47J2JcUbpJ2Qzf9dcvnFXb/WNYRQXV197ZXX7bLLwH0P3DeE0Hu73pdc+cv58+f/e9x7Y14Z85/33l+xCXJWKpVKLVwYQhhx+IgDhu8XRdGbr7/58AOPrMjSdevW9fyLzy8qLsxkMjf96tf/Hvfeinvj8XiHjh1CCDNnzmqgvfz6NqVO5i3fAjUvL6+mpuasn/+iuKT4/IvO26xH9xDC+/95/6u3jB41unLZsuLior8/PTp7ZsThIw4ZcXBVZdWjDz/62F/+ln21H408bvCwwSGEd99+98knnl5x+479+4UQMplMAxFJAAAAAAAAAAAAmq4thQK3336blm7hf2y3fe8zzj49Pz8/hDBl8uRLL76iclnl+I8+fvONt07++UllZWUhhIqKikGD9xo0eK90Or1s2bJFixbNnTPvjlvvnDtnbrZIFIvt0LfPXbfd/crLr66oXFhYcMLJPxmw04AoijKZzO9+fUtlVeWBBx0wceLEyZOnlJe1+94Pjs3O//v04wkNdDh//vx4PH7X7XevfPL/2bvzOMuq6u7/a+1z7r11ax56nueZQWZQAUEFEVCccIwxaoxPonlM4qMm0UTzxCQ/NT5qRFSiKM4ggmNAlEFkFKRBep7nsbrmO52z1++Pc+/t21VFd/VAV3f7eb/Krl377LPPPrd9UbxefF9rNTSUQ5NNlY7A/X39//qJT9540w2rVq76r89/aditfnP/g7U/xnHplq/fcvdd9yQ/hqnwYx//6KzZM73337nlO9XsYHLpjLPOFJG+3r7D/IABAAAAAAAAAAAAAAAAAIfnZAoFniAydXWvuu6al1x2aVNzk4hs3bLttu/f9vhjv6suWL58xV/++fsueuEFb3rbm9ra2pJJ51xjY2O2Ltvb0xdH+wuMm/f//NFP1G7+mte9+opXvDwMQxFZtXLVDV+4cc/uPeeed+7LXvHSMWPGDDrMfffef5CjfvQj/zR0sqmlORm0trZVJ/v7+v/sbe8qlUoj/BDuuP3HyUCdu+411151zVV1dXW9Pb3/+vF/3bJl299/9MMLFi3I5wr5fL61rSXJLw5bgxAAAAAAAAAAAAAAAAAAcAwRCjwMS5Ysfu0bXjNn3hxVLZVKTzz+5Le/+e1qt99BHvrtIw/99pFFixde97pXz18w3znnvf/HD3908+YtQxeHqfDyl1522UsvmzR5oqpGUbR65epv3vyt9evWJwsef+zxxx97fN78uf/4z/+QZOySrr7D7nZwba2tyaCjo712fuSJwEQ6nX7TW9946WWXpFKp/v7+H3z31p/c+dOkj/An/+Xfp02b+o53/enc+XOTxXEU/+C7tx7uUQEAAAAAAAAAAAAAAAAAh4VQ4Eh95B8/NG/BvO3bdvzszp89+JsHt2zZNpK7lj27fNmzy4MguOhFF+7ZtWfYDN8/feKjs+fOTsr1Lf390nt++aunnlw67G6rVq5+7JHHL7jo/CiKbr7p5vvufeAIXkRVRaRQKDz66GNHcHti9pzZH/v4P5rY+rXrf3n3PQ89+PCgBZs2bf74x/7lq1//crY+a2af/o/PPFd6EgAAAAAAAAAAAAAAAABwrOjUWeeN9hlODkEQxHE8goWH7YUvumj9uvXbtm0fyeJMXd2LXnzRA/f95nAL+1U1NTfNnjPruXKHIxSmwsVLFi/9/SE2ufiSF196+SU33/SNTZs2H83jgMSmtY+OynNXrVolIlOnzxyVpwMAAAAAAAAAgKOxeeN6EZk3b94R75D8l4Jb9955TM8FAACAU9nrO151lP8WejSoFDhSz1MiUER+++BDI19cyOd/9ctfH83jent6jzIRKCJRKTpkIlBEHrj/Nw/c/5ujfBYAAAAAAAAAAAAAAAAAYITcaB8AAAAAAAAAAAAAAAAAAAAcG4QCAQAAAAAAAAAAAAAAAAA4RRAKBAAAAAAAAAAAAAAAAADgFEEoEAAAAAAAAAAAAAAAAACAUwShQAAAAAAAAAAAAAAAAAAAThGEAgEAAAAAAAAAAAAAAAAAOEUQCgQAAAAAAAAAAAAAAAAA4BRBKBAAAAAAAAAAAAAAAAAAgFMEoUAAAAAAAAAAAAAAAAAAAE4RhAIBAAAAAAAAAAAAAAAAADhFEAoEAAAAAAAAAAAAAAD4I5JyqeZM88HXHHIBAOCEFY72AQAAAAAAAAAAAAAAADBS5046pyXd/MDm3xbjwpHtcNq4Ja+Y+dJclFu+d/X9mx8cKPUPWhBo8L6z3tNfGnh0+xOPbnvMmz8WBz9RNKWbeou9o30KAHgeUSkQAAAAAAAAAAAAAADghDapcdJbFl2fDbMiMqdl5vkTz/67897/J6e9+cjq+U1unCgi2TB71vjTXzv/2qELZrbNFJGGVP1l0178ofM/0JhqPKz9x9aPPaz1F0990evmv2YkKzNB3XmTzj2szQcZ3zD+fWe/53XzrzuaTQDgBEcoEAAAAAAAAAAAAAAA4AQ1s2XGe1/wrnec9pYZLdNev/A6EcnHBRFRkSmNk88Yd/qMlhmHu+e4hnJor7vY+91ltw5dML9tTnW8K7e7f0gpwYN79xlv/8uz3zOxceJIFk9rnvriKRfOb5/9zjPe7vQQOZbxDWNfNv3Svzn3r2a0TD+sIyWa0k1/etqbVXR++5xLp118BDsAwEmB9sEAAAAAAAAAAAAAAAAnnIVjFl4+/ZKWdFN1Zmrj5Nmts4txMfnxdzt+ryJvWfT62OLV+9b9csOvewo9I9m5NdMiIiZ28zPfinw0dMHU5inJoL808LWlt5jYYZ3czFrTzX922lsLI2hwnA7SyWBC/bi/eMG7bnjyKwdZXIyjpMbhWxa94bCONNQLJ5//9O5nO3N7j3IfADgBEQoEAAAAAAAAAAAAAAA4UczrmHfO+DOnNU8JNKhOmlhPsW/3wJ58nC9UQoElX3pg84Nz2mZNbBi/oH3u/Pa5D255+IHNDx7yEZkgIyKPbX+ir9g37IK2Slfi+zY/OCgReNq4Jc/s+sMI32VD95ZDrgldMLu1XOzQ7BDpw6Ivv3sxLv5y431DF1ww6ZzIx0/tembYsGOt2OLufNchjwcAJyNCgQAAAAAAAAAAAAAAAKNJRZeMW3zW+DMmNUwY2kL3e8tvX9u1tvrjrEqEruQjEfnGM9/+63Pemw2zKvLiKRc+tevpYesFLhm7eM2+dfko117XriIlX/rVhnuTSy+beXldUPeTNT9Lfmyra3MaiIi3eOnOpbWbXDPnqtPHLn7R5AtvfuZbuSj3XK9TzRHetvL2Q7576MIPnf+BpCrhl37/1YMvjnwpGfQUe5868GyJs8afMbFh/MumX7pq39qfrPlFcQSlCgHg1EMoEAAAAAAAAAAAAAAAYDTNHzP/6llX5KL8zoFd2/t3re/euG7fulfOvnJRx3wR2da3vXZxtVJg0kc4tvjby2571+lvSybbMq3DhgKvnHl5es4rlu56dufALhF5YMvDSXBv8djF5004S0QaU/XfXX6riCzomJ/cEln82vnXVXdIB6mZLdNFpL2u9a/Pee+Nv/9aV2H4SnuH2274aO4allO3oH3us20rVuxZcaz2BICTCKFAAAAAAAAAAAAAAACA0bRiz4p/G3F8rVgJBXrzyWBn/46VnWvnt8/25jf2bBr2Lm+momeOW5L8ePm0iy+fdnHtglmtMy6bcemvN9w3q2V6MqOis1qn164xEa1cSgfpw3rH40O1PPjlxvtIBAL4o0UoEAAAAAAAAAAAAAAA4KRRrRRY64crbz930rnr9q0/c/wZl027+ItPfrUQ52sXxBYnOcJHtj9ROz+zZdrEhvFJ995lu1eq6LTmKSKyY2Dnfy/95qCnvPcF72qvaxOR/3ryK73F3ufn/Y6KSrn58sbu4cORAPDHgFAgAAAAAAAAAAAAAADASaMYlUOBKZeqTprIY9sen9Ey/apZL1eRd5359hue+HJtO97I4iQaeO/G+2p36xx/+tWzrhCR21f9eEf/9vMnn+fUichP19w19NGq5chd3wmZCBSRav3CvmLfoEuTGidNbp70+Lbfjca5AOC4IhQIAAAAAAAAAAAAAAAwauZ1zLtm9pWFuFiMi9WOwCLSlmlJBn+y5I1xzXxDqj4ZXDjpnMVjFtRuNTbbkbTPbU03X7/w9d9bfmv1klltRPA5XTDxHBHZlduzs3/n0Kuu0p13RHuNhpQrJ2EGSgO183Vh9q2L35ByqQn1436y5uejdDoAOE4IBQIAAAAAAAAAAAAAAIya1XtX5We8pCXdXPLFXFSozjtXLstXF9bVhgKrMkGmLoxqZ3pL/dVxXZg53JNMapzUmGoQkZ+vvXvYBU7c6CYCQy0HXZrSjR++4G8iH0U+tpoTNaQaksH7z3lv7Y2ZIJ0UVjx97OKmdON3lv3g+B4cAI4rQoEAAAAAAAAAAAAAAACjxkS++MSXh85fN+/aRR3zReQrT92ci/bXvUsH6Q+e99cismrf2h+uvKMylDVobgAAIABJREFUmbli5kt/tvYXfrj44AhdPuMSEdnct3XJ2EXb+7YP3UpVRcSO4hFHKXBBMtg5sDtQN75hXC4u9BZ7q3UQk1CjiXXm99XeWJ+qH1PXnoyPIC4JACcXQoEAcELLZlKjfQTgj1quUBrtIwAAAAAAAAAAABygGBdNREUa0vXVyStmXn762EWzW2d87Zlbego9R7BtJqyb2jSl6It3rfv1u05/2+KO+Tc9/c1BWwWaZPJGWivwPS945yHXqOjIDxlUKgXmo8KtK24fuuDvL/yginQXe2/5w3dr58dkx7znzHeISGd+39eevmXkTwSAk5Eb7QMAAAAAAAAAAAAAAADg0Oa0z3njwte/dMZl3mIRqQ/LocCUSy0Zs1BEGlL1f/mCdx9GyK7GBZPOUZEfLP/Rzv4de3J7s2H2vS94Z3u2o3ZNoE5Ehu1lPKyMSx/6K0iP/JDpoBwKzEW5oVcbUg3Juw+NRSY1DkWk6CkJAeDUR6VAAAAAAAAAAAAAAACAE9eScYsWdsyb3DDRqesr9T+1+5nT40XZMFsXlNvgvmzm5U5dUsHv7o33HqSOX8ql/u6899fOVBvy1ofZJ3c9vbFnk4j8Yt0v37b4jaGG7znj7Z/93ZfylQRepX3wSCsFfv6JLx1yTejCD53/gRFu2JBuTAb9pWFCgRMaJiSDzty+QZeq9QiTPCUAnNoIBQIAAAAAAAAAAAAAAJxY6sJse7YtGb98+ktEpDPfddf6X63rWiciL5n6omyYrU9lRaStru3McUuSlT9bd9fSnU8fZFsT68wfEJirTzW0pJuSIOCmns3J5KaezcW4mA7SToNXzr7ihyvvSOYPt1LgMdeYbkgGA9HA0Kuz22Ymgy192wZdCl05ITOKhweA44ZQIAAAAAAAAAAAAAAAwAmhJdNy3qRzFrbPa6qUxBORHQO7fr727u1926szO/t3t9e1qeiY7Jg3L359UgZvZefagycCRSTy0deevqV25ozxp18964qhK/tK/e1BWkQmNI6vTqq6ZJOje8sj15gqfyzdQxoEi8jU5snJYPmelYMupaqhwJhKgQBOfYQCAQAAAAAAAAAAAAAARtOEhonnTTprTuusbFg39Op3nr01d2BhvGf2LFvYMU9E3rL4DY2pBhHpLw38cOWPjuGRuvLd7XVtIrKjb2d1MkkfFn3pGD7osIzNjkkGazvXDr06LtshIvm4UIwLgy5lUuUPthAXn/9jAsAoIxQIAAAAAAAAAAAAAAAwaupTDe88/a21Mya2snNN2qVmtc4Y9pY1nWtMREWSRGBk0deeucXEjuGpduZ2J09/cMsjyUy1A29x9HJ1bdkWEclF+dKQYOKCMQucBiKyuWdw72ARqQ+zySAX5Y/LSQFgNBEKBAAAAAAAAAAAAAAAGDUDpf4N3ZtmtExL4oDL9qz8n/X35KPcdfOufa5bTKyr0N2WaRERb/FXl36z58B2uvWphnMnnnX/pt8c8ake2fq4E13XtWFn/45kpjnTkgwK0eA6fMdNS7pJRLb27Rh66aJJ5yaD+zY9MPRqc7opGQxEuef5jAAw+txoHwAAAAAAAAAAAAAAAOCP2h2rfxpZtL5742cfv+GO1T/JHyq4Nqd9TmumORkv27uqM7d30ILzJ51z9vgzjuZIA6X+ezbcu65rfXWmLdOaDPpHKVfXkmlJuZSIrOxcNejShIaJExsmiEhfqX/XwK6h97Zn25PBvvy+43JYABhNVAoEAAAAAAAAAAAAAAAYTf2l/v945LMjXHzepHNfOv1Srfy4qGP+Xet/NShHuKhjQU+xr3bG6SHqRiW9dw+iLVsOBQ6UBkZ41GPrRVMuEhFv/tndywZdet2CclXFn627e9h7JzSMTQaduc7n+ZgAMPoIBQIAAAAAAAAAAAAAAJwEVPTauVcvGbNARJbvXbW9f+dl017s1L19yZu+8tTXTSxZlg4yrZnmlZ1rau9Nu0NERNJh+uALxmQ7kkFPsXeEB57RMv2QawIdUXZFRU8fu1BEHtn+RMmXai+9fsFrW9LNIrKxd/OaA9+6qrXS+3hb3/aRnR0ATmKEAgEAAAAAAAAAAAAAAE50s1tnv2be1ekgXYyL319x+6aezSKyeMyC8fVjx2Q7/vzMd3x16c3evIicPeEFIrL3wD65gQtEJHSptyy6vna+OdOUDDLBIUKB4yvF9roK3Qdf6aRclfAti94w8hdU0YNcPW/yuU6Dki/dt/G+2vlXz7t2XtssEekt9n1/2Q9FpDnT3F/sjy2urjlz/BmBBiJS8qXIRyM/EgCcpAgFAgAAAAAAAAAAAAAAnLhSQfi6BW+a1jQlF+Xv2XT/Y1sfs8qlbz/7/f99znudBmOyHR84969uXfGjTT2bzxy3RER6D6znF2ogIioyqWnCAZu7VDJoSDXUzl8795W5Um7nwK49A52Rj6a3TpvcOCm5tL33EMX2tNKq+Psrf3TItwtd+Nq511Rji8Ny6i6efKGI3L3h3uq7p4P0n5721rHZDhHpKvbc+ORNSRDwXae/PRvWeYtzUaEQF1MubEo3Jrds7tl6yPMAwCmAUCAAAAAAAAAAAAAAAMDoCzS4fuFre4q9PYVeEZndOqM679TduurOVXtXDbolF+X+++lvvX3Jm9JBui7IvG3xG/tLAw2pehFJ/qxKgnolX/rUo5+rnT9j/OlXz7pCRHb07dy/WHRmy/TGA2OCiWJc7D5UpcBqxb/nauZbK6z0NQ4qUcKhrp17dTpIr+hc/dTOpcnM2RPPevn0S50GJvLkzqV3rbu7Ghb87ONfmN0+5/wJZ09vmVb7IZjIXRt+fcjzAMApgFAgAAAAAAAAAAAAAADA6FPV2GxRx/xq9b5EV77rG898+7nu2jWw63NPfKlaM68ag5tSKexX3lxURApxcdDtW3u2bevf/sCmhzd0b6hOmtjnfndDc6b55TNeOr99du36n667++BvkQ4yI3jXYSQdfoea0jRlccf8Dd2bfrjyDhGZ2TLjFbNf3pZpEZGdA7tvX/WTztze2vUmsqZzzZrONbNaZ71p4WuTyXxcuG3FHYNWAsCpilAgAAAAAAAAAAAAAADA6It89P3lt4rIS2dcdv7Es5PJrmKPiR38xmJc/MpTX7toyoUvmnx+NVA4uWli7Zo9+c6dfbt+OaRU3p7cnq8//a1ht+0p9Ny28va3LLp+Rss0EYktvn31T4dWKxwkG9YlA2/+4CsTZuW3e2bPsmEXXD3nyh0DO7+97PuTmyZfN++alnSTt3j1vvV3r7+nq9B1kJ3Xda3b0rdtQsO4J3csvWfDvYf8GAHglEEoEAAAAAAAAAAAAAAA4ARyz4Zfz2uf05Zp2diz+bvLbh3hXQ9tefjhLQ9fMPmCM8ctaUo3DkT52qtf/v1/H9lhfrL2F39+xp9u7Nny49U/L8T5Q66PfezNdxV67lr/q5HsH1v8g5V3bO7Zko9ywy74zrIf9BZ6RaQp07Szf9dP1/xPbVHDgztIhUUAOIXp1FnnjfYZAGBENq19dFSeu2rVKhGZOn3mqDw9m0mNYBWA50uuUBrtIwAAAAAAAAA4Kps3rheRefPmHfEOyX8puHXvncf0XABwCGOyYzJhZmvv1tE+CADgSLy+41VH+W+hR4NKgQAAAAAAAAAAAAAAACeWPbk9o30EAMDJyo32AQAAAAAAAAAAAAAAAAAAwLFBKBAAAAAAAAAAAAAAAAAAgFMEoUAAAAAAAAAAAAAAAAAAAE4R4WgfAACAk4aJTwZa/kNFRCqTcsDk/nvK31Vq7gUAAAAAAAAAAAAAAHheEAoEAGDkahJ9Vp1TO/RqAAAAAAAAAAAAAACA44FQIAAAI6U2qErg/mDgoAjg/pggBQIBAAAAAAAAAAAAAMBxRCgQAIARMlNvZiLOTFVVxURMxImYWBIFNNsf/1PRyri2liDxQAAAAAAAAAAAAAAA8LwhFAgAwEiZiInGIiLmTJyoiKqIiamKiYklGcHKcqvUENQDc4EAAAAAAAAAAAAAAADPD0KBAACMiJmYqIgF5sW8mlnsvfemvtpXOAhSIrFooNUqgeb25wIBAAAAAAAAAAAAAACeZ4QCAQAYKinrpyJiZpLUAxSzqKi+2N/bPdDXVcr353O5OI68mohY7EW0vr4xnanLNjTXNzan6uqDIGNOxIJKItBU6B8MAAAAAAAAAAAAAACeR4QCAQAYxJJGwCpORMVM1Js3i6Ou7ev27tre3bknP9Bv4lU1zGTqGhpcEJbypagU7d6xM3CaSqcydenW9o4x46ZnW8YF6YyYimi5nbBWmwpLTVNhkoIAAAAAAAAAAAAAAOAYIBQIAMCw1ExMxcSrFIsDPeuWLevZtqVQKjS2t02eNSedbUhnsulMtq6+0QWpOLI48v193YV8dz7fvW/3jtV/eHJLZu3URWdOmjE3laoTdZZkAqv5v/3lCAEAAAAAAAAAAAAAAI4NQoEAAAyimoQBxbyYSFzo3fu7B3+d6+qdPefMtgkT6ltb0/X14gIR58o1/9S8iGpDc6to7K1Y6O/buWXDkw//Zv09P770ymsmT5vngjonrrx5zbNG8T0BAAAAAAAAAAAAAMCph1AgAACDmYiIqZpT88XCyqee7N3Xffb5L26fOCfMZNQ5ETHTJOCnYiYirnKfOrVMtjEzbW5LbMGv77rzmScfbmltbWybLBK48v7exNz+TKAm9wMAAAAAAAAAAAAAABwlIggAAAyhZurFRGO/fcPa3du2zV985tipC1J1dapJ+k9FTdQn4UBTMTVJCgxaUgnQaZiZPmfRvEUv6NrT3bV3e+xz3sSbeDWvaskXlQIBAAAAAAAAAAAAAMAxRSgQAIADmJiZiTjzVhroW7P86SCTmjx7rgahiDN1Xl2sGqsTVREVc2Ku/CtVRZ1XjVQjlVKY0iWnLWmqy3Zu3eoLfYHk1UpqXs3E1IuKqZkTIxoIAAAAAAAAAAAAAACODdoHAwBwoEqxP3Xx9m0r+7p3nnb2hem6RhFvLvCiouJE1ERMJan1p2pxZD5SLRX6e3p7O/t69vkoLhUKUaGvIVXcu3X9mqVB+5hJjc2tjS1jLMyKy6hLCZUCAQAAAAAAAAAAAADAMUUoEACAA6iqikUSB35g8/pnAyt1jJusLqNqYnGgTkzExJIygSoi5n2xv3vP7q2bdm7akB/otlI+X+gvWTEdpCwqFvM9qvGapzt9UO9SrqGpbcashRNmzG9o6hCXNnUmoqYqkmQETS35RmIQAAAAAAAAAAAAAAAcLkKBAAAMIxSNi9HuXbsyddkw26yi4kIzLxKomEgkXkQDFYsKA1s2LPvDEw84b5lUU7axo3XamDGTxtY1NKaCOrHiU489sG31s6efdUF23IytO7dsX7vxkfsfbFu+dMkLzps87fSgrlGciJbrDiaxQBGhiCAAAAAAAAAAAAAAADgChAIBABhMRcxk965dxXxxxsy5YSoj5S7BzsxMRNWJiImP8r3rnn1y7YqnW1pbx46fMn3O6dmmDnNqGoupxE4lah03bfuGjVEcTpw4c+LUueE52r1n189/+sOnnnwqX5CZc08Lsw2qgYmKGmFAAAAAAAAAAAAAAABwNAgFAgAwDBXbu2tnEKZa2se4ICWqYiaqpqJmZmpicSm3ZsVTa1f9YerMWbPmLW7smGCaMQnExFloIho40dTEyXOWBY937+uNSy4d1JvGTR1TXvWGdz71uwfXrlnmnJsx5zRX3yhqYtUygY7uwQAAAAAAAAAAAAAA4AgQCgQAYDjme/Z1plzY0NSm6kSciE8uiJiImsW7d2zeuGbFxCnT5iw5u6F5nNeg3Aa43P7XiYioNrV1RBJ07euMiwXLNIg6Cayuoen0s859+onc+lXPtrS2d0ya5YJQxZWfQB4QAAAAAAAAAE4w/+fCD4z2EQAAAHDSWL9q3Sg+3Y3iswEAOEGpmPe9XfvMSzrd6FygWg3qJYk/K+b6Vq94RkVmzl1c39AhGqo4pyoi5tScUyfqTNRcGDS2tnZ1dRYGOkViUS/iRa2+qXXmnNMG+nNrlz870LPXLDLygAAAAAAAAAAAAAAA4OgQCgQAYDAV8XEcF/J1mWwY1om4JKtnJmqiqip+97bNu7dunTxtZnPbOA1SSZJQTVScajkcKCZqJmJTps7o6+3r7esUjURNxFRMzHWMnTJx6uwtmzft271NfTEpRmimZlYpTAgAAAAAAAAAAAAAAHAYCAUCADCYmRULBfO+PlsfhKn98+VsoMZRadvm9b5YHDdpWpiuL3cKFjFJSgp6ES9Sri6oqhMnT+vq6t6xbYuPSyZq4sRUxIWpuvFTZmfq6nduWZ8f6BXxJrVPAwAAAAAAAAAAAAAAODyEAgEAGMRE/MDAvsgXMo31LkyJikgs4qqdfQf6unfv3NzQ3NjUOlY0EFEVJ+pkf5dhTQoLiqiZtrSOcXXZTetXxr4gIipazvw5N2HS5KaOjs2bN+Z6e5NKhCIqEpvxOxoAAAAAAAAAAAAAABw2AgcAAAzlC7k+syjbUO+CYH/Jv6SKoMi+zr39fd0TJ0/KZBssiQFqTSCwOlQxFRWXrst2TJjY19MlFok3ZyKq6lRU6urrm1pai4VSb0+3j0pi5QKBavrcxwMAAAAAAAAAAAAAABgeoUAAAAZT0UIhLybpTFadS6r6qZRb+voo2rVj+549e1s6xqgLVXXw3VI7pSKiTjs6Orq7enIDA2pmB1x1U6fNDlPZHTt2RqWCiK90IRYzO2AtAAAAAAAAAAAAAADAoRAKBABgMPOWH8gVC8UwTDmt/V2pImo+2rtnV26gUN/QkiQCh+QCh9KGhmZv1tfTpUnsTyqlB0XHjp1gLr1rx66oWBDxYjFRQAAAAAAAAAAAAAAAcGQIBQIAMISqOiemIqGIM1MzNfEmKmI+LorF48dPaGhoEXEyfCBQq79kzcREJk+ZGkfWu69TzIt5byamYmqqLsw0NHXkC/lSKW9ioqaqyZ8jiBsCAAAAAAAAAAAAAADsRygQAIDBkihevlgUc6pqkvzGNBExlXxuoHff3mxdfRDWiaqYDNvkV2t2U9Hm5pZcLte1d4+I2YFJP1M3ccq0/v7+vp5eMSt3KRaqBQIAAAAAAAAAAAAAgMNGKBAAgMFMxJsViiUJAwmCcrk+Kwf98gN9Pd37mpqbwlTm4Mk93R8N1NbW9iBI5XM5M9MDOw6byISJE3v7+nq6u82SrsJ6jEKBNuJ97HAWAwAAAAAAAAAAAACAExShQAAAhjCLSiVRcWFKVcUOSMvl87nurq76bEMqTJmIDReks6RpcPWyaipTV9/YVMoPSFysRAX339je0RFHcV9fj7eo8rjDSukNu95smC8Z8mP1/gNWkhEEAAAAAAAAAAAAAOBkRCgQAIBhmEkqlVJVM5/MqDoxM1MzE7NMXVb0uer5Wc2f5UGYyjS3dvT3dfu4KCJirqZNsKVSqXRdNpfv9XFOTZ1ZZfORx/KGXVwT+au9Wg3+VcfJsv2rDogMAgAAAAAAAAAAAACAkwWhQAAAhlEs5L33QRBU+/+KiIipmXkfBkEqlZKkEbDocBvsT9OpapKuGzd+Qm9vb6GYl0qL4KSHsIo4DVpaWwf6+6JSyUTFrBpGHBkVcSJODjiMqgVqruZL1UwteXISOvQi3sSrmFqg4lRUTdWG7gYAAAAAAAAAAAAAAE4ChAIBABhGHEXmTQ8MxamIihTy+UKxWN9Y79xBYnM6+Ad1Y8ZPKEVRbmBAREVMk3SeiIiYaltb+569nYV8Xo5lfT47sBmxL++tla8kn1iOLXoTL/u/qBIIAAAAAAAAAAAAAMDJh1AgAACDJWG5wB34W7LSbDc30NfV2x1mUhqoDp8JPGDWzJLuw82t7d5bLp9LevOa+Wpcz8Qam5r27N7T39cvSTffYxHJM/Gm3sR78V68qZmKiZmJeRFT8Sreial58eJFzVdaC1MkEAAAAAAAAAAAAACAk1E42gc4EmM6WrPZukGTuVx+z96uUToRAODUYhIVi0HgwqR9cLmaXxLf8/lCoVQqaeDMHTw4p5VvmtQCbGxpi6KoWCiIxaIqJiLlHsFqrrm5JYqiUrEomtQRPJpUXqX1cPUIJiJJu+PKgkqZwJrHqJkTE9PkBlOxmoqCAAAAAAAAAAAAAADgJHDyhQIXzJ919VUvGfbST39+74qV6477iQAApx7L53KlYkF0cNk/761UKgYpl0qFJl7MtNoDuEZ5SpNonZg5EW1uaS2WSoVCodxPWNXKi0Wc1jc2OFXvfXLpSDOBVi1pKJWSgyqmSTnCSkZwfyHAZGixqqgXkUA0EEkaCldDgQAAAAAAAAAAAAAA4KRx8oUC29uaj+ASAOCPXrUd76FTbuZ9Pp8vFArmrfZGNTEfF4vFdCoVhIGWq/0dWpIQbGxuToWpYrEg4kWCytaWJAgzmUwUx+a9iIlWihPKIRsJ2+Afzcy897F5Mx+pmYkX8T6OzMfm40JuIC4WnJNcrr+Q71fz+ULO4iiXLzW2Tpi54MywrlEkSCKNhxkJJEQIAAAAAAAAAAAAAMAoO/lCgYnNm7d+/7b/qf54/euunDp18qieCABwbAzKuNV27h2yalBn26SyndiB80knXJPayJqrWWCVWN7+R5gTF2roRFW9OC3X1VOvFvmor6/HBel02CBezMXJtvvL8NU27U3O403Fi4oLU5pKxcU+kaLXwCSUJP2nJhJnGrI9/YV8sWA2oEkn36SRsPdxKTIzMRPzcVT04i0umUlUzJuPC/mc9958HJVKPoqLuXwURYX+gTgulUq5UqnoVMR8VCrEUcmpicVmURxHxXxeLHZq/QP9xWJew1RT+7RsXXbSzCUulTFnqt5bqKKq5U8wCSva/o9SK3O+8tekKm5/jtJqPxAAAAAAAAAAAAAAAPC8O1lDgTjmsvXZuXPnPL30mSO496pXvuLa11zz9a9+/dFHHj+yp7/jnW+fPXf244/+7t5f39/T3X1kmwA4Naj48nfZX4dPB+f/yg5MEJYr26lUmuNa5e5qOu2AgFqlpa7q4ByhRYGaExPzKpaE3cTUSRAVSl1dPalU2rnAzMxM1Zsl2T41M1Erd+2tHsIsifR5X6wLJOrvKnTvFJdxQabcJ9g5EYn6u6O+rp3rVtT5PheIeb9v7x7zvpjP5fr7o2JJRER8OZZnluQQg0DFRANn6pJ3UJ/EB60S5LMojsTiqFSKo5KKWVJCMIqKuVxUKoiYqoQuEKel/u5lv7t397b1M+Yvae6YHKTr1SW7lBOAVulL7GpigSZJzlK0kr1ULb99+YM5Bv+/AAAAAAAAAAAAAAAAI3JChwIXLpi9ZPEcp652curUSSIyderk61/3ikGTF1149tQpE2sXd3Z233Pvw2Yja+74x23u3Dn/5+8/uHP7js9/9r82btwkIu96zzsff+x3S3+/tHbZ2eecNX78+J//7Be1k0EYNDY2vu8D73vttm0f+bt/iONYRObNn1vfUP/Uk0uHPGoYEyZOnDFzxoyZM152xUv/6i/ef6xfDsDJaFAjWhuSLNP9KbQDr9kBS6o/2oGV/LSmOa8mMbv9O5j33nsr5+dUnIgTsbgQlQq5rj0706Gqz0W5Hi+Bj4ua5P68NzEfe++j2Ec+Knjz3nsrRVEu37l3z/ZtW6Pezj2b1v501Yq6uoYwla6rq0unQnGBuKBz795i57Zc5/bNhX1xXBIz8ZH52GKvYsH+jKGX5FejiqorRxBjEVUVdSJOVVWSE8XeR3Gk3rwvRVEUlYoiZt6K+WKxWDAfOxHnNEylNAi8BIHErtS1c/1Tnds3zFp49sRZi8JsWxCG5lSl5texJY8a+qnX9lOmlTAAAAAAAAAAAAAAAKPgxA0FLlo4+6orLz3IgiQIePDJqVMn/WHZ6u07dh+TI2Xrs1dfc9Wzf1i27Nnlwy4IU+FFF104b/7cZc8ue+KJpwr5/DF57vHx9NJn7vrZXVe88op/+fdP3PjFLz/04MOLT1t06WWXPPvMso0bNlSXvezKl6VSqSlTJ3/lxpuqk8ViMRns2bXH+6TEl0yYMOHP/9e787ncT+782Z0/+vHBnz4wMJAMbvv+bd/87s093T0PPfjQd7/zA6vsBuDUlgTyVJNwnpNqzE8r7YOrHYDLzWrL95VTgUOz3zUzVuniu7+XbXmqupOKmJpVE22lqFgsFiOLvBUs6o+9em9RFJcK/V17Nw/0dxX6urevW7FD1hZLUTHfUyzk+vsG4ij23ot4E6/iVbyYmfhA1ZeKnXs7t27ZmsmkgrFtWuhXjTQOVevV0uacqUtpIR2a08hJUTUy8aJeJPbmk4hfUtdQxcSriJpTEW9ezMypC8Qkefb+hGJsFpuZ93EclXxUKhWLZua9j4qRxbGIiBOVQFUCEdHYWRR6LyZxrmfNHx7r7+1smTAjU98UBEEYhM45UZdKpcNMNkjVqQtUnVilOKOq1WY3k8MCAAAAAAAAAAAAAIDj6wQNBU6fNumKl10sIlu37di4aVvtpamTx0+dOrm7u+fZ5Wuqk4sXzmlpad68eevmrTurkxddcJaIhGFwrE71fz/58fETJ7zqNa/68N9+eMuWbYOuvvd9f3HRCy8sFouZTObSyy81s09+/N+WL19xrJ5+HNzyzW9fcvkldXV1f/auP33owYfjKBaRRUsWTps+tbomlUqJyMUvufieX96za9eevt4+ESkWS0mm5//7t09XVz5w/2/OPOuM8y447/VvfN28+XM/9e+fOcij+/v7k8F99z4wc9bMy19++VXXXNXW3v7Fz9/wfL4xgBPRMBXnzCpJvsoCLbfllWqv4UHlAZNCgGoiplYpCWgHbGBJNtBURHwcq8W+VDSL46jU3bUn37snI8Xu7WuiXG8pVxgYGOjv6+np2dff39XXuc1KpZ2bVhbzee8jiWPzsXlVkcA5cZb0BDZVcU7VnLcYK8sYAAAgAElEQVTIl1ISWykvKTUrmZV8rN6ZtzgSb6ZivhR5b1YqFqwuUB87H/vYe+/NezGfdCCuvqOpik9+VhGJy32F1bx482ZeRES9jyPv4ziOzMdRqVSKikntwth7p5J0Lg7SKXMuVnMSiWTMnHhxahL1b1rxu8LTj5i5IHAuCLPZelFpbWtvHjOhoWNCtqmtvrEtXdfowrRJUPlwk+ilOtHyJ08yEAAAAAAAAAAAAACA4+hEDAWOHdN27dWXB4HbvWfv7XfcXSiUDnnLQw//fuhkEgocpnzUkapvaEgGU6ZOHRQKvOTSF7/wRRct/f3ST/37Z65/0+uvefU1qvrGt17/T//w8WP2+OPiycefuOjFL1TnRCSOvYg8/dTTtXm+W773DVX9+k0353OFL331i7/9zUM3feW/S5VKgYN88fNfOvucs4MwOOMFZzQ2NSYJwmF17duXDIIguOWb377kskvCMKTCFHCqq8nx1eb9kip+SaxNkiScmakl/XL3NwU2ETFvSa9cFRVvZl4r95S/W1ytnWex91HJ+1IclbwvRXHJvI9L3vvYfOSjUjE34H1UyA1sWr92x7rl7S3pjcufEM0ELnQaOI1TzqWlYFEhdE6s6KRgFpdrEWqS0TM1SeJ2Kk7Eq2hybBVV1eQgQRCIqjnnnXpVNVGVqFRIBepUxZzFQfnMJkkbY/NezExFRTRJHUoSC9TkQ0s+w2Rx+aNLigJGcRxHIubNRNTEmcRJGlDVBWGoQWCq6sr/8yoSqIo4kZSKBt68FzGNS3G+qKq9uwd6OrcHmfq6xpam9omNbeMaW8Zk6hvTmUwYpDRMm0ubiIgTagUCAAAAAAAAAAAAAHDcnXChwLpM5jXXXZHJpHt6en/4oxElAo+bb33j29e/5Q2bN25+5OFHB116x7vfISK/uf9BEfn+d28dP2H8wkULf3rnz0bppEfuW7d877QzTn/0kUdFxPsomZw3f+7kKVPu/dW91WU7t+8sFIuq+qKLX/iCs8/8xte+OexucRyvWL5y8WmLRGTqlCkHqZvY1dWVDIIgKBaLP7njJ2efe878hfOXLFn8hz88e6zfEsCoGLbFr9VctJo6eEmez5vF3mLzscXex958bN5XqgOamUWlgpnFcWwmpWKhlM977+MoiqLI+1gkjqKSiPm4pCISR1E+7+Mojoo+LsWlko99FJXiKBb1Po7LR1LZsWXbQPe+Ca3jAotVI4tNAgnVvKiIhZl0sT8fxbF5Ea+aZO0qrY7NzLkkBSjlBshqIqrOORdW2uq6JNyoZuJjExPRfH4gDF0YqIh5i8Wb97GP49hH5USgmUkSglTnXDkZaZrU5RNN6glWP01v3rzFvhwqFBV1LlAt35BKpYIg8CKqgSUhQHWq5bOrJPUONQxCU/NJLjBp7ezjQLwU+gaKud7OvRpm6hobsw0N2fqGbP2YcdNmZ1vHq4a1f+skAwEAAAAAAAAAAAAAOG5OuFDg2LHtTY0NIrJsxdq+voHRPs4BfvvgQ7998KGh8xMmjA/DUER27tyVzHz+s/913E93VKpl/Hq6u9/77r9sbW39wo2f6+vtTa6eedaZ1776mtdd/5rawof5XD4ZfOeb36lJ8gx22/dvW3zax+Io3r59x+lnnNa5d293T+/QZcVK+rO9va1/YODuu+4565yz29ra/u4jf/vhv/37HTt2HOs3BnDcmIgVisW4mEsFpqpmEseRWSxxrE6jUtG8RVEp19efz+fN+5SLo1IhiopxFEdRKY6LYuZ9LFGUZOTKvXHNm1gc5c28jyLzvlQqlEoF82Y+juNqGC5KEnJO1DkVb6ou0EBV1WngnEig5aCciJg4VeecxOl06IJMHFkYitMkF2exxmaaDjJxUBJRb0mxPrMk36iWVPAzL+JEVNVcEvwzEXEuCAMnot4HSXNjMbGk/p83c/0DA42NDWEYiMWiXsSb92bevBfvk6ykiJl5UfXex1Gszqk6M1Ov4soVFEUkCQ6qqlNTUe+cmJmFJl5FxExVzCwIQtFAXaAqzrl0ps4FYRCG5Z7KqqGm4thFURSVIhGT2DvngtirU5GimXoTca7Qs7PLYm9mYfMZqfT01vHlgo9KHhAAAAAAAAAAAAAAgOPthAsFbt6yfdXqdfPmzjr/3DN27dq7avWG0T7RoS1YOH+0j3C0vvClz23etOULn/3C7t17ROTVr702iqLq1UK+ICLNzc210Y4ojpOCWPff95uLXnThc+28evWaGz5/w5rVa6dMmfzBj/ydHqqR5Kc/96naH8Mw/PuPfeT9/+uvj+btAIw269q9Zd0fHtNin6g4U+8jL5FFPgiDKIosji3yxUIhjiLxXjUSjeMojuJYy6X2xHy5CJ5UKuF578sRt3IKT8xirTQgVtGg8vTkm5pIXOnka5LUxvPJd3UqamaqKibqvbNYzNSFTsOkIp/6SJxabBKLxj4MnKr6pFSg+SREV875Jf+gM2de1YlUWgarSOCSan5ekmeKmIg3L+JUTLxvbmoqd0+WSvdg81bph2xSrvgnYmrqwrS6IAjDMKjkGs2SwJ+IJnHt5OHVzbyPzcTMJ42MnXOpVCYIgqSQoYap5F6rhgKDQFS9WRgG3nsRcc5V3ijJKarEsVPz3jvxA/meYmEgSURW44DEAgEAAAAAAAAAAAAAOJ5OuFCgiPz8Fw/U12enTJ541ZWXDAzktmzdOdonOkBbe1upVErq6iXmzJ1zkPXpdHrylMnr160XkenTp3V391Rb5SZXZ82aMWXalG3bti9fttK8H7qDOtfS3Fy9a9y4sd09vYV8vnZNU3NTGIb7Ovcd5CRNzU1NjY3btm0feumOH975+je+7jOf//R/fuqzTz259IILL3js0cfnzpudXC0WCiKye9eeJDI4jOeuFCgifX39u3bt3rVr96f/4z/b29rWrF4ztFhgXSb9n1/4jIj85398ds3adbWXCoXCQTYHcBIwK+V69m5akdu3Q8WCIAwCic2rLzeoFUlq27lKGq6cI1MRt39BstP+f9qoxN6SpaZJRs28ilUK1CXxNj0glGYqpqJiWo3dqarf39nYRCUJFiaxORGR2HtVU1MzNXVqEqiLiiXxJklHYzMxSyrzmagmccRKK+FSsehj772lUun2jnbvvTgXOFVVUfXeLPbqxImYWXNTU+UAYmbezJuJqqkknYNFXSZbX19fn0pnko+nHBI0UzMfx97HKiYmScPfcqvlSuth8z75Vv7IVYMgDILQex8Eoa88WkWTZKWIqLogCIJ0JopK5dxk8lGqK3+kYiLmnJk4scrfaTXbCAAAAAAAAAAAAAAAjq8TMRQYxfEdd/7qzW98ZXt722uvu3Igl6u92tLclAxqg2XDTh5b2frsla94+cWXXjx23Nhv3vytu39xt4jc+N83NDQ0VAMrn/jkPyeDp596+lP//pnTzzjtmle9cv7CBdu37bjxi1/+2w/9TWtri4jcdONN9937QBAE7/vff3X2uWepaqFQyGQyIvLow49+4f99sfrQJUsWX3vdNfMXzF+5YuXnPvuFD37ob2fMmpG0Kt66Zds/f/TjuYHcG9/0hpdf9fJ0Op3k5777re/ec/eva08eBMHffPB/L1y8MFljZuvWrvv0f/xnb81ndeePfvyKq69sbGz8s3e/43Of/nxjU+N9v763GgqMzUSkWCwewed21Stf8eY/edOaVWv+7yc+ufT3S59rWU+SaFFNZ9I93d1H8CAAJ7JAfMqiKI5MI+cjH1ngNBWkoiSjl/S9VUuKAQZJQ1wRrX7tL7ZXDfglnWl9bCImQTmdnFTF21+kbn/dvvJN5RChVNJv5dJ7msxYdS5wTlWiqGjlTsDV7ZKCfb6YL5r3Un6mV0t2d0lFwnKFQC1fT2rsqXPNzS2xj0Q1CEJRFeeS+9RM1Brq67PZrFNXPa+qBkFKnbogcGGYNAQOU5l0OuNcWPmQnPexivflwF+S2DMRMV8+fBJoFDNzKiYqgTcvoqLOJPCiooGvxACtkhdMQpiqEgSBF9HYlbOSNZUIk7+I5KRxOYYIAAAAAAAAAAAAAABG04kYChSRfKFw2+13v/lN1zQ21LekmoZdUw0CHnyyt3/g6M/zxrdcf9XVr3DODZr/3re+19zSculll44bP1ZEHrz/we3bd4jImtVrbrr5y3XZbLIsW1/30Y//Q5LJE5EXvvii++594KMf/8c5c2eXSqW/+ov39/f1L1q88CMf/fD5F57f39f/tZtuFpEbb7qhsakxuWXS5En/dePnU6lUbiAXBIGqTp4y6S/f997mlpZZs2dGUZTECjOZzNv/7O2rV67ZuHFTcmNbe9u//NsnWlqaH/rtw5vWbzrz7DMWLlo4e87sz9/w/9733r+urXf45ONPXvySi0uF4qtf+6pSqbRu7f7GzT6ORMS5kXaA/Ngn/rGxqbFYKMaxnzlrhojMmTfnHz76kY9/7F+GXT9hwvgdO3YWi8VMJjNm3JgR/7UAOGmomFPvXGwiZrGImLrISlZum6umqqJO1ETMkup25YqBSW7Om3mxSuTMRMVLbOV6dZbU+kuKrXoT9b5ar860UtzOpBx0U0mKAJp5p0G5iF6F997M0ul0e1trOpVK8m5JArFck8/HqVA62pssjpzTyEscJ2lGdU7DUEXUbH8gMQhCVTVvQRCopkR8mEpJOUfnNKmFqCoqY8Z0qDoVcc5Z7MypeheEQZAKNQhcEKo61SAIQhHnffJeTkScC8xUxJskjYjNRNWpuMCSoGD5Hcs9iEW8qKoEmoQHk8UHqHzQB9ZclGpvZnEivramY+UuO3jtWAAAAAAA/n/27ju+qvL+A/jn+9x7M0jCCiggG6FuERERRx11b2trl1pXtbVW7VAr/uqoq1ptHWiddVStdbaOtk4EBQQEkSGCzIBEWQkQEpJ7n+/vj+ecc89dyU1IQrCfd9N47jnPec5zTnzdmPDh+yUiIiIiIiIiorbWQUOBADZs3PTYEy8MGtgvLYs2ZvQ+Xbp0BvDv/74X7Dz26G8CqK7eMGnKzPDgdeuqq6o2bP1iXvjHi88+89zNf7ihX//+4f3j350A4Bu7DHOhwPfefW/+/AXu0C8vveLsc360/wH7A+jevfvqr1Y/+/Q/vv3d08p7lP/n9Te6de+289AhAL76cnXNphoA8+Z+Wl1V3bVb19FjDnChwF9d9pvjjj/m5NNOBtC1W9dlS5bdeMPNtZtrBw4c8PtbbxCR4SOGJ+KJh+5/6L3xEwH88jeXjRg5QkSOOu6oh+5/2C3j11f+qmvXLo8/8sSbb7wF4LVXX7/uxmt3HjokFov95qpfXzv2uuBeXn/19YO+edBzz75w4cU/WbZ0efMekKR8jT6eMeu075y6oXrj2jVrrLXGmHg8/tILL2c9tW/fPjf94aaZMz7evHlzYWFh9+7dm3dpIto+iCICREQsRBRqAVWRiFpjxRUElIgXuxN4xfkUgNggopYtbCZ+jT7XJ1f9/sMuCOcq6wHiavUZ4zJrarycm1c10Ksv6L+VJRKJWCzWpUsXMa7Mnus47Dr+wkSkc+eSurpoYWFxTXyzKYgUFHvhPgDFxcXhlYoIVGFdK2CPBRK2AQIxUWOMwLh3UWMiBmKMMcYAUUASEjfGiBiIAQxgXNNev86h+LevgDVGVKEuwAioGgFEECQCgx7Cqi44qBA1xkCsGANVKFSC55BMAYqIWKtGVI3fFhkGobqNLsopEDHMBBIREREREREREREREREREW1bHTcUCKCurv7T+YvSdnbpXDrmgH0rKlbOnfd5sHOP3Xbu12+nufMWhne2ooaGBgCLFi5OCwU2YkN19XN/f8GFAgHccO2N69etnzL5Q/eysKjIpVXq6uqCU2pra7t261pUXOhe1myqefWV110ocN26dWOv+j+3f+nSZSsqKtxK7rrj7hkzvBzkc39/fsTIEQB26tPH7dlr7z0HDOxfX1/vEoHO+xMmujyiq+EXWLHii7O+/+MxBx0Qi8WmTp4aPlQQKwSQSMRz3m1qBuRfL7/yr5dfcdv3/OWubt26zZ41+5NZs/fee8/LfnNZvCFe35DsRFxSUhKJRkaO2te1J+7Zk5UCib6G4om4tXEVq8aPzBm/JKACYiAR8YOAFi44FxSh82JoGqTtxEu4QWG86ndW1auUB4VCraoxRsVPzIkRESuqCoFaa42JiMvYiV9J0EULrStTCBGJRqOqFmrVy+KJQIqLi4YMGRIx0VhBrKC4syLhque5a0cixu8XbK21NpFQf0IvXOjCgWLEuCyg+OX6/JJ8qrAqIpFIxJWGVeMq+blyha6VsnsoVrwStn4nX6/PsvgVASHGq9/nFQdMISKiKmrFKgSusiLgyg26PsgAkHBDjTHWWpekFDHivfP7VR0Foi49aNvw3yQiIiIiIiIiIiIiIiIiIiJqSocOBQLoVFw8YECfcLHAOXM/71xWWrGycvfddk7unPd5dfWmOXM/D+90Vq9e99Xqda2ymIZ47lRcNpWVlf4aVq9ftz58aEtd3f9d9btRB4z6z+tvuD0HHXxg9/LuAMJNims31/rjt4RPX/3VGhcKXF9VFexcsWKl2ygs8mKFJ5x0PICCgoInnnksGBaEQowx5T3K165ZG575uBOOBfDe+AkAjIn6ExYASCSSOQ8TSe+knI9Zs2ZPn/pRzx16frFiZf+B/QcOGhiPx99+4213dNguwwYNHtSrd68WzExEHZ2fYxNVFVf8T1UREYFVSEKMH0Rz/YOhoba01s8GSjAZoMbvhSsCgVFYq+JFAuFCgjAQhUAixvUSNnAxO4iIGKgRiMK6nKB7Y3RRvGg0aoxEozGIWAjEmEgELmZoVExUrCvdF3Gl97zAoBhr4UcMJVtxQxERGImoKOAiickDAoG4ooPWJfwgrkChejMqYNUaF8KDwKqf0lNVwIjAPV4A6t6o3ZOAywt6DZRVg3KAwfdXDdUG9J6i+Aegrn6hX1LRCFRgXHbTP0egMCJe/2D1pw5ynERERERERERERERERERERNQuOnoo8MTjD+3Xr094z6QpM/7z5vv9+vY64zvHBzuffe61/8x7f8wB+4wZPSJzkv++MXH23AXtst7srM3STHHp0mVLly4rLSu94Kfnjz5g/1gsllHDKactW+ozd6rfKzMa9b6sO/baEUB1dfVr/3w96zzV1dXhl4VFRQMGDqiurq6pqQmygEE3zC1bksHEwsJC06KEx7i773MbJ51yogsFPvn4U27PCScfP2jwoG7durZkXiLq2FzST4PCfVAYFetya6IWsIkoRCQCFVFosmyeX/IOyZiaqhVXOE9F1QACVUA0YqxaQFQkFjGRSDQSiRpjCgoKrddCN+FmNmJcmM9ahUZU1Su5Jx63ZKvqYnnGiEDFFd6TiEvcWagg4erzpdysesUMRYwxqvASh+L1QxYD8cr4uUCj3ygZ4kUL3RirXgwweGoJtQK1sF6AUGFcz2VRiKgahbprqqpKAqoCMVA/uaiuXqFJ5hXV69QMKJDwnrAGIT//fjQoFuh2iXfT4jdfdnchRozAwCpMRmt5IiIiIiIiIiIiIiIiIiIiahcdPRRYWlYCoLa2zvWWBVBXtwVAPJ6ort4QDIvHE+5QeCeAWDTaqaTTkd86cNPmzUuWrGj35Tfh/IvOO+SbB4vIO2++8/enn73+5uv69OmTx3lIJBL5DCvrXOZaYb7+2r/zGX/8CceIyKdz57uXhQVexcGeO/R07YyDkSUlnYyJhOsObj133cKiIlfOqrWmJaKOQlI2vRyZBi/V2kQ0GlVXaE7E+5xSbM81zoWI8c4TqESMmEgkYoyJQkQkEo1EolHjc29T1qpNJKytt9YiaBgMdSG34D3H7Q8q/6nXXDgZFXTROHh5uODEUJU9JCv/ueJ9/oDgfU2SnYKTZQKN16DYRem8lGNQ99BbZGh5HmsTIqIafjdOf/8MagT65ylEwm3fk1uhr1HoKiqhqZIn5XyfFhYGJCIiIiIiIiIiIiIiIiIi2oY6eijQmTBx6uy5C8N7VlWufujR59KGzZg5b8bMeeE90WjkjNOP7d17x5OOP+LZ51+vrFzdLuvNy4233jBw0MBEPHHrLX+YN+fTtrhEvCFRUICysrI8xx959JEA5s6e617GYt6/Ht3LywGEOyB37dY1Fou1YEnRWDQWjdbW1mUeWrxosYut7L3PXh/PmNWCyYlou+AVzPNq0nmtbV2CWVUFYuHlAkPRNNdZF4ARkUg0KsZ4jXZNxNUCjMVifnpNXMfhoHOtWpuwcXj9db1Eotd1VxDqpZsMvamqirrevcaYUNAtHHfTHOm3IC7nFweESzG6/TZzoAStkQUQr1qiqssSqp8vdHULEXpsyUck4scs/TkN/F2SmgtMae4bWmlTjDHWWiSLPSaLDabMocmNcBNoIiIiIiIiIiIiIiIiIiIiah9mWy+gbcXjiRf/+db69VWxWPS0k4/s2rXztl6R56hjjxo4aCCA98ZPaKNEIICqqvUAotHoqd8+OfPoOeed/dtrrnRBvT+Pu/Phxx90lQWXLF7iBkSiUVeVcIcdegJYunS5y4JsrqmdMmlq585e1jAaa0a09Obbbrzo4ouyHlLVDRs2ADjkmwe36HaJqENzLWzFFQJUFf+luLSbWutSgS4U6FromoiYiInECos6dSotKyntXNala+eu5aVdy0u6lJd26V5S1r20rGtJaZeCwk5iYjARmAiMUYmoi9aJqHhNbq24psViIRawLhgnIsYEHzDifxiIMcZEIhEXDWz01rwG7u4OXCzPxe8kWZXQEy6YKGJEIiKR5G4RwD0VccE9I+L6Lourn6jWnz+FtSlFFUXE64XsvxRXHVCRGnBsXlW/oGCiAirwH3KoliAAgYL1XomIiIiIiIiIiIiIiIiIiLaZr3ko0LUefvHlN621nToVjxk9fFsvxzP6gFFuY8H8BcHOgoKCPE8Xk1eG49O5XtzwpFNP6tGzR/jQUccedcRRR8ycMRNAvCH+1htvRyIRd2jZ8gq3kYjHq6urJ4yf4MKCcz6ZDeDnF136k3MvrKys3Fxbu3HDxldffjXeEM9z2VeOvaJnz54PPfBwrgGfffoZgF132zXYM2LEPmd8/zt5zk9EHVZQUk69OKBXaM41C1aXBnQ5NxETiUajsU4lJZ1KSks7dynr0qW0S5eSzp1LOncuKikrLC6JxgojkZiYKCSo4Rdq8Itw81tVTaharz6ewM/bhWNtSGYBJfgIAnDJ7sHqJ/wyWu+GXvtCETqvDKC4mUPBQxc3THYn9hKBQV7Qb36sKlDjVqAZeUBXt0/dU9TU+VIjiRrOADY7EZjSPlhcvDCocJhscmyydDAmIiIiIiIiIiIiIiIiIiKi9rN9tA/eSvuN3NMYA2DJkhVbM0+nTsVuo7SkU3h/SWmp2+jStUt4f7E/vqw0vYGvES+Oeep3Tp027SO19qRTTujRw8vt9ejZo1NxcUXFii5dvAnTqvGVlpS4jZ126hMU9ovFYi6uEY16g5968plDDz80Eo3EYrE//vm2l194edL7k4cOG3ro4Yfsstuu69ev/8/rb7iRr/7ztaLCwlO+fUoinlDrtbY8/8cXAggyeXfc/cfxb4//66NPuJdrVq/56QUX5//0zjrnzD332uPeP4/btHFT5tHyHuUHHjRm8gcfjho9qqxz2Z577TH7kzkAjj/5uOqq6vyvQkTbBQl13tWg1J4fZIuYSEFBrKSkFBEjEvWTfHAl9AADhYj6LXAVsKGOwAJXDg8KvwWv2kTK1SVZsC+tcXCQJQxK7CFo4JsSoUumD7Pdn6Z+VvXP0CAhmOOc1Pk1SBl6Y7wqi+4JSFo5vhzVDEXEADZcvE+857k1/DlSmwer5mqpTERERERERERERERERERERO3k618p8ID9995rz10ATJoy89PPFrd4HjFm2DeGue29hu8d7C8tK+0/oJ/bPvSIw8KnHH/CsW6jU0nxiBH7hA/N/mSu29hxxx0eefzBR598+OTTTq7y02933v3Hm267saCw8KRTTnB7ysvLxXhfrFgsNmTnIW77wEMODOY86GBvu0fPHqVlpQDq6+tfeO5FtzMajZ5+xul33nPHTy+5aNfdd6uvrx975e/CS6qrrcusQVjcqfjYE45V1at/M3b+vPmHH3n4Q4/eP/qA/Zv79IYOG3rUMUd+8vEnUyZ/GN5fUFBw7Q3/9/DjD9417k8nnHRCXV3tyhVfADjznB+5JMuQnYesqNiqKCcRdQgu2eZ9Du3xD8P1D1Y1xkQiJhKNwhiFwHX1hUsEurqAQe0+12TY9emFdbX/BOKHB9UqrGrC2gTUIrXHLfwUXbK0HsJVAUXCXYM1JQ4ooXtSVZvrpiX1BBt8QloNP3EhR4XacBVCpMf+/PqKCOcX85NWFFDSNGcqpK09zCZs+mTNLkdIREREREREREREREREREREW2X7qBQ4ZEj/ss5eNb6KilUVKyo7l5XuscfQYMCcOQs3bNzUr2+vfv16h08sLi7cZ+/dAXwy57NJk2e0eAE/v/TiUaP3M34sb+ehQ/76t0cef+TxE08+YYdeOwbhiD332uPxp/76+eef/+Gm2x949P5YLBbM8MsrL29oaDj/7J8kEgkALzz3wi67DXN9cq21KypWPvSXh43INdePjcViiUTi2aefveveO122D4Ax5tEnHpr43vtrVq85/YxvByvZc689HvrrA9eOve7XV/16hx17up0i8peH75v24bS77rznXy+/Ul1Vde4F50aikWAxny/4/PY/3FGzqSZ8j33790tpDQkAuPLqK6LR6MTxE5cvr7j597def9N1Q3Ye/PPLLi4vL3/t1deT43IHStxSS8tK6+vr/3zH3eU9yg86+MDh++w9cPBAd3TnYTsvW7rsxX+8NGPGTABP/vXJq/7vyj59+hx08IFiJBqNfrFyVYu/cETUgRjAemEAACAASURBVChUIQJVV/vPr+cHBWBErLXxeEM0VgCJSCRiVUQiVmFC4bzkXAjyaBHxqgJ6E1pN+C/8BKLAWmgyFShpsbwgEejPK+otzWvCm5prUwFENXjrs5oIJQCT74jWvz2XURRAYGBc82K/H7Ff0tCfW2EUYl160l3YQlMzlHGoEWOgKipqXI9jqCbE66fsGPgpQ+9cY2C1+c19g7KCrguyilc90aqqwPgPTuPBnYgkU4siLB5IRERERERERERERERERETUnjp6KDCRsAB2HjJw5yED3Z5JmFGxorJLl9Ixo0cEwyoqVm3YuKlfv97hnYHFi5e/+dYHW7OMe+8ah7uy7B//7oRcp5zzo/Man/Om62/p1r1b3747zZkzL+jYe+6Z5w8Y0H/p0mUAgt6+af718iuZO3/5i1/lutB74ye+N37igAH999xrj9WrV8+ZPa+mpiZzWP8B/dNCgVddc8XOQ4fUbq598IFH3J7bbrn9vgfujUQjJ556wtQPpx548Jj169YDOOHkE7KWrSouLior81onP3jfQ3fe/ceu3boGR+vr6yd9MPkfzzy/oTrZIHjOnLmfL1y089Ah5190XryhAQDbBxN9HajXI9i9VQTvNOH3DYXaRFzVGoGIWEVEU0J7OedWDfXktd60ycKEmiyvlyGcC0x2+RXvfyajy3BqODBXui6l9XCyI7ELKBpARFXclro1p2T+gplVkgm+tGtZrypirm7EyTtyTxyAQIN0YnOrDCZvSFQUoaCkwlVnRPD0vDAkERERERERERERERERERERbRsdPRQ4afKMvff6hpFkm+OKilX9dupVsaKyouKL5M4Vlf126lVRsapipy/SZli9et2EDz5qZpvFdrJ+3XoXqguoqksEtrply5YvW7a8kQElJZ3cRiwWi0YjV//ut4MGD9q4YeO1Y68LMos1m2pe/derJ5928prVayKRyMhRIwcOGhjMUL9lS9qc1990nasUuHxZxZTJHw4ZOuTY448BsHbN2lf++cpbb7yTdSW33/rHe/9ydywWi0ajAKKxjv5vKRE1Sb2ifX7YTVVFXbm85BjVRCJhNUiZwYpEcscB3blpb+9+CLB5vGWkRuy8mqzarCp36UXxxOtw7BUsBGAVEb+2n7dkhaugmO811FVBtCJixIhXEzFLdNLlAoMH5RYDdZ2VW/ZtUSAqrhKgGOt/d/ALA/pP37Vw9p5GM5sTExERERERERERERERERER0dbp6HGrBQuXLli4NLxnzOjhYw7Yt6Ji5bPP/zvYecbpx/Trt9OkyR+Fd1KzzJsz7+BDDwaw5557XHzZzwoKCiZN/OD+cQ+mxWuee/aF2rq6t998p3Zz7TVX/a5Xr163/PEm1yh57tx5aXPW19e7jT//8c8Annri6R49erz79rufzJrdyEpqNtU88sCjF/38Qvdy1913nf3JnNa+XSJqX+oSd1lq1AWBOWtVvWJ64XCeK3eXNfOW55WbxYbr/CFUXy9ltely1+vzKugl166usmFLlxnUPnSNmL2oX8aQ8IJEkKylqIpm5A+bIEHe0evWrAINai+yXiAREREREREREREREdHXg1VbvWVjl8KycEWnfM76qmZ1aWFpaaykLVdHRERZdPRQILWbRx9+bEv9loaG+PfOPGPRwkUP3P/Q2jVrs4589Z+vBduVlZXvvfveQYcc9Porr7/4/MtpI68de/2dd/9x9eo1X3212u25686781nM+xM/qK2tveTyn0ej0ZGj9v3HM89txZ0R0banfiowMybmMm3WLyUogBGjgAk1wBXJUoSvqUtqso6diLgKeXnF1DTZGze5/mZdO0lEjDEuBuiqrhox7pZFTJAYVBVJ1gwM7iBoPCyqsNamRhLV1SB0UTz/3ryVSmoor3XL5YpIkEqE+oUKw9cSVXjJR+9LzmqBRERERERERERERERE25uFaxa9v2TSyupVVbXr3J7SwrLRA/c/bMghhZGCRk6csGTSxytnraiqsGoBFEQKRg8afeTQw4ujRe21diKi/3XSb/Cobb2G5nGVArMemjT5o0lTPm73FVFjIpFIJBIJSgY2ixgzcuS+S5YsWbN6TRssjbY/yxd9uE2uu2DBAgD9BgzaJlcvLoxtk+u2HoUmls6bMmf8y/ENq1UTUBFRNSpWvFJzIqp2SzyuYjp36V7cqSRaWGwiBRKJ+fk5QY5SgS4VF3pprU2oy9DZBPyYnLUWqoANJ+28sGDQidifxIUCJfz3nPz2v1lq/HllECU8bdoK0zZSQ4HqbgLWuxExES8FaW3EO6aqCRcK9MaIQCJ+6DBijIEX1DMixvirEZG4xoOnpKritx7eipigeqUGRa21aq1aNQprbV1dbYNN7H7QyUP3PUwRcS2ZBQbbeSiwdkvDtl4CERERERERERERbZWKZUsADBs2rMUzuD8pGDRscKuui4io49rUUPP8rJfmrMre068gUnD5oZf07NQz81BcE09Mf2pe5Tw3bFD54JXVKzdt2QigpKDkogMv6F3aq+2XT0TUISxZsHgr/yt0azSjsmsHsW79hhYcom0lkUi0LBHoAjHTpk5jIpDoa0/9kJpfF1BaVtwuJR2YeXhrcml5n6sh8Nv7hvkDW/L910sEwksSJnfboGKfe5TJu0+/ejIuuFUxvdAskvq0XcVHIiIiIiIiIiIiIiIi2l6trV134xu35EoEAqhP1N894b6ahs1p++sSW+6acK9LBAL4yQEXXLD/jy85+Keu6XBNfc09E+6r2lLdxssnIiJsl+2D53+2eM2adcVF6UVla+vq1qyt2kaLIiKixqim5digUNdNWEVULYJ2t2JURBVGRNX6nXzTEmwp8yQv4WXyXCU8Gz7Bax+cETd0oT3Xc1fcXBIMSA+35RVTDK1UkbxckJ/zu/smT9CsT0bVdVUWpCT8UtemyYfrd+kVWECsGhF3Q0EpRAWsN8rV+tuKnsJ+5cTMA6GKiYBrJLw9VwkkIiIiIiIiIiIiIiL63xLXxIOTH43bePdO5SP6DS+OdVq6bunsL2anDattqJ1WMePQwQeFd7654J1VG1a57R3LdhzYrR+A8uLuQ3sO++yr+S5N+MiUx371zUvb8YaIiP5HbX+hQAAM/xERbW/8Onawxm/Lq+IiZAogAlgRqwKIilEXgIPrLZwxl6bNLEGZvKBEX3JQcLr4WbbcRfIkWCs0e6nCbPsEEJfkExfP8wN6SLmcywUmVEMLEL+DsEv7CRCaQWBVRWAEGrRaRhButF7dP4XCwhoxLoYHqyoGCiMpTZDd2Ylwp+PUp9rMjKDVtK+EiCgECqhbWs7oIBEREREREREREREREXVML8z+59qaNYcNPezYXY4yEADfHHTgip2/uHvivTa1KsfsVXPCocDNDbUTF00MXg7oPjDYHlg+wIUCAazasGrRuqVDQkeJiKgtbH/tg4mIaPuk2SN1jqRtZYmSaTbJQoFJNvPcoFBfY21zJQjpZdYmbIwAruphsnKf18nXeotMZgzT+vY2+kwU4ldJDHX+Da7pjUnWDgyeSe6Z/RbGWesvNkfjCUI2ECYiIiIiIiIiIiIiItoOLVy7eNqyqXv03uP4XY42oT9L6tulz+HDDk8bnFZy4s2F74RTg3279Am2d+rcOzzyjc/eboO1ExFRCoYCiYioHajfTTdJ3DchDe9oQaBMUlOCtpE5GksEIhwHbF5gLtniN+gP7Prm+h9+LhA2NcOY+2Y1JRLotxxuZP3JeKRrD+yNzfkwm3gUeVN1ccjwypkKJCIiIiIiIiIiIiIi2i4N7Nb/23t/+4cjvpd5aEj54LQ9w3YYGmzXNGz+YPEH4aOF0cJguyhaFD60aM3CtbVrW2/VRESUBUOBRETUPlylvPS4mAFEk5k2r/NujsSa258ZaFNVwAI2WWmwkR7B/iFV60reBQE9hajfw7cZN6Zq1Vq1jh8ERFO9c8OF/QBjIH7X3VAHZFfYTzKaEYdYwIYfbDgiaW3CfagmAAUMYNwkfsnA9MfSLBKEFlP2MhdIRERERERERERERES0/YmZ6AH994uZaOah2obNaXuG9UiGAj9a8XFac+GiUCiwMFqQdu74RR+AiIjaEkOBRETUDtQvqJdSHk9SywSqGyLZ03RePM4PtIWyfUGuD8Y7UzVHf9tQHs7r6pss5rfVPXUz79nmCMeltzn2045BYUD/Q8RVDAx1NE5J7wkgUPdUU245rY+wetP77YPD/YjDD7O5JLX+o8tZMhFIRERERERERERERET0NfPpVwvCL/ftv++g7v2Dl6tr1qSNLwiFAiXjT+BWVq1sm2USEZEnS76biIiodfk18YKMnN/kVyChBFnWqnPhSbJtSNCKVzUtGNfYelK2Ja3gnWxNrE39Cn/qxe1CQcYgvqdW1Rpjcpfoc1UPI8nVeLlAhUpmKT5VhVioSTuQdXIRr0Cie+U1N87v0TV5927O1piKiIiIiIiIiIiIiIiIOoTZlXOnLZsavDxylyOPHnpEeMC6mnVpp0QkEmwXFRSlHa2qrWqblRIRkYehQCIiag9+LtA1CnZbKv7fC9IgnCci2oxImYif8FMYP5LWeL7NlQkMxwK9OoUiqjCtFWiToDCfIGjZ663Qamr59MaFQpNGRf2KgjblTl1AMuLXAE5mATUtoiciqiICMcbalGXkem6abGTcxEKNkVCvYyIiIiIiIiIiIiIiItq+1SXq31747rsL3w3v/HDp1IFd+3+jZ7J98NqatY1MkvmnR5u2bGztlRIRUQqGAomIqM2piqooIqpQcdXpLEQSrn+wQFRdU1ur1qpGYAEVMRL6K0SZFf6stX7AzhXgayIOGMzgQm7BYIEVMaJWRMSLBSZ/MkmEAnwJVUCN68br77RI9uYFYLyagF5fXr9qIBQW4pXnSykfKKKq7jPghRxFIgok/EEwxq3ewFibUFgkyyIGXYCtWoWBmCgQCaUQRSStJKGIRQLGmxZQTQjU+NHNYFXuCXu5RPeVkwi8SKJXvlCNWGstVGE12YhYQg2jW7UrMxEREREREREREREREbU9hT498x+zVs6yGdUuNtRVPzTlkR/s+/0RffZ2e6pq1zdrcqu2pmFzSaxT662XiIhSmG29ACIi+p+Q7O/rh9kUmi0ttm3TY9J4rNBk+8YpgPg1CtP2554mdQY/IBjsCR5Tai9gL3uI9FqASNZiVBgX30ueqmljBGJMxBgTZBPTlx6ioQ/AaI6RRv0nkaz96PaYbf01JSIiIiIiIiIiIiIiomZTYP6X8zMTgYGnP3qmctOXAOptQ9zGmzv/+s3NyxESEVGzMBRIRETtwFXyC4rbAQCshuJqXs0803ST2qwEzWk6nGV9jrVN1hrMrRkdgV3pvq3QyM26O3CLyZILzLaYfK+pkln1T6BecUR3XyKhcS1+lkRERERERERERERERLRNGcgNx/zunFFnDyofnGvM2wvHA2hINLRk/q398zIiImoM32SJiKjNiZc8C0XTFKmV5fxsmuQfUgtPD78pcFNDQ9IOqZ8H9AruZfCq9ylcujGQDDuq9U/WtGbHoaWKvxAvANnI5YLJBZrtqUj49lNPg6pVDdola3AVkXCsTxvPC6bK/t8MoslbSq04yK7BRERERERERERERERE2zGB7L7jrheP+cnFB/2sR0nPzAGzVs5SaMREWjB5t07dWmONRESUHUOBRETUHoLYmx8TMy6X55JxIjA5snpNaXl32izXCkf9stLc2UMvF6gW6uUGU6/mluou6lr3ZumdLCLGGGO8dJ1qOEUoIoB6FRWT02YuxLqShyLh4oWK9Khi/olAaew/GIIGxH5baH9P/nFDIiIiIiIiIiIiIiIi6rgGdet/xeG/HNR9UNp+q7aqbkNRpLC5ExoxxdGi1lsgERGlYyiQiIjag4QiYskgW2ZmrIUpsmbkAnNVCmwdkjUJl5L/86+fPReYco6G6wgqYJtK2qlX8VCtPzj9aPNvKWfsUgCjEL9yYugS/gcLBRIREREREREREREREX0tGMh5o8/p3qk8bX917QYARc1M+JUVdm7V1RERUTqGAomIqM2FewanF9rzq8tBJFlqLoe0JF/jwT5tsuxfa0nP2qW9ltRuwxpaeZMNdr2Se3neQviBhIJ6aWvLtadZCT5JvUtN3fCbQyeDjERERERERERERERERLR9K4oUXDjm3LSdxQWFAHqU9kjbr2pD2+l/WtSdvYOJiNoYQ4FERNQerEIRAcTPzNlQbTkAUGtdK1oRiBgR9x3Kimi4tl9aENCfRJA9IGihieTnVJLse+tF6BSqsAqr8LsAAwZiIAIVWLijafxewSk/z4gGuUTAhj6gqtYmNFnMLwgIGveh3gbCiToXJgxyhApRiIbuxX8+MAKBGlgJrS+YPPScJGhqHNrjcnyaUGs1obBAwqs76D1J68ceRSHugIqoQMU9Bw0nA6HCTCAREREREREREREREdHXQ3lxeXGsOHhZECnYsWQHAHvvtHfayC2JLcF2g21IO9qtpHsbr5SI6H8dQ4FERNQe/GCYuHxbEE1z0blwLUFBzqp1QS4wzBjjAnHhbrxBGi75OZScS5swY6UKSUn7ubAdknm3bDfoJwK99WtQEzEjQxjqAuyHIJO819DgbkLFDiU1wCfw7yr17hRQSabxNPzMUp+tZFQrlNTuzkGyL7i14Csp3mDvQ/zlJGd0wcFm1iAkIiIiIiIiIiIiIiKijmtg90HB9s49d3YbIzJCgbUNyVBgIpFIO7pnr93aco1ERMRQIBERtRsJ1QX0PiejctYrhZer5l/yvIyOwOpXAUzr2+sNC8bn30c43PDXWus+N/duc3Q3zm8NeeTokim/1FygiATf30PZS4QeRVvV7hNJrztIRERERERERERERERE25HVm9dMXj51wZrP45qe5HM6FSYrBe7Rew+30aWwc+/OvcPD6kOVAmsaasOHuhR13bPX7q29cCIiShHd1gsgIqL/EcnSeaFdsKpQV4hOjEhKobrGp9NwX900Fmplq7JvCkjoEiqNlgnMtcJQLjB8bqjunn+t1AhdSgAxHC4UkaDqoVtVlq7K3mUltAYN9SluQ+H2yW19LSIiIiIiIiIiIiIiImpdT3/83IyKj9x2QaTg/NHnDe4+IG3MyvUr3Ua/rv3267tPsH//Afu/PPvl4OXazeuybgM4dtej22b5RESUxEqBRETUHvywX1CnzmjQ19YYY8SIGGMiKaXm0Eh5v1ArXpu6O6HWhqsJuitszdIhfgPd/LgKgwaAtbBW1Iqq+wDc2sQrjJglDhjcjoQ6AqeuKLVfcLYx6XtUbZAmbNPEnuu4nH9RRiIiIiIiIiIiIiIiIuoINjfUBolAAPWJ+vs+uH/Ckg/CY1ZUf1G5sRJAUbTo/NHnhMt9HDhw/0Hlg4OXS9YuDbYXrVkUbJcUlIzoO7wt74OIiMBQIBERtQ8VqGRU2tNkH2H4Wbr0M13ize/ni3Aj4NBohaR0xQ1yct7pMNqsJFy4sbFn63vuhlaooR2aGTl06b0mppPMBbnZct6p9Vsqt2FiT0QEpsnFExERERERERERERERUYeSyNYv+F9zXvn7rBdq43UAllet+MukBwFETfSCA84viXUKjxTIuaPOKikocS8r1i93ZzXY+KyVs4Jhp+11qmHLKSKitsf2wURE1G40vKl+cKzxhFpqiE2DOKC11iXn3DRBp99ka90gmCaR8GxZa+81b/EtpABERdzfmUoGAVW96n1u8QoAkrUtMgAYY6BQtRAvOejnJjPbECN8y6rBI5e2Cgaq+6TQpkONRERERERERERERERE1HGUFZT269qvoqoibf/05dOmL58WNdG4jQPYt//IU3Y/oThalDlDcbToogMv+NP4u61aq/axaU8dt+vR7yx816oFYMT8eNRZu+2wS3vdEBHR/zSGAomIqD0ooH7uzd8h8Pvciop6fX4l4A8NhecUAFxzYH9XMFsyRaeh0SKheJ2EZmlkqV66Lt/UXKgtb/h2JfwiIF6BP00dHEwSvinJWp1QUm9TUoKAuRKB/lh3rWAjpaGwpiUR3bCgpqF4nyV0PLxAN5UBxLWFzufRERERERERERERERERUcdx4ZgLnvro759+OS/zUNzGe3fu/d3hp/frslMjM/Qu7XXxQT/7+8x/rN701aI1C++ZuNDt71LU9az9fjSga982WzsREaVgKJCIiNqBKMT1rHdhMRU1mgyZGddBV0TEDXMF8CKu5p9fLFBVg5deo1rVhCZza0Gj33BqUEWsv4209F7uqoHpDX3hX6PpW/VDeMYLysECIlCY0DxuSd7DgAYrEe88CQJ3GQtRC++RKWDgRfq8f6aMdiX7VFVhjATRPhGrMC4QGKwakhmGFEgE6jdedisUCYUXU6KNIkasCAw0FAtkOJCIiIiIiIiIiIiIiGg7URQpOG/UWRvrN839cv762vUCUbW9O/fu3XnHniU982z7O6Br3ysP++WS9ctXbVjVYOMlBZ2G9dy5c0FZ2y+fiIiSGAokIqL2IsjZExd+IlD8ZGCqZBVAv31wKC8IVT+BhyAZqMGs4e02uKumufsWycwUhurs+XcUbn/cyNPKUu9Q4KXxWnXxzSImo39xjmQjERERERERERERERERdUxlBaWj+43cykkGdes/qFv/VloRERE1m8ljDBERUWtovG9vULkuZ4BM0ooCek2J/dKAXo3A9Fnz7QLcVtTr7xtU3MsyJMTtEa8gn8cV5xOBQF10MjtXwK/JFbXJI5FQlcTwBxEREREREREREREREREREbUrVgokIqL24MfY1E+tpeXaFMn+tV4kTtVmhtdVVdX6nXBDs6gfdmvXFGAT15K0SnmhF/49Nl3F0MUfVdULAzZ+gyn9f9OnDSoRNr7slPnyHezuCqoJ19g5uZOIiIiIiIiIiIiIiIiIiIjaEUOBRETUDjSoYecn1tLiYqGXfuG/1CFe2E3EC8W52Jn48UBVhftf+8n7Wt6Cvc1wzC7c3RgZh4JEoNcY2JUJzHZi5gUlmCRLM+Zmh/UyooHif9aUnV6L5GyxTyIiIiIiIiIiIiIiIiIiImoXDAUSEVH7UEmtcZeaaNNkiEzSs24u/eZqBFprXaVAF1Oz1jvk/9//hGQFvqA8nqo2q0heq3DXU6TVDExJ9bkQZNAyOMs6NegMnEcFPvEyhI00GRbAKBIZh5rTbVlCG8GNWHGzu/Rj3nMRERERERERERERERERERFRa2EokIiItoWsmTU/T5YruhdOrPkl9MQPAnqFA9OqBbZZELB5JQmDFaQU1hNRf+WZgbzksltQ/bD5d9zIGc15gC69GLQ6JiIiIiIiIiIiIiIiIiIiovbGUCAREbUDsRBFBLB+5TwriKT2BxaBqKrAiIoxUZseKxNjjCrUqmsx7ErTqSrUwsvXabYMXbCnFYNq4amypPYUmlCb7TQTpP9SmgW75sjqCuyFWgdD3aEgMmhT7zHos5wWwxMIICJGM5ZqodZbW7AQb3oxBv6y0zKL6feXLFvoPlvAihgEDYQln6qGRERERERERERERERERERE1MoYCiQionbgYmsShNlEIH6xQAUEIiLwGgyLesMlKPWnquK3Hxbx++PaoElwevCvjYJoQYwvV5vdfIrqSfbaf/7TUVWoQcQmn5WELpfj7IxliPeMTehZpJ4o6TlCiCBUWDFou9zopdIWY6D+VzNYLxEREREREREREREREREREbUjhgKJiKgdeHG3IEMWLjHnbbo4mnjtf21T/Wdd1+Agdabh/amBtrZpH9xqvOWphm9FVcVI+F48+bUS9uv+Ib16YO4pUqOHzVh+eEIRUa99cygBSkRERERERERERERERERERO3IbOsFEBHR/4hkw9lc/Wi9VFnuOnw5zrOh8Jy3EY7TtSjr1kK5++2mjEnbEBFjTNqYVrmFjBMFME2X78vahLkJxg8hSrJzMBEREREREREREREREREREbU7VgokIqJ2oEHhPz8tZsKxMb9vrlfeT5tR2y8lEah+mC45Vagfbhtp1vzBeoIN7zMAkXCmUK26XdbfY1pS9NALW+Z1I+Ez8hqb1su4Q1dkJCIiIiIiIiIiIiIiIiIi+h/BSoFERNQeBJpZPk5DG35xOknbmQ8vFwioQLfPZJqI+Ik/Abx0YNo3aUXTZQgzaAvq/qW3Hc45Km0jay6wJVUHiYiIiIiIiIiIiIiIiIiIqMUYCiQionaj4c3U9J73QsT9v/lTK8NnjWifJ+MqIKZ9+fhFISIiIiIiIiIiIiIiIiIialdsH0xERO1AFKIwgPX3JBsK+5FAFwiUoLtuEBUMlcfzegSLqqubl1KZTgGoKODOVe8qklHALle9vSbr8AXte11j4uY9g0Z5kUYRqN/wN2glnLyOqmRpB5y2Ekn5JPn1T/aftHgFCZPLylb+L1maMdSp2ZsoWepRsp9MREREREREREREREREREREbYmhQCIiaheabEsrgIpKSrFALyMoEPEKzqm4iJlqOJnm+urCuvRasMeqH6ETBRRe4tDlAv2cWqhF71ZxicBWzwV68UU/Eyn+0wmtOEdGzx3zFyNBQk8BMe4fTV3ZqCpEoLD+l8o9Rs2v1J97tAr1HnHm2omIiIiIiIiIiIiIiIiIiKhdMBRIRETtwouHZU+YeTXlXCBQ0hsIp5fFszat0GDoKMJhwXAFu+1RxsNqj3tp7jXSwpGpZR2ZCyQiIiIiIiIiIiIiIiIiImpvDAUSEVG7CUX2MjSSA0yeDlcOcKvq87Vyeb+2k+UZtCBg17ybdR2cFUCjT0lEQpk/rxLhdp2/JCIiIiIiIiIiIiIiIiIi+tpgKJCIiNqF3/3Xe6nZA2SZe0VgrR8HVCteNtDF3WyeF/eDgJrssdvSBJv4TX5b0EG4kYuqqrVWVSW90l47Sa4stMhcd6dqAYVqODvITCARERERERERERERERER/0nvqwAAIABJREFUEVFHYLb1AoiI6H+B+h+B7M1/NXRAQ0NFYdKDhNYNVV/brDwpiPQFuUD3OdDIie5oPsts7duw+Ucnxf9sINm7M6fyb8bdnWWlQCIiIiIiIiIiIiIiIiIioo6AlQKJiKi9iKLR1JsL/aV3GFYYV5NO/NfePzRTcGb7B9TCScFM26pnsbUWIkACMKlrS6lx6K1d4bKAisaKILr9fslGG+xUVUBUJTXxaV2qs63ukIiIiIiIiIiIiIiIiIiIiFIxFEhERO0lXPov6xGXKvO3oOrVAvT2aNo54QKBbttPFXoTCJCr4t3WpPRynRuk7hqZOjTETz82kpJMye2FbyR518kbDF9dFQJ1D9DVXxR4z0eSwUv/iUFhBHk+EW/N4S9HuClz1nUSERERERERERERERERERFRu2EokIiI2oERGCNRBYzrIywGAEQigPoNbg0E4urPQcSVnYOqKhIiyVCgEQGQsOIlB601LvwXFLfzYnChiJqI5tMQN0M44uaK56lqRjlAr+mxO6TZzjXGhObxcotBWT53rgHc7XuT5gzUqSRDgVaTF4r4q1FN9gIWhYoAiLsre6/F+OlLL4ipAEzEr+fovkYCsdBE+jOB9b4sgIhY6331RIwxMMZ9PSOhdsRERERERERERERERERERETUfkweY4iIiLZSOOAWLmgHF/vzgmyaZZgfoXPJNT/zpxrUumvywm1frU6aVXowveVxtnMbnS3LYM04Jfwyc1PVps4TRDBh3ZcCCrF+XLMxQfbRGCMSjl6yTCARERFRG1q1as2qVWu29SqIiGj7xu8mRERERERERF9XrBRIRETtQjRr1ThVVagNcmou4OaVEfQK/VkEzXHdcBcPtI3EzkSCbroIWuQ2q2idu3RGUcAmhBa0tRXytqbBcVhaN19xM4sEvYO9ooDe2l1W0wpsuDtzY/P7BRqDqoxo5kMjIiIiIiIiIiIiIiIiIiKiVsRKgURE1A5UYL2muep995FQMUCX4fNSeAZB418XSxMRuO7BXkE81XCZwMwEmvhj/WtI8zN6QQ2/fLJx/nrdhxGJiKR8h806TyM7m7nY3LcQTil6rZmDq1qvTCPSKiqq/2XSJtN9boZQn+bUFsj+16FVboeI2s3HH89dtnzFtl5F0zZt2ly3ZUvazikfzli7dv02WhERERERERERERERERFRh8BQIBERtTkRdd1/U2rIiReg8wOBXrTM/cMYMcaEknOAaxxsXWHB7DkzCXHhtKbb3+aW2oG3kaqERmAERsS4LKBbcXIl2Ra5FevKXIBIjqKGktHFNxkKtNZqQlOeUEousJFFhm4hObsxEVVJvRwTgUTbpTv/9JejjvneRT+78oPJ01p98vmfLfrr439vlal+O/bmE048M7zIqqoNZ5/zizEHn3jvuEc2bdrcKldpN5OnfPTrK657/4Op8XhiW6+FiIiIiIiIiIiIiIiItm8MBRIRUftID4eJ3xJYvHa/3pZX1E+DmnnJz171Pu+F9bsJZ7+YDVUKbPZag2vlVSlQAC/22MLJk3UQvfAkNK+Fh8J5uQN8aVcP1oAgtGcBqxr+0GaVLEyNPwYPXUOfiWi7UVtb9+G0mQDeHf/BueddvmLlqvzP/dvTL3z55epGBsTjid+OvenWP9z71DMvbOU6P5g87Y03x1es+OLc8y5/5u8veQt46nm3cc+4v/77P2+1YNoXX3qttrauxUv693/ebtm5ANasWffKq2+dd8EvDznslNlz5rd4HiIiov8pqzbqxi38oYOIiIiIiIiIiCgdQ4FERNQOcrWRFT9S5nKBAqjVdH4I0OM2GsmspbfChR+2y3Ot/rThS7jr5z4hI/IYKrMX3g5PmPYggjBd/lHGcFnEfHnPOfOMlK9R3i2MU6YxxoiIet2HwzMT0XZj5qw5wfa4e27uu1Pv/M99990PDjns1Kf//mKuAX954PF58xYAuOH3f7r9jvteez09tzd5ykd/vvuhRKKJUnlb6utvuOFOt33iCd866shDAVRVb3j0Ma8G4V/u+8N3Tj8p/5UHbrz5rmOO//749yY198TNm2uvHnvzZb+89g+33duyUn+xWMRt7L7bNwYM6NuCGbYLjcRME4nE7DnzN26syTxUW1s3/aNPMvfX1zc0nkMlIqKO4K0FdtxE+8IsnbHC1sWbd+7GLfrTZ+ztb9mJizSR7QeLxyfrL5/Tm/5rZ3+xNWXiU65Y29C8H2H+O9+u2dTEKRMX6XufN3tmIiJyrvqnjv2XvvSJrapr+Rvpjf+x/51v47m/XVTV6ZxVWr/Vpdsfm2qfmGqXrmvJUqtqmzirweKOt+2rc22es2/coj97xt70X/vBYs16zq1v2FvesB8ua51vo0RERERE1KFEt/UCiIjoa0/hJ91EXXlA9UoBIuFnysQdFzHJQnOaULV+OM+qqrqCdlARVwnQ+1WWtRrk2CTZiBgKGPVnB9xsqSQZ2lMJJQczGweLCDKTcl73YyQ7ArsNEaN+g121GlT+s6JQDa4jIlAo1Cbji8lrpPTi1SCBJ5p3BDB5P945IiKq6qUwXcFCbzaT2mzZ/zK5p5rahzmIDLo4Z3DXxijE5FvnkIg6pGnTPnYb+++3z7eOOKRZ5469+tJjj//h9TfcuXjRsrFXX+beGeq2bHnt9beOO+aIl/75+j3jHgUwct+9vvudkyorv/rlr6+bMeOTw4842J3eUN9w9TW3rF27/vPPl9x26/916lSc60JPPvnc0mUVLhF4262/c+3m77//sZqazQAuv/SCww49MOuJVVUb3npnwumnnZBr5u7dulas+OLCn17Rq1fPWDSW/71vrq1du3Y9gEcf+/uy5Svvu/eW/M91YjHvcj+54MzOZaVpR5ctq3jrnYnnnfOD5k7bccTjie/94MLZc+bvuccuf3/6gWjUC0Fu3FgzbfrM9yZMfvOtCWvXrn/26QeGD9/dHfqycvXkKdPffveDN94cD+Czee+HJ1y6rOIHP/rZ2rXrzzn7jKuuvGRb3BMRETWmtkGjEYkZfFopnyz3/gLS0Xvq6Xs346eFdZsRT2BBJRZU6jNT9a4zTCz1LzivXA8AS1fj7ndw2K72B/s28fefn5lhS2I4YLD0LMm+jGc+0mmLUV6Kb+2m3xqW19+mfvEjPD9dy8vww/10zz7ZT3l3gVasxd+mYNAOesk3payQPzIRETXDlgbdVIfXP8Hrn+iPx+DAwc1+F/20UpetwbI1eHmm/cEoOXhIlhk+WKQvzwSgXUtw+gjsPyD9Lb3BYn6lzXyr37hF//SO7jcQx+xqBJi/StZu1IkLtLwUvzsenWL5rnZFtV7/ipYV6zG7Y0S/7Gc9PkXnr8L8VRi/wP7qW9K7rInJn52hDQksXY3HVuuMFbjkEAFQn0BBxLvioq8AYPFXmLHC/vRA425ncwN2LG162Z9W6q69BMBnX+qAcinK/eeNlRv1ptf1gJ3x/X0NvwUSEREREbUbhgKJiKjtiesP7MJzqkEMDwhq3IXr5EHh5/P88nXe32VViPq9b/0wm19L0H/lNyb2k2mujl62vwqbtbMusob/3BXCNf+S+T/4tfeSR0X9lKCqvzujgF76hTN2J+dLCQfm+6szV0HQj2T6CUgviOjdD4JApn9KrlqGTVwILtEpJstv9vi7PqKO68WXXvvss0W/+fXFQUJr4sQpbuPcc7/f3NkGDxpw/vk/fPjhp5586oWBg/r/6AffBrBpU83VY2+5euwtAPr17XPVlT93WcMXX3oNwN+efvGlf/4nmMGl+t58a8Ld9zycK+ZVueqr2++4H8Cee+xy4w2/dYnAzxYsfuyJf/iJw5OrqjZknhhPxC+97JrpH32yYMGiq664xJ2YprAwBqBXr56/bWbIbN36quv94oWHHLx/s851YtGcP5pVVW/4yUVXLF1W0aVL50YSjR3cp/MXurbIs+fM/3jW3JH77uV6Lp973uVZx9877lGXIs3l3fEfuCDmXx9/9vLLLywsKGiztRMRUfPU1OuzM3Ty5+jbXX93nCkr8n6y6NMN+/bD0nU6sHu+PyOsr0n+VHLgUKQlAjc3aF2Dtz1kB5y8Z9PTTl2CTbV4ZZbu1F2vOy7LfwxEDQCs3aTPTsWYQZpXkkMAxdqN+soc7Nkn+5CIf6k1G7EljrLCpmclIqJA8Cuy4QMwamBLftE0fpH3DSWewPTlmjUU6P9YjKoa1NRnmWRlld79DopidsRAlBQkZ/hkhX5ZjYq1eO8zvfEkiUW8aw3oqYVR7xtAdZ3O/1Izg4ZhRREA2FiL56bjuelN/F6uugbvfKY/HNnY09i4RT9c5G0ftYecupe40oCLvsJPDsF+/c0LM72jx+7lHW2w+N0ruqkOJ+6tJ+3Z2Gqfmm7Hz0e/cr36aHPfBN28RffoK/27Z1/2B4tQ14B3P8W8L+zVR0unAv62kIiIiIioPTAUSEREbS2U9wvSecmYXo7AXjZ+I2FNC+c1cuFmHGzRL6OyrUT8uoFeGNC9UKjXxVjSh+d6ADYZy2tWh+CcjB+5DFau6hbkuv6GYpZ5JwIDLhQYTkZ6sU8i2ta+/HL15MnTu3TtXFZWZkLvWmvWrv3t2FsALFlWceft15eWdqqq3uBiW/369jn4oOzJtrfenvDk357/852/79atS+bR00459uGHnwLw0MN/c6HAAj+qdeYPv33Vlb8I0oeRiLfx0dT/Bm8d39jtIAAjRux53rk5S+Lddsc4AOXl3cbdc0tRUSGAhob4/117qzs6/aNPDjioidjc4088t2HDpltvHpt5qKCwEED37t2OOfrwxidJ88UXldfjTgDf/c5J3zvjlMwBM2bM/mLVl127du5UnL0C4iezP3UbCxZ+HkkNLN4z7lFXGXHsNbf279d31H7Dm7W2DqJ//52C7WHDBruNMaNHzpv93kczZp959s/Txl904dkXXXj2355+/pZb78k64S7fGOo2Ru67FxOBREQdRBAHdFasw0OTbE+/AG7PzvLcDF1YiWhE9+iL04Y3Xd9o2XpvY2gv/HBkejRhzhfJH1su/qaU5JEwCMJ5/bplH1Dg/6708iMlz9pORmCB0iJcfVTO8ETwl6euPlp65ChSSEREuQQ/yB44KD0gDmDOKlXNWavVG1PhbZyyD47fPfvI4HvE0F44fGi2v0UWA4C6BkxfgrKi5P6Ndd5GXVytipvHCFzhPefe93Tparz7mf3FYTm/vwQ/CO7YBVcfk33Muwv15RkA0Ld7lu+MaZ6bmfxG+UUVxk3Q6lqtWAsAD07A5tE6Z4U3oHKD3v++Ali5TjbVAcArs7Bxi3WXeGSyrYsnv0UCsIrpiwGgYi1ufcO6lc9ZoZ9/CQAJi4aE9xDcWUGI/8tqLF6LPXo3vnAiIiIiImodDAUSEVHb81rmZgvQiSt9JznSY8nCgH7VQH/GrdLIn8G0wsyuTKGrOBjU3hMRGMCq1yHYqyOoQUgyfR0aLl5oFPlGIXMxfpnBcPdhEZOrTKBIyp68hb+UZqufJxG1goKCgj/d/WBl5epcA957b/ILL7569lnfnTlztttz9tnfbYjHG+LxtJHV6zdccdWNNTWbv3PGBQ8/dMfAAf3SBgwZPHC33YbNm7cg6L0bFMAbNLh/kAgEUFCQsznvcccc3rNnedZDb7w5/rXX3wbQqbh41aqvdtyxJ4D7/vLYrFnz+vXtc/efbywtKwGwuab2mt/desYZJ48aOVz8P1dZuHDxz37+W7ddVbWhvr4hcw2RbOUDW0U8kfjVb67LZ+QNv/9TI0dvu/3e5//xcOutq/106Vz23tsvTpoybczo/YL+yCISiURG7Td84IB+LvgYcP+2HH/ckblCgQeM3vfF5x5ZvGT54Ydl7xZNRETtxio+qrBvzcfir9IPTVuMMV6KG4kEfnKgXPmSxhP4eBk+XqbXnoi+XRr7MWeR/98vFxwoADbXa7i20HT/W8cuveEa8lrFX6fYoTvIIdlKQHk/FgEFUZx3gPdNf32tTlqsowdKeYmEfzTr1qmZT6F5fymNiIhax7L1etfbCuCk4fbEPbL/QDd9ua2PA0BJEY7LkQgMB7hzKfBPPWI3OW2v5Oh/fIw35yiAO75tItkmee9zXboaABZ9hav/qXd+Wxq/lkjOpsOFUe9XbZGmfnjduMWL6RdEEU9gzgodvAOKYxjWyxvw9IcKoCiGugbMXIrupeLKGu7Q2bv08nXetQqiWLxaSovUNRp2Bu/gbRTFsK4GAAb0wDXHGNdW+M63FMCpI3DMrgbAA5OsCxFeeYzs3IPfFYmIiIiI2glDgURE1A7E+8OXUJNfP6UGBVSgqsYrBJgMDwZdgBWqyYRck8UFsyTZNPzXinOc1dy78i4jCoUxRkRcKUB4RfiS6wjK8rmYnapNa0YcvnbQb1g1V1ayJTRZsDH8KMKX8MOLIqEShfnmAlXVKsT4LZy967VVvIaI8tetW5cnH7+3snL1gH47lffoHuyfOn3mOedeBuCwQw/84Q++DWDKlI/coRtv+vONN/25kTkrVnxx2unnPffsg0MGD0w7dOIJR86bt+D887xSf7FY9vBf1u69jft80dJLLr0mWMDUaR8NH777B5On3Xf/Y/369vnb4/f26u39ocTatetnz5k/e878nYcMeOiBO/r06QXg1j/cC+AH3zv1Zz/9ca7QYaZJU6YP32v3Tp3Sy/vNnftZTc3mUaP2yXOeUfsNf+n5RyPRaP9+fbZsqV+6tGL48N3DAz6cOuOsH/8CwN+eGLffyL3dzspVX/3xT/edf96Zu3xjSJ4X6sh69d7htFOPz3qoe3nXtFCgU1rSWCJj992/sfvu32i9BRIRUfPUxTHhczttGZavgU39ocEIvrMfhu0gXYqw4CudtBCuFHrXYvPTQ3TceG/YtGXad68sP/Jc/7qNGHx3hKysAoADh6FbsXy80o57F91LcclhXpTws1Xe+CO+gbU1CuC1uTplEaYs0omf66+OMEV5/OJz0Wp9eSZenqmdO+nF38yymOnLbULReMPHTB8us3vvlNcCiIiouk4/WYlunXL+6i6e8DaWrUcsmvIt59FJ3st/fYxoxB67a5a365dneRs/GtU6v2gT6FebsHoTduuVsuSsicCqWnXxOwCdCnHGvk0kAlvLbW+qqz54zfHy0iyduRQr1uHiw2RmhR6zqyxdpwsqsdtOuPRQc8O/7cp1qNqsvzhcdu8VXpy3feZ+Jnh5wd8sgPJS+e1RyZFXvGTzXFW37KXziYiIiIioTfBXU0RE1E5Es/TK1VAbYfUL7GX8fi7tdVuUCdyqOYNF55xFRFUtEHG/KvRKH6rXUjnnrK35O0L16zJqcpnpzzqIABrT7CJ/IhJqCc2/8kvUsfTvt1P/fjul7Vy54gu3cdZZ34lGI1vq61957U0AZ/7o9JH77pU5SV3tliuvvil4OeaAkVnfps798fdPPOHooAhfJEf5gua+xW3YuOnin//WNQ5eu3Z9eXm3n1xw1sLPl1zyi7H9+vZ58rF7evXeIR5PuPJy0Zj3Y06fPr179Ch33Xvffmfi5ZdecNGFZzfruuPGPbpi5arfX3fFIYccEOysqt7ws0uuqqxc/Yebx55yyrF5TrXbbsPcxmefLTrjBxceduiB14y9rO9OjbVNevKZF1559a1XXn3rpJOOHnvVpV27dm7W4omIiNrUiir99xx06YQ9+8uOZejdGX264PY3NJ5ANIJvDfP+G6C8xPsRyFVpGt7XjBlqXUywfzds3KKuyF9Y3GLFOtz+hvcDxsJKufY1W1kNAOs26fWv4DdHoXsJNm/xxo8bn/7T2NLVeOB9vfTQpv97I2iGqIrOhelH6+J4YAIAvPSx/uIw9OncxIT1CcQiEODR9wHYkYNx5n6MBhIRNaG6Dk9MzuvXUK/OauzXby9+hEN31uLUGnsrqvXLagDoWSYj++f7c2hCce2rdt0mXHaEDNshy1mfVuJvU9SI7tFPdihrbJ7b3/Si84N3wOWHt9o3hcaf12NTbWUVAPzmKOldJkftgplLtT6O/87T+V9g/HwFMGowLhhjAFx+uPz6ebUWj0/W207l7/SIiIiIiL4++EspIiJqH0GPYA1KAAaSWbJQQbs2W0YuuRr5tsrkKdcIdQZWCdKSaXOFSvS1VjrQplwnZ3QvrY9wnpO7Ooihrx9/h0jUgVRVb5g+/eNvHXFIeOfixcvdxj577wHglVffWLt2fa9ePX/9y58WFRVeevk1++23z6HfHBOk1p586nm3cfZZ3zn7zO/uFEqzJRKJSMRrDdzQEP/Vr67dXFv710fuKisrafIdLJ+3OGvtVb+9aemyinH33Dx//sJ7xv0VwOo1687/yf+zd96BURR7HP/OpudSSUJCIIReQgmEAAm9d6Q3BaWIBQUBQbqAgmAFnyIqgohYQUB6L9Jb6AECoZdQAmmXerfz/pi9vb3LXRpF1N/nIezNzM7O7OXtZva+9/2Orlqlwv/mzvTz8z1wMGb0mKmzZ05s0iTa2WRPWL5cqLOz04MHSXfv3Xtn7LAhg54vzGkDAGdnl4SEe0NfGxtSKlidY2paWmLiQwDjJs50dXNp17ZFofqsVavac8+1Xb1606HDx+bPm12/XoTNZskpqd9995PYvnXzdmZGJv4VokCDwaimAz8WMrOyXF1yiThMVXcS7np5efn6ej+uwxEEQRAqFfzZnJ7W93GJWa8gvF2VjcwcZWNgfelOslyuOPtuD5dl/koTXifE4lsETqa7RIgfvN0Ux/OkdC5UgK5O8HTD5nPKgQZEswCd0n7VSS5iDT1c0TW8QLNwkpTVaa8I5u9hsVI9cVNecVzZTkzl8//C+53y+r0lPZuP+YO7uWBKewYGWcaheLg6yiaDJYIgCMI2pX3Y6FYI9II9wdzkNTw1AwCGNGI1g+324+jAnHOtM5bFKBf2wQ1x+QG/lQwvF9sPuy6YMutTM/H5DllICT/ezF9ran2fUkM4ZI7bD5GHKPDjLfLdFABoV4P1CM9n8SsX1G4PAIz2Gx+4wvfGQWIID0WZYkzcsp0debYBPu7oXgfLjwBAUrrS3tuVhZXksTchPZqHYY4R9/QcQFKGUpKaxURJRvajdEwQBEEQBEEQRBEhUSBBEATxxOGKZIxrzQKZkiVszrFlYBCWe1zxz7NIGzb9yyG0dFyVrFkJ1zgHTEG9ImuYm8dhI0SYc65V62nFiwWdninvVyuE0w6Ki1xkiKeF3BSIDCaOrp4S8T+l5nFoATnM/n3KoOS8e2WMcdPfnCuni1mkAHPTpIXpoPkMcy5zzsGVFGXR36NOgSCIx8GDBw/fGD7xvWlj+/TuohbGX74KoEb1Km5urgaD8euvlwAYPfJVV1cXABs37dy4aef7M+YM6N9z8sSRGRmZ87/+AcDcz6a3b9dS23lKalqzFt09PXVOjk4A0jMyhGBu9JipC7755LGMf/7XP2zbvnvRwjkNo+ueO3dBFG7ctL1Fs0YTxo9wdnbKyMicPGV2YuLDoa+NHT3ylcEa8V9mZlartr0bNqg3ZvSrRTi0k8k+aNjrZovB7OycqdM/AVC/bu2I2jZcFfNlzKjXVq/epNenv/7G+J3bV3h5euRu88eKtWJjQP+eE8ePKELgspZz5+NXrlzn4urSq2fnkFL2P0az5NTpc2+OmKAtKVe2zPcL53y38CdVJKoy55P3IiJqAPjwoy/Xb9wmCp/r3O7tUcqZj42NW7t+y6+//ZmHFLLg5OQYDh6K+XP1xtVrNp86vkM1pxRVq/5c/823S6+b7DCDggKaNW0wYdwI8eOtcj/xwcZNO377fXWf3s/1f77HgYMxGzZuO3Ag5srV6xERNd4aPjSqfoSQ1f7yy4r1G3fExcVXKB8aHV132GsDixXzecQpEARB/NO5lMizcuDmbFEozJA4x5UHyqLAYFItpGWZC/tGsl+PcBEH+fUuvNxY1ubzqpqE7rVY9RLKi8934vQNDqB3JCvhyfbHcwAVg9CkvHnRsfuSIgqMCEWobz6LkfWxcoNyzI6pMaat5tpMZGdHjG5p7nDODtnJkTlKXA21TM/CexuQY0ROOqatU/zZA71hTxGYmsWzDfDT0YqJIAgCAKoG5XU9ZKYHTa6O3N25ECuju2k89qayfeUBT8/CmhP57AIgIQnCZk+weB/q9Mk1JNNGi6r8QbrtwX+9V46/CycHvN4UNYLzv+Bnm+6YCUlKSm8e5Bhsd3grhS/cw73cMbgBm7uV36zGxQ2xjD9uJaFTdebnzlYfl4V9r0rXcHY1kT9fl+fIbMKfssGIwQ1QM7hwi9BbDzFxpcUD1c2n+ebTheqDIAiCIAiCIIjHCYkCCYIgiCcPB+cyIDMmPtwxJ9gyDkiMQdECSoxpPAUlwKjubxaemURpkjmEF6qETpUJcpMuUJIkZj4qz1Olpoj7Cj0/zhlkgElKHDCXTeO1EvZxzsFlU56wWa0oxItiZ5Z3EnFhUDoUOkTTEJSa3G3VN4VBZoxzs3IRzOohoAxxMpV+GCBzzmXOGVPP8BP2fCQIojCUKxs64/1xk6d86Orq0uW5dsJ778iREwDq148AsHHTjus3blWqVL5Tx9bC+U/dt0yZEAC//r4qMfHhV1/OatmisVXnXp4e/5s7Y9/+w2FVK7u5uUyZ+pEoDwwMKMjYTAJuuxw6dGzh97/8snS+EJypDHihp7o97+vFQv6l07kHBRV3cjIvc1xdXb784oNBg0du3rJz+BuDX3v1pUJ51AnTwRrVq3Tv1lEt1OvThSiwc+fWxYv7F7w3lcDAgBrVq5w6fU6vT9+6dZe2c0FWdvZ3C38GMOCFHpMnjizCIbQYDMbBL48UYs2lP/2xasX3ueOkbVItrNLbo14bO+598bJ9u+bvTx8PYMCAXv5+xdQ46fDwsE8+mqr2OWrkqwAWLf41pFTw4IF909LSFy3+efXqzapE7xG5cvWqVoWbAAAgAElEQVT694t/XbN2i16fnrs2J8fwxogJu3bt9/PzXbpkXpXKFc6euzBy9JRff/vzypXr38z/WOgCDx6K+X7xbzt27hV7pev1kybPWr5indpPTMyplwaNWLFsIWPs5VffFmcPwMX4qxfjr8adj1/43RztTxpBEMR/kJXH+bnbtqtyjJi53npNk6S3USj4bjdql0Jueyd7xN3lmdkAMLShxW8RqoxPe7e/ncof6OHhCgAZORCLyCWH5N1x2BzLhzRQmhlkbI2TD18x9xBdAR3C2LgVHECAF3zdzMdKz8a9RO7qZF5CCnsnP08GwMWR6zMBwJ7iUOaYsobrM9EpnHepQT6CBEEQhcbIwTkc87uCLtpnvu/8dgjj2rFG5VHM3fYKdPsF+ZeDEIrzd1rl07Xar6cLHthYl0DmOHoZZQIwsjnTORfoEVlapqlPN/SJtN3m4BV26joH4OOuPHnLNlrcQPdfRvVS7I0mbEOsDOCLndzNSRmshyv+t4MDiij/TiqmrDVLDz1dsSwG6dlySjoAfLEdYSXl4U0leydZn82/2cNbVEKtUkqLUH9MbicBOJvAP9vKAfSog3ZVJQDf7JOPXCrIOSAIgiAIgiAI4nFCn2EQBEEQTx5mU2xnYWFnMgm0m2iLAufY/o1oDQaZZTnATX9szIab9mVgeesWCw3X/KccmgEWEhzGmKlcqCrNlSapJSQLyY5k/W4qGkHNxEkQSBDPGL16dD50+Pg742e4ubm2ad0s7sJlIaiqXau6LMvzv/4ewPhxb4qE3OzsHHXH5KQUAI6OjnM/m55bESho1LBeo4b1AFy6fFVop4YO7T9m1GsFGVi+rqhly5b+/ddvK5QvY6/ByZOxCxYsBdC0afTsmZNy+7c1iIpctHDO4CGjvpi36PCR4x9/+G7BlXzMWhX92GjUqP6p0+cABAeXyF27ceP2xMSH7do2mzB+hFq4ecvO3XsOvTdtbGGtZFNT01RNm16f/tX8xbM/mFSQHSVJeq5z2z9WrDtwMAZAyVLBnp46AC7Ozl27tt974Mjq1ZsAVKtaWasydHZ2KlmqhLBX9PX1Tk3VBxYP6N6t/edfLCzUsO2RnW2IqF1Dr9evWbs1d+3KVet27doPYPCgfnUjwwHUq1vrzTcGTX/vswMHY3b9ta9tm+YADEZj9WqVT56KFWfm0znfAnh71CsNoutnZmXNnDU3NjYOwFujply/cSs8POydt4fVDA87fvz0hEmzABw8fGz7jt2iK4IgiP8sL9VnN5N5CW+L+9LkP7ksw9kR0zqbS99dzQ1GODrgveds38J0ToVQBAJYcZwD6BZhIdTTigKdHMzl28/znecsds8xYnccAOgzsfyYUrhkv8UaZ3JHVsLTvJK1GvektubfEF7/hRuM8HDD7C5mI/zXf5ENRuTm/F3cS+MHriqqwbUnkJwhv1iPdIEEQRCFIDWLj1/JOcfLjRFRyu4l9PIDHn/X/LJLbVTwZwByZOQYubvTIz26MppuOS72P2TrXgftq5qHt/2CvDIGfeuyhuVsHzo9mwu73JZVoTXQ1VK6GPd1R3RZJuay7oy86hjKBODtlpIIXxYhxRk5fPMZCM1isI91bkqon90xX7prfrp5NRFJ6dzfg6VmcYMMDxeL7xzP3cGv3MPZW+gf9Q94ZksQBEEQBEEQ/01IFEgQBEE8cRig1fsxZnYKtGpnu/wfQi7No2p/Zfbpy2N6Zl1gkZ5JSvZ34yalnxJxzDjAOFcOxBTMxxcOhqZP9pgsc4DJsIgQ1n7up4lv/ge/fQTxX2DalLdPnogd/tbkBd98cvXaDVFYu1aNXX/tvxh/dfDAvg2j64rClJRUsVGhfOiZ2DgrW748+Px/CwCElAp+c9igxzXsgAC/gADzRxYZWdkiFFi8vHUr4bU3xgF4rnObD2ZMtOfc1jC6rvBKPHAwZsBLw1et+N7NzfVxjbBotGjeaP7XP9SoXqV27epWVbIsf7vgx0qVys/+YLKQaYrs3eFvTQYQFBjwRiFPr6+vd98+XX797U/xUphEFpwXB/QSosC1azePGfWaegsY8EJPIQr8c82miRPe0p78zZt26nTuImna01MncqvXrd96Mf5qoQ5tk0oVy1aqWLZxoyibosATJ2KVLdlselE6pJTYOHbstFDyNYyu2zC6bnpGxsJFvwDw8/NdtGBOlSoVRLPZH0x+ruuLAK7fuNWze8dpU8eK2ZUrG3rj5u15Xy0GcOJkLIkCCYL4j+Pvwfw9rJchjhIX6YcBmmBcb3ckpnKDEf46xoCL9/j2C7xDNVbKuyiLn+RMHn8XIX5oVdlaMCFzRcrgJJmdyztWZ6V8UMILkoR5u3haBiSGsW1Zejbfdh4X7yj7urugWWXc1+NQvI2DFm2ZlpvF+6wXTbvj0LoqNwkQCYIg/tOsPSP/eQxOuWTiOSaZ9fy/4MBko6yowOfvRJPKsr2gdmETWNyL3U2xkHfvuigvO4L+9dG4fNGvvUbT5dxFI0OPuSGLQHlBoKdSAiDbwIQN4eJ9/G4a71ZTApCo5xkGuJrm6+HKekXymiWZI8P9NNsP2ZwY2ldlAO6n8asP+apjAHDlHib8KU/tyHxclcHM3swzcwDA2RHHr6FGCJ6rwYK9bM/356PywUvoHckalmXT1ssAnBzwYjSLKqO0X3mC746zeO73II0/SFO2lx7gHm5FPI0EQRAEQRAEQTxRSBRIEARBPHG4ktqbyzvPZJ2nqM8UizxmwwDpmbcJNMXsqo/HOBdaPFlmDNyca2xqxJnIEYb5ZBTdHIJBRDDn0cJurZAtmgYNreCPc5HurD35XH2HVPtBWTMVi4b0qRZBPGPodO5zPp3erefgoa+O0encAUTVj/Dz85331fcRETVGa4z9HialiI2KFcsdOny8gP2fPBm7cdNOAJMnjXRyfFILDX2aXt1OTkkd+urbiYkP+z/ffeKEt1T9nCznviqhe9cOv/3256nT565cvf7r76sGvdS3IIfjNi5whSYm5tS16zc9PXWubq7ae9ysmROKFfM9GnNSaP5E4anTsefOxV2Mvzrt3bePnTgtCg3ZOeMnfSC2//flwtDQkE4dWxVqDNOnjh3x5ss//7riy3nfF3b8TZs08PPzTUx8mJBw79ix02qOc80aVUW5Xp++Z+/B5s0aivJLl68ePHxs0Et9rJSX/v5+j0UUKPDy8rRZ3rZNM5ECHF7LnDft4uIiNhIfJmkbly0TIjY6d2ytKgIBVK5UTqdzF26aw14fqNU7Vq5UXmzcu//gcc2FIAji30qOjH2XuJHz4p5ITIVQP/jr2Pf7cTcFhy9xP09MagdPl8KtHLafg6MDetVmw3+VX2zAGpY1755jUBYv2qxDH1fW1HSNd5K4MBT8fh/uplh02zeSRZdlPx2xfet/XKLASR2Yn86ixIHBvWCxkgRBEP96GpZj5xN4kDcYw46zKObBIkJtNNt1jssmmeBf51GnNA8LtL6Q7rrIE5IQ6I2+kfh8m0VV84rSn8flJfv5gct8ZAvJqUgP5LINyoabs7lw/k6LNpYvzY/XtsbiuRpwYNh+AZtPWz/zXHakKE9B0zKwaB8f3YIBmLdbvqU4xaOEDy7dxdHLOHqZOzrY7llY2y7eyw9c4jcfwN0F73Zgfhpx/3M1WTl/lPSBJGHGWg7Ayx0jWigNdI74aEtBx/wYFtgEQRAEQRAEQRQYEgUSBEEQTwXrwCWLAF1hT6dIAy0e4rF/kvmc5eNHbi1k5BZCOcY1BoJ2uijgYYUFYF4jYrmKrXz+ZHHihWGgMDg02RxqJ8AlUxKy2hjgTObgyivOWdHdDgmCePKEhVUaPfKVz+Z+K9ROnTq2OnzkxKXL1zas/Ukre0pIUDxzqlapuGHjjnv3ErVefTaRZXnGrLkAmjSOqlyxfONmXadPHdO6VdPHPoW0tDSRgZudnTNy1LsX469OnjRywAs9N2zcdunSNT8/Xzc317iLl0VjJ2fz5zMODg7T3h3bo/cQAOfP27IAsoVen5FHbWZWdkE6MRiN4ybMENtCjml5iHTtyw8/mieaffzpfKuW6r7fLPixsKJAYYYnBlw7okYBmptxdHR4oV/3/325EMAfK9aqosCbN2+rqcR/rFinigL/WLEOQM+enQs7wkJh71bTpEn0kYObZC57e3kCMBiMe/Ye/HHpclGbnZVl0Ylk9wPAkiVLxMXZ+DkpGRwsNvRp6blrCYIgCIHBiE+3yXEJkDlaV2dB3vzsLQC4kcRvJnFVjefiyB3yXDtsOMMPX1PWOpfvK4U6FwyMRtUg5uXOF+/lZxP4y9GSelxBbpcpLc6OkCTu4YrO4QjyYnPsSxmyTR1Kj2mJ4+FcaBEkQRDEfwdfN/Z2S+UiGXNNzjLwPrWtf2O/8oBvPaNsVy/FXoqCao+nkpTJfz7Ida6Y0JZdyfVdHgeGVxrhf9sRl4Dxq+QZnZlb4aOEs0yiQA+NKHBBfwnAtPXyzQeQGGZ3Z+/8wfvUQ6tKttcdnauzOiEI8rRe3VxJxGdblXvTe12YT8Fs7l2dGACDjOOmr2JFV4C/SYlepQTCgm3vuPkM0jIBwNMNFYPwRhOms1Sr+7iyRuXUV8KRl4X6mNsYOQdw9T6GLrVQ/f1xFH8ctShRzxtBEARBEARBEE8BEgUSBEEQTwEGJbRWY0onHhxpP3xRHOm4JmjYJB1k7Nk3C8yFVtEoW0zVxmwe9WMh28nLnJvViKp2kEvMlCUs3hAmgZkkgAwwApxzk7WhxTukhAgzEY6svC1q/DAgMcZIEUgQzzhDBr+wdv02oXZq2KCezkO3/PcFgYEB2jYnTioBrBER4QCOHT/VpnWzvLv9Y+U6EduacOfewCEjExMfvjli0ldfzmrZorG22a1bCRs2bXd3c/Pz8y3a+NPSFJXewkU/Xb9+c8WyhdWqVQbg7eN9JjZu2/bd2saBgf7al9WrV+7cqdWatVtbt2pSwMMlJSfnUau1LcyDenVrrVy+yNXNJaRUSauA46tXr7dp308I/oQ6cPKkkTNmzl20YE6tWtUKOMgCkpj4cOXK9QAGvdinsPv26NZRiAKXr1g3btxwL08PAEt+XKY22LL1LyEezcjI/OXXVfXr1q5QvszjHX/B8fTUAXjwIGnZ8tU//LgsMfFhWFilwnbi4WEt3xQ4mt5Bg5E+ziIIgrAm7i4XsjyZ49xtVArC4Gjmp2O745W1yJnbOHZdaeznyaZ1zGfxcC0Rt0y34gyTrrtNVVYzmAF4KYp9vo0fjMe9VHl8G4kBRpPwIG9RIID3O0nqmPNolpKh1Drn1yFBEATxeIkojR1nsf8yjy5rca9YaMphd3XCm02Zg60byZc7ubMjpnUU4jYb1/kawVKgt3wnGSnp+HoPH9W80M+y0k1fENO52G3j68YcHfi+eLSysxxxdUQ5PxuH3hqnjLlSEGzmy++9zMv5265ylDC6FTudgCrFeY1gadM55dZYuzRaVLStTTx4WRaiwFcaFDHGRPgmBniyAfUB4MI9vuYEANQvD2Hou/Ikv3wXHq7wpaBhgiAIgiAIgniKkCiQIAiCeAowcCY0ZJoipujYhBbN1sM3JYGXcy7LuYz3nnHy9zh8ovm6yulSh6CeX85NFoWcMQZuI3hYHTrnPPdEuCnnWFUEmvKE84swJgji2UCW5ZQUxZ/nj5Xrhr8xxDtXDOuhQzEAyoSGlC8XCuCXX//MWxQoy/Kcud8CaNSwXpUqFf7afVCUa0OEl/+xbv36bUeOnmzZovGUiSNPnTkrylVf0oyMzIKMPzU1VWz06N5pQP/eqnKrQVRkg6jIpOSUmbM+X716E4Aa1at0aNfSavfZH0wZM2pYUIniBTkWgNSUNACnTp+rHNbIRq2+oF5x9kRpqh3gu5NGjZs4E0DlShVCSgXP+GDO779+K9n3sSssSckpI0ZOSkx8OGRwvyIo5IJKFG/dqsmWrX8B2LhxW+9eXR48SFq85Pfw8LCqVSr++tufANas2zx4YL/NW3bq9el9+nR5XCMvApmZWQsX/SxUjGNGvdqrV5eL8VdeGDCsUJ1IpHEnCIIoGJkGHL/B913iF+6YjfokhvHtWdliyrW0RkmlfOc5c4N3Wue/fni1CateQmn1+U5++obF2qR6Ceaj40l6XLqLTWfldlWlHLMo8PFcxs/fNXVIz1AJgiCeLi0rsx1n+R/HLUSBB67whCRlu38U7F3sHSRM7cR83PK6F1QriTvJAHDxTkGHpH02mWJav7o55fUM0N8T1xORbSyEuDzTgNPXlQ57R9pSBF7ii/dxAM2r8n51bFjZVg1iVYOUbyA/nVWN0QgA1UryqkHqGpYDKOWDqkFMeBDqM1E5V8ozQRAEQRAEQRBPFHqgRRAEQTxxGAMkmTMjFx5zXHyLlwkVGVdKIXEGzjmXhVEdAMjiIx2Jw2jSs3FJVhzsTE/iWN6f2nNuNtHjJp1cPvvk0ZWN6Sn9y+ASk8RhOIckQeO1xxSRHoNkeoYoZi/8EU3DUXwRAclk8GctB5FNfovqBMQBrIQjLFcMs+kkMIBzJgOMMw5AYg6ABMbU0yRzLssAl8G5mvBh6l8CYzI4Y5xxySQMFI2ZxBwlSeJKVjQ95iOIZ5Q/12xMSLgntr+c933L5o2tJGKZWVlHjp4EULVqhWLFfHQ69337D8dfulK+nF3jN0mSPvtk+pUr1zp1bOPh4W7IMcTFxbdu1SQystaGjdtEm9jYOD8/33lffNCqZRMAx0+eFuV9nn9Vn6YPDi5x7dpNUeLk5JTH+HMMBgDvjB1WvLi/Nnj32vWbP/+8YtiwQdPfHRN75ly7di1eHvyCm5t1zJKjo0PBFYEAHjxMEvrID2dNVgvTMzMGDR4JwJjzSF5x+w8cFTK7t0e9UiI4UBQyxtq1b7FgwdLfl63u26fro/SvcufOvcEvj7wYf/W5zm3eHvVa0Trp26erGO2PP63o3avLz7+sAPD6qy8VD/AXosDffls96KW+Py5drtO5tyqwF+NjJyk55fU3xsXEnNLp3J+E4SJBEAShsjVO3nAaKbYU8o4OUBWBInbQy51rWw5swIq5P4YlQ3gIdp0DgPt6qE5FIpj4EYUQC/ZwH3ecu6Wskvx0+e1g4n4av5n8z/pKG0EQxLNIoAcL9OZ3kvHbMd6nNgNwM1n+fq9SG+yL+qF2v0M1oU3+X6+KKMm2x3IAIcUKOiST9B0c7G4KF/e7vKlYHAlJWHOa9wgv6F1pzWkum24jszfw3IpDVYK/4ywcJOXk5MsvB/HLQTnvNjKHDY1hftxI5tVD0C2c2XQuFDzU81O3UT6AOT62L74RBEEQBEEQBJE/JAokCIIgnjgcmgdYWrGY2ShQ+NZJEiRmMrJTmshckb0JbZ0q7BMau2fJPpBxWLkhWsE5F6aIok2eY5dNn2CJDctOedE/3WJKcLOSK2yK/YVJ3CdqGGMAZ7kjiRVxIWMA4+rATNPSDPWJ2iASBFF0srKzv5y3SKjcrly9DmDcxJl//P6ds7NZh3c05qTYiIysBaBe3do7du79/ffVE8aPyKPnqPoRUfUjxPblq9cBlC0b+t2in+Z9tVgUDnyx95tvDBG5rgAMBuXTiB8W/W/nrr2TpnyoKvwqViiXx4EmTxwV4FdMSOhGjZnKZf7msMHh4WF+xXxXr928YdP2OZ+8t27NT9pdjEbj22On9ezRuVHDeoU9Y2JUoWVKabVlmZlZADp3avXyyy9YtS/4jSnh9t23x04DEBQU8OKLfU6cOKNWDejXY8GCpVOnf2IwGvs/36OwY85NRmbm7YR706eO6dO7S9Fk8QCio+oEBQUkJNyLi4vfd+DIosW/Vigf2rRJtCRJNapXOXX63JWr15f+/Mep0+deGTrAxdn50YddNGZ/+EVMzCkAH384hRSBBEEQT5QAnYUi0NkR3SKwMsaszNNSvST2XVC2m1SGavtkkPHW7/K0zixAV5Q7VFQZtuscB9C8IgDkGJUlYwENmR6k87tptqvcnHDquvm27uuOPZd4o3J2B5mehUUH5FM3kJaJSkGFnwlBEASRi54RmLcDW8/wkt6ICMHsjVDVcsObPupzp4rFlVtGpxoF7SpTc4O7nwoAbpbrntyPwxqVZ7vj+MZTvGUl5O1cqB5i6xllktEVUNqWYPHP48jMBoAQP3QIK+DYUSsUUXa+6PfrESTpIW7KBXc01Gfzref5XxeQko7oCrazjAX30/iXOyBzxFyTpyuZzgRBEARBEARBPA1IFEgQBEE8cbjMmZotywHGhO5MEclBKQaz0FIUWfD3NyoFJZifTlphNixk+YzQFDqitlHtA5VDPCqcQZx8xoTcUjmu6f3RojgfgknKg03OwMRUGJjJkVBijHEuMQZuMWxmNXiCIP52Vq3aIGwCF3732dhx78XEnIqLi9+0eWfnTq3VNt9997PY6NShNYAmTerv2Ll38ZLfh7/5sprVmzfnz18EUL5s6fr1IuZ9tVinc//sk2nNmjbQtsnJyRYbDg4O7du1zMkxjB33PoAB/XvWqVMzj849PNyNJhtTF2eXzVt2/rX7wNjRr738cv9Rbw2d/O5H/fq/vuCbT5o0jlJ3cXBwKF261JChoxtE1x379ut5hOdmZedYldSvW7tsudKDB/bVFrq6upw8vt2m7i0rOzvPc6OQkZH5+vDxiYkPAXz1xWxXFxdtbWBQwFvDh3z+xcL3Z8xJTHw44s0hRVbyCcqEhhzav8ExXxeLPHFwcBjwfI+PP/sagDBKfO3VgcJH9vl+3SZMmgVgxsy5AHp27/AoB3oUkpJSVq7aILYbFl4DShAEQRSK8JJSmQD5yj0AaFYFvSMkJwkrY2y7EImIRhEc3L+ueVlz8pacbYCnSxHvdBX8masTr1cOJb0lADlGZT3inGd8sMGI+Xvlc7eQnoUgH9tt+tVlyRmYu5UDaFoFN5Nx4a61KDDbiGM3ZOHYJMvYfxGebnizOcJLSq//ko8bE0EQBJEvtUpKYSXl2Jv4YR9f7opM03JtYAPm7/Goz5okhufrw18HNac+XzKzINwBK/rzDTkAoM/Cnku8vB+/XwadqttYtpXzY86OPNuABXv52Fb5Hygti4cGwElCaT9m0wJQ5lh2WLnFdAsvxA20ahDqhNh+rJiezU/e4gYju3yfFzDhNzGNj/wdAPw8WdVgfuI6xt423/hyTF6Ga05g2zlZn6k8L03WY9o6/nE3ek5IEARBEARBEE8JEgUSBEEQTwHOOBgkxjkY55wrVnRKnWKeJwuvOomZ0365jYyMZxyrp2sW+j/OlbhkpZibFHNM+1Vi8y5Mq5m08bxM2b2oShHTgaxkfCarPwYGpraxkGsCprhhLgGcccYYIDMbwybLQIJ4hsjMzPr8i+8ATJ74VqmSJXr26CQM1TZv2aWKAk+ciN23/zCAvn26+Ph4AWgYXVdUzf9m8di3h+V7lHPn44XuMLJurRLBgQu++aRs2dIhpYKtmmVlKeI5o9EIOHXs0Gr33kMtmjVo365l3v1/u2BptWqVB7zQE4CrmwsAPz/f3n26AujWteOsD7/U69PHT5y5c9sKYX+YlJyyYuW60SNfzcrMWrzk9249D78xbOAbrw9ycLChkMtIz7AqWfLDFzaHYc8JLzsrK+/xiylPmDQzNjYOwMIFn1WrVjl3m0ED++3dd/jI0ZNfzV984ODR4W8OaRAVmW/PefCIikBBly7thShQGBy2b9dCbLdr20KIAgE0algvNDTE5u4Gg2KsYTAabTYoFEajrNk2Ak4AEu7cUwuTH6a4BgWI7XPnFXOqjMz83yCB+iOqDpsgCILIzYhm7OvdvFN1VjUor1/75+yQ4+8q2zLHypO8e02l/cErkBhcH+EJ5Rd9zIsw1aTQyrpJn81jE/jZBCRnKGOIuQwvdwxsyAJ0+HizjVVnehaqBbGekbyEF2oGS1PWyj5uSlVCKt8ex0/eYImp5h2dHdGjDlpUpFhEgiCIx8nrjaXRy+QcI/SZSkmX2mho37e1UDQv5EW7lC9eaYKIEGn/ZeWJpcTwwz7uo8PQhqy0j+1R1SyNI5cQl4Cfj8rP18nniP46NrFNXrM7dUtWv5BcrUQhxr/5DDt61a5g/eJdyDI/fQMVg/jI5lJuv0Ajx/Eb8q4L5hJnR/SrxxqVYzeT+YoTLMgLDqbh3E/jhy8BQIAXapaymI6P2z/sSS9BEARBEARB/KMhUSBBEATx5DHbxzHL4lztLJ96McY4z8tXL7ceTmOA9zehHplZlih/y2qlySZRMjVlDHLuxF5NLxaTZYyBc0hisoV+GCpOnSzLjMmmZGamHoUxkYcsqyPnnDMGzjkXokAZjEkA40qisCzeP4lJTJm7/FhsDQmCeIx8NvfrxMSHTZtG93+hJ4BWLZtMnDQLwOYtO8XFE8D8b34Qjfv17S42QkNDRDjsdwt/rl8vQuvAZ5MdO3YD0Onc/f2KAbDXPiNT+UgnKyvbzc3VwcHh49lT8p1CVnb25i27aoUrmbDCYM/JydHL00Po3jq0b7ls+ZrExIexsXEiOvZS/NU//lg7eGC/8eOG69Mzli1fM++rxbGxF+Z8Ot3NzdWq/wcPk/IdQ97kqznLzMoaP2HGho07AMyaOUFNNJYtnWbd3Fznf/XRS4NGxMbGxcScGjR4ZHh42LDXBtarW9vd3c1O30+cgAC/jh1arlu/DcDrr76kCg3d3d0G9O/549LlAPr17Wpv96QkxSQqJTnFqure3USxkabXa8tTklPVbb0+Xacze1WmpJqrUlJSxbvp7m5+T0eOeXfMqNcdHR137znwxbxFovD06XPXrt+MOXqyfYeWLs7OSUnKSO7cNasJBbdu3xEb5+PitTJHfZoywtu374IgCOI/j6cLy9v3iANzd8ixNwGgbHFcvgsAG07yxuUh8oJjb8LNxe7uD9NxJ025RaZnc7VPe6iiQA9Tn/sv86UHufA53HgAACAASURBVFWisZ8H61WHC8OkuLs2+vNwg78HALStIokj3k02115JxI6z5oFIDK2qsW41mSMtgAiCIB43Nx5yq4d/sowcGU5/xyVX58zqlmYAdl1QbgEfdWezN+FuCv94M+9am3esZj2si/f5RWVhgR1nYTDKL9Z7pKFvj1M2Qv0hFeZxoJHz7Dy+nGW6GcbfhT6bO2uSjlOz+Kfb+M0HFs2bVkGfCEm8CyW9peFNLGrPJuDwJQ4gqizaVbUaJX15mCAIgiAIgiCeHiQKJAiCIJ48TPWfA+dM6E64JijXzk6MI59GRRD/qarBR4xitNO76rNngc1CbTW3NU9LdSM3nTIAYBJjTHEYNPVdlOnYOglaASdD7jPMlbeFc5kxxsGY0A4yMEgAB+dgVh6EBEH8/fz11/4fliwLKRU8e+Yk8f99by/Pzp1arVm7NSKihijZs/fQjp17ATRv1rBK5fLqvq8M7T/8rckARo5+d8PanwIDA+wdxWg0rl23Rei3unQb+O67o1WjQSvS9YonX1aBndsAbNq0Q69Pd3J2Ei+lXJ+BNGlcf9nyNTqde2XT+K9du2EwyOKKN/6d4es3bNPr03fs3Pvbsj8HvtjHane9Ph3AgwcP/1y9seCjApCQoOjDMtMz82iWkpo2fMTEAwdjAHw0e3KX59qpVbJJNa5e+b08Pb5fOHfqtI82btopTBxfff0dAGFhlepE1KwbGd62TfNCDfKx0Kd3l3Xrt+l07trBA+jZo/OPS5f7+fk2bdLA5o4HD8VcjL8qttes3dq0SQOhbuScb9q84/qNW0rVus2RkeFC7pmVnf3D0t/VHlav2dS3T1fxs2owGFesWKtWrVy1/pWhAyRJKlWyRHh42IkTsQBiYk49P2CYkKh+OGvyuAkzACQmPmzdto9O5962bfP09IyNG7eLHv7afTAtLV0NyN6+Y48IdwawfsO2Fs0bCwVkTo5hzbrNojwuLn7fgSNR9SJEhjJBEASRm+RM/uEm3EuFowNea4LwktLHW+W4BAD4YCOf1YXF3+eZOSiWK/pQXUgs2W9jTWGQbS9/ZA7ZZIHkYeozvCQWa3yRfHQYGM2qBZmXqOpvE0Iq0aEaa1EZJTwt+j95U5Y5HqRB5pAYosqwlcfxII0DqFmaDaxfxPjjPZd4WBCKuZM8giAIwgbZRiw6IB+9bF2+5gTWnZJrhqBZRXE9z4fH/sXhWyn8yj0AqFMWni7snTZ8zHIAWHUM3m68UTkmPM1lDnHX89GhTADELrvjEH9PHtqIlfLOZ+Q2b3WZBpxTVk5oWD5XdZ60r56Xne07K+WHegCY1pn5ulkc2dOFpWSYT2K54nilIfPTFfrmdV/PT97iZKlLEARBEARBEE8TEgUSBEEQTxyJSeDQ6vA0ikChKrMLYybRXIHJQymo2g4+EV1g3jPRNjQNwqLUQjlozhjWNFLjgpnJKdCsEizkWC0kiKbzoOmOMavIYPNRGJQkZGaeC2MMnElMErHImr3o8y2CeCa4dy9x5NtTdTr3b7/5uFgxH7W8a5cOa9ZuHTrkBQBxFy6PGDkZQJnQkNmzJml3b9micZnQkCtXr+v16e+Mf//bbz6xF567bPmai/FXg4ICoqLqrFq1cfCQUWFhlV54vnvdyFqhpUtpW6pOgR6eugLO4vatO9Pe+xRAMV8fe20aNqj30ezJdeqEqy6Ap06fvXL1urjme3i4jx716vsz5gBYuvQPK1GgwaDYJiQk3Pt2wY8FHJVpX0VukPjggb02t2/deWXYO3Fx8WFhlT79eGq5sqHaWm5yCuTcrFzw8fb6fM6M5SvWTpo8Wy2MjY2LjY3jsvy3iALrRtYKKRXct/dzVj6LVSqXj4io0TC6rpOT9Rrz+PEzg4eOEoJLwbbtu2tHth72+sDWLZv0f+lNbdWqVRtXrdr4xrCBgcUD3p32sbafae99+vGn8z/7ZNr1G7dmzJyrrZrz+YI5ny/4Zv5HzZo2mPvpe2+/M11EYwN4rnObN98YHFq61P37iR9/Oh9Ag+i6E8aPWLjopy/mfa/2oNenN2netV2bZlMmj27ZppeqCASwYeOOv3YfnPn+OGdn52FvTtAed9DgkUFBAbu2ryzi2SQIgvhXMH4Vd3Hi/p7MT8eNstmr7/wd/vl2nmNErVC8WI8J2dwrjdg7f3CZIy0Dby9XfHLTMq0XDmonA6JZpeLK9uL9XGQQ5xghFhufbZN93FHCG4GecHVi+y+bFzBqHrG7M+sRwZcdgZMDekba0EOYfG+x/xKvX8ZaCQHg6kO+aJ8yqt+Oyf0iJACvN8G8XXi5AascWMQlz+pT8poTkBhGtERBRC0EQRD/KY5ck7/fp9wOJAlNK6NeKFuwRxFkyzKOX8Xxq9zRgQd5o1IQqgehdDHm7WrjcmqQ7T4nvJvGv9nDg7xRwgsMOJBLgGiTeTsBwN0Fg6MkAN6urFkVvvMcAKw9iUblkGb64ltcAgK98W4HKSOHv7OCC+X6rYeYvoaHh+LNxnld/N/8VZYklC6GCsUR7A0/HbufhlUnoM4mumyB1HWFlUS65AoOBjCkIZu7lbs647UmBRJi5ibbiPfX8/Qs7LkoT2gr/S1GjwRBEARBEATxH4REgQRBEMQThzFIjBs5OJTID8bBOOdM2Mtx5R8mnPaY6Uu8MmfgnMuQOWRwrs0hFnI0C9laniI//nhs6yw+rMpHU8hFIi8zDVpk7Gq9/zi4BGZqyrmYk6YH2WSXCOELCHHSoP5nHoKFgJBpBqH8qx2qWRGYawrKBE2nVrxbDJDFm5b7CFwZvQQGSJLpPHOGIkgVCYJ4IsiyPHHyLL0+femSeVZCtEYN6+3fs7ZYMZ+jR08OfW2MXp9eoXzoN19/4uPtpW3m4ODw7rujBw8ZBeDAwZi+z78259PpZTSBqoI7d+599MlXAL756uMqVSp069Jh8pTZsbFxQtAWFBTQqEG9qKjI8PCwAH+/gAC/9u2aDx70vDYQ1grthf3CxcsvvzJaqMdKlgzWNsvJMScCWjnYXb12Y+WfG4XJnCjv2aPTgu+WJiTcCw21ECkCyDR5FoaFVVq5fFGBTzAA3LqV0LxVTwC3E6xTaAXr1m+dMvUjvT590Et9Ro58RTjhaTEYlFkYZdmqqmf3Tg2iIj+b+/WatVsB+Pn5/vjDF+XLlSnUCB8XkiR9Pf+j4BKBuatmfzDJ2/InR1CrVrWYw5vtdZhHVZ/eXexVDXihp72q4OCgX5bOv33rTnJKaqlSwar538tDXujdu4shxyB0sZUqDnnzjSE2e9i3e429zs/H7rFXRRAE8Z+leRW++wJOXrNYbzk64Pv9qBCIF+szf42ZkLcrG9kSn23lWuVftgH39VzbLCtH2fDTIchk2ufuAoCXLIZapcSaBYHeiLmKA/Gi3jyAED+LEbapIgV5yVUCJWdbQgcvk8o9/i6G/ypLDGCQGGQOcFgpSY5fY/0iAKBMMfZxN/OAj16Xrz5kOmdza/Fdg5QMbDonA0hUwufx1yXonGWjjDUnIHyk5m7lo1ojrKjiQoIgiH8TRo59l/jmszwhCeJu0iqMda7OxAX8w65Ye4ZvOGW+gxiMuPEANx5ge6zyjErniontWHEP80XVYD8z18MFocVwIB6HLNt4udndZeVJ+W4KXJ0xrRNTbyu9akt7LsgGIwI8+bpYnqbY4qOYB5vakTlJcHZgL0Zj8V7lNhHoDYnl803aT3tKm8/Km85AOOxaPdeMrmCWv+eN6ftr2HMRVxKtF5sqyaYvauVajwJAtSA2tg3K+TNHjZgv9g4/dJV7ubLcX+a+l6ZsHL+OjBwZwMkbSM8CgOuJmLFBntoht+8/QRAEQRAEQRCPHxIFEgRBEE8BzgAJHFyoyriQAqqpwkLfxpmkitRMwkAOxrks0qE4uDm71upxU4FyhFlud76iY7brA1N61XRt1s4x1RfQnPRrEtwx5VRYSva0mH34TP1xgDMuweR0KLKYOYOth4lMjf8t6LyZJrPYpGkEByw+PdP2Jcuy+VRIDMxy8pQgTBDPAD/9suKv3QcWLvisbmR47lpvb8+ff10x/b3PAHTs0PL96eNsqvQaRtcVWcPCqa5t+34fzprctYtZfpeenjH53Q/1+vRZMydUqVIBQFT9iDV/LtmwcduatVv37T+ckHBv+Yp1y1esU3cJCgqY8cEcfz8/Xx8vNzfXVL0+OSk1OSUlJTnlYVJKYuLDl4c8P/btYQAys7JeGjRCmLdF1Y+oVLGs6MHdzU0Ewn4xb2Fo6VLu7m7OTk6Sg4PBYMjKyrp1+85PP60QOsJ3xs+oVat6aOlSri4uUyaN+va7pcNzCcIyMpSPbgx5fGpUeJJTUmd8MHf16k1du7Z7degAK12mSnZ2tnL07JzctcHBQZ98NO3FAX2WLV/T9bl2f5ciUFChvO2jW5lB/r2UCA4sEWytXPTy9PibhkMQBPFvpm0VqW0VXErkH25UfW8R6I2JbZhNuUPVIDayFf63jWv1djsuoFct80sZcHZEVHlU0UjlBtSDSzRzdzbH/vaPlPpH4tQtef4uxT5Q0DXXrzw1g+1aEhVzZ4He/E6y6dBCC2irpbMjhttx6b2RhA0nbax90jKx/IhFic1mK4/zsLYkjiAI4j/NpUS+Phanril3h2IerHFF3q6q5Gh5/e5UTepYDXsv8bWnkJhqcUV1d0HHGijpY6EIBJBjNIWV5LrQujuxF+uxF+ri6z3y8avm8mg76629l/n6k/DWYXJ75qNxJXR2QN+6bP8lPqA+23NJEfBJDO+0hmqJ17AsS0rnG09jWFNWtQBme66OeK6G1Kk6lh6Wd8dZVAV6Y1BUQa32jKb74+0k3Eux20y9KefYeZJXqbj1mJ0dcDAeHq7cwdZTRz8PAEhKx8FLFiUAAK7P5sJCmCAIgiAIgiCIJwqJAgmCIIingYVPHWMmn0CLUrOYjDFmks1xTXZwbomZqmATG6o08DHnAlugCdItCppJMNU+sJAdKp6LzNIgUJv8W7AB5NNM9GbWGmqOxW16DTLGmPl9ZAU+FkEQT5Cs7Ow5c7/9Zv5HjRrWy117Pi5+ytQPT5yI1encJ098q1vXDnlcQyZNGLVv/1E1VvW9GZ9F1YsIKlFcBOMOGzEhNjbunbHDunfrqO7i5ubavVvH7t063rlzb/OWnRs37Thy9KRam5BwL8GOrx6ARQvnNIyuK7YdJEWa7Ofn+/bo19U2jRrXX7T4VwBfanJgbeLn51vM11dst2rZpFXLJrnbpJtEgfVsqSfzxsXFRQgWX3v1JW25wWB8ruuLUVF1Nqz7yZ4cUJCRoeQpZ2Zl2WtTs0bVmjWqFnZsBEEQBPEUKOfHutfhQgBXMQiv5xmJWC2IfdITPx7mx64oJecSLL7jNKuLjWDB3MG+ghrB0lst+CdbFAXGwAasZnDh1muT20sHr/CrD/j9NGTkwGCEQYbRyMS30xwYnB15heLoHWE37rBDNalJBW5vhARBEEQeXEvic7bytEy4u6BmaUSWRnhJydXR7rMyBjQqxxqVwz09tp7nhy8jNQMApnWyEQEvgmsB+OpQL9R2hw4MbzSW3rgpZxsgMXSpjfCSNi73Vx7wxXt51WCMaGYtVQTQtAJrWoEB6F4TCSn82BX0qgs/ncURO1aTOlYr6GkRSAwv1pMOxMtC++7kgGql8GK9Qjz3zDQoT+d6RaJFRbtSwndWyg/1AGC0ayZoTQV/Nr9f0W58dLskCIIgrLmVmhDsGfR3j4IgCOJfCIkCCYIgiKeBLCRlIiwXnAsTO4smyvMg2cLzjzMlZNhSXabZNmnj/rHis/yeg1kJdLQ6O9UF0OpZIGOSqYFs6zGhvUMy7YaaW2x6zxjLL9kEKOjXlAmCeGq4ODvv/Wu1m5urVfm58/HfLfxxzdqtfn6+kye+1bNH59xtrPD19f7y8w/69X+9ebOG48e9GVq6lLj6nI+LHzRkZHCJwN9/+TY8PMzmvoGBAQP69xrQv5csyzdu3o6Pv3L+/MX4S1dv3Uq4f//hvfuJws9PpVvX9qoiEICTk+OaVUvOnrsQWSfc1dUcvFu/bsQ7Y4f99deBmzcT0jMyMjOzRD86nburq4uTk6OHzj0oKDAsrPLggX09PXV5TzCweMCYUa/WqVMrIqJG3i1z4+fne+bkLkdH61RCR0eHFcsW+fn55tuDWRSYaVcUSBAEQRDPMm2rSB7OvEqgtQbCJp4ubFgjxhvhdgq//pCX87fYxZ72zh6VA1nDStzXDc0qMm/XQksNXB3RtIJtX0MT+fTpJNnVLBIEQRB54+mC9tVRN9S2pC8PAnSsXwTrF4HkTJ5lsHsdjghBhQCU9M7n1jIgit1KQbsqUC1prfB1R/8oRfmXN8MaSQnhPMjzsd0XXohiD/S8UgCrXPis+Rwjd3JAhUCE56mYDyuJ20moXxalvOl2RhAE8eyy+8r+hNQ72hIGdApr7+rgYn8nhWw5Z03sessP4ODn7tuifNMnMNICkSMbLt6PP33n7MmbJzJyMj7pPPvvGglBEMS/GBIFEgRBEE8HxoUMkHGZy7LMHZiDEjCraQMwWZZN8cGcy1zx/+McnHPORa2VKPAfrAjMRUGmIySS3CgzSQno4NAGL8Nyo4DHVf9Wd+QMkLlWhajt3OwUaDZo5ACXTCHRj+qpSBDE4yK32m/xkt9mzf6iXdtmX/5vZuPGUa4u+T82EkRE1Diwd523t6ckaT9QYdOnjmnVsklBXFolSSodUrJ0SMnmzRpaVeXkGLKysrOzs3Oyc3yKeVvV+vn55jY7dHR0GDLo+SGDni/g+PPG1dVl6NABRd49tyJQUBBFIACD0SgilSPrFNqnkCCI/yYlSvj/3UMgCGsalivkMgQI9mLBXo9h0TCwHn1DiSCKAt1NiL8dXzfWpsoj3QjyloN7urCCJNVGlcmnjbcra1qhoEN6jIpAET1c5AdsL0RKL0Tm34xuowRBEP8InBycsg1Zp26dMsgGtdDHzadVhWb57nvg6uH9l/drSyoXrxLoUfzJjDR/riff/PyvL/6uoxMEQfx3IFEgQRAE8RRgAOMcjInoWwiXO3vqERuaOK7RpuWyCfw7zAIfi+BN1dVJ2lkUOPvYLANkjIEpYhTteWBMVajwgiX5SpqTqSYF5w4m1mYKawbMFW0hIFFwMEE8y3Tp3K5b1w7eXp5F2NfX11quV7lSucqVyj36qJycHJ2cHAH3R+/qn0jnTm2qVK5YK7yaPXEhQRAEQRAEQRAEQRAEQRD/WaJCIqNCIlOqdXhv00y1cOeFnS3KN5FYPvLu7Rd2aF8+X6dfRPDf+c3kEO+S77efduj60TWn1wDId/wEQRBE0aDLK0EQBPHEMenRFIc7mYMzNZ7W7i4qLJejoNKGc9mEkKapFH2oGtSXRe5N2+1j08hxgGss+7ipUOYs1x/tbNSJcEs0XUvKydbAuFWfYDKHrGlgPuc2TzsZBRLEs4ivr3fRFIHEk8PbyzOyTk1SBBIEQRAEQRAEQRAEQRAEYQ8vZ89i7n7qy0xD5qEbMXnvEnv3XFpWqrakUkCB/W+fGG6OruHB1f/uURAEQfzL+ec5Bbo4O7u4ONusysrKzsrOfuojIgiCIPKFg0GJmmSMm0SCnAFmnzlL0ZyaSKvUcaatK6zAjtsWp+XdkVZFZ+mTp+nXsmeLDkUULzf7Gwqdob3R5T0nbuOlojRkiuBQztWDJthXGYu5Cedce94Vg0CzAaDyHnCLgzOY3ghro0chVWQSIIl9SQ1IEARBEARBEARBEARBEARBEATxeHF3dnuQbn655dzWqJC80uK3nN9mVeLhpHtSgysMzpKi+iCnQIIgiCfEP08UWCcirEF0HZtV+/Yf3Xfg+FMfEUEQBJEPHDIYB2OMGbkMCUzmwuOOc0WuBjAwJpJwNVo6jWOfSBBmJu2bfaEebJYzxrj99oVHNcaz6FDWiPckTcCuksZrUstpU49FJ1yZfQGc9SwbcHDGhaEfsylxFOI/xhi4ku5rlgbminAWwkChMuTKG2QpczSL/ZiVHJJxLjGZgQNGDjDuYLIxJHkgQRAEQRAEQRAEQRAEQRAEQRDEY8NRcjTIBgDJmUmxd8+FFa9is9nttITrSdcdJcfSvqGXEuOf+jAJgiCIvxPSXD9DMOkf83YEB5dwcnKyV8skadTYtwIC/J/uoAiCePZhlioyWOnNAM6Y6gioZN5aOvaZdGuFzfYtvCytoPLBPFpZKv8eSwxxnkfn5qBmS0TOMrccg8hchq1RMXNvNjuzOxHGuEbZSFpAgiAIgiAIgiAIgiAIgiAIgiCIx0+zik3V7U3ntthrtv3CTgBRZaOcHW2HMdpEzifdSiHLaE5xlLmcacwqyF4ZhsxMY4HiHzn4w8zk22kJBm4sSHuCIAjCin+eU+Czz8uvDdm2efvlS5cLu+OwN1+LrFfn3Nnz69esP3XytFXtlOmTgkoEbd6wZe3qdUZjPre9qOj6yUnJZ8+eK+wYCsjQ114uV77coYOHf/h+SVpqmlVtt+7P1YmsE1En4uD+Q9/OX5BNmc4E8Z+HFVgSp+gAmcyFZpDLlso/zrXegaaiPAR8jP3N4jTTOO1p7B79AODgJgGimlBsrRa0eQ7sleehCFT+4RyMWZ15dZvEgARBEARBEARBEARBEARBEARBEE+O6ND6Oy/sEmaBN5NvXk++GeJd0qqNPif92I3jAJqXb7LsxMq8O0zMeLAlbseNh9fvpt2Vuezt6hPsHRwVWrdaYFVtMw4en3jl6M1jp26erFi84kt1Xjhz5+zBa4fj7sYZZEMJrxIdqrarWrxy7v5vpdxed3bT1QdXMg2ZAPx0/g3KRtsbzK2U2ytPrb78wKy48HEr9lz1DjWDqqsNfj2+zGqv8v7lu4R1FNs/H1+WkHJbbBdzLzYwsn/e0ycIgvhX8uyKAsuGlqxXt6a2ZPuug/fuPTh95uL16wk2d0lOSQMQEFCsRdP62vJDh09evnrziY62TmRE5y6dPvzgo4yMzCZNGzdr3vTBgwcLv1544sSpgndSKiTYycmpRs3qVapWHtR/iFVtSEhpd51br749u/boMnjAy3nLaxo2blC7Tu3k5OSFXy+KiTlW2OmUKhV848atPBp8NPuT/82bG90wKqpB/fVrN/yy9FdtbfuO7YU6JKpB/YcPH/605OfCDoAgiH8ZXBHzySYdGlPkZZxrM20FDDI441zmiiJQFh2YHe9MusACmfkxjfMgYzyX1o1ZGRg+PmRZZibRHgfnkK3GrF7JGaxjfAuLpWciU6ekJiazvC3+NP0oI2S2PQeVvxnjHIwx8xQ454DRaORGmTKDCYIgCIIgCIIgCIIgCIIgCIIgnhxOklPj8o13XNghXm48t2Vo/YFWbXZf3gugeonq3i5eefd26EbM8uPLZS5XCaxaJyTiduqd07dOnb0Te/ZObPUS1XuH93B3cgNwKuHMT0d/EUpE8UHYz8d/i7luViPcTrn9/aEfxrYYFeAeoO3/ZMLppUd+lrlcp3SdGkHVOOebzm1Zc3qNqJWYRaDimTtnvz/0A4DwkuHtqrR2YA5rzqw/dfvUksNL+0X0rVOyFgB/D/96peutOrVK3at9WPtawTXUl60rNV9xcvWFe3GOkmPbyq0LeXYJgiD+JTy7ebXuOreQkGDtH1dnZwApqWnXbybY/JOSmgbA1dnZakd3nduTG2fjpo2++PrzUWNHVqhUYcToEQCEjZ+3l3d4RK2BQ14seIpuMT8/ce+cMn6KVZWLq6s6ix1bd+Sr6/j0ozmX4i97e3uPHjfqxYGFk72/NPjFWZ/MqhleI482GekZH8/+RKhbOnbuEBFRW61q3qKZm7sbAKPB+P13i0kRSBCEFYrkTAgBTYUayaBQCirbikyQg2k86gqew6sVBBbQ6txydwssK/PpTVFBymJesra9rd6KDgeXZZnLsqI85JyBM86F9JJpIoytzpv9MeRtaigCgjlj3CTclAGZQ+aQZVk2ykU40wRBEARBEARBEARBEARBEARBEEQhaFa+sSqnO3/3XGLGA22tkct/XdwNoE2llnn3s+/qwd+P/S5zuWmFpi/Xe6l5+SbP1+o1ruUYZwdnAKdvn/5q7zfCdKO0b0jHah1dHV3FjmcSzsRcP1a7VK0h9QcNqT9IlMtc/vP0em3/JxNOLzm8VOZyx7AO/cJ7VQ8MqxFUbXSzt4I8g3IPxsCNPx75SWz3rdUrwN2/mJvvgDr9xExXnfpTVDlLTo3KRDWtYM5QjixV28+tmPoywN0/0LM4gA5hHazMDgmCIP47PLtOgbmpFlYhpHSJfJt5eeiewmB0Hrp27du1btvSw9NDLaxRs7qfv58sywBu3bp5YN+BKdMnt2rT6u6de0sWLzkecyLvPt3d3QEs/+2P3C59dSIV1d2N6zeXLF5akBF++MFHX3/3FWOsTfs2G9ZtTM/IqFCxQkpySlpqah5qjYiIWq3btgIw+p1R49+ekJBwx17LuPMX0tLSPDw8ANSoVUP1I+zRuzsAg8Hw/rsz4uMvFWSoxNPHydmJgWdnGwrY3tnZEUDB2xNEnjDGbMjGuJIdbJYDwuQRyLlRCNpk2RwcrNrUaTdy92lR9JjN6+yn7z5dlMxljc7flCOMwhsQcsW/0d6BLOasNmMQ2kTOGHtE00OCIAiCIAiCIAiCIAiCIAiCIAgiH3RO7hEhdY5cOyxebonb0Te8h1p79ObxbGN2iE9IsFdeEovU7DShtHNzcmuncdTzdvF6tcErX+z+EkBCasLuy/ualG3o7eLVuEy0Plu/9fxW4fA3sN6LYcWriF3aVGmz+vRqALeTb6v9GLn8x4mVIi+4efkmarkE1iGs3aKDi63Gk5h+X3UidJQclMZM8nTxSs5MysjJSM5K9XbxFOVtK7fae2mvaL8j/q+uYZ20XR27cUxiUr3SkYU8rwRBEP8e/kmiwOrV/rbwXwAAIABJREFUbWTPP2V8i/l26NS+Xv26fv5+amFaatqpk6ePxRw7ceykXq83GmS4ICfHGHf+wuKFPwx6eWDxwIAx496e9M7kq1ev2es5JKQUYyw5OXn1qjUAdDpdUImg+IvxojaijiIKXLl8hXavqe9NuRB34WfL9F6BPk2fcDuhRHAJAOUrlE96+HDMuNEF96ZydHQcOWbk+DETrMpfH/5a3Lm4bVu2Azi0/1CL1i0A7Ny2U9TWigj38fWRZXnmtA/i4y85ODjM/HDGyeMnbI6Q+Btp2iiyXNmQ35dvSEpOzbexj7dn757tL1++sWX7vqcyOuI/ATPL1rRwrgnCNeUJy1yWZZmrEbjmyFqTAV7eFzfGGBc6uccwcDm3yS6HhYguTwc+28rEIqsLufaEWU+PAzZPcp69QeZ29lJcG02iP63voGqKaORGxiSKDyYIgiAIgiAIgiAIgiAIgiAIgnjStK7UXBUFxlw/2jmsvc7JXbzcFrcdQJvKrfLuYe3ZDTKXAdQNreskWahHQn1KhfiEXE+6DmDtmXWNykQLuz5vV2/RwE/nryoCAVTwKys2kjOTODgDA/DXpT36bD2AZhpXP0GQZ2Du8QTqAv11Aff19wI9A5nmsyZnR2exoc9KU0WBzpoM5X2X9rWv3MbFQWl25eF1fba+eonqrqYSgiCI/yD/JFHg386sj2eGlA6RZTk1NTX2dOz5cxe69niOMbZ54+YVy81x9UajAUBOTjaAbVu216odXrtObQD9X3p+5nuzrfrs179vdIPohd98FxgUCGDJoiWifPrMqYFBgfO/mL9v7wGh6hOBvBkZmWqwb7MWTStWrlixcsVqNapPmzw9JyfHqvOjR2I6PddRluUjR44acgzzPv8qoHhA3Pm45KRkbbPxU8b5+/unpaVNmzRdW56ckpL7JJQrV7Zhowat27Y+dfKU5OAAICkpuVHTRo0AANENogBcvHCxXnS9etH1wmvVDC4ZXCqkZP3o+uPHTsxIz3iU8088Rg4cPBESUqJPrw6/L9/wMMnGG63i6+PVu2d7g8Gw//DxpzhA4l8HB8BlLktGDsYZAMYZk7gpL5grIbca4R6XATAlVhjgMjf9JTG1U865JJwCtVI8U2auemgw8a9sSyHHmMyUcil/JZuVIlAI8sReprUJN0/Z7ID4f/buO86Oq7z/+POc27fvqjdLlqzm3it2wL1gcDAlkEAgpoMhQCCEX0ISwo9OKAGCHWN6AGMDobngin/BvciWVS1ZsmRLlrSq2/feeX5/nJm5c+/eXe2uVpa0/rxt5HNnzpw5M/f1ktFrv34eKcfk/MdkqE7D/sKJdcyJmGjNSJ8ml4ojgepflKqYmDkVVScipqL+Bafi7yHxrlXELIgymioiQVQOUMNvxuK7Bj5mGJhoZfYxsCieGJiUoqsDkoEAAAAAAAAAAAD7yYRC26Ipi1e8sNz37b17zb2XLbpIRNZuX9feua0537J48l7qLq3Z+owfTKqfOPDs6XNO3/D4Br/41q6tU+qnDFEVYkoi5Bf/5O7hDY/4I3MnzK6aH7chrvLxcz/S3t3eGvUC3tq19d5n7m/v3OY/9pUqWtu9fN7Z9zx9T2BBYMF96x94+dyz/fH7nn1ARM46/MyhHx8AxjdCgSNwzTevbd++fc/ucmW1y6+4LJ2ufof9/UUf4PMfv/H1//z2dd/MZDLPrF03cM1MOt02ofWjn/ioj/S99aq3vvWqt6bT6UJdQUTec/V7du7atWzp8ra2NhFJpVMf+8RHBy4ye85hCxcuWLr0qarjN93wiyAI7rr9rmJ/UUTuv++Bms9V6i/6lMgQzYJjxWK/iMycNaO5uUlE9uzek3LuZWef1djU6J96z+4906ZNmzZtmu9R669qam5qbmoiFHjw6Ojs+tkNN7/uyove8PrLfn7j79u376o5bUJb8+tee2lPT+/Pb7y5k68P+8an0Mw0ah8caBSwU4kTdQNCcCYWWIKflTxf40Y1y/XVzteFJ4abXatZBTBqXixiQ5QJHOqUXybahmnN/USde5MdfH0Uz2ce496+5vOQfhQuKCpiPj5pphXhRXNh5b9ywcP49lpxf1MNX6P6JsOVb0HMTLQcdgxfLLlAAAAAAAAAAACA/eKihef7UKCI3Lvm3gsXnJdx6T+sulNEzl943tDXBmI7u7f78YS6toETjpq66OfR+Lldm30ocDA1fyDU3tnuB62F1r0/TGRCYYKIPLF56R2r7npu13MNuUZfznCg+kzdSYed9ND6h3xxxHPmvsyJBhYs2fh4IVOYP2Hu8G8KAOMPocARWLdu/XCmFYtFEfFV9ESkt6fns//2uXNefs5tt97+71//8hc+88XNmzfHk3t6e32q46H7H0wucubZZ/nGxHt27Tn9jNNS6VQQBO95+/s6OzvjOUcevfgT//QPIvL97/xgYCJQRPr7+2/4yc8HHt8XpVIgIlte2PrhD3wkefz6H16XzWbvvvPu737n+/HBCy+58C1v/SsRef+7PpDcOQ4GXd3dP7vp5te/5uI3vPbSG266dVv79qoJEye0vf7Kizq7u2+46Zburp4DtE2ME6qq4kSdL4kXBEExKKZMTUXFOZdI8gUWp82SnYJlQL294atqN1xxarRLVSp3MY7/yyfV2lsdZAV/3Co/h69CRUTcYJlCS/wabcP5MJ6JOV+VsBRY4q2KU1V1on7DEoipJYKGAx4vunVi1iAPFf+RbJBkIwAAAAAAAAAAAMbKrOYZM1tmbty5UUSKQfG+9Q8ePW3x6q2rsqnsKbNOHPpa39jXKwbFgRMaMvXxeGtUq2/49vR1xMsGg/yATER8V+Kk1e1rb1zyi/bObRPqJ77t1L8+asriz9/171s7ttS8/IL55/pQYHd/9+PPP3Hi9OOWbVlRDIpnzzt7pBsGgHGGUODY8zX/0lEoUERWrVy9du0zX/3GV1pamj/1mX+9+r0f7O0JI1a9Pb0+R/itb1yTXOSMl52pqv/5jW9v2LDx6g+9X0QeeeiRqlxdJhV+fRs3bBy4jVQq9Y1vf/2FzS/8+5e+tntX7TpwY84GCdiQCDw49XT33nDjzVdeedEbXnfJz39xy5Yt7fGpyZMnvO41F+/avefGX9zS09N3QLeJ8UFFNcyWmYpIEARigToVC6LGtmEZPAvjgFE8zaxGTm3/q5ne21u1vxozB0sBDmMHcRXFoW4aJRHjDGLF5CAIRMSC5H8+FZYENF+6MezgrBW/hyd+N4+TjhVVAysfKvzWEpdHuyAYCAAAAAAAAAAAsB9dtPCC7zzwXT++Y9UdWzq2iMjZR5yd1tTQF9Zl6uJxe9eOmnMKmUJ3f7eItORbRrqxrv5ySGB71/bpjVOHc9X/W3f/r578lYjMn7TgqlPfknZ7ybS0FVqPnHrkss3LROQPK+84cfpx9617UETOmHPqSDcMAOMMocDh+rfP/uusw2YVi8WgVE5C+N7BV1x5xcWXXhIfzBdyIjL3iLnXXl/O+WWy6UwmIyJ19YV/+pdP/OPHP+mPB0HtOrexSZMmTp8x3cyuv+57Vafi5rzd3WFf10svu+T4E4/r6+srlYJpM6Y2NjU2NjX+x7e+evV7//bFyQVSGOqQ09Pbd+NNt1x5xUWvv/KSG39xy+YXtonI1CkTX/uai3fs2HXjL27t7SMRiDERVq7z0cC4Zl2ce9OwCJ2aiQWBzwVKUC4VOPpo3SErkcIbtMFxXGExKjSoyePl/sLhImISiIiaExNzQdRIWJyImQVmLp5auU4VG5ACj26TqHdIsUAAAAAAAAAAAID9bPHkhS2FNt8IuLOv8/519zt15xx+1l4vTKlryjfv7tklIht31ahDJCL9pX4/mNE0baQbm1A3MR6vbV83nFDgc7uf94nAhlzjO09/2zB/1HTRwvN9KHBrx5blW1au3LJiZsvMtvwIGhYDwLh0yIQCf/O7O7s6u4c5ua6+cPll547tBr727//xtx/5QHt7+wubXghKYZLvsldfpqprn167YtmKeOaZZ5/VNqG1t6f3zj/cUXOprdtGUFn3TW9+o4g8/OAje3bvqTqVToehwK6uLj9YvWr1G9/8F8Vicfeu3bl8zh9cs2bNmCcCJ0+Z9KOf/WDg8fMuPO+8C88b23thf+vt7f/5L299zasveN1rLr7pV7eJypWvvnBr+46bfnVbf1//gd4dxgkVVVFRUXViknKa1rQL0qYVaTefYAv75loQ9g82syA4SEKByU7EyS3VaExcVUtvyP37Un9+TriyHzufilSNyiYOLEBY7ry81z8XaVQWUExFLWoVHFVwlOri7BVbHE6v5WhGuBkigQAAAAAAAAAAAGPJp/R6Sj11mUJ88KJF5//ssRvijyfMOqE+UQVwCNOapvlQ4JKNS15/7JWpyk6+fUF/3P93auPkkW41ran6bL1vUvzHNfe+bM7pe73k7jX3+sEx048ZfvGJGU3TD2ud/eyO9SLiiyaeMeeMke4WAMafQyYUuGnT1t17OoY5uamxYcw3sG3rtri8X+ziV16cTqefWPLEL278VXxw4uRJp595Wl9/309/Ev5792P/8HeTJk/6l3/81Ei76LqUO+GkE7q7uptbmv7PJz/+uf/7xVKpFJ+NKwV2RZUCV69++i1veptvE3nFa1712je81sw+9clPj/ahB7Vr167P/dvnk0c+9dl/zWQyjz3y2A0/+Xl88KyXnfnKK1455nfHmOvv67/pl7f9+avPf+1rLhKRzZu3/eJ//lAsFg/0vjB+OOdEXVT8znyLc6cuGNAYOEwBRoXn4kSgJeNrBwHfUXevc6oGw5nsaXjMv4TAx+xU1ML8YHkPw9nJANH3MLzrfL5vWKlMlWFOBAAAAAAAAAAAwEh19/eIyO7ujmQlvJNmHP/rpb/xfX5F5Pz5r6i6qre/Jx73B8VM1JP3kkUXrNyyQkSKQXHJpidPnH5c8qonNi31g3OOOCdu4zvYz4ECq9Ej8aTDTvrj038Uke1d7fc9+9AZh50Sn3p2Z1ibsKfYE4g5URFp79zuD+7uLpc96i317ejaHm2+dlGbixddcO191/mxU3fCjGMH2SYAvIQcMqHAk048avhtTHPZ7H7eTm3ZbPbPXn5OR8ceEcnn8/5gS0vLMccdo6pf/8+v/tPHP/n885uGv+Arzn1FOp3+/Ke/MHfe3De++S++8e2vf+wjH49LBhaiW3R3lWso2t76EY+J3p6+DRsqCgj75Ep7e3vy+PadO1+EzWBMFIvFX/7qD5de8mci8vub7ykm4qfAvlPVsFRg2MS2+qwfhNk/C5vTmgVm5USgJS6NL6lZoi8u41d9NlFeL7p3xWaSLXH3+p8fVVUNrKodOFgWcK8BwSjkZz6zFz27fy/+jIpq1K3Xws36aow1aZzo0+iFaPL5zCr+lKbhqwg/RGUFy9u2in/EzYQDv8HwLR4s6U0AAAAAAAAAAIBxorO/yxf2W93+9JzWWfFxp+7cBef+7qnfici8ifMnJfr2etu7dsTj9q72qQ1T/Hhm84wzDj/jvmfuE5EbH7/p8LbZrfkWfyoQu3v1PSKST+cvXnhBfHl3f9jGsKO3otXhnr5yjaf27vZJdZNE5MIF59//zP19pT4RuWnJTf2l/lMPOymfyj3d/swNj98Yz795xW2Ht81eMGl+ISp/+NTmp25ZdfvRUxY/u3Pj3U//MS5Y+MSmpfWZwrau9mOnHp28+4KJR0yon9jeuU1EjptxbNZlRvuOAWD8OIRCgUcPY9aBUV9Xf+XrrjzjrNOmTJ3Ssafj3nvuFZFMJvzXzFXvfJsPYRSLRedqpyQymcwnP/WPySP+kiMWzLv7rnuWL1+xfPmKP3/dFY1NjV/8yuff8/b3+YxILgoFlg6a/NZgGZpcPt/b01PzFA4exVLp17+980DvAuOUqvMdhMX/IcIfSKbzxJfB8zk49fnAoCSJuJqGqT1LNMwVq+ifGxqseF4yQSeqA9N5ySPDT7WZBQMr9o283XHlDTXqpGyVqUWJE4MDd1hjy2FUcZDmwuU4ppj/E6NEb6Fc1FEsTPlp3GjYtJymtCisaSKmPv5JsUAAAAAAAAAAAICx0xf0b9ix8ddP/dZ/vGPlHRPq2hZNWhA3ET5z9mm3Lr+1GBQvXHhe8sLt3Tse3PDIrp5yNZ+fPXbja469YlrT1LSmROSViy/Zsmfbmm2r+0p9//m///WmE/9iduvM3lLfz5f8YvOezfl0/h1nvD3O2LV3b3/o2Uf8uLu/e8XW1YsmzfdpxZtX/CG+xR/X3veqIy/NuHQ+lf3rU978nQe+6+sI/nrpr3+99NdOXWCBS7Qqvmv1XY/mWz5wzvtOnnWCr1woIrevvP32lbeLyMyWmbNaj1vy3BIRue+ZP933zJ9ePv/lVaFAEblw4QU/efQnInLmnDPH9N0DwKHqkAkFHoRmzZrpnBORiy67SES2bt36za996/77Hjj66KMuvfxS51xLS0tzc9PxJx4vIp2dnX/7/g8nS/olmVlDQ42Wx9d889onljzpxw/e9+A5rzinoaHhoksuuOX3t4lIPp8bZlfKMZRKORFpbWv5h3/8++TxdDotIieecuLUaVPjgxMnTvCD5qbGLYQCgZcwnwn05e7CUnVWnVGLqwX6jF/yNzdVTZYJTB5PVL8b3c5Gf+lAo+rku5cF/T8TR8pnK+816L8Lhr8lrfhHXO+v9uUDKyMmlwmDiPG+KBwIAAAAAAAAAAAwWl+48ys7u7fHH4tB8b8f+YmIfPrSf82nciKSS2XPnHvmsk3L57XNiaf9z7Lf3bvm3qqlNuzc8LU//kdb3YRPnPdRf+F7zrjq3nX3/Wbpb7Z3tX/j/33Th/ZEZHbbnLed+uaGTL2/8InNS3/w0I+SS113/3emNE65+uz3/fMtn0oev++ZPz20/sHPXfZpEVk4af5Hz/3Q9Q/8cGvHlnjC/EkLXnX0pV++66v5dP7kw04+bfbJ0xqmisgJ0497oWOrzwKKSDaVPX/hea+Yd86Wzi3r2tfv6tmZdunT5px26aKLBr6iBZPmiUhDrvHw1sP27WUDwDhBKHDEjjxq8YUXX3jU0UcW6sLQffu29mu+de2yp5b7j6ufXuMHp5x68mte9+c+NvF//+UzgyUCfRHBj33448kjP/zp96tiHOvXP+sH57z8z3wosL6hXkSC0ovRLziWSqVFJJVK1dXXJY/73Rby+eTxTDbnB8GLm1wEcLBxvqqfmUjgq9D5prQDZ1a1qfW9g4eItUWl6Q4Jo/idsEY1w6iL8MGovLGDdIMAAAAAAAAAAACHnn88/2N7nfOqxZe+avGlySOvPvKyVx952XDWP3vOGWfOPm3T7s3P7tywp6/jsOaZh7XOqs9URAKOnXr0ly7/XM3LBzvuTaqb9Pev+HBPqW/T7s0pdTNbZjjRwIJ3nfnOeRMOd5U/Vbp4wfkvn3f25t1bCtncpPpJ/uyU+in/dMHHX+h8YVLdpGSJwaQVW1aJyBmHnz6c5wWAlwJCgcN15NGLr/jzV89fOD/uCxznVO656544ESgivT09O3fsbGltefPb/sqXEvzvH/z3s89u2McNrHtmnR+sWBbeyxcXLAUj6B18zLFHzz589m//53ej3kY6nRGRxx597Ctf/Fry+PU/vC6bzf7vvX/67ne+Hx88/sTj3vWed/70xz/dtnXbzJnTjzzm6Ntuvm3UtwZw6FJVDfunJ3rLWqJPrS8eqGIWlFvSmkYDGyJRV7Ne3Yscm0vuITEeViW/SgcsTKe1+ikn6/yVi//5XvHRV2NmonEvYVX1jYYTpQYBAAAAAAAAAABwcEupm9k8fWbz9P20fj6VTdbwc+rmT5g7yMzcnNZZA49PqZ8yxPp3rr5bRF4254yx2CwAjAeEAofruOOPO/LoI/3YzJ58Yun1//XdL331C75tbpUVy1ecfubpPhF49x133/z7W/d9A0+vXhMEQXt7+y9/8T/+SH1Dg4gU+4cbCjzvgnPfetVf//RHP9uXbfzkRz+pqyvcc3d1kWHPKlMvjz+65D3veJ+I5PL5T37qn+vqC7t27Hjg/of2ZQMADkkalfRT0ZrxONUwL2iBT6JpGCvToeOAB2vJvCrDrxF4YIJ0YYay6s7x2y9vSn0HaA2saqaEX6ITdX7aIfLVAAAAAAAAAAAA4NC2ZNPSrR1bjptxXFV1QwB4KSMUOFw//e8bzrvg3Hw+/9STy779rWt2bN8xxOTt7dv9YNnSZddde33y1IKF869651V//5GPD3LpoEql0lVveUd/f398pLGxQUR6+3qGc/lfvuVNl1x28aMPP/q73/5+RPedN2/u297x1u6urp6e3vjgyaeeXDXNhyNPOPGECRMmDFxkztw5dfUFEXnfB9+3ft3HN2/ePKI9ADjUOZfyOenBqJiqiQQDEnHjKVnmu73rofVQPi0YlgWM4n81o4sqIs5HOU01rpd4KD0sAAAAAAAAAAAADn47enbe+8yfeot98yfOq8sUfv74jSJy3vxXHOh9AcBB5JAJBf7md3d2dXYPc3JdfeHyy84d2w1YEHzmU58pFYP1658deuYb3vi6Sy+/1I8nTZ5UdfaiSy4slcq1/YZucFl1LpkIFJGGxgYR6eneeyjwox//yHEnHLd169avfOlre51cZe3aZwr5/NRpU3fu2NnTM+i9fNwnl8u1trUOPLtr565dO3f58eQpkwgFAi81qZRzzomGFQNtQO28sM6ome9AG3YWHlCNrqIdb9TD/UXuFDxywy8TGM8f2ROZmWgUwxtVqtK/TDOLCzmqiYqoiYmamiY6BEe5xurnMhExN9KnBQAAAAAAAAAAAEbkp4/dtGbbahF5YN39/shJh508vXHqgd4XABxEDplQ4KZNW3fv6Rjm5KbGhv2xh7Vr1g09QZ378N998ISTTujv73/04UdPO+O0SZMnveqKy3/9q9/Ec4459tjly5bHH+vqh6pem83lhzjbUF8vIp2dXUNtSfXzX/7cjJnT+/r6PvmJfzEbcVrDzD7ytx/b67Tv/fj6dDr94P0PXn/d90Z6CwDjnomoqHOqYmZqKikpx8xERCysRadiKoFJVJMuyrmNZdRs8LXcSNJ4wwgjlu+kvrVu9Cnxq4SpviFv4SdEH7XGrc1EA9+ouXIHw30iqwxi+i8gEFEN7+s0CvxZEG7fBzh9BUQzE3EaBgY1vvtBntgEAAAAAAAAAADAoaYhVxG0aMo3X3HUKw/cdgDgYHTIhAJPOvGo3r6+YU7OZbP7eTs1nHjiCe+5+t2FusKqlau++Lkvd3d1NzU3LT5y8evf+Doz+83//FZEZs6cXldf2LRpU3yVr/aXyWQ++OGrk6v5BEZd3aChQFXN5fMisnPHzpoTGhsa/WDGzOlm9sXPfGnP7j1j97jVwsagB3u9LgAHiDrRMBKnqhoVw4tKAoqJimlUK9CHzAIRUw2CQHTwaFllWq4iXReWvhuY3jtgv1GN/sYHtBqihsUB/csUCcxUJfxW4i8wkeBUqgUCAAAAAAAAAABgv7n8qEt3du/asOPZtEsvmLzgDce/tpAequISALwEHUKhwKMP9BaG8n/++R8WLV607pl1P/r+j1euWOUPfunzX/nmNV/P5/NveNPrjz3+mH//4lff+FdvFJEd23fEFzbUh0UN5x1xxMBlG5ub4vErL790waIFz2983mcKX3HeK3xG5Pnnnx94YSaTOeWMU+KPN91w0/LlKwbbfEtbq4gEPoUzWn4zqXRqXxYBMG6p+rJzTuL+tL6GXZzmC1sIm5kFFpiYmVmQSNKVc3EahgRrRwXjIGDcX/ggEzY9Hmbp1jjaWDvguP8l32eNvYmqlHd4EL5uAAAAAAAAAAAAjDMtuearz3r3gd4FABzUDplQ4MHjC//+uVKp1NHRUVeoS6fTIlIqBSuWrbr2W/+1deu25Mzenp6PfujvP/WZf2ltbV185OJrr/+2D3NMnDQxnlNXVxCR/v7+D7z3g8lrf/jT7wel4MnHn4yP9BWLc4+Yd+LJJyanmdkdf7hz4CY/+OGr29ra/Hj5U8t+9YtfJ8++891vP/2s03t7evuL/Y2NjZlMRkQ69nTuy2vxj+ZfCABUUzVfP06THW0r2gL70xalAoPAgiAwCyS8LPx9JoqmldNxcVht74G56ra9UlVcMBlq25+Nb1UqqxsOFrkb7PrhBwr3bZ/h3RIRxsr7hvFMtajm4yia1AMAAAAAAAAAAAAAgLHlDvQGDj3fu/77W7dsXbho4ezDZ/sjK5evuOnnN1UlAr0d23d84L0fevKJpclwxoKFC+IJPpC3ds3aqguvv/a7733X+9evfzY+ctvNt73/XVd/6pP/ViwW44O/uulX7dvaB973+9f/oL+/X0Q6Ojo+/9kvVZ299tvXffpfPv3II482NTX5DYjI88/VqDg4TOlMmAXMZg5A42YABztVEQ18oKwiM2ZWPmAi4lRVJAiCIIiqBQYWSywYFhisGUFT1YFhOE2wZHtbEwks/tvCkoXyokfbhrpzWFqw1nNVLGG13tW+UdU4RKka7yQ5o+YQAAAAAAAAAAAAAAAcMNR1G7FlS5cvW7r8tNNPufpDV4vI06vXrFy5eoj5FgSf/79fmDdv7lXvuuqw2bNEZMaMafHZ7173PTPbsGFj1VV33Xl3zdVWrVz9sx//7C//+i87Ozu/9uWvL3tqec1pW7du++LnvvShj/ztFz7zhWJ/ceCEtWvWrV3znZ/86Kf/+V/fdM51dXZf++3/Gt4LqCGXy/nBisGbFAN4KVOXEudMTMxEAomjZolagaqiamIWthAeEGwLe9T6v8KxOLGaxfZq5+fUxwGjyoIHIPw30FhGEKtaDJvZmCf1VNUsiBOAgUgQxhGD2pUYAQAAAAAAAAAAAADAi4tQ4Cg9cP9Dp/zpgeXLltfs3jvQmjVrP/Gx/1OoK5x22ilbtmyNjz/FbUa/AAAgAElEQVT77IaR3vrm39+69MmnBuYIqyxbuvwdb3vX0HM6Ozr/eM+9s2bN/OqXv97d1T3SnSTX+d53vvfE408mHw0AYs45EWciJuYbzVYF8sIYm5lYEOUCqwsBxkFAEVMtV/uzROPauKjewD2El2hFX2A/+0A1vfVBxpq9g6MnssS44sLB1tx7MnLEmwzLFJbDlBr1FA5vaEEQEAYEAAAAAAAAAAAAAOAgcfCGAleuWrdhw+YxWaqru2dM1qnyja99c6SXdHd1333XH/f91ntNBA7fdd/+zpisc/ttwwpHAnhpUnWqaqZhrkzV97hV0yiZ5yOBzkyCqANuVQ29sAydlusMDiyx5zN20aUusYGw+228hXi+JPNuyVPlQa2WvqIS3qu2wcJ58TjKL7pozxXFEQfGBJOpx2gcn6qxgRElAgfeLr48EHGq8WtVk+SLFVPf6Dk8WQ5uRhnBig8AAAAAAAAAAAAAAGC/O3hDgcVicfeejgO9CwDAPvIJPicWhvpMnFrY9Deu1VcxX1XUiQXxGdUw96aqomHNP1UbvAGwJa5VjSOBqlUJv+hIzdKCycXGxqAlDGsUT6xdKdAfjNap2mL14sl6ivsi2pxGHZi1fD//JUSdnc2sHNkkCggAAAAAAAAAAAAAwIHghjEHAIAxEGbzog86IDTmA3xqalZRhm9gJTz14UEd1r/F9l4zT6O/E6yW4dxuRNsYkw6/3r7vcDDJpswWvaz4ThqdKpVKZuYcUUAAAAAAAAAAAAAAAA6kg7dSIABgXNFagyhZZmaiYbxMVZ060WCohJtqvEBUaU+irsED04b7ZLBGwPuy4BhmAcdE4h0OOCU6IBco4gs/RuUbVVUCC4olTZkqqUAAAAAAAAAAAID9ZWvXtj+suuvZ7c/u7N5Rl62f1jTtpFknnDj9uMHmv9D5wp1P3/vcjo1d/d3ZVHZGy/Tzjnj59KZpY7V+lfau9m/+77Ui8onzP5bW1EifrmilhzY8+tjGx9s720WkudB8/Ixjz5x9WtrVDrcUg+K9z/xpTfszG3dudOpmNM+YN3HucdOPbs23jPTWADDOEAoEAOx36lTDUnYiZuLK5QLD+nY+bWYWBIFLa9Qh14kE5Ryaj/ppVGRQVUSdKycCLew4HLYXHube3F5nDq8eYVLYTjcRs0sEATV5ZODM8m2HHRxU1egVlq+KW/oOc9nBjptY2N7Yh/8GPmb0IQiCVHSEXCAAAAAAAAAAAMCY+/Xy3//x6T/GH3f37Nrds2vllhUPrH/4raf8ZSGdr5p/86o/3LHyDhE5fMLcY2Yc8+z2DUueW7LkuSXnLzzv4gUX7Pv6VQILrnvg+7t7dsU1QUakvXv7f9z7nx29e9IufcbhZzh1D6x74NdLf3Pn6ruvPvs9EwptA+a3X/On67d3tTflm0+adeKe3t3LNi1f/sKyW5bf8r6XvWdW84yR3R4AxhfaBwMA9ruow2yYCowPDwzD+TKBqqqa8kUDq9cyNXMiTsRpxDlVNd+eWAbE4MZg82NdfnCILGDFrQfk8F58Lg5sVrZRjremIk7UfMzxwO4VAAAAAAAAAABg/Lrnmf+NE3uFTCF5as221Tc8flPV/FtW3e4Tgecccc77znznRfPPe8dpb33lUZeJyO0r7/jD03ft4/oD/W7FrVs7tozq4aSjv/PLd321o3dPNpX9+/P+7tVHXnb54ks+fv5HG3KNHb17vnL317v6u5Pzd/Xu+fwdX97e1T6lccrHzv3w5YsvedPxb/j78/6uPltfDIr/ce83V29bM7qdAMD4QCgQALD/qYhG9fzCf5TLyWki+2ZmJqZaDvyF/YQjkjiQzOlVfRyDLdcyhuvHDtpooCbSgFK5yehT+VuxIJAgURnxRd8tAAAAAAAAAADAOPb8ns2/WfobEbnimCs+e9mn/+3if/78Kz9zyZGXxBOe3PTk6va18ccXOl+4feXtItKQa7xs0cXx8ZfPPXtK4xQRuXX5rS90vjDq9Qdas33dPU/fM+oHvHHJL/tKfSLyqmNeFTf/bcjUv+H414pIT7HnhiUVqcRfP/XbwAIRec0xV+RTOX+wMdvw7rPe4WsW/uDhH/kJAPDSRCgQAPAiUBE1C8wGVJyLG+qqxlUEzSSMoWmcO3NhTUDnwmxglFqLMnNxbk+j2yXub1Kzl+4Yih/IqhNzg7TlTUxOvoxhqLFsZWjSSVQ1cQT79289saAMKL2YKBMoYaoz/oJER/4gAAAAAAAAAAAAGJb71j8oIlef/f6XzTk949IiklJ33rw/e/0Jr4/nLN+yIh7/ftltfnDG4aenKntzvWzuWX5w28o7R71+le5iz/ce/H7apd3APmDD0N7VvnTTUhFx6k6ZeWLy1OLJC/PpvIgs3bR0R89Of3BTx+Ylzy3xFQ3nTTg8OX9aw1Sfeuzu735wwyOj2AwAjA+EAgEA+1+55pxYoD46FogFYhZlAZN/i5hZyV/pOwWLpkRTqs6nA+NF43HUUDjlXErEDawamFh8pHtPlgosZ+UStx7WIvFGoqBd+PeQKbpyxjF6dhcHH1VdeYJq/IoknOCkuuDiXioOlvs6xzE/lcQTV27M30WdOKfOqYkSCgQAAAAAAAAAANg/Htvw6Mvmvmx2y8yq46fOPHFC/UQ/fm7n835QtNLyF5b78fHTj6m65JhpR/nBk88/WQyKo1h/oJ8+9vPu/u43n/yXuXRuFE/30MbH/GD+pAWpAbHCo6aHG37g2Yf9YPXWsGZhW13bwNVOnnWSH9yy4rZRbAYAxgdCgQCA/U1VUyIaxsU0LEkXf1TnK9uJaFzML/7VJGoZ7Hz4bEC8LdllOEwQyoBWwipj0tO2nMtL1C8c4rGTe60ZyzMbcVKx5jpaUTExmR0cseoQob/RwMe0+J7ORV+Pj30ONykJAAAAAAAAAACAYdjata0YFM+d/2c1z86ZMLvqyLIXlsedc6fUT64625Cpz6ayvsfuE5ufGsX6VR7a+OhTm5866bCTjpqyeNjPVOHRDWEocFZrdSpRRGY0zQhvtD4MBb7QsSV8llzjwPlTG6f4QUfvns7+rtFtCQAOdYQCAQD7navIsWkYAfT5NVeRq9OwMa0X+DKCw+yFW7sS3iijcXu/W2LdvdxgryX69n6zIfOFcf5v324UfStx72BJNmWuELZ29tUZxYm6csdmCgUCAAAAAAAAAACMqUl1Ez932aebsjUCcCJSSBf8YEbLdD946oWwz29zvqXmJXGBPV9QcKTrJ23v3vHzx29syjdfecwVI3ysUGd/1/audj+e3DBp4ISpjWGucVfPzl29e0Rky+4X/JG+Yu/A+c35pni8pWPb6HYFAIc6QoEAgP0uKqpXbv6rlUG/eBh3n00k3iTqMDzim4qG64x5UC0qX1gR1KuaY5HByvuN6r5alaEMP+5z8DFqyRyG+wKTyo1XVWhMBCJVRdW58F377s/7uhsAAAAAAAAAAAAMz/O7NvnBYS2z/GBn1y4/aKtrrXlJaxQK3N61cxTrxwKx6x/4fmDB35z6lqzLjG7/u7p3xeMJdRNq7bYcbdzZvUtEnEv7jzsS18bqcw3xOK4pCAAvNYQCAQAvDlVxrtx6txxoc9VpOR8BtFHn6KqDej5XOMb1Aisq9rmor/HQu6qZHRzBLfc5UzjkymGlQJOomvzeLop+daIulc6k02nnnIwmwAkAAAAAAAAAAIBRen7Xc76R7rFTj/JHOnp3+0E2nat5STYdBvh2de8exfqxW1fdvnnP5gsWXTCzecao97+rp7yHfKZGsjCTKh/c0b1DRKY3T/Ufd3Zv3923p2q+SfmHXTVLCQLASwGhQADAfudrBPocnYThOa0sNhd+MDMxiz5adPkoa+yFq4x9B+GK5eJkoKqr2a44WTLQbDQlD2vV6huN5E4G3EVU1RL71/h5apcLNImaQItzLp3RdEpUzYL91LAZAAAAAAAAAAAAVR55bklPsUdE/vyYVzsNEyC7o5hdNlW7el82nfWDOD44ovW9dTs23LHyjunN0y+cf+6+PILvCBxtuEaKMZc46CsFzm49rLzDjY9Xze/p74nHjYmqgQDwkkIoEACw38W9diX8Kxp6Jj6CZiZVyTnVsSuPt8/LxJ2NB1u9srtu7Wjg3repNROHWqMCYjKuN8I6gjV2YuXWv0M/iL9eLJELDHOfqqqjSD0CAAAAAAAAAABgFIpW+tWTvxKRhZMXHTft6Ph4KSj5QSadrnlhOmq/GwzZQWqw9UWkp9T33Qe/59S97dS36L79HK5YKg7cWFIyjFgMiiJy3LSj26JGwzcvu3njrueTG/v98lvjjy2F2g2UAWDcq/0vAAAAxpA6JyIWmKkTFf9LIBaIOFXzzYR9XND8NA0Cc07NynUE1amYqIhPnVWFz5KRuPiURUUHoz7CNfY2RIgtecr85RYNNSx7KKLhKQmSd5Tq+5XHqpqICEbbi6rvaZiFlMAkEHGiYuHrMROnGviC58kIoA0WVTSRipReOPa9gsWSf0IzNdH4tA8DqooGWgz35Csumr/SRErxQr49c9plSz7vKUFJxInqEClKAAAAAAAAAAAA7JvbV9/Z3d/dUmh7y8lvSh5vyjdv69wqIv3FYs0Le4t9fpAbpL/w0OuLyM+X3NTZ1/nGE/+iNd+yj0/RWmiOxz7zV6Wv1BePG3IN/od0f3HC67/9p2sCCwILvvH/vrVoyqJJDZOe37Vpzbank4vMap6+j9sDgEMUoUAAwH6nTs0CDQJJqaoTZ2pRv+AwmBbHyySR0Su3yrUwolaO5cneC9KZyViVGYwCdVZRpW9gIb3ByvUNUcYvTAQmYoYiamE80AUirnyPiva+iSUGWdl8nnBA9b74k1YeNClHHcPXLU4yYmJqPmEoGlS9eBMxCzQlqVw2ZZLOpAMRKxcRJBgIAAAAAAAAAAAw9la3r7195R35dP79Z78rl8omT7XWtfpQYF+pv+a1Pf3dflCfHbS77hDrP/r8kiXPLTl62tEnzTh+mLu9aemvu/o6Bx4/f8ErWuvKxfz6Sr0D5/QVywebonbAc9tmf+jlH7jmT9/p6N1TDIpLNy31xxdOXrRx54bOvk4ROax1ds3SgwDwUsBvfwCAF4GZmThNORUngYaBszBVpxrH1KIzA7voDiMEWJk9MxvLJNpe7x6F+sKZQxQgHNggWOL3EN3M5x+r91/rzQyx4/hlxvuJrrUwMJkMYPrigWGdQAskUHUqEhYI9Gskp1v8HQbiV3KiLqvpTLTT8E2QCAQAAAAAAAAAABhb7d3t37n/+rRLv+/sd7fkmqvOttW3yVYRkZ5iT83Le/rDmN2E+gmjWP93T90sIs/u2PDZO79Udao7iht+8a6v+J9MveH4181tm/3Auvtrtio+bvoxCybNT2ysRoqxu7/8FBPqywnCaQ1TP3nhJzbv3rx+58bdvbsn1LUtmrzAzP711k/7CacednLNpwOAlwJCgQCA/c6pK9Q3ZnJ1GvT7druiFjbEDcNmvppdeC4unCeqqqlhJQLLPXvLpfxMxIabods3iXJ4vjJfucZhVQvjxDbLwcGwdXD5ZM0HkrCM32CFASuuipazZBwwvGP4DcQj9SUbTdSiGoE+UGgipqW4p7CYqDqzsKVz9EWmfIfoVCqVyzel03W+xbAMvlMAAAAAAAAAAACMWld/93/c++3Agvee9Z5pDVMHTmiLau+1d7bXXKGzr8MPFk6eP/DsXtc3MRHZ3bNriE1u7wpv3dG3R0RmNM/oivKCSQ3Zxnwq59T5yOCWji2zW2ZWzeno6/KDbCo7pX5K8pQTnd40bXrTtPjI71fe5gf5dP6UWScNsUMAGN8IBQIA9rt0Jts6ecb2TWtLHTtES77QnM+ZmZmpT6tp1EPYB+ZE1UV5uL2Hy1Q1LEynUYrOymG2oS8cgyeM75NIBMaZv2RGcGBYMA4TVg41bNibCBT6rOTg+cg4WZh48AGzfRfkKI/pwmqCmrxMJfDJQCdipn6jYV5TTE0kkJSmc+lMJpMrZLK5VDqTyefr6usLja2NzZNEnIoLCx2SCwQAAAAAAAAAABg7/UHxW/97TUfvnrefftWc1lk15xw9ddHNy24WkY7ePSULUuqSZ01sa8dWPx4YChzO+kdNO3LLnm01T63ZttoPDp8w12lKRNoKrSLywbPfN8RDLZi8cMULy0Vk057NA8+u3/lsvOYQi4jI+p0b71x1px9fcuTFVQ8OAC8phAIBAPtfKjt1zsLN65/e1d2hQRDm3UTCoFtYrE4tCsJZmCfT4WbKolKC/rqoUN2L9H/zB9tiRS3Awc9q+JjlyoDlKdHMcpQwOaWqvbAmV7BEEUAZvJ2x7yIcznYSmIiTlLqUioqqiVN1gZlJ2mVyuVwhk6tLZ/Oay6UL9YW6hsaGply+PpMvZDIZTaVERCxjmhIr5z4BAAAAAAAAAAAwJgIL/uv+727es/ktp/zVokk1ivxdc//158w9a/HkhYdPmPtM+1oRWdv+zPyJ85JzNne84MvytRTaptRPHsX6Vx796sF2+Kk/fNZXEHzn6X+TccNNpFy08HwfCly9ZbUsrj67rn29H5xy2FCV/7qLPdfd/x0/njth3lmzTx/m3QFgXCIUCADYv8xENN3YNn3yYUd0tD9X6i2KmjMribhE192YqjqX8sfLZfyGkS4zDS+JCvQdmFRaVZnAqlPJSoHlEoCiVq7zJ1IREkxcopUtgitSgFJZ8VDDhsyJu5STiBYk72XRtSaimlKXC0SLgctk83UNjfn6xlQul07nsrn6Qn1Tvq4xk6vL5gsunfF9hs2iNsGqYoFYSsXESuIcoUAAAAAAAAAAAIAx9MNHfrK2fc1fnPiGY6ceXXWqZMFtq+9YvXXVW05+k4hcuPD8a/50rYjc/+yDVaHAlVvCYn6XLL5w1OuPrVnNM6Y3T39+1/Obdm/a0bOzNd8SnyoGxfXb14lIU775uGnVu0r63kM/7u7vFpGGXONfn/KXY75JADi0EAoEAOx/6jSTnzX/qM3rVu3a3JWWoqipqVW0mFXfszadTqdSGQsjbcmAXyJmV5G4szjXFrXCtbiZroafLDw5QDK9N6JWwmYmGlQW+Qub7Frlyqqq6vw//C5MVMXCWn8qJhKU9xAm+UzExKInCl9RWNkv/Ojiu6mUE5DRnLD5r6j5VsWJl6m+QXPgn8HUipLKZAsNrfUNzXX1jals3qVzmXxdXUNjvq4hk8ulUlnn0qJO/IOIi541LPIYbT8V91Ee/psEAAAAAAAAAADAXv3siV88uelJEbl52a03L7s1eapkpa6+zsCCo6YeXUjnRWT+hLmz2+as375uyXNLXjHvnJnNM/zMPX0dtyy/VUQmNUw+YcZxo15/zF1+1Ct9ivGGx3/xrtP/Jj7++5W39ZX6ROQ1x7669k/7RNq7t//0sRt9ZcTpzdPffcY76jKF/bFJADiEEAoEAOxnPv+mqYbWadMXnLBz22ZX7BERNRdEocAoLufUpURUnao4MzOzQEws2Vu3ugaf/xgm01RExJlP1oWROdXw1KCtfAfdeHXazxcB1Chp6MN4US0+Vz4sZr4aX5wLFPVxOnEmJmp+FZ90LD+QmiQfNm4TrOoPa3RUo7qI4e0SvYR9nUIXjVMiJhoEJoGqiYrT/v6gVFSXzjS0tDS0tGYLdZlcvlDXkM+3ZrP5TDafzuXS6ay4lDoncRPm8mPHIc5qFqUTRxSvBAAAAAAAAAAAwND+Z9nvHlr/oB/v6tk52LRz5r0sHr/njLdfe/9317av+db/XvOGE16/YNIRa9rX3rriD8WgWMgU3nvWO13ip1KjWH9szZ8w9+2nX3X9A99dvXXV9x/+8eVHXWoSPLzx8T8+/UcRueTIS46ecuTAq4pB8bbVd9656k7/8cy5Z736yMtS8Y+3AOAljFAgAGD/iorYOXH5w4445vmnl3U815GR/pIFUSbOkk11g8CXtfOlA6M+uOXsnOrAYGBcHjDKxCVL1WnlhFE/RVJyz750n2fOxEQC83P8tLBrcNw7WFXUygE7C3zZvbhoYiDhH1RSlsjeqQZxbNBc1HFYRUwlUJGUmZj65F+grhRIOpVJiRWDoKe/v+RcoaGhpW1ifVNLLt+Uy9ZnsvlsLp/J5VPZrEtlXCrlgrDun6iKOqusr6gV76HqfVS8iiHfHAAAAAAAAAAAAEZm467n7l1z716nNeWb57XNiT+mXfrdZ1z1y6d++/jGx3748I/i46fMPvWViy+uz9Tt4/o1Vf1oaUQWTZr/3rPe88snf/Xkpid9zUJ/0yuPveKoKYurJt+/4eHHNi55pn1NYEHapU+dc9oF81/RmG0Y+W0BYHzSWXNPPdB7AIBheXbNAwfkvqtWrRKRWbMPPyB3L+QyB+S+Y8tn+CwQKRWfXfXwI7fdkO3fXdJiScSJpFxa1YmvpedcoVCfyxfMLNDytUEQ+Np7EpiKWGDlZrhmIuKcMxWfvRMziQJ5/pQvRBgMvjdvRPXtfFPgKO2XCkOBfrelUmAlCwI/zTnnXDqa6bsAh68krhKoUZE9UY1+NTEf01PnVMRFNQTNiYppoC4qD+gXcc65YiBdfUWXzWayhabmtqampkJ9fTZfl61vzGQLqUw+ncm5VDblewH7UKLGlf9MLW69nKhXWPutvFTSft29/Qd6CwAAAAAAAAD2yYb1z4jIggULRr2C/0nB4Qvmjum+AODFs6Nn59aObQ3Z+skNk9LuYK8eVbTSc7s29Zf6JzVMbM411pxz/UM/cOpmtMxYPGnBjObpg3UWBoAD6JlVa/fx/4Xui4P993oAwKHPVM1ERVVT6WlzFrZMmbtn47JAi2LmE3Jx7MzMgiCICs6FZfaKxaJFMToZUCPQC4JAVcWFE4Ig8KFA51w5lVhzc4MsOMyAoJn5zaqWe+YGKoGFxQK1XFOwstaeiFnYktdMAhd1KJbAORdIyZdLNDETE3U+K2gmZiqSMlWXypREArWe3l7TVOvEqW1tk+qamgsNzdl8XTqbTafzTlOaSjmXVpdS9bFCDRsXJ2srapRG1IqifwAAAAAAAAAAABgHWvMtrfmWA72L4UpranbLzKHn/M0pb3mxtgMAhyRCgQCAF4OKiRMzyeYbTj33kt//eF1KetTKxfvUp96i1J+vwheG9nzxvziBNwgzU9NkBcFkk9+qmSOtC7i3p0s8hYozDQIxM5/7s0Q743LXYLGwP6+qiWnYuFf8U6fUWRCYpAIRca7fVFMpl0mXAuvsKPX1WS6Xb25qnTpzRktba31jc6HQoNmCc2kRZ+LEV140dSaBiaiIOkn+F1IqNWr9lV+IVUYoCQgCAAAAAAAAAAAAAHDIIBQIANjfNC5JpxqIav2E6TOPOn7Tygekr6Oqfp9GyTT/a1DuszssYb3AeDXV8kGToHKZZI3AqpigbwScLP5X80Kz8HYWBCoqKQ3EfNDPolSiE9FyqUA/1PiB/AnnE5Gq6Uy2r7+YTmf7S0WXSgcmLpPZ2dHZ2VtqaGqaMnXmxMnTmxon1DU0Z7PZVC5r4atV33/Z9xeOugyrUx9KDFN9UXFAS5YILAf+TLQiNlh+WUQCAQAAAAAAAAAAAAA4hBAKBAC8CHwMLhAxMZV07rjTztm8Zqn1dYmVfOjMovyacy6uGpgUFt6rUd5Oq+J9UawwbM2rYQ7OklG4WBCYL9qXTARKjfuIiE/8RQMrh/tMwq7HplGgUCQwK+cHVUVVnYsKBWpcrc/ESkEg4lwqbZLWQt2enlJ/kGpsaW2bMrmuvmlRy8TWCVPSuToxJ4EPFjp/0/AZRcU/tZloFBQU8w2Y4yeJHqhc1nDAQAY/AgAAAAAAAAAAAAAADg2EAgEA+5+W83iaEjOta55yxPF/tvz+32l/Z1rNTAIxJ4FoykRMJUwIVvUCjtfTMLnn/xeGCKMMno8OhlXvTAIzf74c+4vWjJdwKiqi4vwl4aXq1zHxx0VMAol25QvvOXGmGmjgxDdIDm8d1wP0Gzd14lLF8KmkGIhoKp3LpbOFYmD9JQvSuba2tpbWiQ2NbY3Nbfl8vUtnzUUlAM1MnIlqyscJNRlJjMor2mDpPq36XDPzN+AYwUAAAAAAAAAAAAAAAA5FhAIBAC8OC/NpKk6lWHRzFp/w3Jon9zy3Kl0qOjVRNRWVMKknib69FjURloqqd2phZ+Kw0uBQ965e0h8VEUmpSjksWK45aKpO1Imz6LiKOEmJWWCBRNk/E9EgUBV1qmaBzyoGopYSCURFNB1opq/knGYC1UJDYyqdTksqlS00Nrc1NLbk6xvqm5qzhTp1KXUplbSZiKZ8/19fnNC5uBFwRGs8UPINRR/cML8eAAAAAAAAAAAAAAAwPhAKBAC8OMKwmk/dpdOZ+obm+cee8tjW561vt1rgNG2i5nv5qoZNeOPWwENm/iruYImPQ16klZm6sBNv3GjYVMT5eoNqIhaIiDOfsXNxK2EzEQnETFxKnThNmWhJpGTSY+nGxqZCfUMql7dUJpvPNzS1NLZMztc15vOFbC4vLiOipk7Et/1VEzFfn1Ditr9RvcKhH0Yo7QcAAAAAAAAAAAAAAIRQIADgxZHMq4U9b1OZ3LQ5i7bMW71pxcMpCUR9LE/j3r8VOUBVMdNystCqVi2HCJPhuUSUTsP1E8UAowvjpczErGRmgYo4lxLxrXtF1ERVpaQlVWcmQWDqUurSIloMgv5iSQItpAuFppZ8oT6Tzmkmr9n6ppbWurqGQn1DNl+XSqVFU6JpjbopW6LYnyb3HL+oWjlArVkfkEQgAAAAAAAAAAAAAAAQIRQIAHixlTNt6vINrbMXn9D+3DNB9w4NM3KqYR9fSTYOjpvlqmic6jMRp+WYoE8Eqm/gW75fMhcYBgdr7EfF38lEAjMLAqfifEtj8+HAICze59KlkvUGpcDSuUxdY3NroaE5my9kMrl8fWNdQ1O2UJfLFjK5fGRh0bsAACAASURBVCqbE3UaXZaoZKhxQ+N4j+Fewg9BVINQ4x0OkgUEAAAAAAAAAAAAAACoQCgQAHDAuHRmwrQ50+YetWH5g2npV3XqC/qpVrcLrlUpMFlpL0wQqk8KilZWzjOzMPs3MFqniUiemgUSiImqiZRExJyZlkxLgaVS6VxdS0NTS66+IVPXkKtvzObqCnUNuUJdLpdPpVMulTGXMtM42ujXjTYRfjT1PYEl8ZQq0QOFocHKUfJBCAgCAAAAAAAAAAAAAIAhEAoEABwgamKWbWiZseDoXVvXd+/YpGq+mF9yli8WGFYKtIrmv1XZOItyd9VhOvUFBbXmVSLiA4MmJibqXMrlSmadfcWMyzS1TGppm1Joas3lc3X19dlCayabc5lsJpNNZXLqUokyf5ZY398jDvolIoIVT+ZvPjD5V/uF2WAnAAAAAAAAAAAAAAAAIoQCAQAHjKqIS0+YOnvK3MVrHt+eDvoDdUUTUzUxMwsssLjRrgU+tyfqKwE6JxKG+URMo267YqZSkkBFnYmIunC+mVp4TFTV+ZJ9JVVNpXt6S8UgSGfzjc1tLW0TG9omFppa8vmmdLYunc6n0rlUKqWqmk5ZucuxJhKBEu5FfBlANamuVhh9ClTEJGpaHOUFKzsea/ICAAAAAAAAAAAAAACA4SMUCAA4UNR3+s0WGifPXrx104aOLetVNLAoWxdW/zNnKiJmKQmCwAJTEaeq5sKuu2ph912fD1Qn5UbDzjkVEacmauLEpcSliyZdPb0lk3xd/cSJM1smTiw0NNc1NtfVN6lLu3Qunc26dEbVqTgR5/N5fj9hVUGNewNrRZ5PNZHvq1kg0FU2PY7rFw7jfdE1GAAAAAAAAAAAAAAA7A2hQADAgeLDfYG49MQpc6bNWbhy2yZX7MumUmnTYiAaOCupBSoiPv9npmZRd11VU00FcSbPTM3UJ+dcqRhk0plAXSCqLhWY9fRab59rbGudOHVK88RJTRMmNba0ZPN1ThusZCIiKfXxQQmL9fkEnivn9nwDX40rBZYfIzncW4tfgn0AAAAAAAAAAAAAAGA/IhQIADhwfJ0/EUllph62YNOzq/dsfkbTGqgE5qsClkxKJmZiKmISqJiYs0BSkko7ZxaIiqmG66gzTWkqX3LW2dufzuYbWpqnTJtV19Lc2NhS1zglk8m7TFpdOtH/V9X52oS+4KD5bsSiWiPAlzhgUSPhcoPj8hySfwAAAAAAAAAAAAAA4MAgFAgAODCiPrtO1DTlmidOnz5n4ZpdW0ulnkCCQILAiiollZJJYCZmTkxF1LcJdiqi0p/KprP5dCojLt1bClwq29I2oXnSlIamtobG5nyhPpPLm6XEpcSlVJ3vTRz28BXfttdMAhdWBHQD6vxZsvZfOQIYnw5rBw68imggAAAAAAAAAAAAAAA4AAgFAgAOGFOLYnlmLjN9zqJtm9bu2vRMUAyKff1iJqKiaVFTTVnJlcRcKpXO5lK5jEulxaXrCq31TS2Njc31jS3NLW25ukbnUuacqBN1EohoSsWZjxKqOPWFAKMOxL5WoaR8d+LK3r8afSwfrAwEEv0DAAAAAAAAAAAAAAAHHUKBAIADSEXETFXUROubJ02fe2Sxc3exr8c0HUhQNE1n8plcIZcvOJcxcfm6hvqWlrqmlobGlkJDUybfoJoSVREn6kQ0CLN9qqKqKqaicVVCMdNEyM+iRJ/5af5UdDQ6VZ5fI/6nRAIBAAAAAAAAAAAAAMDBhFAgAOBASeTpzKmIpLPTZy/es71926YNdYVCrlBnLlNoaGlsmVBXaCzUNeQLdal0RlMZ0zACWF5Kwzp+Gsf0wnCfb++r0SQRUYtzfvECVg4CVsb8Bk8EKjUCAQAAAAAAAAAAAADAQYdQIADgIOBDfeJyda2HLTqlbfr8XC5f39iYyeTT6ZxLZyRu9qs6MJ+nqiIWV+2LewNHY4uvCNeoWMGkZhow5AbcKLFpAAAAAAAAAAAAAACAgwyhQADAARM36I0+qmi6ZeK0lonTzEw1JRbNUpVEGrBc4M9qVPKrCO6pmFWkAGtU/NvLBkd+DgAAAAAAAAAAAAAA4AAhFAgAOMB8+b043qfqLKz6t/cGvZWl+0Y/BwAAAAAAAAAAAAAAYHwgFAgAOCjUjO6R5wMAAAAAAAAAAAAAABgRQoEAgIMNUUAAAAAAAAAAAAAAAIBRcgd6AwAAAAAAAAAAAAAAAAAAYGxQKRAAcLCxaEDBQAAAAAAAAAAAAAAAgJGhUiAAAAAAAAAAAAAAAAAAAOMElQIBAAcbCgQCAAAAAAAAAAAAAACMEpUCAQAAAAAAAAAAAAAAAAAYJwgFAgAAAAAAAAAAAAAAAAAwThAKBAAAAAAAAAAAAAAAAABgnCAUCAAAAAAAAAAAAAAAAADAOEEoEAAAAAAAAAAAAAAAAACAcYJQIAAAAAAAAAAAAAAAAAAA4wShQAAAAAAAAAAAAAAAAAAAxglCgQAAAAAAAAAAAAAAAAAAjBOEAgEAAAAAAAAAAAAAAAAAGCcIBQIAAAAAAAAAAAAAAAAAME4QCgQAAAAAAAAAAAAAAAAAYJwgFAgAAAAAAAAAAAAAAAAAwDhBKBAAAAAAAAAAAAAAAAAAgHGCUCAAAAAAAAAAAAAAAAAAAOMEoUAAAAAAAAAAAAAAAAAAAMYJQoEAAAAAAAAAAAAAAAAAAIwThAIBAAAAAAAAAAAAAAAAABgnCAUCAAAAAAAAAAAAAAAAADBOEAoEAAAAAAAAAADA/2fvvuOjqNY/jj9bs+k9kEDoHVSkCkizEMCC0q3X8lOv1y4WRAWl27ChYEWx0UF6lS4gvYMCCQkQ0sumbLbN74/BJYQQEpKwyfJ5/3Ffs2fOnHkm90Vu7tnvnAMAAAAA8BCEAgEAAAAAAAAAAAAAAAAA8BCEAgEAAAAAAAAAAAAAAAAA8BB6dxcAAChJfoHN3SUAAAAAAAAAAAAAAACg2mClQAAAAAAAAAAAAAAAAAAAPAShQAAAAAAAAAAAAAAAAAAAPAShQAAAAAAAAAAAAAAAAAAAPAShQAAAAAAAAAAAAAAAAAAAPAShQAAAAAAAAAAAAAAAAAAAPAShQAAAAAAAAAAAAAAAAAAAPAShQAAAAAAAAAAAAAAAAAAAPAShQAAAAAAAAAAAAAAAAAAAPITe3QVckl6na9OmZa2oiIiIMH8/35I7F1gKklNSzyal7dxzMMecd7VqvEDfO/qkpKTu2L5DURS3FAAAAAAAAAAAAAAAAAAAuMZV0VBgVGREn5iuwcFBpezvZfKKjq4VHV3r+lZN123Ytv/gP5VcYDHuuudO/wB/m832y/RfVq/8o5LuotFotFqtw+GopPEBAAAAAAAAAAAAAAAAANVXVQwFhoYEDh7YR6/X22z2ffuPJJ5Nzs3NL/kSo9FYIyKkVcsmAQH+Mb26icjVzwUuXbxsyP2DDQbDw48+/Ne2ndlZWVcwyOSpn61fu37OrHmXWm7wzVEj6tWvO2HMe8ePHS93yQAAAAAAAAAAAAAAAAAAj1LlQoEajaZ37256vT49PWPe76szM7NLeeHxE/E7dh3oE9O9caN6Pbp1jI0/fZX3EV68cMm9A+8xGo1arTYoMODiUOALLz+/b8++tX+sK2GQgMCAfv379b2rb4Gl4OKzGq3G19dXRN4ZO3LK5Kl/btpSwc8AAAAAAAAAAAAAAAAAAKjOqlwosH692pE1IhwO55Ll60ufCFRZrfZlK9bXiAgNCPBv07rlho3bK63MYiiKsnHdxlt73ZqRkREfn1Dk7H0PDm3fsV27Dm1Pnz7999FLrmKoOBXRiiXfsmVz8YG/Hrf2MBqNDoej2NQgUEoGo0EjitVqL2V/o1Gv/hOr5LoAAAAAAAAAAAAAAAAAlEuVCwXWrBkmImfOJCYlpV3B5Var/cDBvzt3ahtZI7TCa6vfoP6bo96wWW1Wq1WRYrb31el0iqIoTvnki0lFToWFhanrIL7x9vBnn3o+Nze32Fs4FadOdHFxJ6f/8HOxHTp16WQ0Go8cPrJzx66KeCZco7rf3K5B/ehZc5ZlZpkv2zko0H/wwD6xsadW/fHnVakOAAAAAAAAAAAAAAAAwBWqcqHAiPAQEUlKSb/iEZKS00UkIjysQusSEYk9Ebtr+86GjRomJp7Nzsr29vFp3rLZ3t17HXbHxZ1rRNaoV7/eju07HbYLFldziqLTV7kfO641W7ftjY6OHDKo76w5yzJKXJIzOChg8MA+drt9y/Y9V7FAAAAAAAAAAAAAAAAAAFeiyqXTvIwGEbEWWK94BPVaL5NXhdZ1zpeTv3IdBwUFfTblk/Yd2//0wy9r16wt0vPV4cO8vLw6dGy/dNHS2TPnVkYxwBXLyc2bOWvZoAExQwbfMXvO0rT0rGK7hYYEDhrY12IpmD1nWW5e/lUvEwAAAAAAAAAAAAAAAEDZaN1dQDWWmZk54+eZRqPx8ScffXHYC0XOtmjVQkQMBkOzFs0q/NZaDf/Fobzy8vNnzl2Wl5s3ZGDfsNCQizuEhYYMGdg3Pz9/5pylJAIBAAAAAAAAAAAAAACAaqHKrRRYMj9/n7atW9asERoRHnbxWoB/bt3155bdormgsVGDOnHxp+3F7fBbfkuXLIvp2ys0LLRdh7Y9enZbt3aD2t66zQ0Gg0FENm/6c8rnU0s/oEajKUWvyloHEdcaS37BrDnLBgyIGTKoz+x5y5OT01ynIiJCB/XvnZVtnjNvucVy5St3AgAAAAAAAAAAAAAAALiaqlMo8LqWjXt061jWPFzbNi1vvbXz4iVrT59JqpAyfP18c3NyXR+3bNpy5z13ikinLp1docB7+t8jIhkZGYUTgcEhwc+9+Mz4MRPtNvulBtfpdCLSpGnjDz5+r9gOfv5+IuLt410hzwJYCqxz5i4fcE/M4AF95sxbfjYpVURq1ggb2L93RkbWnHkrCqwkAgEAAAAAAAAAAAAAAIBqo8qFAq02h4iYTKYi7de1bBzTq5uIZGebDxz8Oyk53XpRVikrK0dEjEajiBRYCtRGp6L4+/kOuLfX7LnLE8+mlL/CKd98sWjBotkz56oflyxZdke/OzQaza6du9QWX1/fho0aiMik9z9xXaU36MdOHB0YGDjy3bdHjhhV7MgarVZdKdDpcCbEJxTbJyw8zGAwqMsQAhWioMA2e/6K/v1uH9S/99wFK0UjA/r1SknLmLtgpc1qc3d1AAAAAAAAAAAAAAAAAMqgyoUC09MzGzaoUyc6snCjn79Pj24dReSfY3HLVqy3Wi+50p6I1IgIEZHklFT149r12wYP6OPj493rti4//ryg/BVqNJp+/fu1bd/u76N/qy2JiYn+fv61atd67IlHRaR+g3oajSY/L7/nrT163tpD7dOyZfPAwEARadCw/v89+di3X39/8cj+/v7qwZqVa2b8NqvYu7/30USj0fD1l9+U/0EAF5vVNnf+ynv73Tawf4yInD2bOu/3VXZ7Sf/QAAAAAAAAAAAAAAAAAFRBVS4UePp0Uvt2EhYWEhEekpySrja2bd3Sy+SVnW2+bCLQaNS3atlERBKT0tSW1NSMOfOWP/zgveHhoY0b1f3n2MkKqTM8IszH9/wevja7rXWbG1wf09PTRaRwi6tRRCJqRBRu12g0iqKIiCU/f9+efVv/3LZh/UadTqfT6VyrIUZEhCcnp4jI68OGF762YcMGx4+fqJAnwjXObrfPX7Cqb5/uIrJ02Xq7w+HuigAAAAAAAAAAAAAAAACUWZULBR47EZ+SmhYeFjqwf+9Zc5elpmaISM0aYSJy4ODfl00E9onpHhDgX2Ap2LXnoKs9OSU9NTU9LCwkKiqi/KFARVE0Gs2WTVuKXe3vCnw3/Zs1q/749affrFbr+xM+VBtfH/FqoyaNJr338YEDB0Xk9bde9zIaJ30w6cTxONeFT/73/7r17Pb30b8/ev/j3JzcCikG1zK7w7Fw8R/urgIAAAAAAAAAAAAAAADAlatyoUARWbFy0+CBfXx8vHt27zh77nIRiQgPFZGk5HQRCfD3Cwz0K3KJ0WisERHSqmWTgAB/EVm3YVuOOa9wh/iExLCwkJDgoKv7KKViMBj63NH79pjbnE6nq9FoNIrI8Ldfn/Tex7t27bbb7DVqRIweP/riy5s0bfLu2FGvvPja1a0aAAAAAAAAAAAAAAAAAFDlVMVQ4Nmk1HkLVt7Rt6dWo1FbvExeIqLupduqVePON7W51LUFloJ1G7btP/hPkXaLxSIiRoOukmu/EurSg0cP/31g/wFXY/9B9xoMBkt+/sn4eBGx22zqBsQfTvjI1efOu/t27tpFUZQvP//STbUDAAAAAAAAAAAAAAAAAKqQqhgKFJFTp5O+mza7Xp1apexfYClITkk9m5S2c8/BImsEVjiNRiMiNntJGxmXieJURCuHDh5a9PtiV2NMn15BwUEHDx5KS01z3c6Sb4mPT3D1yco2i4jdbi+8pzAAAAAAAAAAAAAAAAAA4JpVRUOBImK3O46diL+gSRER+XPL7j+37HZXVa5QYHpauhtrAAAAAAAAAAAAAAAAAADgYlp3F1DNeHub1IO0tDR31wIAAAAAAAAAAAAAAAAAwAWqRyiwwFIgIkYv4xWPoF5bYLWVs5Lw8HD1ICUppZxDAQAAAAAAAAAAAAAAAABQsapHKDA5JU1EakSEXPEINcJDRCQ5ubzL+11/4/Ui4rA7jh07Xs6hSkOn1akHWm31+G8KAAAAAAAAAAAAAAAAAOBGencXUCpnk1Kjo6NatWyyY9cBq9Ve1str1AiNiooUkcSk1HJW0qJFcxGJjY1TFKWcQ7lodZcM/BkMBvXA5O0lIgajoWHDBq6zYWFhIqLVkBcEAAAAAAAAAAAAAAAAAEi1CQXu3HPw+lZNAwL8+8R0X7ZifZlygUFBAXf07q7TaROTkuPiTpenDI1W27xlcxFZvmR5ecYpOqxGIyKDhg4cNHRgkVNeJtO5A6OXunnxu+PfKdKnhEwhAAAAAAAAAAAAAAAAAOCaUj1CgTnmvHUbtsX06ta4Ub0aEaEHDv6dlJxutVpLvsrX1zuyZsT11zUzGPR2u3358g3lXN6v/4B+BoPhyOGjW7dsK884hblif2tWrlm7Zp2rfcTIET6+3nr9ue2DjUajiJw5fea1l4e7+jzw8P197uitZgoBAAAAAAAAAAAAAAAAAKgeoUAR2X/wHxHp0a1jQIB/505ty3RtRkbmshUb09KzylNAWHjY3ffcnZub+/74D8ozThEB/n7qQXp6RlzcSVd7WlqKOcf0/Tffqx8NRoOI2O2OwtcqTqeIJMTHV2A9AAAAAAAAAAAAAAAAAIDqq9qEAtVcYGz86batW9asERoRHuZl8iq5vzknNzk59fSZ5F27DtodjpI7X9Y7Y0YmJyePHDHqsisUlklIaIiIOJ3O/fv2FW5/49W3Cn+0WW25ObnTvplWuHHh74s3rNtw6tSZCqwHAAAAAAAAAAAAAAAAAFB9VadQoLqP8PqN291y61UrVv8+f2GFDxt7Im7mr7P+WLM2Nye3hG5PP/HMxY055pwcc06FlwQAAAAAAAAAAAAAAAAAqKaqWSjQjSojESgiVqt10e+LK2NkAAAAAAAAAAAAAAAAAMC1RuvuAgAAAAAAAAAAAAAAAAAAQMUgFAgAAAAAAAAAAAAAAAAAgIcgFAgAAAAAAAAAAAAAAAAAgIcgFAgAAAAAAAAAAAAAAAAAgIcgFAgAAAAAAAAAAAAAAAAAgIcgFAgAAAAAAAAAAAAAAAAAgIcgFAgAAAAAAAAAAAAAAAAAgIcgFAgAAAAAAAAAAAAAAAAAgIcgFAgAAAAAAAAAAAAAAAAAgIcgFAgAAAAAAAAAAAAAAAAAgIcgFAgAAAAAAAAAAAAAAAAAgIcgFAgAAAAAAAAAAAAAAAAAgIcgFAgAAAAAAAAAAAAAAAAAgIcgFAgAAAAAAAAAAAAAAAAAgIcgFAgAAAAAAAAAAAAAAAAAgIcgFAgAAAAAAAAAAAAAAAAAgIcgFAgAAAAAAAAAAAAAAAAAgIcgFAgAAAAAAAAAAAAAAAAAgIcgFAgAAAAAAAAAAAAAAAAAgIcgFAgAAAAAAAAAAAAAAAAAgIcgFAgAl6HT6UTE6XC4uxAAAAAAAAAAAFA26vS+OtV/xdTLHXxTAAAAgNJxVMRfoeVBKBAALsPLy0tErNYCdxcCAAAAAAAAAADKRp3eN5lM5RlE/aagwGKpuLoAAADgydQ/Hcv5V2h5EAoEgMtQf0dbrVZ3FwIAAAAAAAAAAMqmoKDAleq7Yue+KSjgmwIAAACUSoGlAv4KLQ9CgQBwGerv6BxztqIo7q4FAAAAAAAAAACUlqIouTnmilopMDuTbwoAAABweYqimLMq4K/Q8iAUCACX4efnZzAYHA5Hdlamu2sBAAAAAAAAAACllZWZ4XA4DAaDr69vecY5902B3ZGZllFx1QEAAMAzZaSmO+wV8FdoeRAKBIDL0Gg0UVFRIpKdlWm1Fri7HAAAAAAAAAAAcHlWa4E5O0tEatWqpdFoyjOU65uCzPTMAoul4moEAACApymwWLIyKuav0PIgFAgAl+fl5RUeHi4iyWcTc8zZ7i4HAAAAAAAAAACUxJydlXw2UUQiIiKMRmP5B3R9U5CYkJidkVURNQIAAMDTZKVnJiZU5F+hV0zvxnsDQDUSHBys1WqTk5Mz0tNyc3L8/P0NBoPBaNRoSFcDAAAAAAAAAOB+TqfDbrNZrdbcnByrtUCj0dSoUSMwMLCixnd9U5CWkpZjzvEP9DcYDUYvL62WbwoAAACuXQ6Hw2a1WgusOdk5BZaK/yv0yhAKBIDSCgwM9PX1PXPmjMViSU9jH2EAAAAAAAAAAKoob2/vyMhIvb6Cvwwt/E1BgYVvCgAAAHCBSvor9Aq4vwIAqEb0en2dOnWsVmt+fn5+fn5eXp7dbnd3UQAAAAAAAAAAQPR6vY+Pj7e3t4+Pj8FgqLy78E0BAAAAXK7OX6FlRSgQAMrMaDQajUa3r/UKAAAAAAAAAADcgm8KAAAAUJVp3V0AAAAAAAAAAAAAAAAAAACoGIQCAQAAAAAAAAAAAAAAAADwEIQCAQAAAAAAAAAAAAAAAADwEIQCAQAAAAAAAAAAAAAAAADwEIQCAQAAAAAAAAAAAAAAAADwEIQCAQAAAAAAAAAAAAAAAADwEIQCAQAAAAAAAAAAAAAAAADwEIQCAQAAAAAAAAAAAAAAAADwEIQCAQAAAAAAAAAAAAAAAADwEIQCAQAAAAAAAAAAAAAAAADwEIQCAQAAAAAAAAAAAAAAAADwEIQCAQAAAAAAAAAAAAAAAADwEIQCAQAAAAAAAAAAAAAAAADwEIQCAQAAAAAAAAAAAAAAAADwEIQCAQAAAAAAAAAAAAAAAADwEIQCAQAAAAAAAAAAAAAAAADwEIQCAQAAAAAAAAAAAAAAAADwEIQCAQAAAAAAAAAAAAAAAADwEIQCAQAAAAAAAAAAAAAAAADwEHp3FwAA1U9OTo7FYikoKLBYLA6Hw93lAAAAAAAAlItOpzOZTF5eXt7e3r6+vpV6L+ZVAAAAAACAJ7ma8yqlRygQAMrAZrMlJiZaLBZ3FwIAAAAAAFBhHA5Hbm5ubm6uiJhMpqioKL2+4qeOmVcBAAAAAACe5+rMq5SV+ysAgOoiKysrOTlZURSj0cvP399gMOgNBq1W5+66AAAAAAAAysXpdNhtNqvVmpuTY7FYYmNjIyIiAgMDK/AWzKsAAAAAAACPdBXmVa4AoUAAKJXMzMzk5GSNRhMcEurnH+DucgAAAAAAACqMVqszeumMXiY//wBzdlZWZkZSUpKIVNT8NfMqAAAAAADAU1X2vMoVVuXGewNAdWGz2VJSUkQkomYkM9cAAAAAAMCD+QcERtSMFJHk5GSbzVb+AZlXAQAAAAAA14gKn1e5YoQCAeDyzpw5oyhKYFCw0ejl7loAAAAAAAAql9HoFRAYpChKYmJi+UdjXgUAAAAAAFw7KnZe5YoRCgSAy8jPzy8oKDAYjAGBQe6uBQAAAAAA4GoIDAo2GI0Wi8VisZRnHOZVAAAAAADAtaai5lXKg1AgAFyG+js6wK17vQMAAAAAAFxl/v4BaqqvPIMwrwIAAAAAAK5BFTKvUh6EAgHgMtTf0Xq9wd2FAAAAAAAAXD3qZEg5J6+ZVwEAAAAAANegCplXKQ9CgQBwGervaKPR6O5CAAAAAAAArh69weBa6u+KMa8CAAAAAACuQRUyr1IehAIB4DIcDoeIiEbj7kIAAAAAAACuHp1OJyJ2u708gzCvAgAAAAAArkEVMq9SHoQCAQAAAAAAAAAAAAAAAADwEIQCAQAAAAAAAAAAAAAAAADwEIQCAQAAAAAAAAAAAAAAAADwEIQCAQAAAAAAAAAAAAAAAADwEIQCAQAAAAAAAAAAAAAAAADwEIQCAQAAAAAAAAAAAAAAAADwEIQCAQAAAAAAAAAAAAAAAADwEIQCAQAAAAAAAAAAAAAAAADwEIQCAQAAAAAAAAAAAAAAAADwEIQCAQAAAAAAAAAAAAAAAADwEIQCAQAAAAAAAAAAAAAAAADwEIQCAQAAAAAAAAAAAAAAAADwEIQCAQAAAAAAAAAAAAAAAADwEIQCAQAAAAAAAAAAAAAAAADwEIQCAQAAAAAAAAAAAAAAAADwEIQCAQAAAAAAAAAAAAAAAADwEIQCAQAAAAAAAAAAAAAAAADwEIQCAQAAAAAAAAAAAAAAAADwEIQCAQAAAAAAAAAAAAAAAADwEHp3F3BJYaFB3t6mChkqP9+SmpZZIUMBAAAAAAAAAAAAAAAAAFBlVdFQYLOmDe7s27MCB1y8dO2RoycqcEAAAAAAAAAAnu1IkrL1pJKQJnlWybcquQUaNxbj66V4GzU+RqkXrnSoo20a4c5iAAAAAAAAUJVV0VBgSHBAFR8QXe44tgAAIABJREFUAAAAAAAAgEfKtMiyg45tJ+TCFKCbQ3i5BZrcAhGR+DTNhiOKr5ezYwPp01IXVDG7rQAAAAAAAMBzVNFQoCoh4fTMOcvV4yceGxQYGLBsxfqDh46VaZAhA3tHR9eqnAKL4evnq9Focsw55R+qa/ebrQUF27Zur4i6AAAAAAAAAFyGuUD5fb9z/RGNGgFUFBGNu8OAF1FENCK5BZo/Dssfh509mil3X6f196pqZQIAAAAAAMBttO4uoDrRaDQaTTGTa4Ub77ir75Rvvhj22ktBQUHlvF2t2rWee+m5qd9+2brNDeUcqqLUqRPt7eNd1qtat7nBaDRWTkUAAAAAAABAxVh9VHltnrL+yL9xQBFN1UsEXrxi4bojmtfmKRuOK+6qBwAAAAAAAFVNlV4psKq54+6+t/e67a03Rpqzza5GvUH/xVefJ8SfmjBmosPhyM7K0mg0N7a98b1JTZ567GlXn2ZNmx44cLBMt5vxy8zmLZo3bNTgldeHbdm89YvPviz9td7eps+nfnYy7uTCeQv37t1f+NRb77y5ecPmtX+sK9z46vBhIaEho0eNzc/LL2HYBx5+oGnzJksXL9uwdmMpK2nctNFT/3vSnG0e8fpbGekZpX8EAAAAAAAA4OpwOOXbLc4dsedbins1+OrRaaVlbe1N9bXRwRp/kybApFEUyS5QzBblVIay5YTz4Cmns1AI0O6Qn7YocenOB9vptFUwxggAAAAAAICri1Bg2YSGhU6e8ll+/vnknMFo8PLyata86Yefvv/Ss8MKCmwioijKxLHvu/o8+n+PdO/R7Yfvfli98o8y3e7zTyZ/MnmSiHTqctP8OfPPnEks5YX5+ZaD+w+1bd/m1RGvnj51ZsKYiZmZmeqpiBrhjz/1WOeunWKPn5vm9PHzveHGG0Tk8ymfvj7sjbTUtEsNa7NZ9Xr93ffcdfc9d5XpQfwD/MdOHP3Mk8+V6SoAAAAAAACgsuXZlElrlJOp7q5DRERMRrm7ta5Xc73poonbcL0m3FfTIFS6NdLlWWX1UfvCPQ6L9XyHjUc1CenOl27R+BgIBgIAAAAAAFzTqnEosGWLRoGB/kUaHXbH0X/iMjOzK+OONqtNRJyKc92a88vsBQQGdOvZTUSWLVomIg67XUTsdnvsiXORu+CQ4K7dbhaRRx5/RKvRrlyxuvR3TE1JNWeb/QP8RSQoJKhIKNDLZCqwWC517ccffvL+pIlRtaJq1Y4aOfrtl58fprY7HA4Rada8We3atdUW1/bHNqvNYXeUUI/VahURc7b56SeeUVvUWxw+eGjc6IkiUrNmzQ8/fV9ERrz6Znx8gojccWff+x4aqijKF5+WYaVDVDaD0aARxWq1l7K/0agXkdL3R1WQnZ1tNBpNJtOlOjidztzcXH//or9Iq5rs7OyAgAB3VwEAAAAA8EwOp0xa4zyZ6v4UnVYrt7bQDrzR4Gu8fGcfo9x9nf7WpvrZu21/HHI6nefa41Jk0hrnG710Om1l1+vhPGBeJfbECYPRULt2dAl9Nm/auGXLn48//kRwSMhVLA0AAAAAAFS66hoKDAkJ6hPTvdhT4eEhi5euK/ZUOVmtNhGxWe0zfpvlaqxTJ7pbz26Kolwq7ffsC89otVo1UafXGy41+GP/94iPr8/UL7+22y7IXR0/drx1m9bmbPOhA4cLt7/w8nM3tr1x8ieTd2zfdakxP/948oQPx4tIeESYq1Fxioikp6W/8MxLaou3j/c3074SkSWLl7oWFKxwhw4eLkUvXCXdb27XoH70rDnLMrPMl+0cFOg/eGCf2NhTq/7486pUBxGRBfPnRUdHt2nbTnOl+xXNmjlj0cLf27Rt17PnLZ06dzYYiv7+OXL48BvDX7upU+f+/Qc0bdasTIPv2b2rdu3osPDwS3U4c+b0/Hnzutx883XXXa/T6a7sEdQp+IceuK/LzTc//vgToWFhpbgCAAAAAIAymLatSiQCvQzy4m2G66LKFuXzNcojHQ0tazqmrrcX2M41nkzV/LDN+XinazoVWDXnVSwWy4b16zp17nJ1ooSbNm2cM3vWDTe0vv+BB5s1b15sn1mzZsbFxm7etGnAwEFDht538WMCAAAAAIBqqrqGAjOzsg8cOFrMSoFO58HDxyrrroriOvzosw/N2eaffvjZZrWWcEXbdm2aNmsiIieOx44eNaZI4K+wkNCQ1m1at2nX5sjho4XbDQZ9jjnn1KlTr4141dXo5eWlDvviKy8uXLBo1m+zix0zIeFUQnx8dJ06BQUFrkajl1FE8vJyS/3Y52m1OnVlQW/vc+/IqtNqBoNRbTGZvNR2k7dJbTEY9Wo3g8Fgs9lKHB5Xz9Zte6OjI4cM6jtrzrKMElfWDA4KGDywj91u37J9z1Us8Bq1b9/egwcO3Hf/AyKyZvWq+Ph4f3//fvfcO2DgIDVbXCZxsbEismvnjl07d7z62vCbu3Yt0uHgwQMisnXLn1u3/HndddePHT+h9INPGD/OYrFcf/0NDz70cLET38nJyStXLF+5YrlWqx08ZKjJZGrd+sb6DRqU9SnWr1srIps3bdq8adPgIUMfePChso4AAAAAAMClrDji3HZcRBQRd+YCIwI0r/QyRAVeYQ3t6+qi+mknrbIlZamzl8rW45rawc6YZtdWLrDqz6tkZ2VN+fKLLyZ/3r1Hj8cefyIoKKisVamsVqvBYLhs3vGBBx/av3/f3r179u7d07RZs7dHvlMkjJiQEK8+ptPpnD1rpl6vH3rf/VdWEgAAAAAAqGqqayjQ6XAuX7XJjQX4eHvXqBHxztiRo94cdak+YeFhz730rIjs27v//fEflDygGpgzGo2BgYGF04cikpaa5uPtI97FX+jr41PCsN9+Ne3FV55fsnCJq8XLaBSRnJwrCQUaDHoR8fP3++aHrwu3N2rSqEjLyNFvF7nW5G0iFFh15OTmzZy1bNCAmCGD75g9Z2laelax3UJDAgcN7GuxFMyesyw3L/+ql3kN2bZ1y88/TY+PjxeROnXqdLm5q7ePj4iYzebfF8xv3rxFZGRkWdfJS0iIVw+G3nf/xTPXInLgwAHXcfcePUo/8vFjxywWizrb/vNP08eMG39xHx/vc7+anE5ncHDwV1On/DDt+8jIqP888kinzl1Kf6+VK5a7jjdt3EgoEAAAAABQUZJzlLk71TigOxOBvl7yaowhMqBcNdQK1AzrZXh3kTXXIurjzN2ptItWQn3dvwjiVVBd5lUiatR47/0PX3/tlfXr1m3csOHtkaPatG1XpqrU5Qaff/aZ9h06PPHkUyX31Gq1I0e9+8jDD9pstqNHjrw67OWpX39TuMOihQtdPV959bUuNxfzmAAAAAAAoJqqrqFAt3M4HCKyfdt2u81RbAedTvfO2FF6vX7rn1snf/plKQZ0qgdvvv5WaQr4bvo3Xl5eKSkp0777sYRux48df+6/L7g+arRak7dJRBLiT13cuU507eCQYG+TqVHjRrf2uvWj9z/OzrogK6buH3HowKHxYyYWbo+Kipz40YSM9IydO3ZNn/ZT4VNdu9/82BOP/rX1r7539J55iRUN4RZ5+fkz5y4b3L/3kIF9Z81dkZqWXqRDWGjI4AExufn5s+Yuz8+zuKlMD+d0OjesX//TTz+mpqS4Gj/79JO27dp7/xuqe//Dj2b89uv6devq1q171939evS8pTQ7udhsNnU38CZNm6qvyF/syOFD6sGgwUNu7xVT+rK3bDm3kXRYePibb48sto+3z7kgc7369Xv36RsdXWfEG68nJp6ZOGH8xPc+aN6iRWlulJh4Rp3QF5Hbbu/17HPPl9zf6XSeOH68UePGpX8WAAAAAMA1a8E+RVHcnJnTauTlXuVNBKqiAjQv3W4Yv9jmVEREFEUzZ6/yVGdPDgVWx3mVJk2b/ueRR6d9/53T6Rwz+t1vvv0+LDy8lNeKiKIoEyeMT0o6u3jRwrp16/aK6V1yfz8/v67duv+xZrU6zXL69KlatWqrpzIzM1etXKFO+X446ZN69eqVvgwAAAAAAFD1EQq8QmooMO2iHJXL6yNeDQoKXL1y9Q/fTS/dkEop+pRN8+bN2rRv88v0X10tbdu2VveV2LRho6vRkn8u79W5a5fOXc+v4DXstRdHvflu4QGXL1mxe+fu5ctWFrmRwWDQarWhYaG1akUVObVx/aY9u/d+/PlHJpPJaDD+NP2XCn1ElIslv2DWnGUDBsQMGdRn9rzlyclprlMREaGD+vfOyjbPmbfcYilpj2xcAZvNtmf3rvXr123dsqXwCpr+/v7Nmrdo1KiR0+k0mc5t0m00GP/3zHNHDh85efLk5M8/+/GHaWPGjr/sPrynEhLUgxdefKnYDinJyepqfyLSf8DAwqfy8vLOnD5dQrRu86ZzC7U++eRTrjq3/7UtMiqqdu1o9aNrpUC9Xi8iLVu1urf/gPnz5opISkpK85Kr/9fsWbPUg+CQkP898+xlt8WZOeO3Gb/92uXmm5/+37NFNsQBAAAAAKCwM9nK9hPqdJw7Y3Mx1+maRlTYJr/NIrQx1+mW7Tv3DvOOE8qdLZ21Aj1tE+HqPq8S07vPtO+/U0ONO3fuiOnd580Rw3Nycvz8/IxGr5ILy8rKPH7smHr8xeTPo6PrFPvi5alTCa4pmpiY3mooUESCg0NcfX7+abrT6dRqtR99/GndunVFJPbEieCQkCve1BgAAAAAAFQphAKvkN3hUCduij1rMBiatWj27dRv163dcDWrCg0LbdPmRrPZbLfbROSJp5/w9fXteFPHMaPGpKSkish9DwwVkRxzzonjca6rFEXZvHFzx04d1eyOi2sCSKPVfv3dFJO3SVEUxakMfWBokftqdefmFpu3bP7jL9MuPqtGeWLuiNm3d9/evfsr5+lxJSwF1jlzlw+4J2bwgD5z5i0/m5QqIjVrhA3s3zsjI2vOvBUFVhKBFcZisfy1bdv69et27dxR5LdHUFDQJ59+HhxyfmbW2/vc5LXeYDCZTBMmvvfUk/9ns9nMZvPYsaO/+/6Hi8dXFGXXzh1t2rbTaDSxsbEicuttt7umgD/79JPuPXrccENr9ePBgwfVgy433+xTaBdyRVEmjBu7b9/eoffdP/S++y/O4WVmZp45c1qtuUPHm9TGI4cPjx0z2t/f/8upXwcEBIiI979j6nQ69WDoffcvW7rE18+vQ8eOpflxJSclrVm9Sj3OSE9/8flnL3uJuqzg5k2b/tq27YspU2vUqFmaGwEAAAAArkErjygiGsWtkUBfk/RvXcHTs/e21m/825FzLq6mWXNUHu5QsXdwG8+YVxERb2/vunXrnjx5UkRCQkJE5O67+40fN9bf3z+qVi2Tl6lwZ5vddujgQXWH3+uuu97P189Vg4ikp6ddPL6IDHvpxaZNm7340sshoaHNmjcPDQtLS03t1LmLq9SkpLPqMoETJr6vJgLj4uJefukFnU730svD2EcYAAAAAAAPUF1DgVqdttctnQMDiy4E5XA6d+4+GBtbzN64Fctht4uI7RJ5KUVR3h4+8uTJ+MKNrdvc8Ojjjwx/5Y38/ArbiVWrueBNX18fn4cefVCr1aqBRfUgJDT4xnZtVi5b+cjjD9eIrKkoynvjPygyzpTJX02Z/FX7Du23/7Vdp9Op6yCefxyn8+03RnXt3iX+ZHxKSoqI+Pv5m3PMrg633H5rj57dHXbHuyPPryxoMnnb7XY1nuiSEH+6op4dFaWgwDZ7/or+/W4f1L/33AUrRSMD+vVKScuYu2ClzWorxQAorUULf1+8aGFUrVoxvfs0bNiwSdNm0dHRw19/9eiRI15epsIz1yLiejXcy8tLRELDwp597oWPJ30oIlmZmcWOb7fbR7/7Tlh4+JNPPhUXFysiDz30sHpqxm+/rlm9as3qVW+MePOmTp1F5MCBc/Hc3Ny8n386v6BpQkLCvn171UsOHTw4Ztz4InfZ/tc29UCn1/++YL56rI5gNpvfGjH8o48/NRgMrjfyFeXcMqgmk+nb739IT0//4P33Xnp5mJ+fX8k/rh9++F49qFe/fuvWN5biByzZ2dmZ//5wdFpdaS4BAAAAAFyb9sYrIhpxaypwYFu99+V3si0bH4MMaKv/cbNdUUSjkT0JiseEAj1jXkXVK6b3N19/FRVV68Y2bUWk402d5v++SJ3LLcJqtQ4acK+ING3WbPTYcaX8WRkMhr179zz+2CONmzRxTWUnJp557dVhaofk5GT14Pvvv1UPThw/7nQ6nU7n++9NHBoff6lNkwEAAAAAQHVRXUOBQYEBrVo1LfaUxVJwFUKBNptdRKyXiEzZ7fYiicDataNeGvaiTq8bO2H0Ky+97krJlJNrCS5VfHzCmJFjvby8Dh8+YvQyfjPtKxGZPWPO2tVr33hreMvrWuTk5Hw0cVLsidiLh+rTN+aB/zxw7J/j7749+uKzZ8+enT1zruvj9N9+OHLoyOeffmHONotIly4WESkosLoWINRotZ9/+YnJ2zT50y/27NpbIQ+LymOz2ubOX3lvv9sG9o8RkbNnU+f9vsput7u7Lk8zaPCQQYOHlLKzt7e3euD6Z96jZ8+FCxccP3asbbv2xV5iMBhEJDUlZfy4sWrLI/95qEifCePHTfnq66ioWgf271ffMj91KuHUqYRiByyc/XXZ9O/ewRqNZtGihepx4L8Li+bm5cWfPNmwUSOtVqvVap1OZ+GQsb+//6iRbx0/duzZZ56eMPG9yMiiG467nDqVoG5SbDKZxowdr64+eFmHDh1UQ4GffPZ5WHh4aS4BAAAAAFyDjqUqORaNiFLsQm5Xh8kgPZtUyvtsPRvrZv5lt9hERDHna2LTlfoh7twiuaJ4xryK6s677m7foUPhLQ6KTQReMb3BoL40XqdOXRFR/1OlLhBoMplu7xVT+BKdTqcuSWgwGBpfeu9jAAAAAABQXVTXUGB6euayFeuLWSnQ7jj6T9wlLqpI6oyha6VAjUajJvCMRqM6daJ+dDEajTq9TkRqRNZ84eXnP/no00uN/NKrL5SmAHWWSn3VtbB//jlWpCU8PGzqd1/qdLrTp87Uqh01cszbJTxRo8YN3x33zsgRo0q+u0ajadGqxZRvvlDTjeq1Pr7eP834sciAr7w+7Mfvpq9aubo0DwU3stvt8xes6tunu4gsXbbefuFqkbj6XP+6C2+IM3bchF07d7Zr3/6Xn39KTU154cWXi722SdOmMTG9C7csWrQwLjZWRG659dbw8IgzZ04nJp4RkRdefLlHz55FLh/Y/x6bzRYaFvbxJ58VOWW1Wvft3SMi9/Yf8Mijj5X8CDqdzul0ZmZmbli/PjHxzJkzp+Pi4tQyMtLTR7/zzpSvvi72QkVRPvzgffX4zbdHljIRKCJ5uXnqQVRUrVJeAgAAAAC4Bu06JSKiiPsigSJNo7T6ioyBnafXSdMo7d6TTkXRaDSyK0Hqh5TiMs9SNedVCiucCKxwasSwTp06zz73fJFTaiiw4003FTm1edNGNRQ4/I0R7dp7yvKSAAAAAABcw6prKFBEDh4qmn6rdIXmCQ0GvYhYCs5vH7xk0RIRqd+wftt2bR12x5JFS9p37BBVK/L3eb8XGeb0qTMXj+16abVmzcjS1KLO7JRm5tLkbVq9cs3smXPsNvsdd/bNzMx89P/+k5GR+eXnUwuP9s7YkRqNRlGUo0eOXnZMp8Op0+s2rN2wYd2GS/V56923RCTHnLNr1+7SPBHczu5wLFz8h7urwDlqwljNa7oafXx8bu7addXKFbNmzhCR2rWjBwwcVPgqdXG+unXr3XZ7r8LtCQkJcbGxBoNBne9eMH++iAQFBXXr3v1SBfj7+1+8XsLSJYudTqfBYBgy9L7C7Q6HIzU15VRCwtGjRzMzM5OSkpKTkmw2m4ikpaZ+9OH7JpMpIiIiqlbtNm3aRkVFRUZG1albVy5h7pzZsSdOiMjd/e65/vobLu7w6y8/N27cuH2HjkXac/Ny1cx0xb5eDwAAAADwMCdTFRFx797BrWtX4v91bV1bu/fkuTDcyTS3PqebVM15FVVmZuaz//vvnXfdPXDQYL2+ys3PM6kCAAAAAIBnqHKTDlWZr5+P61idV0pPTVU/KoqyYN5CEenWvWvbdm2dinPBvIVpaelPPv3E6lV/5JhzLju4n5+vOs7rw4aXpph3xoy0FFhmz5h72Z47/tq5dcs29XjJ4qUiclPnjq3btE5JSXEV1qdvjDpLtXHdxl+m/3rZMRVRRMRSUJCSmlZyzz83b0m7XB/gWrB40cLVq1cF+Af4+fsVbj8ZFyciKSnJ7783oXD7wQMH1IOPJ33k5WV0tTudypY/N6vH03/8oV69eoV3vVEX5yu5EovFor4U/uBDDxc7z6tu+HvxQqQ2m+23X38RkYf/84hrFx7Vp59M+nPz5gcfenjmjN9MJlPdevWat2iRnp5msViCgoK++W6aay7+sk6ePPnT9HNrjq79Y02dOnWaNG1WuMPuXTtnzvhNRG7u2vWZZ5/38Tn/mzk/L09E/PyLLiILAAAAAEBhOQVSyrdtK0+90Eq8feHB1Yet7qr1vMqpUwkJ8fFGo1F9LXzmzBlms/m3X39ZvnzZhx9OCgsPL+MPAwAAAAAA4PIIBZaBn9/5KSeTt0lEkpKS1aRLse997tqxW6PRDBzc/4fvpl9+cH8/dWvOUhbzztujy1D6hTas23hj2xsf+s8DUyaf2+O4V99e6m4aP03/pfTj9Op9e6/et5fc51JvxALXmm7de8z47ddTCQmRkZEBgYGudnWm2Ol0ZmVlFe7v7e2TmZkpImdOnw4JvWCbn1bXXec6TkxMLGsl69b+4XQ6/f39b7n1thK6eRmLhgJXrlhusVhEJDIyctfOHa72ffv2rV+3TkQWLJj/xZSptWtHq+1xcbHHjx2zWq0XJwJXrVwRHV2nWfPmRdptNtu4Med/uZnN5smfX3KrnU0bNwYGBj351H9dLWp5QUFBJf4AAAAAAADXutwqkJML8q7ESbNzg2tERHIslXefq6daz6ukp6dPnDD+4j75eXmVuizfqVOnXn2l+C2St23dWuRUSkpK5VUCAAAAAACuPkKBZVD4PVR1layk5JTo2rXUFv8Af3O2uXD/3Nzc/Lz87j27z/xtdn5efsmDe/v4iEh+/tWYpduxfafT6byp000//fhLjjmnTZsbw8PDReSvrX9dts7C5syco66PWKyfZ05X1z6soKqB6i0gIODnX2dc3P7aq8OOHjlSo0bNceMnFm7f/te2sWNGi8hzz7/QomVLtTEuLi4hPr5rt27lqWTe3LkiMmDgoO1/bbupU+eLO6jvxBsvXCnQ4XD8/NO5fPPYMcWHkjPS0zdu2HDf/Q+oH328fdScX5FusbGxatRv+BsjOnXu4mpXFGXC+HFJSWcjI6Natmq1etVKEfngw0mhoaEX3CUjY9jLL6orBT762OOu9pycc0ufhoaGlfFHAgAAAAC4tpjz3b+jbnBlhgILD14VEpDlV63nVa6//oYRb76Vm5vXuEnj8PCIiRPG7961U0S+nPJVyIWTHhXLaDTWr9+gSOPfR4+KiK+fX5FTRqMxIz298ooBAAAAAABXWXUNBXoZjQ8/2C8wMKBIu8Ph3LR5+/adByrjpn6+50KBwSHBWq3WZrMp/24noSiK01HM1hI7/trRtUfXV14fNmbU2MsM7ucnIubsrJK7lYe3j/ew117esHbDhvUbjxw60qJVi+FvvjbqzXf/9/x/1emqad/+WKYBI6MiGzZqWGn1Ate0kJBzk8JZWZmuxm+//mr//n379+976r9PqzvOlNXhQ4eSks7ecuttwcEhE8aPu71XzP+eebbwW+muIK/JdEEocPWqlXl5ed26dx/2ymsi8uaI4Qf27w8NC/t+2iV/bwQEBqihQIfDkZqakpSUlHT2bFJSkrrJjohMnDB+xJtvdbypk/rx66+m7tyxPSqq1gcfTZo7Z7baGBwcHBp2QchP+++DR0fXMRgMrvb09HM7lYdW5nw6AAAAAMAD6HQap93dRVS+a3n/jqo2r+Ka/RARtb9Wqy0y41HhIiIi/vfMs0UaVyxfJiKtWrUqcmrzpo0H9u+v1HoAAAAAAMDVVG1DgV7GixOBIqLTaUNCgyvppgaDXkRiT5zod+9dIpKZmdmwUcOziWdjT8TOnjEnNzdXRBS5YGG8eXPmd+3RtWmzJrf3um3VytWXGrl27SiTySQif27aWknFt+/Q/n/P/7fAUrB79x4RmfzZlMlTP61Xv94nX0wyeXuLyO/zflcfofQ6denU4aYOJfdh+2CgTOx2+949uzdt2tihQ0e1JSMjQz2IPXFi//596uxtVlbWGyPevILx586dExQU9NR/nzYajd9+89WqlStSU1PfenukXn/ufw4KCs4tIGAstM2N0+n8afqPwSEhzzz7fAmDZ6SnnzwZl5ubm5SUlJKScujQIbW9/z13u/oYDIbAoKAWLVuGh4dHRNSoHX1ur+EF8+ctXbL4+utvGPHW2+pSrGWV/u/r7OrSpwAAAAAAXIq/SZOe4+bdLTLylXC/ypo3y8hXRERRRKMRf9M1NDtXNedVqpeL93wAAAAAAADVUXUNBWabc77+dmZgoF+RdofDeTY5tZJuOmfWvJUrVu/dvffbH78WEcUp744blZmROXfWvH17z71GqbnwFdyUlNTt23a079juP48/HBoaMuO3WcWOfFvMbWrsZtnS5RVetsFoeHX4sBtuvCEzM+v1l4eryb/srKx1a9bdcvstwcHBIhJ/MmHu7PllHXne7HlsHwxUiIICy6aNGzdsWL/9r21Op7Nb9+4NGzZST7mybj/8ME09iIyMevChh0oYbc3qVQcPXLBgqmsVPZvN9uZbI9UU8pCh9337zde7d+2cMH7c2yNHqR2sVqt6oPZRrVu71mw2f/Lp54Ubi9i/f9+fmze/2ps0AAAgAElEQVQvXbJY/RgWHu5aS/XRxx5v2KhRWFhYWFi4wWA4efJk3bp1C1975szpad9/N2jwkAcefKj0SeIiv16Sk5LUA7YPBgAAAACUzN+kpOeIe7cQzqzMUGBmviL/LhUY4O3+vZIrWxWfV6leCgqs7i4BAAAAAABUgOoaClRzgdnmnKt5x9gTsSJyc9cuJpNJUZRxo8d36nLT0PuHPP7UY7363DZ65Nj8fItOf/5HqtFq77t/cGRUZFZWVmBg4J333Nm4WZMvP5+SlppWZOSbOt0kIsf+OWa3VdjOJYEB51ZSfPLpJzQaTVpq2mvD3iiwWFwd7Pbz90pJSdZota4ETyldd8N1juI2TQZQSulpaZkZmerKox+8P1Gr1fbu03fw4CHBISHqono2m+3EiRMismf3rj27d6mNEya+p3a4lOCQkKbNmhZuOXL4SGLiGRF5d/QYV+PtvWK+/eZrEdmx/a/Dhw41b9FCRKz/vtHu5XX+jfbIyMgXXny5foMGl7pjYuKZd0eNtNls9/YfUL9+g/YdOvj4+GxYv/6jD98XkebNWzRt1kztuW/f3rffHDH0vvvvu/8B1+VRUbW+mDK1du3oMv30LIV+oYnIyZMn1YOaNWuWaRwAAAAAwLUmwFsj4uYXWePSlMaVttJ9XJoiImrsMcDHYxOB1WVe5epz2O0ikpiYOOmjD4rtsG/fviKn4mJj1YO8vLJtJgMAAAAAAKqmahwKdJd7B/QTkV07d6Wlpi3+fYnT7rz/4fui69QZNWbU8FfeiK5TW+3Wf+A9d/a7U6/Xf/nZlFMJCeM/GK/Vaps2a/LJ5EmHDhz+7OPPXXv13vfgUD9/P4fdMXXyVxVY56ChA9UDjUaTkpLy2kvDXVs/BIcEvzXyjRqR53Mzbdu1/Wba1NXLV8+ZM6/0wcTGTRrXjq5dys6+vr7dut+8bOmKMj4H4IFOnUrYuGHDhvXrz5w5rbZotdpBg4fc3e8eP7/zC6DWb9Dg76NH/z56xGw2Txg/Tm0c+c67Jc9ci0ibNm2ffe6CfX6nff/dgvnzinQzmUzq/LiIHD58bvI6Lz9PPevr6+vqWbNmzSlfTl6zZpW/f4BerxORQwcPqvsFf/jBeyKyZ/dudZxlS5dM/fpbHx8fEalbr556eWJiohoKzMzMHDdmtIjM+O1XLy+v/gMGum5xqUTgRx994OV1wbv1Vuu56XWz2Vy4PSE+3lVtyT8fAAAAAMA1rk6wsj9B3LtU4J5Tztub6Spp8O1xDhFR1+KvG+xpKwVWu3mVq09dsNBms6mhyYtlZWYWOcW73wAAAAAAeBhCgWXTu2+vGpE1bTbb11O+VVuWLlnW567ewcHBtaNrBQQGtml3o/rKaf9B/a1W6ztvvXPieJyITJ82/ZHHH1EjehE1wwMDA9RQYFh4WJ87eovI5E+/TE5Oqag623do37FTR/W4SCKwe4+ujz7xqF6vF5Ejh49+/eXXb73zVkhosMlkuvOeO/ve3ffM6cStf27ZvPHPlJTLbMRcmu2DXUZPeLdGjQiLpWDtH+sq4hGBakZRlL+PHt2wYf3mzZsy/t25xiU8POL+Bx4s0ti+fYe/jx41m82j3x2lroo3aPCQ66+/oQKrioyMjI+PF5FmzZqrLbk55/LKhSevg0NCGjVusmb1qqCgoBo1a+p0Op1O53Q6RSQtLU1EouvUcXU+m5io7kteq1YttSU29kSPnj2dTue4saPVB9Fqta5gdMmcTuelNtwpMsLRo0dc1ZbxxwAAwP+zd58BcVz33sfPbKP3DhISklADdVDvXVbv7o6TOI7TnH5z03uc5Elyk5tmJ7nutiSro95RLyAkQEKAqALRe1u2zD4vjrRe07RCqOHv59Uwe/bMmYWdWWZ++z8AAODTZXQfZXeqTVEeZlou86ZqsQrdfYgFWlRxrUTWQbQJoYzq0xsSgY/1dRUnFRYWeHl69chlDXnRZtSo0T//5a/aPLR86WIhxLTp07/5re84rk+6cP4XP//ZgoWL5s6bL4S4caMwLCxcp+P2AQAAAAAAjyv+q78LcfFjn3n+GaPR+OP//on9+o4QYvfO3c++8KzNZhs7dlRgYKBc2djQ+L1vf7+29tYXLg8dOFJTXfuFL720d9dee5DOw8Pjl7/5uUaj2b97/4XzF3pwqFevXrVYLDqdrq6u7r+++d8yERgdPejFl16M7NdXCNHY2Pjhux8mHjshhHj1y1//+re/Ni5unEzq9OkbsWb9mjXr15jN5j+89scrVzM+9/nPmMzmluZmm+3WvCparVYIMWLUyDteGBo8JHrNulWxI2JDQoKFEC++9JmCgnwZlAQ+VVIuJv/spz9xXOPn7//ccy/s2bPrenZ2h0+Ji4t//713hRBZmZlCiHFx8c88+1zPjqpP38jCwkI/f3/5dXbHOWLc3T9x8fqrX3v1y1/5qnzvCyF+8P3vpael+fn7/+a133XWuU6nCwgMrKqsPHP69Iuf/dz//uXPckf0ev3v//CnqKgoZ0b4ne/8V1BwsOOa+vr65555KjIyctGiRcXFRUFBwYqibN2yWV7fDwsLVxRFCJGXm+vl5RUYdN+mYgIAAAAAPLb6+ytebmpDi2Kz3Sqn9+AZzeJotvV+FAs8mmVVbxV9UzxdbZG+mh7fxIP3uF9XuaNzZ8+89ptff/8HP4wfP+HeBzZseExYWFj7oGQXxsXFf7jxIzn5w82bxV/7ypcnTZ783f/673sfDAAAAAAAeCgIBTpr5erlq9auKi8t++mPf9FQ/4k5K/ftOTBm7Ji8nLzEYyeWr14eFBTU0tzynW/+V5tmyUkXX/7sK/YfDQbDb//4mruH+3/eePPo4aM9O9qmxqb33/7g2Ree+fH3f2oymSZOmrB63aqw8DAhRE1Nzc6tCQcPHLI3ttlsf/r9n4cNG/rSKy8Fh9wK0DTUNxw9ciwnJ8emqiGhwUOHD2s1Go3GW7N21tXWCSFCQoJl1K9DcgYKX1/fmbNn2n8UQowfP55QID6Fxo6LCw+PkPPa+Pn7v/ji56bPmKEoyv79ezt7StSAAfZpaIbHxPzghz9SPnmnIi8vr7mpKSY2ttujeubZZ8eMGRMfP97ec21tnVzw9PzExWtFUeyJQOdNnDhp966EsrLSv//tr0cOH5KJwD/86c/9+vXr9pi9vb3ffvd9X1/fXQk7f/LjH7V5dM7cuXLh/fffi4mJWblqdbc3BAAAAADoxUb0UU53nCV7cLZetMyM1up7NBZotootyRb7j2Mie0OZwF5wXaVrCTt3/PtfbyxZuqzbicDysjI3d3cPDw+NRiOE+OnPfn63PSiKIhOBzc3N3//v76mqeurkyU39N6xb/2T3hgQAAAAAAB4uQoFOGTwkevGyxf95/T/Hjh7vsMFvfvlbufDj7//0W9/95l///Lc2icD2vvndrwub7duvfqcHZw12dPDAobTU9KeeWT82bqzBYGhsaDxx7MSObTtLS8s6bJ+Rce2bX/tWXPzY5z/7vLnV9L3v/MA+4/Cvfv7a/Rgh8Gnz1a+9+utf/eK551+YN3+BvETbtcOHDtrfhi9/8UvtM3mbP9oYHBxyLxev+/Tp26dPX8c1NTW3puDx8vLuRoeqqh5PTIyLj/f09BRCzJw5a/euBCHE/n17ZSLwj//z58jIfvbGKReTx8XF3+1WfH19hRBLli6bPHnKX/7y55SLyXK9Xq9fumy5XL6WcXXBggXd2AUAAAAAwKfB/KHidLZNUcRDnEG4oUUcuGZZHNOTV2h3X7E0GuWiTVHE/GG9oUyg1Cuvq9hstjde/+ee3bsGDxnyuc+/1L1h1NfXf+mVl+0764zEY8cSjx27Y7P333t34qRJ9is5AAAAAADgMfJIhwL79o349jc+57hm0YIZixbMePAjycrM/vwLX3CmZUN9w09/+DNnWv75D38xGlvtE/LeD9FDBgUGBW3dvC3x6PE7hhSlpAsXky5cvH9DAj7NhsfEvPfBBicbv/3Wm1u3bLb/+K83/vmrX38inquq6rmzZ1/+4iuOK61Waxd9dv2oVF196+K1p5enk0O1S09L+8uf/6e6uuqP//NnGQocMHCgRqNRVVUI4e7u/oc//U94eIS9/eFDB7du2dKNUKCdf0DAt7/z3eeeeUpVVV9f39/89neurq5CiKrKyoaGBj8//273DAAAAADo3SJ8NJOj1dPZwvYQU4FCbE22xoZr+vn1THQvu0LdmWL/31+ZGi1CvXpJpcBeeV3FZDL9+le/TLmY7OXl9eOf/MyZpGOHvL29f/bzXyYmHuvXr19ERISmy6kefvSD7wsh+vXr9/kvvOxM52Fh4d0bFQAAAAAAeLge0VBgdU39I97hvWtpMd7vTZxIPHki8eT93gqAntXc3PzHP/y/C+fP6fX6b337OykpKfv37U1PS9u3d8/CRU/Ym6Wnp5nNZscrszabTcbvOtP1o1JJSYlcuKtEXUV5+d///reLyUkhIaH/+OcbQcHBQoi83Nxf/vLn9o0OGhTtmAhUVfW9d9+ZMnVa1z3fMTnt6em5/smnWltb165bL6e5EUKcO3dWCNHc0uz8LgAAAAAAPm3WjlGS8lST5WHG5lrN4nf7zD9fZgjwuNdhlDXYfr/fbLLcijkadLZVo3tPmUDnPS7XVVRV/dY3Xi0sLBRC/OJXv/Hy8nJi5zoVExvrTMlD+2WWfv37jxw56l62CAAAAAAAHnGPaCjwWmZuZWW1m6trj/TWYjRWVtX2SFcAcF8dT0z821//YjQaJ0yc9NWvverl5RUXPz4p6UJVZeU//v43i8WyZOkye0shREhIiP25LS0tciEp6cIbr//Tsdu01MtywWazKUpXtxkKCwvkgj1g1zWj0bhxw4fyy/fx4yd897++ZzAYrFbrhx+8/9GmjY4tU1Mvb9q4Yd36J+WPR48cqa2tHTduXNf9l5eXBzvsY4eefOrpNmt27tghhEhOSuICNwAAAACgM54G5TOTlTeOC/FQywXWNYvf7jf/dKnBXd/9Thpbbb/ea25uFUIIRdiEUF6crHgaek+ZQCc9FtdVGhrqbzcuFEK8+vVvRkVFdXeP705ra6tccCbgCAAAAAAAHmuPaChQCEGMD8CnSmVFxe9+91rmtWtx8eOfeurpQdHRcr1er//BD370zW+8KoT41xuvX7165ZUvfcXDw+PE8UQhhI+vr72H5qYmudDY0JB04YJj52VlpXKhpaXFflW6trZ2z+5doaFh4eHhfv5+ZrP5/LlzlRUVQgg//zt/nV3O0vviC881NzcLIZ597vm169YLIXJzcl77za/lFqMGDPj6N75lMZu/9c2vCyHef+/d8PCIqdOmqar67rtvCyGGx3T8LfbAwEC5sHfv7tgRI5x/GU0m0ztvv1VSclMIsX3b1pkzZ0UNGOD80wEAAAAAnyrxkZqc4erhq4rNJrrMet1fN2tsX9/Y+s35+qHB3antl1qs/vWoublVCEXYVKEoyvwYERf56SoT+LhcV6mrq8vLzbX/OH/Bwtlz5nSxX4UFt1KGXYcRnWQ2m+WC1UooEAAAAACAXu7RDQUCQK9UWFhw+NChoKAgb2+f1lZjdlaWXN/Q0DB48JDvfvd7gUFBbZ4ycNCgX/zq1z//6U/MZvOpkyfPnD7dp08fo9EohGhqbDTcvtDc1HxrttyZs2Z/5atfc+zhzf/7z/ZtW8PDI1wdKrA2NNQfO3rUfl3b0cSJk7rYBZvNZh92c3OzRqP5yU9/NnrM2Lzc3LfeevNSykX5hfhXvvSV6TNmyGZfe/Ubf/nzn4QQv//daykpF2tqamqqq11dXd3c3DrcRGS/fnLh5IkTSRcuhISEeHl7GwwuBoNBr9dpNBpFURRFUW9rbTU1NzfVVNfIOKCdfJUAAAAAAOjMujGa3AprXsVDLqrX3Cp+mWCeMljzdJzOx83ZwdQZbR8mWU5m3g542YSiiEEhttWjtfdxrA/VY31dpbm5+cuvvGxP5kVGRn7xlS+1abN929bkpCT/AH8vL2+bzXb27Bm5PiAg4G5ep46ZTaZbC7fHAAAAAAAAeitCgQDwQLm4uNTX1+3bu8cxr+bm7hY1YMDnB3yhs2eNHDnqn6//64c/+H5JyU1VVeX8MkKI69ez48dPkMvG29Pc2Mvs2Y0dN85sNq9dt16j+bhOQN++kW/8+z83bhS+/dZbF86fs693dXV99rnnOxuJ2WyWl9Hlj37+/r/93e8bGxp/9IPvp6ZeltUBly5dPn3GDL3+43mP5sydq6rWv//tr6qqHjp44NaAjUaLxaLTdXAmGjFi5PCYmKtXrshmBbe/Fu88vV7/05/9Ytjw4Xf7RAAAAADAp4pGEV+frfnjYVtB5cMeihCnstQLuaZlY7QLh+tcu7xw22wSB65ZdqZYTZZPrO8fJL46Q6PpvfMGP9bXVdzc3KIHD7mYnGS/cKHVto1vTpg4UVGU8+fPHTt61HF9nz597/Ta3Flzy63goz0dCAAAAAAAeiutj1/Ewx4DADjlG6++9FC2W1VVJYTw8fXrkd48PT0nTpy0YuWq0tISe9ZtxcpVw4bdIb7m7uGxYOEig8GQkXFVzt4rhNAbDBMmTpTLqtVaVFS0bt36JUuXtZlTJjQ0dFxcXIdl+Xx8fKZNn348MbGhoUEIMWTo0N/+9vc+Pj6dDcNsNn/wwXvyQnn/qKj/94c/GQwuL7/0OXcPj5UrV331q6+uWr1mwIAB7S9qDxw4aNbs2WlpabW1H88OHxMTExoW1uGGZsyYGRwcbLZY3Nzc3FzdXFxddFqtTqfTarWKosj+FUWx2WyyvSwf6OLiEh4ePn/Bwh/86McREZzgAAAAAAB3ptcqUwYoJQ22klohhHi4UwlbVXH1pm13mjWrwqbahNUmLDah0yiqTdS02MoabGk31Y3J1v87ablSbLOqQigfD3j8QPHV6RoXXU+Ovr6u9h7L1HFdxU5RlIkTJ506ebKxseH7P/jhoOjB7dt4eXkNHTpszpy5M2fNunD+QlNTo7zo8cVXvuTt3enlGidVlFfs379PCBEeETFz1qx77A0AAAAAAHTt3q+r3Aul74DxD2XDAHC3CnPOOdGq52VlZQkh+vaL6tlujUbjiy88ZzQav/LVr82ZO++unrhv757Tp0+Vl5cvWLDwqaefuffBXL586Z9///uatWudGcnNm8VffuWLPr6+f//H6+7u7jIp6FgXsAs2my056cKHH35wPTtbCDF12rTvfPd79z5+AAAAAADu3d4M29bkW989e7jRQCc5DnJNnLJgaM+P+EZBnhBi8OAO4mtO4rpKG7W1telpaVOnTbtjyzOnT732m19rNJqf//JXI0aMvPdxlpWVfuHznxs7Lu4LL78cFhZ+7x0CAAAAAIAu3Pt1lXtBKBDAY6OXhQKFEHm5uQGBgd7e3j3e8/1WVlbq4uLq6+vb7R4qKyrS09P79esXNWBAjw4NAAAAAIDuK6i1fXjellN+60ebTQhFPGrhwDajGhRieypeE+l7X4b5yIYCH+vrKk5SVXXzR5vmL1h4L1dg2vfpOAkyAAAAAAC4fx5uKFD3ULYKABBCPL55uJCQ0HvsITAoiHlqAAAAAACPmn6+yvfmK5eKbQmptsKqR7RYoH1UkQFi6UhldMSnNOP1+F5XcZJGo1m3/ske77NnOwQAAAAAAI8mQoEAAAAAAAAA8LHREcroCKXRZLtaKi4X20prRZNJGE22ptaHGRL0cLG5GRR3gwj3FSMilNgw4a5/JEOLAAAAAAAAeNgIBQIAAAAAAABAW54GZXykGB9J8A4AAAAAAACPGSYLAAAAAAAAAAAAAAAAAACglyAUCAAAAAAAAAAAAAAAAABAL0EoEAAAAAAAAAAAAAAAAACAXoJQIAAAAAAAAAAAAAAAAAAAvQShQAAAAAAAAAAAAAAAAAAAeglCgQAAAAAAAAAAAAAAAAAA9BKEAgEAAAAAAAAAAAAAAAAA6CUIBQIAAAAAAAAAAAAAAAAA0EsQCgQAAAAAAAAAAAAAAAAAoJcgFAgAAAAAAAAAAAAAAAAAQC9BKBAAAAAAAAAAAAAAAAAAgF6CUCAAAAAAAAAAAAAAAAAAAL0EoUAAAAAAAAAAAAAAAAAAAHoJQoEAAAAAAAAAAAAAAAAAAPQShAIBAAAAAAAAAAAAAAAAAOglCAUCAAAAAAAAAAAAAAAAANBLEAoEAAAAAAAAAAAAAAAAAKCXIBQIAAAAAAAAAAAAAAAAAEAvQSgQAAAAAAAAAAAAAAAAAIBeglAgAAAAAAAAAAAAAAAAAAC9BKFAAAAAAAAAAAAAAAAAAAB6CUKBAAAAAAAAAAAAAAAAAAD0EoQCAQAAAAAAAAAAAAAAAADoJQgFAgAAAAAAAAAAAAAAAADQSxAKBAAAAAAAAAAAAAAAAACglyAUCAAAAAAAAAAAAAAAAABAL0EoEAAAAAAAAAAAAAAAAACAXoJQIAAAAAAAAAAAAAAAAAAAvYTuYQ8AAB4PNwryHvYQAAAAAAAAAAAAAAAAgDsgFAgAAAAAAAAAuI/4siUAAAAAAMCDRCgQAJwSENTnYQ8BAAAAAADggaqqKHrYQwAAAAAAAMBdIxQIAAAAAAAAALiP+vaLethDAAAAAAAAeKAe7swJhAIB4C54e+of9hAA3LX6RjPvX9w//IEBQIc4PALA404eyQEAAAAAAPA40jzsAQAAAAAAAAAAAAAAAAAAgJ5BKBAAAAAAAAAAAAAAAAAAgF6CUCAAAAAAAAAAAAAAAAAAAL0EoUAAAAAAAAAAAAAAAAAAAHoJQoEAAAAAAAAAAAAAAAAAAPQShAIBAAAAAAAAAAAAAAAAAOglCAUCAAAAAAAAAAAAAAAAANBLEAoEAAAAAAAAAAAAAAAAAKCXIBQIAAAAAAAAAAAAAAAAAEAvQSgQAAAAAAAAAAAAAAAAAIBeglAgAAAAAAAAAAAAAAAAAAC9BKFAAAAAAAAAAAAAAAAAAAB6CUKBAAAAAAAAAAAAAAAAAAD0EoQCAQAAAAAAAAAAAAAAAADoJQgFAgAAAAAAAAAAAAAAAADQSxAKBAAAAAAAAAAAAAAAAACglyAUCAAAAAAAAAAAAAAAAABAL0EoEAAAAAAAAAAAAAAAAACAXoJQIAAAAAAAAAAAAAAAAAAAvQShQAAAAAAAAAAAAAAAAAAAeglCgQAAAAAAAAAAAAAAAAAA9BKEAgEAAAAAAAAAAAAAAAAA6CUIBQIAAAAAAAAAAAAAAAAA0EsQCgQAAAAAAAAAAAAAAAAAoJcgFAgAAAAAAAAAAAAAAAAAQC9BKBAAAAAAAAAAAAAAAAAAgF6CUCAAAAAAAAAAAAAAAAAAAL0EoUAAAAAAAAAAAAAAAAAAAHoJQoEAAAAAAAAAAAAAAAAAAPQShAIBAAAAAAAAAAAAAAAAAOglCAUCwCPHZDKZTKYe6Sovv/BG0c0e6cqR0Wi0WCz30kNtXb3NZuu5EQFAL9fc0qKq6sMehVNqamof9hAA4J7c4wfdDhmNxh7vU7LZbDdLSu9T5z2op/7BAQAAAAAAAAA4Q+vjF/GwxwAATvnGqy89lO1WVVUJIdw9vIUQLgbtA9hi+pVrOxP2NTY2hYUG63S6e+mqoKDwyNETGdeygoODvDw9e2qEm7fsPH32Qm1tXWBggIuLSzd62LIt4czZpMbGxj59wjUaZxPqNbV1xhajm5trN7aIT7NWk3r/3r+bPtp+s6TU39/PzfXjv8x3399UUHhDr9f7+fnej41KNpvtcmp6aGjI/dsEnHFf/8DsjiWeSjx+2tfX597/qFRV3bBxq8FgCAzw76HRfcIHG7akXEqz2WzBQYHOH+HvlqqquXkF/nfzamRl57QYW729vdqsLyuvqKqq9vXx6ekxdiC/4IaLi4tef08nd+Bx8WAOjwWFNwoKbgQG+PfUAaeurv7tdzeUlpaHhYZ074Nuh958+8OLKakNDQ1BQYEGg76nuhVCFBQW7dp9ID+/MDQ0xN3NrQd77rYDB4+mpl0NDQ1x/HT05tsfZGZed3FxCejW2aegsMjH20tRlA4fNZvNyRcvh4aFaDppAKB75JG8pbleCBEQENDtfuR1FR9fvx4dHQAAAAAAwKOuvq72Hq+r3AtCgQAeG70jFJhxLevw4cTo6IE63cddqar6znsby8rKB0T1UxSlvr4hL6+gsqo6Kztn9KhYe5vyikpPD4+72lxoaEh5eUVlZfW1zGyTyRTZt889jl8IcT0n78rVTCFEdXVNWvrVmOFD9fq7vq/p4+OVlZ1TWVltNpsjI50aldHYunHTtoxrmcOGDiFOgbtyX0MJF5JSyisqr2Vmjxs7ymHlxdra+sLCG7Gxw7XaW9utra3Lyy8MCuyxz3wHDh5NS89obW118k2E++TBpF7On09uam7Oycm7UVQ8bOjge+nq0uX06zl5efmFObn5w4cN6Sxg0W2XU9NbW03FN0vq6uoHDozqRg/VNbVbtiX4+/u3D/DZ7T9wJPni5crKqoED+juzC1XVNbt278/Kuh4WFtqm29TUqydPnU2/kuHp6RHgf+d71bt277dYrUFBgU7v0C0VlVU7E/bm5ubHxgzr8ZcdeAQ9mMPj1auZScmXLqaklpdXRA8acO9vrj17DzY1Ndc3NKSlX40ID/Py6pnv1Vgs1uKbJZWV1ddz8kaNjO2RPqVz55NrauuaW1quXL3m5eUZ6PQnjeqaWkVRnPkOUlV1zZ69BwdE9XfyC0vZ13OLim+mX8lwdXUJCQ6SZQKTki8bW1vz8gruapCSqqqbt+y8dDndw8O9w0T7iZNnUtOupqVnBAb4+/h431XnALpAKBAAAAAAAOBePNxQIKEKAHjQamrr3nrnQ8dyd2azxWQy5eYVfLRl5/q1K+wRomVLFtrbXEhKuZiSOm/uzEF3GbCYOWPqO+9tFEKkpl0dOSLmHu9rqqp6LPGUXGKZ1vIAACAASURBVL41zru58ZqZlWOzqUOHRNvjiRUVVfZHC28UX7uW5erqajDo29/QvX4912w2CyG2bkt45um197IXQA/SaDVCiAnjx31ipUYjhJgyeYLhdmTWYrFs37GnxWh0dXWN6h9pb1lVXXP5crqrq4tWq72rEkc1NbW5eQVCiLT0jMDAgKFDontun/Aoqm9olAv3Xvb1YkqqXOgT0UGt1rz8woqKyvHxY7vdvzyA63S6yZPHd68Hq9Xa0NCYsGufl5dnhwEUVVXr6upl4b33P9z83DPruu7QaGzdvmOPXN6958AXPv+841lGBs2Nxtba2jpnhte3b5/E46czMrJWLH9Cq9VaLJaUS2kuLoY7ZmVOn7kgf5V79h5asni+M9sCcEcGg0EulFdU3nsisLCwqKy8wv5jNz45Z2XnDI4e2H59fNzotPQrZrPFaGxt/2hRccnBQ0fXrVnh4eHuuD4vv9DLy9MxBldbW9dqMsmk3a0x3yiWC6NHjbir/xSSky/l5ObHjRsdGzO0i8/0Vqt1x849ra2mDzZsXrt6uTOviTy5GAyGfpF95ZqS0nK5EDN8aDc+tGg0mrlzZuzbf/jI0RM5OXkLF8xxPH/V1dVnXMuW0cM9+w69/NILBK8BAAAAAAAAgFAgADxQMkin0WhGjYyxr2xpMaZcShNCyEpj8haXXq+zzxFpb3Dw0DEhxF3d7fPwcPfy8mxoaBRCtBiNbW7jWSyWu5qhOPH4aZnMCw0JXvzEvDff/nD7jj1PrV/l5I23rKzrqmrt2ydCCBEcFFhRWTVixPCmpmYhxOkz56/n5Ml99/T0cDEYKiqr5Osgp3R0cXEJcnGRcROj0ejqyiTCeKCqa2pTU9Pd3NxdXD5RGrOlxSiEKCoqVlWrfWVrq0kIUVBwo7X11o3/7OzcFqNRCLFv/+F1a1YEBNwqkuHj7VVYWNRiNOp0OscCos5wdXWxd04osHcrK69QVVUIMWTwwNmzpt9LVymX0kwmkxAiMMA/IMAv41qW46PNzS3nL1wUQjQ0NM6Z3c0NySO5r4/33Va3tbOH4319fIKDOy7Il309t76+QQjhmIzpkMVi+WjLDrnXQwYPmjplQptzlhywm5trfNwYZ4Y3amRMRkZmeUXllq0J69au0Ol0hYVF5RWVOp3OcUpQo7FV/tbc3W/N5qnX62QAsbqmpqmpuU30B0D32I8YUyZPuPfejhw9IRf6RISXV1TuSNj79JOr7yq1f/jI8XPnkxcumNOmNrBGo5k8afy588nj48e1eUpdXf3uPQdUVd2yLeGZp9bY90gIkZ2dk5ObPzh64OjRIxRFsam2HQl7WltNA6L6zZo51WAwlJVXWCwW+eF80sS49uNRVbWz8Wu1WpvNdiEp5UJSijO71tpq2rIt4TPPP3XHlnIXggID7JVZS0vL5EJc3GhnttVeVP/IqP6RefmFBYVF+/YffmLRPPtDh48elwseHu7LliwkEQgAAAAAAAAAhAIB4EGTd8j0ep3jrGG1dfUy89dZ2u/4idM2m00IodfrrVZrh21kNcHWVtPkSfFt7vyFh4VmNlz38vIM/uRch8dPnLmWmb34iXkR4WHODD4z6/q1zGwZ2lu2bJFWoxk3dtSFpJSDh47Nnzfrjk+vra0rKr4phJCVCyUZc7RTVXXN6mXyHuo/Xn9TCDF1ykTSTngUeHt55uUXGo2t7u5ujlFaGfopKS2vaVdjrPhmaVV1zcc93L4vnpuXbw8F6nS6Z59Zq2g02rsJHKB3q6yqbjM34pUr12TMrrNEYG1dvZeX5x3/ikxms8z8yaecO5/s+KjVqsrknKx0NWzo4PDw0G6M/47DSL+S4e7uPiCqX2cNdLcDMYMGRXV2CjCZTGnpGRqNpusTkMlk+mjzjsbGJp1Ot2DerA7n2u4wLpNyKS3lUuqzT6+1FyFzFBc35uChY1XVNdcys4cOiV65YrGqqm1C9nv2HiwoLBJChIWGOHOWBNA99rfwXUX3OnT6zHmZ4Pfy8lz8xLybJWUJu/a1yZ85o7GxafOWnZ09evzE6eMnTnf4UFNT89lzSY7pRvm/Q1Z2TlZ2jmPL3LyC0NCQUSNjMjJuZbtnzJjSvkOT2fz+Bx8NHzZ0wvgO6r/aj1ovvvB010G6hN37KiqqNBrN3DkzO2xQV1fvOGlv+99FYWGREMLP18fdza39043G1us5ubExw7oYgxBi8qTxefmFQoiCwiKTySSPz4U3isvKKoQQkX0jFi2cKzetqqqiKKQDAQAAAAAAAHyaEQoEgIfmo807PDzcJ05sm+Fr4+bNUjlJaN8+EU8smttF44aGRpnbc5ycVM755eHhHhwUePjIcftKi8Uiu92ZsG/ypPGOlQs7VFlVLUun6PW61auWyszHuLGjrmZk5uTm70zYu/iJ+Y51Tdqoqa2TN0eHDxsycGDUnr0H58ye3u92OOPK1czTZ84LIfz8fGWJNRlMURQluqP514AHT6fTvfDck/Y3YFV1jaeHh4uL4V//eddiscSNG+34Jnr9X2+rqjo+fkx4eJhWo/H19em6Z7nQRS2fNpxvicfRlq0J4WGhCxbMtk8/nZtXoCjK0qULO2zf3Nyy6aPtXp4ea1Yv0+v1HbaRDh9OVFXV3d1No9GYzea1q5fbi9XZbLaNm7bJY6+Hh/usmdO6lwgUQoguQxh5+YUnTp4VQjiWzLxPGhoat2xNaDEaQ0KCFi+aL8dlVdX8/EJPTw/7Oaumpla+rSqrquWaysqqs+eShBBbt+1at3ZF+7eb/TwrqxVqNJo2bUwmk0wECiGCgjoudgigR2g0PRP8ulF083LqFXleXrl8sUaj6RMRNiCqX25ewdbtu5YtWehkdW2NRqOq6qyZU/tEhLd56NTpc76+vsOHDe4irGavLSpptRohhJur62deuFWfT35tZkTscPnBIz+/UFbgNuj1jY1NbXrbvfeg0dh6MeWyn59P+0mNZeeOtYc7o9fphBAuLoY+ER1/lWjLtgStVjtpYrzcSvv9k1+TiI0d3uHTt+/cU1NTq9frhwwe1MUwvL29QkKCysoqdDqdPbF99NgJ+Y/S4ic+npZ9y9YEV1fXpUsWdL1fAAAAAAAAANCLPZahQEWrM3gG6j39raZWi7HO0lxrs1oe9qAA4K61mkyVVdUFhUXr163srE1TU/OuPQeEEIOjB95xJkd5q9JsNjc1NYtP3orz9fUx3p7GtD05I3AXmpqat+/YIxOBa1cvt1f4UBRl5fLFH2zYUnyz9P0PN69ascTTs+PJIo8dOymnNhsxYnji8VNWq/XAwaPz5s4cNDCqubnl9Jnz3l6ei5+YX1Nbd/lyWnBwYF19gxCib59we8Wp/QeODBo0YOCA/l0PFbh/HEM/ycmXcvMKRsQOk2FWRRFp6Vftj9psNlkvZ8fOPSaTee6cGc7M+r1x07aBA6PGx3dQy8dRfX3Dhk3bYoYP6ZF5EvEI0mg0RcU3335nQ1hoiBDCarWYzWa9Xnfs2KkO21dWVlmt1tq6+g83bn3m6bWdFerLys7JL7ih0+lWr1xqtVo/2LBlw6Zt69eu8PT0sNlsu/cckNUuAwP8V61c0lnIu7au/siR4y4uhi7Sh3JS+Lr6+gMHj7Z/NCc3Xy5s27H7+WfXdViHr0cU3yzZtfuAoijTpk6U1afeeW+jQa9fuGDOiRNnZDEwmcuRtXhbW02Olb3kQ7V19WXlFfIX4Uir1fr4eDc1NXeWX5HRIiFE3LjRY0aPuE/7CKCntLQY9+47JJeXLV1oD0zPnjVNFqJ77/2PVq5Y7FgMrzPy6OHu7t7mU3FDQ2NuXoEQBVeuZnz2M8+0f2KHiX9F6fiQLkPV5RWV8mhWXlH57vubuhjVkaMn2ocCe5BGo2lubjl85Li/v1+bYrdCiJLSMnmkzcq6npOT2+bRpuaWurp6OUh/fz/7tMuVVdUGvd7d3c0xQzl54vgdCXsnTYyT1dNT0642N7eEhgQvXDDbXk/9+IkzMuR97nzyhPFtJ2sGAAAAAAAAgE+JxykU6BE6OHDIzIDoqR6B/RwvClstprqi1JrcCxVXD5oaKh/qGAHgLsjbfrExwzqr+KWq6vade6xW64jY4VOn3Dn9Yy+UsqyTalJt/OfN900mk7+/X9y40V00a2ho3LR5h9lsdnExrFu7wtPjEzc4vbw8Fy2cu3vPgaam5nff3zRk8KCJE+La1DgRQgQE+JeVV4yIHabTaktLy4UQ/SL7yLkjM65lCSFWrVzq5uZaWlZeeKP4nXc39O0TIZ+YfPGyLOOUm1eQm1cwcsRwglB4FGi1WpvNlpae4eHhbjab7QEgycPD3Wq1XrqcLitfHjx0LCgw4I5JAlVVky9evp6T13XL0tJyq9Wamna1vLxy5YrFPbRDeITIk4JGo3FxkYE5Q9ehUr1e12IUQggXFxfVau0wFFhXV3/k6AmtVrtm9TKZU5kxfXLi8dMbNm1btXLJ4cOJMj8RGhq8fOmiLupQ+vp46/X6yqpqXx9vF5e2laXkrI6S2WzJyc1vU7nWscaeoihNzS33KRSoquqevYeGDomeMnm8TMxnZl1vampuEmLz1p1PP7nGarV6eXnKximX0s6eS3Jzc/3M8085v4kn163s7IUym80XU1LlKTI+bkwP7ROAW2pr6wwGQ/tPm91mtVq379httVoVRVm+bFFIcJD9Ib1ev3rV0s1bdrYYjR9u3DpxwrjRo7oZ872QdGv29lEjY9s/umfvwfqGxvVrV9zVjLcnTpwRQkycEFdZWXU9J09RlJc+/3yHLe/3NLrySDtqZGz7RKAQQs5xrNFoAm8H/oQQ5eUVFZVVQoghgwfaqyqaTbe+qqSq6q7d+1vk6a2dEyfPyqKzUmlZ+b/+8277ZhdTUgcM6B/ksFEAAAAAAAAA+PR4PEKB7sEDB8x+xT9qfIePanUG//5x/v3j+k//XOnlXYVn3jMTDQTwONAoigwPddbg0OHE+vqGuHGjnY4U9Pz9vtrauo+27LRYLG5uruvXrnRzc23fJrJvxNw5Mw4fOW6z2TKzrmdmXe/fr2///pER4WHe3l6yzfRpk6ZPmySEsBeOKiou+b+33pfBESHEhk1bn1q/+naxQ0tJaZmbm2tFZZW8WSjbCCHS0jMmjB/n5PRtwP0j/wj9/XzXrV3RRbMNm7bV1NQOHzbEmdpCsjZbS4vR+3ZWqUN6vU7O8arX80bonWSqz8/PZ97cmc60T7+SIbMR8+bO7LCAn8lk2rItwWDQr1m1zH5YHj5sSHNzy4WklI2btsk1Q4dEz5o59Y6b62w2xuqaWsdQoIeHe1NT88gRMd2fhliIo8dOHj12shtP1Gg0L33uOfuPNpvt1OlzMom4cMFc57NEVqu1s6KJpWXlhw4nrly+2KvdG/bEybOqqgohHGcVB9BTDhw8Wl1TO2H8uPZlOE0m06bNO2bPmhYe5uyRx2KxfLR5R21dvSyAHRIS1KaBv5/vmtXLtmxNsFgsZ84mXUxJnTpl4h2r7pWUlBYVFbu4uNg/tWZl36qQp9Pp2nyXoKysXE44vm//4UUL5zo58srKqvKKyqDAgDGjRxw+clyu7KxY7P0mt2swdFxEVtaItdls8t8B6XJquvycP3tWB9XQNRrN6pVLs7JzggIDvL297BMSFxYW+fp4ezt8rOriQK0I4cwHMAAAAAAAAADolR75e8mKpv+sl/vEr5d1OBorCqqvn6rNT2qpKzU3Vmi0eoN3sKtvX/9BEwIGTnbx9I8Ytyo4ZkH23t9VXutgtrIHP3hhUx+bbgE8cPL2VWflQMxmS25ewYL5s2U5vYeisrJq6/bdVqs1NCR48eL5hk4mi0xKvnQhKWXG9Mnnz1+UU5jlF9zIL7gh7+etXbPc389XtjSZTPKm4Ngxo3x9fYQQaWlX5O1ARSiq7eNJ0z7z/FNms9lkMsvQZFlZxdbtu4QQq1YuIRGIR0dVdc0b/36niwZyJrsuJlptLzwspOtAwNlzSSmX0hRFWbK442wW0MbW7bu9PD2XL1vkWJbPZrPJ4JqkKEpISJBVVbsdKDl16pwMu7i5uTY0NLq5umq12uMnzzy5bmW3Rz4+fuyATmaNT0pKuZ6T52Q/ScmXZNnOJxbO7RMR5uSzjMbW9z74aNzYUTJ4ZDQaN23eYdDr5amquqbWZrNt/Gj7c8+su13TUcgZhzOzrsvlk6fO6fX6IYMH3VXpLwBdqK6praqukWfDkpLSJxbNc3zUYDD4+/nu2LnXyS/VmM3mTZt31Nc3aLXaFcufCA4KbN9GVdX9+w97eXk2NTWbTKbWVtPhI8dPnzkf2bdPVFS/yL4RHSbS3N3dTp46J4Rwc3XVaDVyXnUZmL6cmt6+vfzEW1VdYzS2urq2rcPaoRMnz2o0msVPzHem8f2mdH7uKLxRbLFYwsNCbpaUNTY12YuONzW12IvjdsjLy3Pc2FGOa/ILbpw6fU5RlEUL5/aL7CNXvvn2BzqdbuiQ6NiYYR1+fwkAAAAAAAAAPp0e6VyFztVz6Iqf+UfFCyHqSzPzjrxeV5Dk2EA1t1qMjc3ludVZiTkabfDIJ/pNfdHVK3D4yp8VJ4+6fuDPirDdv+F59R0ZOHhq/tHXbaq1wwaTvr6rvijt+qH/ba0pumNvYeNWKRpdSfKWznqzi5r9il//uCub/7u1rrS7YwfwSNDqtPZoYIeeXLdSJufsSkrLEhNPrVm9rAeDcTa145yxvfTUhPHjdDrtkSPHDQZD+9GaTCYZyzh+4sya1cuysq7ba5/o9fr582bZE4Hy5qW8Szpu7EidTldbV3/kaJWsNbho4VyNRuMYm8i4ln3q9Dk/P9/x8WM93G/VU7xPE00C3ePm6jp7dgflbeyOJZ5samo2m00PcFBAW5MmxtvDE1JhYdHho8eNxlYhhJ+vT0Njk8ViSTx++viJM5F9I0aOjHU+OSfV1zcUFd+UMb70Kxly5dAh0ecvXCy8URzZN6J7I/fwcPf75HnQzvnkh9FolDPRjxoZU1ZeUVZeodPpHEN6ubn5Mot/6XKa4xOvXM00m81nzyUFBPhH9o1wdXWNjRlWVlYeGBhQW1snY0kajWIymRxDgfv2HXLspH+/vv98463B0QMnTxpPWgW4d+fO3bomoNVqx48f177BooVzN2/ZmZR8qaDgxtIlCx3fnm00NjVt3bZLxvUGRw8sKrp582ZJ+2Y5Ofm1dfVCiL59IqxWy82SMlnWV5bHNhgMn3vxmfbP8vHx+dxnn5XfqDEaW99650ObzTY4euCc2dOv5+QNiOrXRRjOGTU1taVl5fPnzeriwFJbV78zYe/ypYseRLU8m03Gzds/cvlyuhBizuwZ776/6ebNUnuRxZaWFiFEF7+gNkpKy/buOyS3smfvwWefXisLta5fu/LQ4WNJyZeSki9FhIdOmBDnOAE0AAAAAAAAAHxqPbqhQI3OEPvkn7zDhthstrzj/75x+t2uy2vYVGvZpYSKKwcHL/1h8JDpEeNWqVZr3uH/vX8jDIldED56adioZZm7X6vKPNa+gaJoAgZNChg06ealhOt7f991b33GP+nmGxo18+WCk28WnXmvi5bu/pGewQPjv7ghM+GXFVcPddESwCNOp9UJIXS6jkOBer2uTSKwvr5hZ8I+VVW379izZvWynhqG2u7unVVVDxw4kl9ww93dbdHCucFBgdU1tecvXNTpdN7eXlqNxmy2yPJ+bm6ufr4+4WEh8okVFZWTJ40fO2bkufPJuXkFEyfEOQZBKiqrsrJzFEVpaTH+6z/v+vv7tTS3CCH8/Hw7rHEi75XW1NRevXotPm5sT+0v0CNulVhTRH19QxfNZKVAWaKsZ3V43x3okGMisLGp6dChxJLSMhkHnDFjSlhoiJwTM/1Khs1mKygsKigs0mg0bm6u7u5u3l5e3t5e3t5efftEtJ8n1+74iTMy2zFqZIw9FBgbM+z8hYuHjyQ++/Tau6qX2bPk7PaKosTHjUm5lJZ88bK7u1ubbL2cVfnK1cw2z5XrKyoq5els7JiRcv3Gj7bLk+Bzz653rK149lxSTW2dXq8bOiQ6LT1DCOHq6hofN+ZCUkpWds6okbGTJsZRNRDoNqOxVdaiFkKsWb3M8ZsndoqirFyx+IMNWyoqq959f+PqVcs6zBYX3ijeu++QqqqDBkaFhASdOn3eHlBTVdVstsjcofygLtdXVlatWbOssLDo+Ikz8iwcN2708GFD2vQsH9JoNPYa2ydOnrHZbBqNZtq0SaqqHjx0TKvVDh82eMrkCU4eEFqMxg83bHFck5p2deCA/gPb1VK1l4A1mUxbtyW0tpq2bEt45qm1XWfv5EmhywG0OjPO9pqbW4qKbw6OHujp6eHq6lJYWGQPBTY0NAoh7IUDu1ZVVbNj51657O3tNW/uTPspyd3dbdnSRXn5hYePHC++Wbp12y4fH+9ZM6eGhYZ0b8wAAAAAAAAA0Ds8uqHAQU/8l3fYEKvFkrHjJ9VZJ5y8daaajRlbf2ic+cXISU/3Hb/WWFdSkrT5Po3Qt+8YIYTOxX3gnC93GApUVYsQwmpprbyW2HVXGr2rm2+oEEKr02v0t77o7x05uqEorX3hQPfAKCFEa315XVFaR50BeIzYhBBa7ceH4rfe/lAI0WoyyZJF8ke7VpNJ3uerqKxKPH56xvTJnfV7LPGUM5s3m81CCNMn40otLcaNH20zmy3Tpk6MjRkmV/r7+X7+s8/Z2xiNrW++/YEQYtTIWDmpoiNXV9cZ06fMmD6lzfr9B45oNJp1a1d4eXqkpWecvV3oRdhsRcUl7atSabW3YhZzZs/oOncFPHjy7dPSYkxKSpF36+V6N9dPFOyRldjsAb6q6poAf79OOyUqhPuppLQsJSW1oLBICOHt5Tlt2uTIvhF79h48bzZPnBg/berEMWNGHD16Uhb8U1W1qam5qam5oqJKPt0xgdFGQWHRjaJiIcT0aZ84Mbm4GIYOib6Wmb0zYd/qVUsfyF62lZObX3ijWOaErFbr+PixceNGd1ag68rVzMup6aNHxQ4dEt1FEa+8/MLq6hohxNLFCx0TgSWlZSmX0oQQy5YuKridW5KxIa1We/Zc0uXU9OzrOUuXLOwwyQTgjpIvXpILkyeN7+J9pNPp1q5e/v6Hm81m80ebd6xasTgwMMCxQVLypQtJKTqdbvasadGDBgghBkcPsk/aW1RckrBrnxAiPm5M+w+6w4cNierf78zZC6Ghwe0TgfaTvu52de3aunpZVHvSxDh7TNBqtWZl50yeNF6GAq/n5EX2jeiiHrZOpxsyJFounzufLMtsz2lXq9hms73+r7fbrGxtNR09dmLhgjmddS6E2L5jTxeP3osLSRcNBoP8t8XHx1ueLKT6hgYhRGho8B07qa9v2LItwR7E7HBi6Kj+kS9+5unDhxNzcvPr6uq379jTL7LPgvmzuyjKDgAAAAAAAAC92yMaCgwZuTg0Zp4QIvvAH6uzTtzVcxUh8o/90+AdGBozf8CsV2pyzxmrbzjxvLuj6AzuAX2EEKammgtvdDBbkBBCqFYhRHXO2dq881335j/w1g3UmoKLhcf/LZf7TXnBM3RI+ubvNdxItbfUaPUyPph75O+m+jIhhKLRjnz2fzN3v2asKuyx3QPwQMgaJI6VAuPjx8qKRBnXsjQaTXz82JycvPKKikkTx7d5boezgNlLg9TU1DozAHlrzfbJmdYNBv3YMSNjY4Z1b1Kza5nZyRcvr1+7ok0RpospqQ0NjSuXL5bFWkpKSj+uBVhbl7Brn7+/3/x5s9oPT1EUNzdXQoF41Mjif6NHjZg0MS7jWpZM4s6aOXXo7Xv20q7d+202ITOymVnXjxw90b6NnZzLu7yiUt7v70x+/q0zvtHYak8woPdpbGxKS7/qTMubN0u7eLSlxZiadvVqxjWjsVVRlJCQoFEjY+3FpVpbTaVl5Vu37Zo3d+aggVFLlywwGluzsnOu5+SWlVXINl5enk+uW9nZtPUWi+XgoWOyHuGggVFtHp00Mf5aZnZ5ReXJU2enTpno3K7fOj8KIcrKKry9vDpsI0tMdc1obD185Lh9L1xdXe2nng6pqrWurj7x+OmiopvylFRWVhES8olpKG02W2LiKSHEoIFRLUZjVVVNQICffCV37zkghJg5Y0pwUKBjKFAIMWb0CI1Gc/rM+ebmlo8273jmqTWenk4VxwJgp6qqLOcZGhI8amRM143d3FxXrVyycdM2q9W6eWvC8mWL7HXj9uw9WFBYNGTwoOnTJtmPbE6eT1VVrayqDg4KnD1rWtcttTqtLL+9b/9hORn6yBGfGPO8ubPk4Sgvv/DgoWN+fr7r1izv7ACl1+nslUrlh4SoqH4dxt1eeP7J9itdOo8bSq+8/GLXDXbs3CPnTb4rVqs1MytnyRPz5escHhZaVlbR0NAoI+bNzS1CiLCw0K47ycsvPHDwqKqqbq6uS5YsCAzw76ylVqOZP2/WhaSUpORLMrB+4uSZmTOm3u2wAQAAAAAAAKB3eBRDgRq9S/8ZnxdC3LyUUH55V/c6ub77tx5Bg7yCBwya/2r6hm/39BhF0LDZciF7/59slo7nBLTZVCd7Cxx66yv+1w/+rxAicOjsymtHrmz5/qRXd4159q+pG7/j6htqaW2xNNd6ht0qRWA1t/j0GyeE6Dv5aZ+I2DHP/u3s31Z3NhIAjw6T6eP3qaw05uHubl8TM3yIECIv3y3jWpZWq4kZPsTd3W3f/sPRg6K6qB1iZ7xdq2zlisXODGbvvkM6nW7cuNGOK7VabZt7ls4rKCw6euykEGLb9t1r1yx3fKilxbhw/mxZC2Tf/sMFhUV6vW7N6uWuLoY9ew+VlVdUV9d8tHmH4x1Wi0WGJh/FUxU+bSwWy+XUKy4uBhcXF1nUx8vLMzZmWFBQQFZ2TuLx07L0mk6nk9WA7IYOHSyEKCq+2dpqOn7itBDi3H/kHAAAIABJREFU6LGTfn6+IcFB7bci5/JuaTFey8zuYjAyj6goSmeTj6N3aG5uuZiS6kRD0dJi7HB9TU3tkaMnyisqPTzcB0T1jx40IDy8bfZCxlZ8fbwHRPWTa1xdXUaOGD5yxHCrqr7z7gZ3d/cpkyd0cSg+lnjKbDa7uBjaBLvtvU0YP+7c+eS09AwXF5cOyzu119TUJBeuZmRmXMvqsI0zM2jvSNhrtVrDw0KczLLYT7UzZ0yRyZuLKakL5s+2vzhCiAtJKbIyaEREmKwlNn/erKj+kVu2JZjNluHDhgwbOrjDzkeNjMm+nlNRUaWq6rHEU0sWz3dmSADsLqdesVqtOp3uiUXznGnv7+c7ZvSIlEtpNptt+449a1YvCwoMEEIMGNB/4sT47hXs3LX7QPHNkrWrl7UpPehIHp30Op0QYvfuA/K7Ol5enqfPfOK7glevXrtxo8hmEzL/XVNTu//AkUUL53ZjVHaKori7ud1LDz3LYrFMnhRvP/WEh4elXEpLTbs6ZfL4isoq+UJFhLctFu4o8fjpqxmZQgi9Xv/sM2vv+H9BTm5+U1PzrJlT5b8kObkFhAIBAAAAAAAAfGo9ikmLiPFPungGWFqb84//q9udqFZz3tF/jFz/e/+o8d6Ro+oLL/foGEVI7AIhhMVkrMw8Jqf607n7jH72H1e2/ailIke2cT4U6Bs5RgjRVFnQUpHTb8YX+k1+tuBMdMGx1ysyj4XGzBs091VTS41vn0/MWxS75jX7smq1al08g2LmdztDCeCBaW1t/XjZZBJCeHp6WKxtJwq3i4gIkzdBnQlStLS0OGYa7qjr+47pVzJOnDyrKEr7miX2KMbZc0kXklLs6623d6SyqrrNBMdTJt8qdrj/wJG8/EIXF8O6tSs8PTyEEKNGxebnF2Zl51it1hKH3IasFKXXf+JU5UwKBOhxWq02+3puTU1tmyhexrUs+WevKEpTc8uxxJNyvc12K9Xq+AdsX758Ob3D+JQMCg8bGt1+9m27Y4knGxqaZNCKyGzvFhwcuGrFEmdaysN1+/WKRhMaGhwfP9bH20seydtX17NarEIIjVbb1NTc5qHDR44bja0mk7mLmnaFhUXZ13OFEEuXLOzsD3LsmJGVlVU5uflJyZeKi0uWLJ5/xz/d5pYWubBk8YK+fcI7bHPy1Nm09IwuOkk8fqq6umbB/NlVVdX2UOC588mtrSadTqsoHZTjqqq6NVfyhaRLFov5akaWPG2tX7dS5oeampqTL16W5Qbtr/nFi5fT06/W1dWPGhk7eVJ8F0OaO3vGhxu3CiEqK6u6fgUAtFFTW3f2XJIQYsG8WS4uzn7WnTghLis7Rx7fEnbte+G5J7VarazXW11Te+XKNb1e177eXm1tnVy4fj1Xns2l8vKK4pslQojtO/c8+/S6DosL2ut2yyPn9OmTN2zcqiiKalVLPplOrq6uaWxsEkIE3c4X2ouk9ixVVbtX/7vb6usbSkvLhRAuLi6xMcPs6/v2CVcU5WpG5pTJ47Ozc2QkvbMajU1NzTsT9tbW1Qf4+/n6+uTk5r/1zgbfjmqlO6qorBJClJVXLFww5/iJ0+F3KkMIAAAAAAAAAL3Yo3gvOWTEIiFEcfJWS5NT0192pjb3XF1xuk9EbHDsgp4NBSpanU/f0UII1dwSvfBWGcKAgZNcvIPGfuaNlLdfMjfVmpuqnexN5+Zl8PATQngE9pv49V0GN28hRL9JzzTezKi5fjY0Zp7WxS39/z7j4hturL4x6eu7dS7u13b/pjx1bw/uEYAHRpb4kmRtJw8P97rbc+O2tpra3OY06PVurq6XLqePHhWr1+u77rzF2Or89Gd3FBszrKXFqChKgL+f3mCwT+Yro40HDh4VQgwc0H/48KEdPt2rXYjEZDIl7NpfXlEphBg9KrawsEhmp06cPGOz2WKGD3VxMbg5VDcxmczyFXDsxNp5gBK4fxRFWbNqqdlscXNzta80m82bNu+or2/Q6/WLFs7ZmbAvOChk0qR4WQVwZ8Le4pul4WGhM2dOdbJsT2hIsDwyWK3WDucEVFX1WuZ1m83m5ubqWHYU6JCvj7erq6uc07Zr1dU1733wUYcPqaq6b9+hJ9evav9QTW3dnn2HhBBTp0wI6rxoltVqtVgsXl6eDQ2NJaVl77y3cfET8zsslmlnTygGBXY6TWTXyisqr2VeX7H8ibDQkKqqjz+We3l5Xkw57e3lqdVqlXYpGXtw/0ZRsaIo/v5+8sfq6hoZClRVdUBUP51ON2f29IrKqs1bdgohAgL8MrNypk6ZMCJ2eNej8vX1GRw9MCs7h7mDgbuiqqoszDl0SHRkZJ+7eu6M6ZP37D0kP2ZfTr1in4TXw91dJvtdXV3anHPtQcC6+vo2xUo9PG5V+C6+WWKfh92R0XjrMCLTz74+3uvWrtDrdHLCXOmfb7xls9lmzJjyACJrJaVlOxP2LV+6SJbrvt8qK6vkRMMdxhAVRYnsG1FQWHQx5bKs/zd48KAO+2lsbHr/w82enh5LlyzsExF2OTU9JzffbDbLvUi/cs1ms4WGBAcFBRQVl9TU1Op0umFDo+2hwOrqGnd3txee62AmZQAAAAAAAAD49HjkQoFuQQPd/cKFEBXXjtx7b+UZR3wiYoOGzMjZ/0ebtce+dh8cM1+j1QohWmqLPYIHyJUu3kFCCK1OP3jx97xDh17b8zsnewsds0II0VpfkXfi347rm6ryLS11xoaKguP/US2mlsp895BonYu7qqqhIxerVmvFlQNKT+0SgAfFfqewuaXFZrPpdDoZs5MUTQdv6yFDoi9dTjty9MSC+bO77ry5uVkI4enh3nUz5zmWJ9y+Y099Q8PiJ+YH+PvZ9yIoKNBoNObm5k+ZPMGjy+1WVlbtSNhnjzElJV+2V02TccOi4ptPP7laVmCS6urqhBCurq6O/ZhaCULh4dDpdI7lzUwm08aPtjc2Nnl4uK9ZvUxmWEtKy27cKJZpp8WLF3y4YUtBYdE7724cO2Zk3LjRd6zTs3DBHIvF8u//e2/Dpm1rVy9rX/Xzek6e7fYUw/+fvfuOi/LK+gB+5plOH3pHREDEAmJFsPdeYkliYnrZZNM29U2y2Wyy2Wx6MW1TN4m9JvaGKIpiAymiVOl9hjYwfd4/rpmMMCBllOLv+8kfz9y5c+c+Ezg88hzOKa+oaqd3IQATNXKEu7ubTObIKrOaFBWX7t5zoMXkdsrytabRaLbv2G00GqPHj2k/GW7P3kMlpWX29nYikUij0ajVmu07dstkTmPHRAUO8Lf4kvr6BpY+0uJHQMe5ubrcs3pF63zcIWGhQ8JCWSN7uaJ29qxp5i1Ec3LzDx2OJ6LlyxZaTMy1t7cz/SyWyxWsjGhWdl6LFsOmHPrWJk2Mbm5WjR0b1bXzArg9xR1NUCqbvL08pkzudCvYAH8/mZOjoraO/Zg2jYvFogcfWM3nuOoauVyuCAkOMj1VXFLGchCjRkZERlwr2H8xNSMgwO+GleoaGhtb1O3ueJ/inNz8ysqq6PFjzAc73n+AXVSb/81AQ6Py9137DQbD77v337lyqXlionUZjUZW+PxqQZGtrc3iRXOvXMnOvJzdemZUVERBYXHSmQssTg4bGmZpPbKxkc6ZPd3fz4c9ZBGV47iYCeOIKPNytk6nGzZsyKCgwAvJF5POXLC3t2NPsQqyUybHtJ96DgAAAAAAAAAAAHA76HVJgbLAUUSkqqtoqsjp/mqKnESa/pRQYi919muqyrfGBomIvKKWElFN7umMzS+yEbHMd+xj64lInn8mbePzw1Z9GDzzWYNOfaOVyEjkP+5uIsrc9VZ9YUrrCWfWLhPYXruL4DF0NhE1VmQ7eIc7+Q3XzXou8aPZ1jopALg1WKE7H2+vjIzLROTgYC9X1NrZ2fr5eo8eNVJkqRbg8GFDUi6m5eUX5OTmDwoKbGvl+voGVoawrZIb3ZF05gK7jbp5y86lS+Y7Ovx5Q9TL0+NkYtLPv24KGxwSM2GsxaaQmZez4o+ddHJ0WLRwzs7f9mi1urFjokYMD2fPfvXNj0Q0ZvRIU/tUhvVuc7z+5qsa1dGgF1CrNZu27FAqm1xdnJcsnicQCIyGa42tB/5RNygu7viQsNCsrBxFbd35CxfPX7goFoscHRxcXV08PNyCBg6wWPtTIBCEBAddycpZv3HbnSuXtSgdmp5xrVnq9GmTggcNvPknCv1B6zy/2rp6Vj5Q5uRoY2tTUlLm6eleV1u/Z+/BpUvmu7u53nBNg8GwfecejUYTGjIo8dSZU6fPmqfQsSJb1TXyb7//xfSwoaHRz9e7pLSc9dZUKGr3Hzgic3K0WIPwakEhq7DV5bPm8XjtV+gcN270ho3bNm3eET1+jOnnUadUVFQRkbOz05LF8/kdbs0pEAjmz5vZhbcDuG3l5OZn5+R5ergvXDCnaytMmjRh5297icjW5rqwwL5zq6trjsafSEu7tGD+rNbp+Exzsyrx1JnEU2duWBO0rq6eiBwd7Du7yarqGpaU7ODgMDT8zzrc7PLeYDTIFdc1UjDva2zu+x/XtR7U6/V79h60GG+7T63W/PzrJrafYUOHxEwYS0SXLWUEEpGHu5u7mysrHD5saFhbHzjHcaaMwHbSrNtyi9slAwAAAAAAAAAAAPROvS4pUOLoQUTKqjyrrKZSlOo0zQKRVCLzt1ZSoMjR3cEzhIhyj3xhGvQYOoMdZB/8hEeUte8/4/6ylS+4QaNPIvKMWCAQ29SXXmIZgTyOH/XIuqLT66rSDxh0GiLyGrU8aOpfzv9wf3P1VffBk4moIn2/7ZTHiPgFiT9b5YwA4FaKjBgWFhbi5enxw0/riIjj8TZt3uHo6DB2TJSHh+WCFra2NkPCQi9lXjl0OF6pVI4YPtTitCtZOeyeWai1kwJZky92PDJyhJurCyuKZtreXauWbduxO/NyVnZO3sTY6NCQoBYrGI3GyZMmhA0OueF7abU6IhIKhXqDobaunpVlMtVQdHNz6XgVK4CbJP9q4ZG441qtdmBgAMdxxSVlAwL8TOmwpaXliYlnZs+a6uXlmXDilIeHW2TEsNS0S3q9Xq3WVFZVV1ZVZ2Xnenl6ODpavk4YFRVxJSunuVl14uTpaVMnmsYblUqWhDQkLBQZgf2boTN1oTqrRq5gFf5sbKTLli44cDCO/TCaOWPKb7v2bdu+a0L02OHD2kt50Wg0W7fvqqurj40ZNzQ8zN3dra6uztXVxdS8Pu5ogkqllkokU6ZcV9PL0dGR4/G279jdrFIR0aCgwODglj8v2A5ZPdpRZtVqrc7J0SF6/OjEU2cTT53h87mh4ZarVbUj/2oBK0JmMSMQze4BrKJRqTx85Ji7m+viRXM7mxlm4uXpMTAwoKy8wuJV9ODQ4JSL6ZVV1es2bF25fImNjYV84rPnktnBiZNJnp4e7TRMZz+pZTKn739cx+c4U2Fsc6zo78FDR4Vmf0vT0KhkBwknTrm5uZgK3bGkQLVas2nzDvNF1NcXz2b51kR0z90rLG5MJLrxbye6RiwWBfj75uZdDQ0ZxDICTefYmkarbVReO9OiohKVStXlirAAAAAAAAAAAAAA0L5elxQosvcgIlV9pbUW1DRUCVz8pTIvay0YMOF+ImqqKVTJi0yDriETWYFDtbyYiDR1leVpBzyHzbrhaoETHySi+tJLXiOXEJFb+HQbmXfonBdC57xgPm34yg8v/fYG61BcmbYvcNKjRKSszCOiyAe+rytMyTv8ubVOEABuKpnMibXWYnfy5s2dWVBYFH/s5MFDR729PObNnSkQCEx39dgdtZSL6XKFwsHerr6hMfHU2fLyytiY8a1vWGZeziKiAQF+1q2N0dDQuP/AEXY8Y/pki6UKhULhijsW7d5zsKS0LO7o8cuXr8ydM8O8Chrr1dgR/v6+fD4/ImJoZmaW0Wjk8Xh5+QWXr2RPmjhh5YolHe+/BnAzNDYqDx2OL6+o5PP5o0dFDhs65Ief1rHSgNwfvb8dHOyLikt+XbdlxfLFJSWlefkFCkXdsiULcnLz09IztFqdk6PDyhVL2vk+dXCw5/P5er2epRyZJCWdZ2m4E2PHm49rNJq2Cu1AH9VGKkUHXmi4wSuLS8p27zlgNBqdnWVLFs01D9Te3p6TJkYfO554MjHp6tWCyZNiHCxVumpoaNy6/Xce8VbcsdjFRUZE5hWtGFY10MZGGuDv13qF1XcvTzhxWiZzjBgxzOImU1LSiEgqkbRTHNcqhg4dknjqLBFlXLrS2aTAhobGpqbm1uVsTViOO8vUQc0qgC5LSDjl4ixbsnhelzMCGVPjb4tmzpiyafMOlUoddzShdS1PvcHALrMFAsGc2dPbyQgkouLiEiKKGDHM1dWlrKzcxcW59c/oxFNniChwQICTk6PFRcwLnarVahYS71tzJxthNbZVKpX5S0xJeHZ2ttRhph83Op2u/U/Y0O5PpunTJjk6OoyKijCNWEyM1ul0W7b+xoInESlq635Zt2XenBne3p4d3zMAAAAAAAAAAAAAdFCvSwrkC0VEpFM3WGtBraqhnb9T7yyOL3QPn0lENi7+MS8cqc5OyD34ia65zsY1kIjK0w+YZuYe+sR9yHSOz5fKfHkc32iw8Dtx5+AYka2zTt3kMXS2UGJHRBqlXKOUE5Gqvir/6NcGgzZy9VqDwVB55ejwOz8lIm1TnZ1nGCcQEZG9V6j70Bn2HsH2HsF1hRdrso5b5RwB4BY4dy6ZiMIGh9jYSMMGh3AcF3c0obSsYteeA0sWzVMoatlduvSMzNNJ53U63dw5M5wcHdZv3GY0GvPyC/LyCwYFBU6aNMHUbjg5JU2pbOI4LiZmnBX3qdFodvy2x2Aw8Pn8xYvmttNTkuO4hQtmb9i4rbauvrSsYv3GbavvXtHxdoqmJmgB/r4B/r4ajSbpzHlWu2X0qMhNW3bs2XvQ1cV5ypRYVxdnK50cQCcYjcYzZy9cSE6VSMTR48cMGxrGcdzefYeIyFQdjbGzs5U5OSpq6/YfOLJ40dxf129RKpu2bv/9rlXLxo4ZWV1d4+Bgf8MMIRdnWWVVtfl3nEarzcrOJaL582aZ37YvK6/Y+dvethJ2oY8yGg2sKfyZsxc6Mr+8/Nqf0+j0lrtJMmfPJZ87n0JEoSGDpk6JbT1hSFioUtl07nxKSWn5ug1bPT3cR48e6etz3Z/W7Phtj5+vz9Qpse18GbPU9rYuvgUCwZTJMW08SYWFxexLfdKkCe2cCxGZ0kpuSKezXLSPz3G+Pt7FJaVd6FN84uRpdnAk7vjlK9lTJ8e2SMRhHwL7Ed/ZxQHAZMrkWJFIeLO/j5xlTlKJpFmlKi0rb/3sxYvpBoOBx+PdsXSBrN0/UGloaKytq5c5Obq4yFxcZG21JmdJgUFBgS0CrEXsClkkvi6zUCqRDL6+AnfXqpNqtdeKf7Nu7zfWRmTnOG7smKjrJrb6DYzeYNi6fVd9fYNAIFi2dMGlS1fS0i/pdLrfdu0LHOAfHh6GcuAAAAAAAAAAAAAA1tXrkgK1zfVEJLK1Ws6HyNaFiAxatVVW84u9ny8Q5hz5UmTr5D/uLvfBk50Dx1ze9Ta7S1GevNM0U69WaprkEns3O/egsU9uT9/yUmPZ5RarDZzyF01zfdLni229Qkfe8xURnf5ssfmEoas+IKLCU79Wpu3zjlxERHyx3dAV77K3C5hwn9Go0+vUROQfswZJgQB9RVZ2blV1jVAoiB4/mo2Ehgy6cOFibV19eXmlSqXOyc1ntwATTpwWCoUrli9mFfKmT5t06HA8e4lcUatWqVlSoFLZxFLo5s2daWfbieog7auvb9i2Y5dKpWYtJu1sbaura+zt7cViUVOz5VSM+fNmrduw1Wg0NjU1X71aGDRwQOs57BZhYWGx/vrkFY3mWhM0g8GwbfsujUbD4/HGjBlpI5WuWrF0w6bt1TXyLVt/ixo5YszokdY6R4AOqq2tu1pQNGvm1IGBAWwk8dTZgsJiInJxbnnRMnRoWMKJ0xWVVRzHzZoxdfvO3QaD4dTpszNnTHG9vrxQXV29QCCQSiUtyvOMHj0yNzd/3NhRpnvq589fZJ2FZU6OpsG6uvrfd+0nokOH4+1sbT093W/mZwC3jsFgJKLmZlVefkEHplPzHzHZVJ2uhYaGxj17Dypq64RCwaSJE8zbT7OvJlPyxuhRkZ6eHvv2H9br9eUVlbt272dt3N3dXCdEj2X94gWCG/wL4lpSoKHTTZCbmpr3H4wjotiY8YED/Fs8ezIxSaGoFQqFAoFArVazb8COFA8z/XxpLSZmXGZmVmSE5ZqFbSksLL5aUEREIyNHJKeklpSU/bJus62tjczJyd3d1c3NVSIWDwoKDAkO4vhcaWm5Sq1ublY1NzerVKrmZpVS2dTU3NzcrFq2dEEX8hEBbistMu8t0mi03X+jAQP8Mi9nu7lZqAKYnJLGrnJNGYEqlWr9xm0TY6NbZORfTE0noqlTJ3bkHQ0dC5Kuri62trYToseaRu5fc2frlrt6fVf6zpuSApcunk/tRtP4YyflcoWuw6mHppWZ+vqGnb/vVSqbnJ1lC+bNsrGRxkwYy+NRatolIsq/Wph/tVAgEAwI8IuMGObabi3GjlMoahNPn507e3o3y0wCAAAAAAAAAAAA9FG9LilQ11xHRGIH69zVNhJPZOdqWrabeAKR7+iVjZW5pWc2EpHIzsVz6CyB2CZ49t+IqElRqmmotvhCka1s5H3/LU/bf/X495r6CjYodvSUyLwv/PSw8fq0GKnrAG1zrU5ZK7R3dQ4co9epi078aDTok3/+y5Alb11c96S2oTr6uf0CsU361pdr85K6f14AcCuVlJYdiTsuFouWL1tk3k0sKiriSNxxIiotK2eVAlmf0BV3LDLd9hsUFGgjlR46Ej8qKjJ8yLWGvBqtdtuOXUajceyYlvWcuqOsvOL3XfsNBkPY4ODYmPF8Pt9gMOzec7D5+lZlLe7U2tvbTZ404Wj8CSKqqZG3kRRoZOvX19ebj7MbunJF7e49B5TKJrFYtHjRPNY9zcZGOn/ezO07dhPR+QsX/fx8vDw9rHWmAB0hkzmtXP5n4n5JaRm78T8gwE+r1XJ8rrCwmD3FIxocGpxw4rRUKiEiDw83mcxJoai1mN21Y+eeFt9T5i5fyW4xcu58Cqv01trvu/c/+MDqTpXnhF6LFXzy8HBbunh+R+anZ2QmnDjdupskq8yUlHTuYmoGEQ0ND4seP5r19m3BaFb9yc/X+97VKxJOnGYZ6qxxtqPDtdy1G2YE/pkU2MlC3Q0NjVu2/abX60ePimzdkpiIfH29m5qaC4tKzJP87DvQKJM137SYpChzclQqlXv3HXJycpRKJYVFJWy8nQySurr6g4ePEtG4saMiI4YNCQtJPHUmL79AqWxSKpuKS0o7crJCoSA2ZjwyAgG6prikbNfu/QKBQCQSCvj8+oZGNm5ra9PlNUeMGKbRaFuX3M7OydNoNBOix5gusw0Gw7Ydu9VqzaHD8TInJ9ZInYgalcr0jMu+Pt7tlNZml+7soIO1/WZMn9xipHVGoKmgYGep1dfCqYeHW/szJWJRp+oRasySArNz8o7EHTcajaOiIkaPijSNT4ge6+XlefjIMbasTqcrK6/wKHOzSlKgSqXatmO3Vqvdt//w3Dkzur8gAAAAAAAAAAAAQJ/T65ICG8quEJG95+C2Wu52ir1XKF8gIKL60vTu7y14zgtGgz598wvsYc7e91yDYwViG7GdCxGVJf9m8VU6jYoTiDiO8xw223PY7CZ5ccn5bRUpu9R15ac+matXN5lPFtq7jrz/W3Vd1blvVwfNeJqIKtIOjHzwp0s7Xm+qyD739SqLb8GJpAZNRxuoAUAPSs+4nHDilJury4L5s8XXdwELCQ4qKChyd3cdGBjg7CyTyxVSiWTl8iUtpnl7e665589QoNfrt2z9rampeeaMKRYz8LrmSlZu3NHjMifHmTOnOv9RE4XjuPvW3FlRWXU0/oQpbdHDo2UO9+DQ4MzMrPKKSs828vZYskj0+NFDw8PYyFff/GhjIw0KCjyddI7VYvFwd1swf5bwj+bIbGTE8HCW15KcnOqFe3vQo3Jy8lnyQUTEsF/XbzF/SiqVCgSCmTOm+Ppc64I3elTkwUNHJWILtY4WLpyTlpYhk8ns7e26uSU+xyEjsH/oYO0oi0RmYZPllSacOG00GsMGh4yKirCzlD/HUjH01zfYlUgkM6ZPjo0Zl3TmfElp+ZxZ09rvmNlqTUNnT6S6Rr59x26O482dMyPA39finAB/vwB/PyJKTcs4mXiGDbZooGkRy5U0tJGkOGpUZHp65uUr2eYpNW31Ks3LLzh46KjRaIyNGc8yF+3t7WbNnKrVagsKiwsKiuRyRVNzs0qlbv/0YyaMCw0ZdMOdA4BFvj5eq1Yuzcy8kpp2yZR/zOPxPFtdl1qUeOpsaloGx3Gt038L1m81D1+nk86xg6QzF5LOXOvnbjAYTBN2/LbnoQdWs+O9ew/Z2EjnzJ7W/rtr/6hr2LU0vrZ0bbV2Cql2k+k0f9+1r6S03M/Xe8rk2NZZmwMDA+5dvXLf/sPlFZVhg0Mm/9E4PunMhfSMTIGAz6IxS140GAy/rNtsOtnjCYmnTp9lad+1tXXsKeZ4QqLReG1aQWHxmbMXUGgcAAAAAAAAAAAAbkO9Limw9uo5IhJK7Bz8RtQVXOjmas6DJhCRqq5CU1/VzaUc/Ee4h02/8L9HTOUADXrthf89OnLNNwKxjbapruTMJosvVOQn5R39JuKuT8UObkRk4+wbNPXJ5uqCusLkyPt/IIPBoNfyRVI2efTDv/IFYhsX34h7v3TwHkJE7kOmC8Q2I+///syXy7VKeev1XUInhy1649y3q1WKkm6eIwDcVDU1ijNnz5u3H23BVAhk8cK5R+KOTZo4oUVGYGtxRxP4opDtAAAgAElEQVR4PN7qu5dbsWswEVVWVk2aGD0kLLT1Ux7ubksXz/v+x3Wsk6mzpTSRhQvn1NTI26mSYmdnO8CsL+Sdq5ZdunRl85adBoPB08N95MgRFjNCosePyb9aWF/f4Ofn042TA7CCmJhxISFBrGLlQw+sPnP2Aut/5+nhzspnmifpBg0cEDNhbOsMWiJyljlNmjjh1u4dejuWpcfj8SwGYYukUqlUIhk3bpT/9cFTLlfExowLDRnUTt071uFRbymDTSKRdO3rk6XLmFfDvaEdO/f4+/lMmzpReH1eo0XDh4Wnpl1qamqOmTC2I58SyyaxmJjLigXGxoybED1mz95DrM5fWBuJhvn5BQcOxvn7+06KjW6RYSkUCgcFBbZoJMo+Xp1OrzfoyUhGo5FlL/F4vO7nAQPc5mROjtHjx3h5ee4/cIR9Dy5ZNK+DXWJHj4pobGx0cLCXyZzaygDuIMEftVevZOXWNzTedeeNG6yb+uoKLNVt7TKWANfZPrksXFtsmtyCr6+PQCAYO3ZUB1e2s7M1EsnlCk9P91UrlrSTWS6RiJcsnldYVOLt9ecfFEWNHF5ZWSUWi5ydZRYL3HaKs7OsmysAAAAAAAAAAAAA9EU8v4FjenoPLUXc962DV2h5xsGs39/uzjo8jh/1yHobmVfhqfVX47/u5q4cA6KIqK7g/PWDkSPu+pSIUjc8x9IZzY15cpvE3q3qyrHM7a/zOP6gOS94DZ+rbapL+nK5QasiIvcR8/3H3tVUWywQSZ38RhBRacou9lr3ITMEIomi4IJQ6mjnHqRtqrt68md1XZlBryWi8GVv8wXiorObG0oyBy98neM4jVJx5os72LMA/VVhbs/0y87KyiIiFzdfInKwu3Gywq2k0+k60snR6uKOJoSHD/Zwv0GjMYs0Wm2LWlY5ufnnzqeEDQ4JCwsRtZsOotFoFLV1XXtfuJ3VN2pv9vfvvv2HBQLBtKkTu5leAH2R1b/AqqprXJxlt+Zr6dDh+Lq6+okTo9vvd9kpP/+6ydXFefq0SR3PC9RqtR1JBzTRaDQCgaCDH9G58yk1NfJxY0c5ttuut6mpefOWnaPaaF7MNqnWaKybhQ/Qv92Cn7/HjidyHDd+3KgeuSQ2Uas1Wq3WYkHW1jO379gVEOAXPd6av4pJz8isqqoZFRXRqZzjsvIKoUBglXa9ANBfsUheU1VMRCEhN67Q3Bb2exW/gJZ/QQEAAAAAAAAA0L8VFeR38/cq3dEbkwJdQieFL33LYDCc/+HB5qrcLq/jNXJJ8Kxn9Trdma9XaP8o72dFPI4/5vHNYgc3RWFK2rqnWk8wTwpkI/Z+w4w6bWPZ5RYz7XzDR97zFREd//dE0+JSt8CmyryQBa95hk8vOrPFK2KBQCQxGAxGg54vuHZbRa/7Mwvwyt7/VGcctPppAvQeSAoEgK65BUkJcDvDFxgAgEUIjwAAfR2SAk2am9XNzWqtVmswGHt6L7cdjuMJhUKpjVgqsVz8GwDMIV71IMQrgE5BvOpBiFcAnYJ41YP6R7zq2aTAXtc+mIiqrxxrqMyzdx8YPPvZtHVPGw36LiwicnALiLmfiCoy9t+MjEAiGnrnx2IHN4Nef3nnPzr4koaitA7ONBr0TRU5RGTj4ktEitxTJWc3E8+oqaskoujn9gvENmmbX1bkJnbjDAAAAAAAAAAAAADAMoPBqFDUaTS6nt7I7ctgMKrVGrVa0yRSyWQOHMfr6R0B9FKIVz0O8QqggxCvehziFUAHIV71OMSr7uuNSYE8ouwD70fctdbJd3jQzGdz9n/Q6RUEovA73hXZOqnqKvOPfHEzNjlo9vMy/wiDXp/yy+NapdziHI7jE5GRuvJ1yROIDDoNEdm6BhFRfWmGQdNsetZoNBARDw0KAQAAAAAAAAAAAG4OdgfIxkbs5GgnEgpxB+LWMxiMGq22traxqVmtUNS5uDj19I4AeinEqx6HeAXQQYhXPQ7xCqCDEK96HOJV9/XSrLLG4oz8Y/8lIu/IhYHTnyReJ/YpkNoPXfGevUcwEV3Z865erbT69rxG3+EduVCvU5//8aHWvYD/xAmIiNeZzRORkchn3OoJzx2QDRzrFBDFFwib5MXmGYEmPK435nQCAAAAAAAAAAAA9HVNTSqNRmcjFXu6O0vEItwB6hEcx5OIRZ4ezjZSsUaja25W9/SOAHojxKvewBSvpBIR4hVAWxCvegPEK4COQLzqDRCvuq+XJgUSUXHShrLUvUTkN3rFkOXvCm2dO/IqO6+QiDXfygJGsocuoTFW39iAKY8FT39Kp1Gd++7+5qrcdmZy15ICO7G4vd/wcX/dETTlkcJTv9bmJfmOXUlEpRd2tlxZICQiHsfv4jkAAAAAAAAAAAAAQNtUKjUROTnZ9/RGgEz/I5qbVT29EYDeCPGqV5HJHBCvANqCeNWrIF4BtAPxqldBvOqy3ltqjkeUvedddX3FgJj7XYPGOT22seTcltJzW7VKhcX5Nm6BftH3uodN5fF4Oo2qtijFNWicb9RSIso7+IlVtiS0dR5+16e2rgHVuaez97zbVtfgP0+BzyciHu/GqXu2rgPZQeTqtUSUfejTsnPb7LzDXILGEVHg5Ec5gagkaYPRoL+2Mie0xgkBAAAAAAAAAAAAgAUajY6IxKLe+yv024pIKCAirU7f0xsB6I1YvBIJUUiiV0C8AmgH4lWvgngF0A7Eq14F8arLevtvNAoTfmysyBk0/SmJo0dA9D3+41c3lGUqrl5Q1ZVpGqp4fKHY3k3q7Oc8cJyNsw97SX3ppcxdb6vlxQNnPuMbtdRaeYEuoZMHL3xdXVdx4adH2msZbIbHExARJxS3P43jCwOi7zU9zPztrapLhziBKHzZOwaDoSzlN68RCwdOfmRA7IONlTnynFPKqjyO47SqRnVjpZ3XYIHYTmTvKrJ3M2jVpWc3d/M0AQAAAAAAAAAAAMBoNBIRr1ONYOCmYe26DHpDT28EoDdi8Yrjem9zsNsK4hVAOxCvehXEK4B2IF71KohXXdbbkwKJSJ6VcDYvyW/8Pd6RC0W2MgfvIQ7eQyzObKjILkraVH3pMBkNpkRAq+QF8jh+0LQnsva9V5V+oOOv4vh89uL2pzkPniJx9CAig8GQsfVlRe5pTiAa+eBPYjuX9G2vy7OOFZ1aP2j235wDxzh4hTp4hbJXCSV2kau/MC2i12nzjn7ZxdMDAAAAAAAAAAAAAAAAAAAAAACAfqEPJAUSkVGnKUz4vujkT44DRrkET7B1DZDI/IRSe71WbdCpm2qu1helKQrONxSltXiheV5gs7y47NzWLm7AoD/z5fLOvspgMOjUjYUnfmx/WnXGwWLvMN9Ry67s+pci9zQRDVn+b4HY5twPDzRV5BCRpr7i0uYX+WIbz8ilzoFRth7BIqlDi0VKL+wsO7etszsEAAAAAAAAAAAAAAAAAAAAAACA/qRvJAUyRoO+Ni+pNi+pU6/KO/gJGfS+o5cLxLY3bWuWnftujaqmoCMz8w59Wnx6naahmj3MPvCxprbMaLiuH7Ze3VRy+teS078SkZFIZOsskDrwhSJOKCXiNZReujknAQAAAAAAAAAAAAAAAAAAAAAAAH1GX0oK7LK8w58XJf6qbVLc4vftYEYgY8oIJCK1vLj9yTwirVKuVcq7sTsAAAAAAAAAAAAAAAAAAAAAAADob7ie3sAtcuszAgEAAAAAAAAAAAAAAAAAAAAAAABusdslKRAAAAAAAAAAAAAAAAAAAAAAAACg30NSIAAAAAAAAAAAAAAAAAAAAAAAAEA/gaRAAAAAAAAAAAAAAAAAAAAAAAAAgH4CSYEAAAAAAAAAAAAAAAAAAAAAAAAA/QSSAgEAAAAAAAAAAAAAAAAAAAAAAAD6CSQFAgAAAAAAAAAAAAAAAAAAAAAAAPQTSAoEAAAAAAAAAAAAAAAAAAAAAAAA6CeQFAgAAAAAAAAAAAAA0JM0Gk07zxqNRqPR2JF1jEajUtlkvX0BALRkrXjV4lV6vb47u+rCmwJAv3cz4hUAwM3Q2+JVNy/MoPcQ9PQGAAAAAAAAAAAAAABuX1qt9m/Pv2xra7P8jmVRUZEtnl23ftORI3Ecx3337Vc3XCo1Lf3TT9eOHTtm+R1LnJ2dLc756OPP8vOvBgUNfObpJ9tap7Ky6uVXXiOiF55/NixssPlTn6/9qra2bkL0uKlTJ3f4FAGgn7BWvMq/WiBzcnJycmQPrxYUvvXWO2KxeNmyJdOnTSGi5OSU777/6dln/jpoUNANd1VYWPT2v94NCwtdfscyX1+fU6eTNm/eRkT/eONVR0dH07TU1LTaurqJsTFdOXMA6GuseH1lUXZ2zn/e+9DHx3v+/LmjR0W1PzklJTXz8uVVK5fzeDyLE1JT09Zv2ERET/zlMT8/365tCQD6KKvEqxvGmU75fO1XCoVi2dLFw4cPMw0ajcZPP/uioKCQ43ivvPyiq6tL998IbjYkBQIAAAAAAAAAAAAA9Jit23YolUqlUnm1oKD1TSDGYDB0ZKm9e/cTUVLSmYmxE9pKCiwtLVMqlQqFop11jHStEEWzSnXduNF48WKqwWDw8/PpyH4AoJ+xSrzS6XRvvfUOEYWEBL/80vNElJ+XT0Rqtdre3o7lJX++9isieuff7z311BMRI4a3s1pRUfHb/3pXp9OlpWVMmTLZ19dHqVTW1dURkf6PndTU1Pzw48+ZmZeJSKfVIacZ4HbQzXi1bfvOU6eSWo97eLi/8Pyzer3+62++NRgMRUXFWVnZ5uv4+fl6e3mZv+Riatpnn39BRMXFJc8+81eBwEKGRnlFZWVlVccv+QCgP+n+9ZXFOPPscy+yK6L2TZoUu+be1eYjjY2NqalpRPTNf7//Yu0npvEjcUfZOBGt/eKrN/7+qlUSEOGmQlIgAAAAAAAAAAAAAEDPKC4uOXToCBHJZE6LFy04ffpMekaG+YSsrGx28N33P5qPSySS1XffaT5SWVmVnZ3DlmpR3u+GdDrdX596ztQlynTP6csvv+E4jh3PmjVjQvR49pS3t3fnzxUA+jZrxSsWqVhSIDvIy89nB4EDBhCRu7vbnatWbNi4mYg+++yL+++7NzZ2gsUtXcnK/vDDT3Q6HRHduWpF6/TB4uKS3Xv2njlzjj0Ui8U2tjbd+xgAoA/ofryqqqqSy+WtV2YXS7/v2qNQ1LKRI0eOHjly1DRh/PixDz/0gPlLnGUyW1tbpVKZmXn5zX++8/JLz9u2CkSqP/4MQyQSde/UAaCPscr1lcU4035LYpPWfYmPHT/BDqZNm2IalMvlGzduMT0sLCzaf+DQnNkzO3e2cMshKRAAAAAAAAAAAAAAoAfU1Mj/896H7Pgvjz/K5/MvZWYmJp62OLn1eIukwP0HDrKDeXPndHYnBoNBrVZbHDclCGo0mqtXC9hxeXl5wolE85nBgwZ6enp29n0BoK+wYrxKuZjKDiIjI9hBbm4eEXEc5+7uxkZmzJjm4eH+2edfGgyGH3/6uam5edbM6eYLNjQ0/Lpuw9mz59nDqVMnz5gxrcWbvvfeh6zylmnNJYsXSSTiLn0AANBnWCVehYUNbmhorKioZKmBHh7urAazi4tzbm7erl172GR7e3t20NDQ8MeIQ4sF/fx8//3OPz/86NOCgsKSkpK/v/HmG39/zcHB3nwOkgIBbk/Wur6yGGdWrryjufnPuu/p6RkZGZeIaMmSReahZsCAgBbLHj4cxw6mTvmzuPLX33zH/mH4/PPPfvPNdw0NDVu2bIsYMdzLC/8G7NWQFAgAAAAAAAAAAAAAcKtVVla9+c9/NTc3s3SWoKCBROTu7u7h4W4+raqqmt19aTHO43HmDzUazfHjJ1hWTVsltdohEAgeffQh08Oa6pqt23aw4hCDBgWxQR9vb1PRiPj44/Hxx81XWLVqBZICAfor68arixdTWdgZEODPko8rKirZ/WzzacOHD3v6qSc//uQzInJ3czV/6mj8sXXrNpr30Zs+bQoRKZXKlIupCQknTdtmUTEmJnr+vLmuri5W/VQAoDeyVryaNDF20sTY3Xv2bd++k4j++te/sKbABQWFb739bzbnwQfumzBhPPtjiddef9NgMDg7Oy9dsrD1ruzs7F579eX3P/g4KytbLJa0zvwzFfQSiZEUCHC7sO71Ves4ExDgHxcXbzQaH7h/DbviYkmB06ZOtrGxuZCcsn79phEjhk03KwfIChOypsNhYYOdnBzZYELCyZycXLbPIWGDn376ibfffpeIPv1s7Rt/f1Uqld7Mzwm6BUmBAAAAAAAAAAAAAAC3VE1NzRv/eIsV5xs3bszdd606cPBwSEjw/Hlz5s+7rs7fho2bWT+pf7/zVjsL7tj5O7tXNGXKJKFQuGHjZvNOdubYtKKi4ocefpyNfP7ZR1KpdNjQ8PSMS2yE90fLYI7jeDweEfF4PF9fn/T09LY2IJVIOv8xAEAfYN141djYyHL1pFLp3n0HzMtrqdWaPXv3t5jv7e0lFApLy8pLy/aHhYUODAwkokOH4swzAolIrqhd+8XXpaVl5oOOjo6zZ8+cNDHWVB3wq6+/dXJynDQx1tvbq9sfDAD0Ola/vkpLS2dJzCwjsLik5F/v/IfFH7FY3KhUHjh4mIh2797LBiMihh+NP05E4UPCfH19zJfi8/nP/+2Zrdt2LFo4v3XJ0j8rBQqF1vs8AKD3snq8ah1nzp27wP5SYvXdd7bORT5//oJcLk9MPH3P6rtavB07MCULnj595seffma1UVeuuIOIBgYGzps3Z8+efZWVVf/36huvvPyCqdgz9DZICgQAAAAAAAAAAAAAuKVUKjW7AzRr1oyVK+5ITUvftGkL6+U0b+5so9FommlKfNHr9eYr8Pl803F2ds6BA4fYsY+3N0uyaZEx05ppAnu7isqqr7/+tsWcQ4eOsFtQRCT7v5dYNa9p06befddKNnj58pX33v+IiAIDB3T1wwCAXs268cqUfNzQ0LBt2w7zaeXl5S1GTAoKColo8eKFLClw9OioXbv2zJ4908PD/X//+5WInGVOdnZ2LV710ovPmVcw1Wg0589fMBgMKpXq/vvu7cZHAgC9lHXjlV6vZ83NQ0ND2EhDfYNOp2PHarWaLW4uLi6eHaxataJFUiBLLly1crnFnTc2KtmBQqFA6WWA24F145WJeZwZPSpqz559RJSRcSkyMqLFzPT0S0QUFhZqPngkLp5ddBER65m+/8ChzZu3spEnn3hM+Efi8pLFC8+fTy4vL6+rq3vt9X88++xTYYNDCXofJAUCAAAAAAAAAAAAANxSPj7etra28+fPmTVzhk6n+/bbH9j4+HFjP/1sbVpaRuuXPPzIX8wfvv/eOy4uLux+0meff9licsSIEW11cUpIOKnT6cRicXT0OHbfSCwWE5GNjbSdxk8cx+3atfvaJseP+eLLb/R63YIF8zMvX2GDKLsF0F9ZMV6xTOLub2nK5EkxMdFurq6nTieZBh9/7OGEE4kRI4aXlpZ9/c23RPTW2++a160pKSllt9UHBQV1fw8A0AtZN17l5uWzoBEePoSNhIUNXrVqxcY/ymjZ2tqyxuUWHxJRTY38P+99YDD8mdwTETF89d13tt5GRUUFO0hLy0BSIMDtwFrxqrik5JNP1pqPR0ePW7pkERH5+/tJpdLm5uZz5y+0SAqsrKxipZqHDxtmGpQrFBs2bDKfZipSyLIVg4MHmZ7iOO6VV1744IOPi4qKdTrd++9/dM89d02ZPKl7nwpYH5ICAQAAAAAAAAAAAAButbffesPR0ZGIdv62i90/njVrhqurSwdfrtVq2cFP//vZ/PYzM2bMqDFjRll84cWLaXK53N3drUWjKA939y/WftLW29XUyF948RVWMcLF2fn8+QtENHXqFJbf4+npyf3RcRgA+h9rxSsiWnPvavOEmJLS0jff/BcRBQT4v/p/L7W/jqkijpOTY+tnHR0dWbs9V1dXjuMMBkNzc7Op2o2JQCCIjBzRwZ0DQJ9jxXgVH3+MHRw/foL1ESaiRYsWPPzwAyx95/333pFIJO9/8HFm5uXIyIi/Pvm4Tqd75NEnTCuoNerq6hrz9VnR5daqqqrZQWpa+owZ0zp50gDQJ1klXjUpm+Ryufl4dXW16TgyMiIx8VRKSmqL1yacOMkOIiL+vCj65pvvzIvN//zL+vz8fHYcExMtEomOxh8zpf1lZWWnpWeEhw/x9PQ4e/Y8Ef3yy3p3d/fwIWGd/Bjg5kJSIAAAAAAAAAAAAADArcbuAKWlZezdu5+IpFLpksULiWj27FkjR45sPV+jVtc3NLB8FyJycnJiLz9z5lxbb3HlSpa9g723V0dr+J08eep/P/9q8amFC+ezg9Wr72xuVrFjsUjE2uoFBQ3s4FsAQF9klXjF8Hg8geDPu5NsQSKaMGG8+XgHOTk6DhgQQEQisdg0KJGI137+8YmTiXV19eaTOY4LHDAgODiIVfMCgH7JWvFKLpefPn2GHZeXl5eXl7Pj2NgJHd+Mg7398OHDjEYDEWVkZJpn25irr28wPZWZedloNPJ4vE6eNwD0PVaJV66uLsOGhbMJresLjh4dlZh4qrm5uaio2Hz8+PET7B9xpj+0SE1Ny87OMZ8TGhrMkgKffPLx1NT0TZu2cBxnSgpMTrl44MAhIvrh+298fPbs3Pm7u7sbOgj3QkgKBAAAAAAAAAAAAADoAekZlz7+5DN2PGbMKJFIRERhg0Mt3k05nXRmw8bNRPTG318NCPBng3wBn2W6rLl39Y8//Ww+//O1XyUnp0il0v+8+7adnV1H9tOsatbpdBafCgke9PZb/zgafyxixPD8qwVsUK3RsHJcSAoE6Pe6H69aq62tY6VliGj9+k3r12+yOC0oaGBbRQQvJKc0NzcT0fvvf9SRs4iOHoeMQIB+zyrxaudvu0zH9vb2rq6upopZJn954ml2IUREyckpDz38eIu0Pzs7u2eefpIdv/zKa5WVVRY3XFZWZjo2GAxZWdmhoSFdOnUA6GO6H6+cnZ2ffeYpdvzEk8+w6yKT8CFhYrHY29tbq/uzDKrRSDNnTk9IODF9+lTToJubG/t35aRJsUePHiOisWNHNzY2xkyIDgkJTk1Nb+csFi6Y5+fr4+7ujuLxvRCSAgEAOqG+UduBWQDQG+H7F24qfIEBAFiE8AgAANCOjEuZH330qekhKwmTmpZ+6dJli/OLiorYwY6dv3t6espkjrNmzggNCRYIBI8/9jArF2FOKpUSUXNz84cfffr6a6905A7N0PAh9993r4UneDx/f3+JRHz3XauIqKmpiQ27u7l98/Xa3Lx8dze3Tpw5APQ1VolXraft23+gI++u0Wjaeqq0tKytXpwWtW62DgD9jFXiVW1t3YkTiaY5d9+1avToqAcfeqz1y82zANsqBHhDpj+3YA4fiUNSIMDt4CZdX/0xubisvJyI7r//XiKqrq65ciWLPXUhOcXNzXXp0sVEdObsOSIaHBri5eXp6Oi45t7V1TV/Nj1/4P41HTyXyMiIDs6EWwxJgQAAAAAAAAAAAAAAt5RGo/nww09aj587d978JrRFqalpqalpMpnTrJkz+Hz+m/943cvLs0VDKCK6b83qnJycysqqgoLCDRs3s3y+dsQfS5DL5W09u3fffmdn58mTYomouPjae6WmpU2fNnUQygQC9GvWilctnlKp1EeOHDUfefCB+8isYWZJSen+/QeJyMfHu/134TguJia6nQmFhUVXr8+5AYB+yVrxqrikpCNv98gjD4pFonXrN8nlcn9/v0UL5+t0+q++/m9nt334cBw7mDNn1r59B86fT1apVBKJpLPrAEAfcpOur0yOxh+Ljz9u8akff/xfi5Fnnn5y+PBhf3/9/2Qyp8PXX54xOh3+8LuvQlIgAEAnuMhsenoLANBpNYomfP/CzYMvMAAAixAeAQD6OhbJ4eYRiUSOjo51dXX33nP3+g2bTE177ezsWIW/1kytoAQCgVAodHKSsYdeXp4W5wsEgr/97ZlXXnndYDAcOXJ01Kio0JDgdra0Zcu2Ft2mWnB3d2NJgfn5V9nIvn0Hpk+b2s5LAKAfsGK8Mnc0/liLqlrlFRXLli5mx0aj8fW/v8mOFy9a2P4OhULhfWvuYcdKZdPzL7xsYyNduHDBpIkxbDA+/jiSAgFuB9aKV0PDhwQHD8rOzmn/7SJGDJdIJIePHJXL5S4uLpGREaZ37Lis7Bz2Vxmenp7z5s7et+8AEZ1MPD1t6uTOLgUAfchNur7qDpnMqa2n6usbiEgsFlv3HeEWQFIgAAAAAAAAAAAAAMCtNm3alAB//2HDwtdv2GQaXLF82YrlyxSK2o2bNk+ePClscKjpqdNJZ/773++J6OWXnx8YGNiRt3BzdV1z7+off/qZiNau/er99/4tkbR5I2fgwECFQsGOlcqmuro6InJ1dRGJRGzQ19eHHZhyaxSK2szLV8w3CQD9ktXjlUql2r17Lzt+4flnv/7mu4aGhj179jnY28+YMc1oNP7w48+lpWWsG527eycalF8tKFCr1Wq1msfrwGwA6HesFa8efuiB7Jycb7/9ofVb6LTXcndOnU4SiyU1NTVEVFlZlXgqSavtdDGtvXv3s4OoqEgbG5vIyIjk5JTff989eVIsn8/v7GoA0Ifc1H8PLlu6ZN7c2eYjcUePsbTjN//xuo3NdXmHDg4O7a9WX19PRI6Ojp08Reh5SAoEAAAAAAAAAAAAALjV5s+bY3FcrVa/9PKrOp3u/Pnk//u/FzuY/9eW2NgJxxNO5ObmSaUSlaq5naTAvz33dGVl1dlz54MHBTU0NH7x5ddE9PRTT+bl5adcTH34oQfYawsKCisrq0yv2rfvAJICAfo968Yro9H40cefsWo348ePDQsb/PTTT7z99rtEtGHj5uKSEpVKdfbseSKSSqX33nNXp7ZqKsfpErwAACAASURBVGXq7X2DpsMA0C9ZK165urrw2kguLi0rYwe//LLeNFhSUvLddxYyCFvT6XSfr/1y+R3LfH196usbUlPT2PjEiTFENH361OTklIaGhri4+BkzpnVkQQDoo27evwdVKvWRuKMLF8wzH7Szs2MHLi7ONjad6+7C/lTDxcW5szuBHsf19AYAAAAAAAAAAAAAAOAasVi8evWdRGQwGN5994OaGnk3F3z8sYfnz5/773fecnJqsyEUs//AwW3bdmzctMU0otaof/zp5+TklOMJJ9jIho2b2cHEibFElJ6eUVVd3c0dAkAf1bV49fMv63Jyclnzu7vuXEVEAwMDX3rxbxzHEVFCwkmWEchx3GuvvtzZmjRJSWfZwYAA/y6dEwD0T1a8viouLmEH0lZu2FtTqVS+9fa/09IyMi5dIqKNm65dVkVFRbq5uhJR2OBQW1tbItqydbtKpe7yJgGg7+pmvGpsVL75z7d37vy9Cw3NLSotK2NLmSrHQx+CpEAAAAAAAAAAAAAAgF5kYmzMtGlTWC2Z9z/4qJurOTs7L12y6IYd6PR6/alTSUQ0Z/Ys06CdrV1kZASrCEhEefn5WVnZRBQdPf7OVcsFAgER/ec/H6rVuGkNcJvqbLyKi4s/diyBHd+z+i5b22uFaoKCBrJoY+Lj4y0Qdq7j2cmTp0pKSogoOHhQSWnp4SNxtbW1RGRja8NxHMdxfA69OAFuX12+vsrKzk46c9b0sLS0lIgGDw79Yu0nLf77/LMbLHv1akFRUTEru7Vn7/7Tp8+w8WVLF5vmLFq0gG1y85atnT9LAOgPuvPvwfT0jIqKSiLKzsm1ymbOnbvADiJGDLfKgnAroX0wAAAAAAAAAAAAAEDvctedK0tKSrOyspcsWcRG9Dr9TX3H/QcOqdVqsVgcFRWZnHzRND571ozk5JS6urpjxxO2bt3BBpcsXiAWixctWrBt2w65XL72i6+fe/aptrrsAUD/1vF4lZl5+dd1G9hxWNjg2NgJLCP5xMlTmzdvZQ2FTYqKil966dXIyIjFixb4+flaXHDNvatrampYgnJqWvr/fv6VjU+fPvWjjz5raGhYv36Th4f7mDGj3/rnG15enlY9bwDoe7p2fRUXFx8XF8+OL1/OUihqiSgyYkTH37e2tq6yssr0cPz4sWGDB//32+/Zw/nz53p6/hmgpk2dHBcXX15eHh9/fNjQ8BYJ0wBwm+hsvFIqleaXUsOHDxsUNLD729DpdOzPwziOGzQoqPsLwi2GpEAAAAAAAAAAAAAAgN6Fx+M9/dQTlZVVOr2+rKyc43MJJ06ypyRiSWdXq6ysEomEYrFYoaiVy+Xspo75BJVKvWPHbyyTpsVTwcGDwsOHODk5/fLLeoPBwBoHu7i4ENHMGdMOH46rq6vLyLi0Zev2FcuXdfu8AaDv6WC8qq2t/fCjT9lxUNDAZ5/5a02N/NDhuLi4o+bt7ebPn+vn67tx02aWdpOcnJKcnOLq6jJ16pSYCePt7OzM31osFul0+szLV7797ofq6ho2GBkZ4enh4eDg0NDQQEQVFZW7du3ZtWuPv7/fnDmzRkWNvGHlVADor7p/fXX8+LVapxGR1yUFNjQ21ipq2+rymZFxyXS8Zs09fn4+b7/9Lnvo7++3ZPHCFpt8/LGH3/jHW0T0xZff/Ofdf7m4OHfyRAGgz+tsvDp1Osl0vGjRgkUL51tlG9u272RV4adNm4IrqL4ISYEAAAAAAAAAAAAAAL2OWCw+d/7Crl17zAelUqm3t1en1lGp1C+/8lqLwbCwweYPJRLxAw/c98sv66ZNndJ6hfvvu+flV15nGYHjxo1Zc+/dbFwoFL704nOvvf6mwWDYv//g2LGjA/z9O7U3AOgfOhKvpFKpUChUq9UBAf4vvvCcUql84cVXzOeHhw+5b809LPclKiry2PGEzZu3sfvQ1dU1mzdvvXz5yjNPP0lEly9f+fSzLyw2Lp8yZdJdd67k8/lv/fPvCkXtqdNJiYmnSkvLiKiwsOibb777SSx+4onHhoYPuZmfBwD0Xl24vrr//jWjR0URUcrFi//97/dENGxYuJurq/mcEycSt2zZZnro4+Nt/mxU1Mgff/pZKpU+//wzAf7+n6/9io3b29s/8/RfW9da9vPznTp1clxcvMFgyMnNRVIgwO2pU/FqaHg4+9OvJ/7yqLUqjJ49e/7AgUNs2QXz51plTbjFuA7MAQAAAAAAAAAAAACAWy18SJj5Q4FAsGTJwranWyaRiGUyJ/MRsVg8IXp8i2nR48d++cWnTk6OrVdwdHRkbTcnTox95OEHzW9de3p6PvnE46w0FzICAW5nN4xXYrF45crlPj4+L7/0vFAodHR0HD16FHsqMjLiH2+89rfnnjYlvnAcN2XypLWff/zoow/5+/uxwRUrrpUjDQ4e1OLdvb295s2b88EH796z+i5TGRuZzGnunFlvv/WPN954NSJiOBvU6/UDAhCsAG5rHby+EomEYWGDw8IGB/j7SSRiiUQcMWLEgAEBHMfdt+beFpNHDB9mOg4JCR7S6q8vHnro/nf//Ta7WHrg/nttbW0dHR3/+ebrFi+9iGj5HUulUunUqZPHjhndvdMFgD6s4/8e9PT0mDQp9p9v/t2KPcdd3VwFAgERPf7YIy2qNUNfwfMbOKan9wAA0CGFuUkdmGV9WVlZROTi5ktELjKbHtkDAHRHjaIJ379w8+ALDADAIoRHAIC+jkXymqpiIgoJCenyOuz3Kn4BgVbd3a1QVlZNRAMHdK4mX9dcSE7RarXeXl5+fr4tntLr9Tm5eexYwOcHBg5o0dvXpK6ubu++A0Q0btzYwAEBLZ69ciXL1FjT2Vk2eHBo65o05mpq5GnpGRzHmxA9nqXXNDY2nkw8NWvmDIvzk5NThg8fdlP7SeVdLSMiLy/XDswFuL30oXhlNBr1ej27u8waCh88dGTmjGlOTk7UrtLSsqsFhdHjx5pGkpNTiktK3VxdfXy8vbw8TWu2o6ZGvmfvvrDBg0ePjurY6XYR4hVAW/pQvGqLXq/Pzc0LCQlu/VR9fT1LgBaLxTdcp7KySiqV2NvbtzOnvLzcw8Oj/Wu2bkK8AmhLP4hXLeTl51+8mCYUCufOmdXOIhWVlTnZuUQUETHC1tampqbmUuaV2JjoFtMqK6uqqqt5PF6LHOibp+/Gq6KC/G7+XqU7kBQIAH0GkgIBoGuQlAA3Fb7AAAAsQngEAOjrkBR4K28CQUf03ZtAADcb4lVvg3gF0BbEq94G8QqgLYhXvU3fjVc9mxSI9sEAAAAAAAAAAAAAAAAAAAAAAAAA/QSSAgEAAAAAAAAAAAAAAAAAAAAAAAD6CSQFAgAAAAAAAAAAAAAAAAAAAAAAAPQTSAoEAAAAAAAAAAAAAAAAAAAAAAAA6CeQFAgAAAAAAAAAAAAAAAAAAAAAAADQTyApEAAAAAAAAAAAAAAAAAAAAAAAAKCfQFIgAAAAAAAAAAAAAAAAAAAAAAAAQD+BpEAAAAAAAAAAAAAAAAAAAAAAAACAfgJJgQAAAAAAAAAAAAAAAAAAAAAAAAD9BJICAQAAAAAAAAAAAAAAAAAAAAAAAPoJJAUCAAAAAAAAAAAAAAAAAAAAAAAA9BNICgQAAAAAAAAAAAAAAAAAAAAAAADoJ5AUCAAAAAAAAAAAAAAAAAAAAAAAANBPICkQAAAAAAAAAAAAAAAAAAAAAAAAoJ9AUiAAAAAAAAAAAAAAwHU4PkdEBoOxpzcCZPofwf6nAEALiFe9CuIVQDsQr3oVxCuAdiBe9SqIV12GjwwAAAAAAAAAAAAA4DpCAZ+INFpdT28EyPQ/gv1PAYAWEK96FcQrgHYgXvUqiFcA7UC86lUQr7oMSYEAAAAAAAAAAAAAANexsZEQUW1tQ09vBMj0P8LW1qanNwLQGyFe9SoKRT0R2dpKe3ojAL0R4lWvgngF0A7Eq14F8arLkBQIAAAAAAAAAAAAAHAdiUQsFgubmtXlFXKVWou+UT3CYDCo1NryCnlTs1oiEYnFwp7eEUBvhHjVG5jiVbNKI5GIxGJRT+8IoDdCvOoNEK8AOgLxqjdAvOo+QU9vAAAAAAAAAAAAAACg13FyclAo6pqa1U3N6p7ey+1OJBI6Otn39C4Aei/Eq94D8QqgfYhXvQfiFUD7EK96D8SrLkNSIAAAAAAAAAAAAABASxzHc3FxalapVU1qjRbFIXoAx/GEQqHURiyViHt6LwC9GuJVj0O8AuggxKseh3gF0EGIVz0O8ar7kBQIAAAAAAAAAAAAAGCZVII7EADQNyBeAUBfgXgFAH0F4hX0aVxPbwAAAAAAAAAAAAAAAAAAAAAAAAAArANJgQAAAAAAAAAAAAAAAAAAAAAAAAD9BNoHAwD0PKPRWFFRWVhYxOfzo6Iib/FMAOgsvV5fV19vI7WRoGA43ByNjY16vd7BwYHH4/X0XgAAegvERgAAAAAAAAAAAACADkJSIABAT0pOTtmydUd5eTnHceHhYZMnTbyVMwGgszIuZW7evLWoqJg9lMmclt+xbNy4MT29L+gnVCrVjp2/Hz16TKfTsZExY0bduWqFo6NjT28NAKDHIDYCAAAAAAAAAAAAAHQWkgIBAHpGVXX199//lJWVzXHcgw/cN378WI6z3NL9ZswEgC44Gn/sl1/WE9HDDz8welRUXl7+p5998d9vvy8uKblj2ZKe3h30eQ2NjW+99U51dU1Q0MC/PP6oRCLetHnb8eMJGRmZb/z9VVdXl57eIABAD0BsBAAAAAAAAAAAAADoAiSLAAD0gKPxx1566dWsrGx/f78P3n93woTxbWXv3YyZANAFRUXFLCNwxYo7xo8bKxAIQkKCn37qCSLau3d/WlpGT28Q+rzvvvuhurpGKpU+/7dnZDInqVR635rVgYGBSqXy08++MBqNPb1BAIAegNgIAAAAAAAAAAAAANAFyBcBALjVrlzJYqlFtra2L77wnJNTm43PbsZMAOian/73KxFxHDdj+lTTYEhIsI+PDxH99L+fe3R30Ofl5OSy1NLZs2eKxWLT+JIlC4mopKTk7NnzPbpBAIAegNgIAAAAAAAAAAAAANA1SAoEALilamtrP/zoU3b87LN/tbGxuZUzAaBrGhoa8vPziWjo0HA+n2/+1Jgxo4hIoagtKCzsuQ1Cn3c84QQ7GD0qynx8SNhgVvY1/tjxHtoaAECPQWwEAAAAAAAAAAAAAOgaJAUCANw6BoPhgw8/0el0RDR58sSBgYG3ciYAdFnSmbPsYODAlt9iAQH+7ODYsYRbvi/oJ4xGIyt2xXGcp6eH+VMcx7m7uxPR5ctXGhsbe26PAAC3GmIjAAAAAAAAAAAAAECX/T97dx7f1HXn//9otSV5k1e8sZjFYMyO2QlLWBMCSSCE7GnStJO0v07ax7STdjqd6Uyn7Xy7dzJNvv22TbORjaxAgLCHNWAbbLMYYwzG+25Zlqxdvz+uuBZe5QWbKK/nw39cXV2de65075Ee0tufQygQAIZOUdHlysoqaXnVyjtbWsx5+QX5BedaWsxDsCWAfjt37oK0kJg4osNd8poLFy4Oeb8QJGpqau12uxAiKiqq873yOVZcXDLkXQOAYcPYCAAAAAAAAABAv6mHuwMA8BVy5myevPyrX/+uqalZvjl2bNpzz37TaIy6dVsC6DeTySQtGI3GDndFhIff2KZlyPuFIOF3gnUxYssrGxobh7ZfADCcGBsBAAAAAAAAAOg3KgUCwNA5c+asvDx79qynn3py5co7DQaDEOLKlZJ/fuFf5OnPbsWWAPqtudmXSwjRajvcpb2xxm63ezyeIe8agkFTsy/Pre10gvmvbGhoGNp+AcBwYmwEAAAAAAAAAKDfCAUCwBBpaWmpr/f9ZvnCC99/aMvmhQvnP7Rl8y9/8Z86nU4I4XK5tr71zi3aEsBAWCwWaUEb0jGXoFAo5GWr1Tq0/UKQkNPbIZ1OMCGERqPpsBkAfBUwNgIAAAAAAAAA0G+EAgFgiDQ0NkkLkZGRE8aPk9cbDIZnn/2GtHzy5Cmv13srtrzFBwcEufDwMGnB26kWoP/1JYVxgb4KvzEJtcfTxXDtcrmkBb3eMLT9AoDhxNgIAAAAAAAAAEC/EQoEgCGi1/vSQpGRER3uypg0UV5ubGy6FVsOxhEAX13R0dHSgt3u6HCXvEapVKpUqiHvGoJBbEyMtGCz2Trf29bWJi1ERIQPbb8AYDgxNgIAAAAAAAAA0G+EAgFgiMTFxkoLnX/XVCqVsbG+Xz2bmptvxZaDeijAV05cnO9as96IIMhsNt+a6GjjkPcLQSKml+CLb2VCfPzQ9gsAhhNjIwAAAAAAAAAA/UYoEACGiFKplCZB67JuX1xcnLQQHh52K7Yc1EMBvnISEhKkharKqg53mUwt0kJm5uQh7xeChFzttaamtvO9TU2+EX7SpPSh7RcADCfGRgAAAAAAAAAA+o1QIAAMnXHjxgohXC5XZVXHXFFDQ4O0EB8Xd4u2BNBvixbOlxaul5V3uKv4Som0MHXKlCHvF4KEQqGYM2e2EMJut1ut1g73lpZeF0LEx8fp9fph6iAADAPGRgAAAAAAAAAA+o1QIAAMnQc3b5IWTpz4wn+93W6vra2TKo0pFIpbtCWAfouJiZk6dYoQIicnt8Ndly9fFkIYDIapUzOHqXcIBuvvWSct5OSc8V/f1NRst9uFEGvXrhmmrgHAsGFsBAAAAAAAAACgfwgFAsDQiY+PW758qRBiz569jY2N8vqiomJp4dFHHrp1WwIYiA0b7hFCWCyW09k58sqmpubs7FwhxMaN9ymVfKxC/yUlJU6YMF4IsX3HTo/HI6/fsfNTKXUql6sEgK8OxkYAAAAAAAAAAPpHFWlMHu4+AEBAvvuPzwzLfqVJePWGCCGEXqcZYGuTJk2sqKisrKzMyy9ISxsTFRVVXl7x+z+86HK5Hn3koczMybd0S+Crqc3mHPj1a4yKiouPz809c/Zs3rjx4+JiY6ura156+c9NTc1z587ZtPHewesvvmQG5QQTQsycOT0v/1xNTU1VdfXUKZler/fkyVMffPixUqn88Y9fiIqMHKT+AsAQGZThkbERAIaRNJK3WVuk6un9bkf6XiUyyjiovQMAAAAAALjdtZiaB/i9ykAoUtPmDMuOAaCvrl/5IoCtBl9RUZEQIiYuRQgRY9QPSps7du7auXOXNOuZVObk2We/kTFp4tBsCXzVNDRZB+v6zcsveOutd6S5uYUQSqXy/vs2rFmzijKBX2WDeII5HI6//u3VM2fOulwuac3YsWlPPvFYcnLSwBsHgCE2WMMjYyMADBdpJG+oKxdCTJgwod/tSN+rpI4aM6i9AwAAAAAAuN2VlV4d4PcqA0EoEMCXRjCFAiXV1TV1dfWjR48MDw8f+i2Br45BzGxJ2trarl8vMxqNcXGxCoVisJrFl9Sgn2BCiPKKCrvNnpg4Qq8fzGYBYCgN+vDI2AgAQ4xQIAAAAAAAwEAMbyhQPSx7BQAIIUaMSBgxImG4tgTQbzqdLj19eD664SsiJTl5uLsAALcdxkYAAAAAAAAAAALEVHcAAAAAAAAAAAAAAAAAAAQJQoEAAAAAAAAAAAAAAAAAAAQJQoEAAAAAAAAAAAAAAAAAAAQJQoEAAAAAAAAAAAAAAAAAAAQJQoEAAAAAAAAAAAAAAAAAAAQJQoEAAAAAAAAAAAAAAAAAAAQJQoEAAAAAAAAAAAAAAAAAAAQJQoEAAAAAAAAAAAAAAAAAAAQJQoEAAAAAAAAAAAAAAAAAAAQJQoEAAAAAAAAAAAAAAAAAAAQJQoEAAAAAAAAAAAAAAAAAAAQJQoEAAAAAAAAAAAAAAAAAAAQJQoEAAAAAAAAAAAAAAAAAAAQJQoEAAAAAAAAAAAAAAAAAAAQJQoEAAAAAAAAAAAAAAAAAAAQJQoEAAAAAAAAAAAAAAAAAAAQJQoEAAAAAAAAAAAAAAAAAAAQJQoEAAAAAAAAAAAAAAAAAAAQJQoEAAAAAAAAAAAAAAAAAAAQJQoEAAAAAAAAAAAAAAAAAAAQJQoEAAAAAAAAAAAAAAAAAAAQJQoEAAAAAAAAAAAAAAAAAAAQJQoEAAAAAAAAAAAAAAAAAAAQJQoEAAAAAAAAAAAAAAAAAAAQJQoEAAAAAAAAAAAAAAAAAAAQJQoEAAAAAAAAAAAAAAAAAAAQJQoEAAAAAAAAAAAAAAAAAAAQJQoEAAAAAAAAAAAAAAAAAAAQJQoEA0AuVSjXcXQAAAAAAABgeA/xiRHq4x+0evB4BAAAAAADc7qQvQ4YxcEIoEAB6ERISMtxdAAAAAAAAGB6hoaEDebj0vYrDYR+8HgEAAAAAANzupC9DBvi9ykAQCgSAXgzjGA0AAAAAADC8BvjfktL3Kg6HY/B6BAAAAAAAcLuz2+3DW4WKUCAA9IJKgQAAAAAA4CtrUCoFtppbvF7v4HUKAAAAAADg9uX1ei2tZioFAsBtLSwsTKPRDHcvAAAAAAAAhppGozEYDANpQfpexe12t5iaB69fAAAAAAAAty9Tc5Pb7R749yoDQSgQAHqhUCiSkpKGuxcAAAAAAABDLTk5WaFQDKQF+XuVFlOzw2EfvK4BAAAAAADcjhwOu7nFNCjfqwyEerh2DABfIiEhIa1WqxCiock63H0B0E9cv7ilOMEAoEsMjwDwZafVagfeSEhISFxcXF1dXW11VZQxOiw8YjC6BgAAAAAAcNsxt5hMzU1CiPj4+EH5XqXfCAUCAAAAAAAAAG4ho9GoVCpra2ubGhssra1h4eEajUaj1SoUTGUDAAAAAAC+3Dwet8vpdDgcltZWh8OuUCgSEhIiIyOHt1eEAgEgIDFGvRDC5XJVVlbabLbh7g4AAAAAAMAtodPpEhMT1epB/uo4MjLSYDBI36s0NjCPMAAAAAAACEK36HuVfhj+HgDAl4harR45cqTD4Whra2tra7NarS6Xa7g7BQAAAAAAMCBqtVqv1+t0Or1er9Fobt1e+F4FAAAAAAAEmaH5XqWvCAUCQJ9ptVqtVjvstV4BAAAAAAC+dPheBQAAAAAA4FZTDncHAAAAAAAAAAAAAAAAAADA4CAUCAAAAAAAAAAAAAAAAABAkCAUCAAAAAAAAAAAAAAAAABAkCAUCAAAAAAAAAAAAAAAAABAkCAUCAAAAAAAAAAAAAAAAABAkCAUCAAAAAAAAAAAAAAAAABAkCAUCAAAAAAAAAAAAAAAAABAkCAUCAAAAAAAAAAAAAAAAABAkCAUCAAAAAAAAAAAAAAAAABAkCAUCAAAAAAAAAAAAAAAAABAkCAUCAAAAAAAAAAAAAAAAABAkCAUCAAAAAAAAAAAAAAAAABAkCAUCAAAAAAAAAAAAAAAAABAkCAUCAAAAAAAAAAAAAAAAABAkCAUCAAAAAAAAAAAAAAAAABAkCAUCAAAAAAAAAAAAAAAAABAkCAUCAAAAAAAAAAAAAAAAABAkCAUCAAAAAAAAAAAAAAAAABAkCAUCAAAAAAAAAAAAAAAAABAkCAUCAAAAAAAAAAAAAAAAABAkCAUCAAAAAAAAAAAAAAAAABAkCAUCAAAAAAAAAAAAAAAAABAkCAUCAAAAAAAAAAAAAAAAABAkCAUCAAAAAAAAAAAAAAAAABAkCAUCAAAAAAAAAAAAAAAAABAkCAUCAAAAAAAAAAAAAAAAABAkCAUCAAAAAAAAAAAAAAAAABAkCAUCAAAAAAAAAAAAAAAAABAkCAUCAAAAAAAAAAAAAAAAABAkCAUCAAAAAAAAAAAAAAAAABAkCAUCAAAAAAAAAAAAAAAAABAkCAUCAAAAAAAAAAAAAAAAABAkCAUCAAAAAAAAAAAAAAAAABAkCAUCAAAAAAAAAAAAAAAAABAkCAUCAAAAAAAAAAAAAAAAABAkCAUCAAAAAAAAAAAAAAAAABAkCAUCAAAAAAAAAAAAAAAAABAkCAUCAAAAAAAAAAAAAAAAABAkCAUCAAAAAAAAAAAAAAAAABAkCAUCAAAAAAAAAAAAAAAAABAkCAUCAAAAAAAAAAAAAAAAABAkCAUCAAAAAAAAAAAAAAAAABAkCAUCAAAAAAAAAAAAAAAAABAkCAUCAAAAAAAAAAAAAAAAABAkCAUCAAAAAAAAAAAAAAAAABAkCAUCAAAAAAAAAAAAAAAAABAkCAUCAAAAAAAAAAAAAAAAABAkCAUCAAAAAAAAAAAAAAAAABAkCAUCAAAAAAAAAAAAAAAAABAkCAUCAAAAAAAAAAAAAAAAABAkCAUCAAAAAAAAAAAAAAAAABAkCAUCAAAAAAAAAAAAAAAAABAkCAUCAAAAAAAAAAAAAAAAABAkCAUCAAAAAAAAAAAAAAAAABAkCAUCAAAAAAAAAAAAAAAAABAkCAUCAAAAAAAAAAAAAAAAABAkCAUCAAAAAAAAAAAAAAAAABAkCAUCAAAAAAAAAAAAAAAAABAkCAUCAAAAAAAAAAAAAAAAABAkCAUCAAAAAAAAAAAAAAAAABAkCAUCAAAAAAAAAAAAAAAAABAkCAUCAAAAAAAAAAAAAAAAABAkCAUCAAAAAAAAAAAAAAAAABAkCAUCAAAAAAAAAAAAAAAAABAkCAUCAAAAAAAAAAAAAAAAABAkCAUCAAAAAAA0BOXy93UbBqs1kwtZpfbPVitwZ/X6x3uLvSZ1+utb2ga7l7g9uJwOC8XX+3rXbdIXX3jYDXF6BeUmk0tdodjuHsBAAAAAAA6Ug93BwAAAAAAwJdYRWX1hcLisorKtjabx+NRKBQGg8EYFRkfFzN2zMi42OgPPtljsVifeGTjcPe0n6pr6t7ett3r9Y5MTd64YU2/2ykrr7pQeLnk2nWbzf7YQ/fHxhgHtZtdK71eUXChqKy80uFweDweIYRarYoID58wPm3q5HSDQd+/Zu12x+Fjp66XVVgsVqVSERERu95DvAAAIABJREFUPio1ZfHCLJWy6/8+tbbZjp/MuV5eYbPZhRCREeGzpk+ZmD52ENvfe+BoRWWV3e4QQmi1mlEjU1ctX6TVavp3gEPG2mb7y9/fdrvdkZHhTz22ebi7g1viSknp9l37n3hkozEqsuctG5tMhUVXLl0uaW42CSG+++2nA7mrM5fLvXvv4e4ysgqlMjREm5yYkJycGBFu6KEdt8fzf//6pt3uCAnR/sPTjyi7uQB7NSyjXwc1tfWnsvO6u1epUoYZDKnJI5KTR4RotUPbtS+r8orqwqIrxSXX2tps992zavSo1OHuEQAAAAAAuAmhQAAAAAAA0B/lFVW7931uNrfKaxQKhVqtam42NTebrl67/sXpM9L60NDQ4evmQBVcKJKyNdfLKlwul1rdn+9SXvrLmzab7Rb0rluVVbW79x0ymczSTY1GHR0dZbc7zObWxqbmk6dyT57KnZyRvvyOeX09onMXivYdPCrnjTwe0djY3NjYfKGwaOOGtQnxsR22v1x8dcfuA0KI0NCQ9PFjLda2KyXXdu09dCo37+EHNqjVqgG2f+lyyad7DvqvcTicl4tLSq6WPv345n4HH4fGpaISt9sthDCZzLV1DfFxMcPdIwy+Y1/keL3eo8ez77nrzh4227H74OXikr7e1Q2vUqksr6yyWKzdbVFwvlAIoVQqp2ZOWrxgdpfjQFlZhRS0tdsdV0pKx48b05c++Az96NclpVLp8Xqvl5W7XN2WKsw9WyCNVAvmzp42ZeLQdvBL5vf/+zf/1KlS2XEkHzibTfTw2aGy0m00KnU6xaDv93ZQXOwcN+52D7UDAAAAAG5/qkhj8nD3AQAC8t1/fGa4uwAAAADA5/gXuZ/tP+JwOKQs4OKFc5YvWbDsjnlzZk+fOT0zMSGhvLLa6XRKGysUijmzpw13l/vJYXcUl5QKIXS60Dmzp/evkcxJE4zGqJKr16Wb06ZM0ut1g9rNm+SePbdzzwG73REWZli7cumKZYvmz505LXPSzOmZ8+fMnDhhnFarraisrqtrKDh/acL4tJCQQCtjlVdUb9+1T1pWqVT+oRC3211YVDJzRqZ/ObGr18o++XSfEEKqhDcubVT6+LTU5KQLhZfb2mzFJdemT8kYSPuVVbUfbd8jhBiZmjw5Iz0uNqaxqVmK2Xm93rKKqqmZt3WyR6VSStkshUKx9I75SkVwBly+ypqaTSe+yBVCNDY1z5o+RaXqNjs1Lm3U3KwZVquttq5eWjN/zsxe7+qSUqkcP270rBlTrl4rk3OBo0ambL7/7knp4+LjYvR6fXOzyePxeL3e6pq6gvOXMjPSO+cCtVptzpkCaXnZkgUaTX8i0UM8+nXHoNdNnJA2e+bU7NwCeWBZvHDOmhV3pI0ZFRNtDAkJaWxskuosXi0tq6yqzZg4buj7+WUxa0bmqJEpFwovSzenTE6PCA8b3F0kJ1ft3dvmdnvHjFGHhnYcG7/znaannmpuaHClpqrj4gY/kjiMTp60TZvWkJtrmzBBnZRETQf0TspdB1jLtbzclZ/vGDmSUwsAAAD4SiAUCOBLg1AgAAAAcJs4dORkdm6+tBwaGvrYQ/enjU7VhYZIa9QqVbQxcvq0yVXVdaYWsxR4mpvVzzjdsIuLjU5MiI82Rq1ZsaR/ZQKlQn3xcTGnc/KlMErgsRiPx/vKG9tSkhMNAcdojp3IOf5FjhBi5vTM+9evMRojVSqV3e6orql1uT2hoSE6XWhKUmJyYkJ5ZbXFYs0/Vzhp4vhAcoEej/fVre97vd4xo0du2bhu0fzZ8+fMjDZGlVwrk47L4/FY22xjx4yUtne53W+997E0bfGWTffIRfsiIsKamlsaGpra2mwatSYpMaF/7Qsh3njnI6/X++DGdXNmT0tJGjF6ZHLWrGnlFdUt5lYhhMXaNnf2DEXASbvd+z5vbjbJ/RkCBoN+zKhUvV63ZuVS+QoaXEN2UM0m82tvfTBrxpRbvaPbZL8B2n/ohBQ1k4xMTepuS4VCoVQoYmKMZ/LOS2vk5F8Pd/WstdVaXlktLc+dPT0laYTBoE+Ijx07ZmTm5IlFxSUOh1MI4XK5qmvqJk8a3+HhGo0mfXxaiDZkxfKF/Y58DeXo1yulQlF8tVQOSq5bu1ynC42ICEtKTJgwbsyo1JTCoitSP00tZo1GM5SjwZeLSqWKiAjLOVMgjfBTJk8MD+tpKup++PWvWwsKPB9/bL90yf7ggx0b37/fdvSo68QJ12uvWV94ITyYAtVPPdVYUuIpKvL8+c9tc+eqxo+nZCB68frrrd/4RtPs2ZpeU6R2u1izpu5nP7OOGCFmz74lnzoAAAAA3Fb4fyAAAAAAANAHdfWNcjAlNDT0mScf7DIqp1IqN25Y8+H2z66VlkmhgS+v0aNSRo9KGXg7KpVSKmIXuF17D5lMLYE/6nLx1VM5ZxUKxcObN8THxXi93gOHT1woLJJnzFQqlZkZ6Qa97sSp3O9+++k9+45cKCza+u5HX39iS+eZfDsoKi5xu91Zs6Ytmj9bXpk+Pi02xvja1g+km6XXy+S7cs+eczpdQgijMTLaGOXf1LysGZeKrgghTp7OnT1zSv/av15WabPZ7rtnVeKIeP/G77tn9f+8/Hdp2dTSYoyKDOSpu3jpysXCy1mzhrqk5YiEuBEJcbeo8SE7KI/H++4HO6zWtlu9o9tkvwFyuVzFV67KN8/knfM/t7uk637C1B7u6o5//K5DaEqvC31k870v//VN6WZ5RZXd7ugcDo42Ri2cP6uv++1sCEa/APk/jYqbn5WkxPjlSxbsPXBEupmdmz/7dg2b3ibkuq3KAGuU9YVWK4QQ8fGKF1+M7nyv5kZSbseOaP9E4LZtlp07bX/9a8wt6NFQOHLEtnevS1r+9383rFyp77DBlSvOl15q/dnPjH0fD3ALXbvm0mgUycm9F630ekVjo6e+3i2ESE8fnMSnTidyc92zZzesXKlWq3tKyNbUeHJz3UKIZ581X73q+u//Ng5KBwAAAADctggFAgAAAACAPvh452fy8oqlC3ounnfX6qUv/b83/CeBReDOXSgqulwS+PYul3vX3sNCiBXLFsXHxbRarG+990lrq0UIsXrFHRPGp9ls9sNHT+Wfuyg/ZPWKxWUVFWaz5dCRkyuWLey5/byCiwaDvnOqKSbaOH5c2uXiEiGE2Wzx77+0MHH82A4PiTZGarUah8PpdLrKyqtSUxL70X6LuXVu1ozRo1I7bK9Wq0JCtHa7QwgRGREewDMnGptMu/ceCmTLL5GhPKiduw9YLNbAizJ+2fcboNyz5/1HP5fLff7i5c4F+YaLThcqXylCiPqGxuSkEcPdKZ++jn6B6/lsSfMrRNrWZrsVHQhKt+Ia1OsVQnhjYxVJST0FrVJS2j+EnDxpe+ABkxBi5Mjmn/40qqnJ84c/tHT3AWTGDO2993aM3Akhqqrce/a07d1rKy31VFV5QkPFqFGqiRNV48ap584NmTYt5L33Wp9/3lxdndjc3G37CoXQahUpKarJkzUTJ2oNhoCeH5dLPP+8SVr+5S8N3/9+pBDC/78qamrcq1Y1lJR4cnKcH3wQazT2kny0WLwvv9xy8KAjL8+l1ytmzlQvWRLy9a+Hd/fBzWTyvPJK66FD9spKjxBi8mT1E08Yli7tNn7Y1/ZlTqd4883Wv/zFevRofA+b9bU/HbhcYvPmukuX3G+8ET1jRhflkPvR/0OHbAcPdhwZzGbPX/5i++ADY3Jyt2VNPR6xZ4/1/ffbtm931NZ6hRD//M+6X/7ypkxev49XDgKOGaPuOZjY1ubJzR38GH1Tk+ePfzQ3NLj/+McuIrwAAAAAhhGhQAAAAAAAEKjs3Hw5lWUw6MePG9Pz9iFa7YTxaVJNuO54PF6lsvffyx1Op/ZGaSC73WGz2wPMewWorc2m04XK7XeumOV0OjWanmq6WCxWnS60rwWTutyXVPNPLlgVoKMnst1ud+KI+MyMCUKIj3d8JiUCt2y6R6qlF2bQ3716aUSYIftMvvyojRvW/v2NbQXnCxfMm6XX9fTbc11947I75nd5V2pyohTak7W12UymFmm5yyk4jVGRNbX1Qoics+ekUGCf2hdCSIfZJSnnlBAfG8jL0dRs2vruR71uJnE6nW63J7T7qX69Xq/b7ZHLLrZarEqlsucnVnrU4KZq+nRQgbA7HG1ttqjIiM537Tt4rLjk2mDtyOl0KpRKtUolpeiEQkjLA9xvP8YZl9ttNrdGRUb0+6XJOVsgXYBvb9surTlxKuf2CQUKIbTa9lCgtfsMnFTttYeraVhGP4vF6hUizNBFrqvfQgOYSL2vBrefvb5V3Wp2h0N6cx+U1rZvt5aXuyMiFJ1jWM3NXiFEWZnnnXdaOz+wsNBXQnLnTmt8vFLKmT33nO9N5z/+wzppknrNGn1oqKKgwLl1q8P/sRMmKO+/P6Rzpb26Os/Pf978+9+3Xwjh4WL8eNWuXc5du5xCCCHae2KzeYUQSqVi1y7byZO91LP8h38I/f73I9LSevkt5ne/M0lV3IQQL7xgeeEFS3dbHjrkWrSotqBgRA/X3GeftT32WLOUPxNCCOEtKnK8/bbjb3+zbt0aPW5cx88zR4/a7rqr0WwW8+apHntMV1fn+c//tP797/aHH9a+8kps5xe8r+1LXC7xzjutP/lJa0lJLzWk+9qfzn7+c9OHHzqlsN3Anx8p2PfNbzYXFXXRWlqacvnybhOBO3daf/Qjc36+Wwjx3HOh992nW7gwVKe76Z1lIMcrv7s984yh50mBrVbvL3/Z1mUksX9MJs+LL5r/+78tZrO4+26mugYAAABuO4QCAQAAAABAoM4WXJCXe50HUzIva7oUTfPndDoPHfmivLK6pcXs8XjUalVkZMTYMaMWzJ3ZIX9T39B0Jv9C0eUrISHarz+x5cSpMzln8qVJaZVKZUpy4vq77pSyetU1dTt2H+iwo5SkEWtWLpGWP9z+WUNjk7QcER62+f67pVDF2YKLuWfPCSGe/fojeQUXT54+Y7W26fW6Jx/ZFBKidbndhZeu5Oada2ho+v/+4cnOc+xeKy3fd+iof1YyIT4uNXlEakpSRESY2+3pMhDW0Ni07+CxyqoaqcZSTIxx3Zo7jVG+xFVeQeGBw8fkjbd9tEva76rli/0LWXVwobBICLFh3SohxKXLJbV1DUKImBhjh9l1Fy/MOnexyGbz5R6MUZGzZ07Lzs07d/7SnNk9zTP77W8+3t1dep3vR+iwMIO0UFxSKt8bF9tF5ZiYaKMUCiyvqOpH+z04lZ0n1Qtct/bOXjeuqa1/e9t2eYbrnDMF5y5cEkJkpI+/Y9EcebNrpWXHv8htbGqWzj2FQpGakrR8yXz/uYmvlZafLbh4rbRsUvr4JYvm7D984nJxiVQoTqNRT8vMWLwwq8PePR7PpctXz+Sdq6mtf/5bTykUimulZR/v3Oe/jU4X+o2vPbRn35HCouIOD79r9bLxY0cLId7/eLf8NI4amTJ/zoxADuripSt5BRfqG5qcTqdSqYyMDF+6aG7nyou5Z88fO3lanoE6LMygVqtnTM2YPjVDCLF91wF5hlyv1ytNR6tQKJ58dJMcG2qz2Q9+fqKyqsZsbhVChIaGjBqZsnLZwg4p2/KKqtO5BddKy1avuCMlOWn/oWPXSsuEEPPnzJw3Z0aHXgWyXyHE6Zz8ouKSpmaT0+lSKBTh4WGJI+KX3TFfd3Os02ptyz9XeO7iJbPZ8t1vP325+Oqho1/IA5fRGLnh7pUBzkMtu1ZaZrPZIyMjEkfEj0sbLeUXzWZLZVVNlzHZoSelHuWbMdFRnbcpvV6Rc/Zc6fXytSuXTkzvWPJzWEY/l8u1/9Dxi5eKpYtLoVAYjZF2u2PTvWs7TFPeD9fLKuRlVTdp1ADP58D7WVNbf/yL3OqaOmlYNhj006dkdBiNe3irmpc149CRkx06KQ8OLWbLK6+/K69PThqx6d618s0ABwHpqHfvPVxVXSOlSDUa9fixYwZeBjg5WbV+fbM0TXCH2JOU1jKbxT/9k7nzA8vLfbv+zndaU1J8HxsiIxWRNy7TTz+1b9kS9sILkUKItWtbH3vMlxdMS1OePz+icwYxJ8d+112NckTs978PW7NGN368RqkULpcoLHT87W+tv/tde16wrc0bHa38yU8i//VfI1evrpXn/H377Yhly3QlJc6LF12nTjleftkmhHj5ZdvLL9v27zf2kBu7fNn5gx/4LqU9e4xhYR2zyLW1nvvua5ZvGgyKqip3d2Xhzp1zrF7dJB9yXZ3HfONZPH3avXFjY3Z2gv8Je/q0ffHiRiHEhg2ad9+Nk16LzZv1U6bUb93q8Hjq33ordiDtCyHcbrFtW+tPftLaZaiug772p7Pjx23/9m/dpir70X8hxK5d1u46//zz+i4DmhaL95/+qUk6DSZMUL72mnHu3C5CewM/3r7S6wc6wXZrq/dPf2r52c8s5i4uUAAAAAC3C0KBAAAAAAAgUK2tVnk5wFxLtDFKit/JKiqrP9z+mdPpNBj0M6dlmi2Wa6VlDQ1NDQ1N5y5cuu+e1fFxMUKIq9fKdu09JFexUipVr731QUNDk9yOx+O5Xlbxl1ffeeyh+8MM+tgY45SM9ONf5MgbzJ4xNXNyezG5OxZm7d57uLauQaFQLJo/u6Ky+uDnJ+rqG6V7Q0NDT+fkHz1xWrpptbYdPZFdV99QVV3bw9EdPvqFlNKYPXNaZETYmfzzjY3NJVdLS662R+LuX79m1Mhk/0ddKy0/cvyUfNPr9dbXN7713sdff2KLVqsRQly7Xh4ZGW4y+X5o1Wo1Uiymu5CKEKLZ1GK3O4zGSCntlJt3Xlo/Y+rkzhtnTByfe7bA5XZLNdgmpY/Nzs27VFzScyiwB1XVddJCfJzvd2tTS/uvxLqugkFyzTmn09mP9rtz4eLlYyezNRrN1x7dZAigNFfp9YrwcIP8VKvVKukl0Gjb4wAHDp/IK7igVCqnTclIiIu5VHz16rXr18sq/v7Gtgc3rktKTDj+Re7pnDw5hNfU3PyXV9/xPy6n05V9Jr+iqnrLpnukNbV1DZ8fO1VeUSWnarxeoVCIUSNT5s6efuJUrrRSvnzuXDo/PNzwxekz0vrQ0JCNG9ZKV4oQYsPdKz/eufd6WYVKpbpz6YKLhcW9HtTuvYcvXirWaNSxsTFWa5vJ1NLUZPpw+2cTxo+9e/VSebODn588m39eq9WsWDY/NSWp8FKx1Ddzq1VKldXVN4SGhsoZU61vFwqF8CVaamrr3/twp9PpMhojE0fE19U32Gz2S0VXrpRce3DjPdIh7D147FLRFfkZs9nsb7z9gXztn8rJ6xAKDGS/Fot120e7GpualUrltCmTXC53aVlFS4u5pcV8ufjqquWLJ00cJ5VyfOf9HS1+p+v+Q8f9p9gWQjQ1mV598/377lnd4ULu2bGTOUKIubOnCyEWzJspFzU8cvz0gxvXBd7OrXM6p71iqFar8U+qtdns+w4cvVpa5nZ3WwJtuEa/N975qKnJFG2MWrp4nk4X+kV2nhQPlU+YfvN4vCdPn5VvpqYkdd4mkPO5T/0sOH9p38GjCoUiNsYYEW6orWuwWKzHTmbnny988pGNarW617eqNpt9zcoln+45KLf50APrRyTEScsR4YbHH9746pvbvF5vbGz06hV3yJsFOAhIZVzfeX+70+mKjIyYP2dWRHhYbt65C4WX5Q36XU1z5syQ8vKE6Ghlh6ppQoixY6tLSjwTJigvXepiVuvnnmt86SWbEOLy5bjuitLJFi8OFcIXCrzzTm3nRODp0/Y5cxqk5fh4xSefRPsnt9RqkZmp/e1vo7OyWh9+2NdOW5tv6FYoxLJlIXIocNEiXXy8Kj5eNW+e+NrXxN13W++5x5fku/fepuPHVZmZXdR8s1q9W7Y0SrUJdTrFG29YX301xv9JdTjE6tW+TyMpKYrPPoudNKnbo3a7xYYNjUKIH/5Q98ILkRERSiHE55/bvva1Zqk+X36++8UXTd/9ri9B6XSKJ5/0fbh68UWjnM7MzNT+138Z/uVfLG+/7di40bJpk6F/7Uv272/76CPbL34Rcfy4/Te/6WkG2772pzOTyfPgg03d3du//gshfv3rViHE1q0ROt1NiTqNRnQZ92xp8axYUXf6tFsIsXq1+oMP4vT6Lq6UgR/vsPjjH1saGjxvvRX1P//TumePa7i7AwAAAKBrhAIBAAAAAEBAzK0W/7JA/Zu9t6a2/t0PdgohwsPDvv7Eg9JKr9f7yhvvmUxmq7XtzXc+euZrD4UZ9FFREbOmT8nNOy/lfmw2m81mS04aMSl9nMVizT5TIEWIbDb77r2HN927Vq1Wz82abmoxn79YJDU7bWpGRHj7b6gx0UajMaq2rmFe1oyJE8ZeKy2LiIiQkxY2m+3oidNSyEMqimYw6Az6FIfT6Z9E9FdeUSVlYmZOz1y8YLY0oe2fX3mr7cYsnGNGjxRCREV1nHH1yPFTWq1myaJ5yUkJV6+VHz56UkqKnMk7PzdruhBiw90rhBC/e/Gv0vYbN6yJie5llrfa2nr/zFxzs0la6LK82dTMidU1tUqF71ft2BijEEJO4fRDZXWNtCA9D9LZIi10N6Oof1WtXifB7Nx+Zw2NTXv2H6mpqZOChl9k5y1dPLfX+UznzJ42Z/a0V7e+39jYLAVJpZdA9vHOfSVXS7VazWNb7o+ICBNCTJo47qW/vCmdljt2H/jG1x5KTU50u9w5ZwukC6SqulalUo0flzZ2dGpVTV3ejfqaVdW1Z/LOz5g2WTrkhLhYm80mn4EShUIxb86M/POFFotVCBERES5FKtVq9YK5M69cLa2vb5TCgv7xI7VaZYyKvF5WMWvGlPAwQ68H9eH2z66VlsXGRj+y+V5p2sG8gosHDh8XQhRdvjIqNUmamtnucJzNPy+EWLxgzpTJ6UKIeXNmhIUZ9h444na7hBBqleqpxx6orKp55/0d0mv91GOb/XfU2GTa+u7HQoh7160aMzpVavPVN9+3WKwul/v9j3d/86mHpQ6EhGjlUODho19oNOr4+FjprO48WXOv+3W53K+88Z5UHfCZJ7fo9b64xr6DxwrOF3o8nt37DqvVqvHjxoRoNTOmZlwsuiLtSwiRf+6i0Rg5eeIEjUZ9Jv+CdCl5vd7tu/Z/6xuPBRh+amlpra1rUKlUGRPHSYNPVFSk1FRlVY251RIeQM3LW8fj8ezYffCK3+TLd69eftMWXm9ERPjYtNFFl7ue/H24Rr/CoitNTSYhxP0b1kjP4T1rl0sXaQ/5xUBYLNa3tm2XSyeqVKpVyxd12Cbw8znAfkplETUa9eMPb5LerWrrGra++7HX6zWbWz/97PD6u+50Op09v1XFREeNHzvabLbIaUu9/qY8tDEqIiREa7PZ77tntTyLcYCDgJTwfuPtD4UQ8XExDz2wQdp4bNrIXXsPF17qWL60H7qrddfa6pVmmxVCvPde66JFusTE9i3lTJ7F0nu1QqOx/Y0gJqbjJewfyQoPF7m58d116aGHwqKilHfd1SyEsFo9Qvg2i47u9o1m3Tr9q696nniiRap6+Kc/tf7pT12Uzv3Wtxpzc93h4eLo0Viz2bNoUeOUKabvf9/39u12i2efbTh0yCVVmzt4MC4pqdv/EJAmoi0p8fz1rxFPPRUmr7zjjtBDh2JHjvQlC/fudXz3u767Pvig9cIFjxDigQc0KSk3/WD0xBNh//IvFiHEv/2bWQ6l9bV9yapVulWrdEKIKVM0PYcC+9qfzv7xH5vKy70ZGUqpnQE+P5LTp+2HDrmeeSb0oYfCOrbYlbY274YN9VIiMD5e8frrsV0mAgflePtRstNu771eY89+9CPf+Vlb69mzp2WArQEAAAC4RQZaJBwAAAAAAHxFVPvVzFOrVf2rDPTJp76pUdfftUJeqVAoHnpgg1wI6pOde6U029ys6fP9KoQ9uHHd5vvvnjI5fd6cGc88uSX8RuCvrLxSDkwsXzJf7tixk9kd9i6VsJo5I1MIMXpU6vq77ly8oH021XFjx2zZdM+3vvH4kkXz1qxYMi9rxrw5M+5dt7q7Y9l3yDfHZfr4NGlBqVQumDtL3mDD3SvuXbeyc3oyLjb6m08/kpkxwRgVOXP6ZHl63+obsaR+aGm1CCGSE30VlWw2u7QQEd7Fr9fGqIgHN66Tsh0Sg0HvcvWz0EuzqUWqpzg2bbRcbKy1PRTY9Xmi9ata12zq6efkLtv353A6X33z/de2fiAlAiV5BRf++tq7fZ7d8uazurKqRjpn1q5cKiUCJVMnT5QWpOc5NSVx8cIsua6YWq165skt69YsmzRx3PIl8x/dcp+cTTx64rRUUFB6yPq7V3bZi6yZvpKN/pOZCiEWzZstd8x1cwTq8pWrQojZM6f0elA1tfXStLz+58C0KZNCQ30FHQ9+flxaKC0tlxb8S1RmZkxQq1XybMI376fja7177yEhRMbECVKCSggRotUunp9149mz5Z4tEEKsXLbwmSe3+M/N/cQjmx7ZvOHRLfdlzZq2ZdP6Lp+lHva779AxaaLn+XNnyYlAIcSKZQtjYnwJs937DjudTo1GM3N65ga/FyJr1rQnH9mUNWvq9KkZX3t007ixY6T1TqfTv7Rez46fypVKcsp9m5fVPpQdP5nT/UNvlfOFlw9+fnLHrgN/e/3dP/zpFTkRGBERvuneu0aPSvHfWKcLXbJozt2rl2o0Xf9L+XCNfiVXy6QF/3NyyaI5UhI0kBb8nTx1Zt/BYx/t2Pt//7b1z6+8JScCU1OSnnhkY+dSowGezwH20+VyS5nItSuXyfn1+LiYcWmjpeUrJdcam0y9vlVJ0wTPmpEpX0GnstvrHUp1/mw2e2JigpwIDHwQEELs2fe5tHDf+jX+4/nKZQv7+Hz3jTSTb12dRwjx4x+3JiXVPPJIfXac5uP1AAAgAElEQVS2763N4fCN7aGhvX8U8R8iOn9y+cMfTHJ07IUXDN0lAiVr1+ofeEDjn0rssk1/S5e218rdv7+LepYvvWT++9/tQoj9+2OmTtUuXBj6/POhP/iB5Ve/Mkk1Ah99tP5vf7MLIaZOVR050ksiUAjx7rvWlSvV/ok3SWqq+qc/lYN97bVs33nHF9Fbv75jubvkZNXMmSohxIULnvx8R//a76DXiWv72p9OD2999VX7f/yH4c47u/5ng/71/9e/Ngsh7rknNMD48Y9/3CzlOIUQ27YZ4+K6PeoBHq8QwmLxncAFBc6TJ209/J065buCzOaBzv0t0/delBkAAADAsCEUCAAAAAAAAtLkl9wKCelYuysQ+ecKpaxYWJjBv86ZEEIXGpKZkS4t19TWl1dUScuhN3YUEqL1n7A4JER7z9r2WGHR5avSglqtnjzJV9+o8FKx/xSuZeVVTqcrOWmE1q9GXVxse82eJQvnSNGWmdMnS1OLCiHCDF1MCSdpbvY9IWF+Rb9Gj0qVlxubmrt84OIFc9R+SZHkpERpob6hscvtA8lfStto1B2zAh5vQMVgtFpNn/NzN+zee1gIodGo/QtryZE1haLrb59UfjX8ei7x1WX7/pRK5fSpGbOmT0lOGuFfcbC11XLw85N9OpYOT/SO3QeEEHq9Lm3MSP/1c+dMj4+L0Wg0i+a3Vy6UL4qRqSn+MybHxUbPmeUL+blcbv/SgF1GNoUQU6dMlF5Qj8dz+Up7Obcxo1Plk+H8hSJ5fXVNndXaNjI1OUTbRQaiw0FJz6dOF1pf31hZVSP/GW6c6i6Xu81m9z/xDn5+orauQW5h8qR0/6Rdd8orqmp8BSxj/Hfk/xqVV9bIywaD7zoaNTJFKq4WFxu9aP5s/3qfgWgxt168MbFpVqeU5JKFc+XDPHYjnBfqN6DNnnHTQ9auWiLnuoqKSwLpgNvjkSqo+c96PCl9rJzZunip2DWwsnb9UF5RdTb//OUrV+WaoGPTRq+/a+XTj29OTUns7lHars6oYRz9FDdCads++lSOPkdFRsTEGP1zxgHKOVtQcL7w6rXrVmubtK/JkyY8uuW+Tfeu7Rxn7NP5HEg/j57Iloa+0FCtf4P+o0dFZbW00OtblUKhyMzwhZUvXmqf2FeagFsIMd8vlhr4IFBZVSv1ITlphP7mieDVarV8Svd7+uBebdwYIs2uK4TYutXx/PO+IriLFoW88IKupCQ+Pb3Pr7u/q1dd3/++L8IeHi6+9a3eSyB/5zvhNyoFBmTkyPZkbVGRp8M77SefWJ97zhweLk6ciM7K8g1EP/+5cfFi9Q9+YPnmNxvvvbfu7bcdQoisLNWhQ3Hx8b0kAqVA2w9+0PWBzJrV8elqafF8+KHvk9KUKV1c7zNm+Pr/1luWfrTfV/3oj7/SUtczz7QsXKj+4Q+7KJMs6Uf/r1xxvvuuQwixfn2zWl25alXt73/fIp2WXfriC/tvf+uL+j33XOjixaHdbTnA45U0NPjeUJ56qmX+/MYe/pYt8420NTUDrRQIAAAA4EuB6YMBAAAAAEBAYoztczjKKYc+uXbdV/asyyzUzOmZ8kSrZRXVKck35VQ6Z8sS4mMjIyNMphYhRINfAGXh/NnnLlySlk9l5y+c7ytelXP2nBAia+ZU/0bkfIZWq/EvBee/5+4OR07RmUwtcgWmiHCDXEfNbu+2rIu/xATfnL92e3+eVYmUBqu7EawxGPTS/LPNzaaoyI4zeHbW0tKq7hQoDMS10nKpjN/m+9f5T/MaER4mlZb0dpNKdPjlNTtX5Oq1fX9qlWralEnyTWmKWGk5r+DC8iXz+3FcQoi2Npv0HMbGdJztUa1SPfLgvd09UNkpHzM3a/rJ02ek5fqGpoT42J53rVIqx48bU3S5RAhxOidPqgQmPVY+63LOnpOP+sSpM0II/7KaPZDSWm1tNmnu3S7V1taPGpksx3CdTueb73w0e+a0BfNmqpTKAJ/SSzeiuoeOnOi+M+1zc8tn4NibI5h9VVbuixSrVKrO80ePGpms0ailOoKVVTWdH97hIWqVKjMjXRqa5Emxe3Y2/4LX601IiAu7+cSeMnnSmbxz0tCRe/acHBUdGtOnTh6VmvTJp/vkUygxIW5sWj+f6uEa/VKTE6XAZUND0//7+1srli6SUnGPP3R/P45i/V0rmppb5Fl3vV7v1MyJ/vE7f306nwPpZ8m1Umnh3Q92dtegHMYN4K1KzJ09TZrv2+VyFxZdmThhrC9YXHxVq9WMGpns189AB4G8cxelmyNvVEL1p1J1XTR0UGzdGjFtmjYjQyuEMJl859u77/r+neDZZ6Vknre52RMV1f/CB9u2tV/U3/uePjKy96akSn4jRgT6w0pVVftTNGHCTe8Pn39u27Ched481bZtsf4VCnU6xUcfxWZl1f75z775uBcvVu/YERsREdCR5uUldHeXfIALFvj6f+yYTb53zJguDmrCBLUQdiHEp586fvGLPrffV/3oj8zlEo891mg2i9dei1Z3v/9+9P/FF83+N/fude3d2/qb31j++MfI++7r4gPMT3/a/l80X/96mDQHtMnk6TzT9ECOV1ZV5fuglZ0dM3VqT/+0Y7F4jMZq/3m3vV5hs3l1uluV6wUAAAAwvAgFAgAAAACAgIxIaE8yud1ul8vd1xhZfYMv3xAV2UUFl6jIcK1W43A4pWKBgTQYbYySQoHNJpO8Uq8LTRszSpr1NTevYMG8mQqFwuPxXistU6tV8rSPkoHUN4qOjmpsbBZCnC8sTk4aIa8PCQlxuaxCiISEuEDa8Z9fshu9d9IYFSGEqLoxxXNMtFEKtBUWlfiX75KVXL0+elSqNBek1drmdrv9K34FqNVi/XjnXilb06H0Y1SEL4no8XRdSsc/M9RdKLCH9nuwYtnCyIjwoydOSzebmk3GqG4rBnXk90xX35iMuHPNsL5SKpUhIVrpkBsamgJ4hJg/Z4YUCqyprbe22aQaXYeOtBc+NJlamk3mqMhwh8N5rbRMr9f5l9Ls7qAam3xXSnLSiIXzZnW9/Y1T12DQT5o4Xq66l52bdzb/3NLF86dMTg/kEOSI6gP33d3ddeZfcXCwio3JV4Fe33VxpuSkRGnu1J7nrZbJKbEAw9DZuflCCJPJvO2jXf7r/XNv2bn5QxwKTIiLSRsz8q5VS3fuOSitOXridHxcjH9WLHDDNfplZkw4cSpXqjjrcrl37zt89GT2ujXL5WmI+yQ1JWls2qj6xib5JH/vw51PP/5gl4Uw+3Q+B9LP1larVPV2QzfTiAsh5LErkKtDGgSkqOupnDwpFHj+4mWv1zttSoa8WZ8GAbmCY8/h8ltRKPChh3zZR7dbmM1CCLF8udp/5lyLxbt+fd25c+6PPzbOm9dtJbaeFRS45OXMzICq3CkU4ne/6zo52iV5ymMhxLRp7f2/dMm5ZEnjc8+F/va30Z2LL+/ZYy0paY/Ux8Yqrl1zTZ3adeXOwF286IvjyyXxqqt9ewkPF12GDlNTfX2+erX3AGjn9vtqIP359a9NR464Xn01Ii2tnz97ddf/S5fc4eG+81BWXu69//7m1atbP/ggTq9vvwZKS127dvnaSUtTfvZZ2/e+55tKODxc3HGH5t//PWL27JCBH69MirI/+mjItGkhPaQhhRDh4cqMDOXYsarvfc/3weaXvzS98UbbkSPxnQOLAAAAAIIAH/QBAAAAAEBADAa9fy6hu9kee9DW5iuI0t3UmXq9LxzmH/LrgZzWUt1c3OuOhXN8O3K5z10oEkJculzi9Xonpo/va597kD4uTVq4WHjZKh+ayy3NRDkyNVnVqUpZ/wSSt0hKTFAoFPU3AmeLF2RJC0XFVz2ejrX6TmXnfbxzb3WNLztVVlElhBiV2rdskMvt3vruxx6PZ+ni+WPTRnW4VwopSnWquny4nK9SKpXqroJBPbffs6xZU+XCWnV+8972SuGXQJJDgRZrW5/23iU5LaTWBBRWiDZGRd5I4WTn5AshWsyWsvLK0NAQOVd0OidPLoE5Y9rk7pryP6jaOl/c1uv1JieN6O5PfkXWrLhjYvo4+eEul3vfwaNvvvORy+XqtJ+OTDcidwaDrrsd9SGvGTC5np/b3fW5J8ebAqxmJ28fSDCrrLxKGgFsNltZeaX/n/8UzHa7o9hvYughM2F8WubkifLNj3Z81tLS2o92hnH0e/zh+6P8TpvWVsvb27b752X7avWdiyMjfW8lLpd763ufdBll7uv53HM/XS6XNHewy+Xu4UoMZJ5ufwvm+kJ+DQ1N0iubfaagw6TYfRoEWlp8MagAZ6LvH69XzJlTk5palZ5ePXlyx7+MDN8cygcOuPzXp6VVHzjgqq31zp/f+NZb/TmNhRB5ee1D2ahRg19AobjY+dxz7Z9nvv3t9oh5XJxq+/ao//3fjonAigr3+vV1Dz/sO98WLlQLIT780DltWv2aNbWvvNJaWtr78Nud3FxfWE0qtSiEqK72fR6LjOx6fNPpfNey2dxeXi7w9vuq3/05fdr+wx9aNm/WPv5416U0A9Fd/z/9NK6lJclkGrFnj/HZZ0PD/e7cs8f14x833bxx+2eGkhLPCy9Yams98fEKqc87dzqzshr+z/8xDfB4/T3/fERNTcLrr8f0nAgUQqhU4vz5EZ98Erd0aahUKfNHP7JcuOBZs6bObO7lxQUAAADwZUSlQAAAAAAAEKiwMIPZ7Pvp/eKlKyMCqwUlCwnRSoUATS1dF+gy6HXNzSYhRJghoKp1docv09NhgldjVETiiHipYNiJU7lTJqdLs3ZmzZzSTUv9MWtG5rXr5VXVtR6P5/W3Pthw98qQkJDP9n/u9XpDQ0PW33Xn4O2q9yiSQqFISkyoqKw+nZOfNWtqfFxMxsTxFwovu93ut9/f8fAD6+UtL166cuxk9pTJE6XCch6P58DhE0KIAMu/yd59f4fFYp2bNWPGtIzO9/qnYcytlvBOZQitbb5fzbubrLPn9ns1IiH+elmFEMJojAr8UTclkG7caGjsc/61M2m+WqlgW4APmTNr2t4DR4QQ+ecL71g05/Njp6TQT2RE+Ifb9wghCouKVy5fJJ3bM3sIBfodlEbty0oGWCRPCLF25ZKM9HE79xyQI3S1dQ1vvPPRk49s6mFHQgiVyhdlqKmtvxXhv+72q9f5clTdFfaTz0ZNYAFNucJfD/Ncy46dzBZCzJk1ffrUSZ3vLblWtu/g0Rtb5oy7MTH0UFq5bGFFZVVTk0m6/Le+9/HXn9jS17Kvwzj6hWi1X3t0U3Zu/tET2fIsxmfyzoeGhMwLbAbtjjtQKB68f91fX3tXSumZza3bd+3fcPeKDpv19XzuuZ/yLNVut9vlcql7zfIEJjUlUacLlfL3X2SfzZo1tbnZlJw0wn/u9T4NAvLswE1NgY4Y/aBQiNdfj/7JT0wLFmhjYpQdUuIFBc5f/KJNCPH00yF33tl+IDk5zt/8ZkCJbadT5Oe3/4vCyJGD+VuJ2ez97LO2554z1db6Xv2f/tRwxx3tFQ2jo5Xr1t00pHi94pVXWp9/vkWqSHf33Zr/+R/jmDHqffvavvUtU1GRZ88e1549LUK0TJigXL5cm5GhTk/XjB+vSUxUhwZQKrGqyv3yyzYhxL/+qz4lxXewcijNv9adP//1VVWuceO6LQHYZft91b/+tLZ6t2xpio9XvPRSH4o4dtBr/yMilKtW6Vat0v3Xf3l+9SuTdFoKIX73O9uGDbYlS3yvQX6+U37Ik0+G/OlP0TqdwuMRubn2p59ulk65f/5ny6JFIQsWhPb1ePV65dy5tSkpyu6275MDB3yfTE6fdj/wQN2uXfG3ouonAOD/Z+/Oo6us7/yBf7NBQgiQBMK+CyIKKoLiAoKCqHWp2p+109ba5Ve1ttPpMu10OtP5Tc9pZ6ad7uPUo7R1qS3uCyouqCAqCAquiOxL2EIgkJD9Jvn98cSbkI0Esdinr9fxeJ5773Of+3227805983nAwDHkFAgAAAA0FnTz5qSbD35+pvvnH7axM6kZJLy8/LKyspDCCUl+9tcIRny69+vb5srtJAsYtS6t+y555wx7/75IYTy8op16zftLiru3Tun4waIXZWRkXHNJy697+EFhYU7Kioq/3zfo1G+ZPy4MbPOO+doFcrqfGfG8849664/P/ji0hVjjhvRp3evWeedU5uoW7d+4+7de3479+6hgwdmZnbftn3n/v0HBg4omDXz7OhdCxe9XFVVlZ+f26X+m489+fzuouIJJ44764xJba4woH+/tLS0KGRTVFTcOhS4q6ixDt+oEcOOYPuHFYVsUlJS2gsdtqPpWCfTewcOlBXt2dtm/+ING7cUFPRtvXetVVU1VlPr17lrO4QwftyYZxe9VF9fX1tbu3rNunXrN2ZkpE88aVxKSkrUjDiRqHtu8dLq6pqRI4Z1GCpq2ql+/RqPRkVFZXs7tXdfydur1557zhmVlVX7SvYPHjRg+LDBN37pM8tWvL5s+cponZKSA6vXrBs/rqPSm316947u95Wvvx11Mm1t6SsrR44Y2tV4cccG9O+7es3aKPFWXl7Reo6qej/k16tzjaH3H2icZw4bBSstOxhlkadMntgto43ozIQTj1/84iu1tbUhhH0l+4v3lvTNz+3cbh1Nn7zykrl3zIvyXpWVVQ88suCTV13SpS0cq9mveG9JWlpabp9ekydNPGn88c88/9L6DZuil5YuXzl50oQjS9dlZ/f4+CUXPPBIY7vnjZu2LH/tjRb9nbt0PXdmnBkZ6VFW+NWVb7UZZ0wk6p5/Yek5Z03JymzVXLZ9k0+dsOTlFSGEd99bHxVqPWPyKc1X6NIkkJWVGXWi37p9x9mh3V7DH7z39/HHZ9xzT+PcWFJSn5vbdAllZVWEUBlC+PjHs5qn6OrqDkbP//GPvT75ySMpDldUdEjR4r59uxaNbdMJJ+weODB158765q1mZ89O/8Y3el50UUd/L23cmLjhhn3PPJOIes7+7Ge9Pv7xxvVnzcp6882s224r/c1vKtaurQ8hrF1bv3ZtVfO35+SEgQNThw9PfeCBfjk5bZ+OH/7wQAhh/PjU73ynaSp7/6spZGa2/a7mt1RtbZurdLT9rjqy8XzzmyUbN9Y/91zeB+mB2/nx5+am/vjHudOnd7/oosa/Zm++uSwZCkz2pB4/PvX3v8+Pbo7U1DB5cvd77sk74YTGP35uvPHAG29kdnV/Bw1K+9GPcm69tWLy5Izmt0nk1VdrHnigNkqUnnPO4ZtNz57dNLfk5KTU14fDd3QHAAD+qggFAgAAAJ01dsyoFSvfTDbBfPq5F6+49IKO31Jf3/DyK6+dduqErMzuA/r327xlWwihpqZ2x87dUaW65qLwQQhh8KCWL7UpOZKxx41s8dLAAQV9+vSO6g4+9uRzIYRTJrRbSu2IrV23sbBwx5DBA2dOP7O2trZP715ZWZ0o19NFde10W26hb37umONGrVu/8YFHnvzitVenpaZecuHM9RtGLl2xav/+A+s2bEpJSenZs8ecWdOTWa7tO3a9s/q9EMJFs2d0fjyLlryybv3GsWNGJZOFzS15aUVFZdWcWdNOnjB+5etvhRA2bNrauv/v/v2NdadOHD/2yLbf8SCj9tZt5l06UNes2XH/gqb03lPPvvDZa65osfLGTVsffWLhJ6+65LChwAOlZVEAq0ePrF45naqCGUJITU0ZN3b06jXrQghPLXwhhDBl0slR+Obkk8Yvf+31EMIbb60OIZzZYYG05jvVK6cpOvPkwsXXfurKFitXVlb9+b75UTfVLVu3P7v4pZu+fG0U+jnz9FOPGzV83v2PRvuycXNhi1Bgw6G9B/v1zdtWuCOqrNbm/f7yKytfWbFq+LAhnTwg7Wnxuc0/6LVVb08/5/QW6ydDfgP6dyoIu2Xb9mjhpBNaXqstvPjyqyGEoUMGtZkIjJx68onLX309Wl7y8orDTqEfhqyszCsvu/DeBx+PHu7YuXvxi8vPbXWgOnZMZr9lK16vra2NDlpmZvdLLzpv9Zp10d0RQti0pXDM4YovNjS03SJz2NBBZ0w59ZUVq6KHLy19tX+/vsOHNTVV79L13Jlx5vTsua9kf1TS77RTT8podc3c8+BjxcX7Zk4/s3OHqtEpE0+MahPW1dWtXrOue/duzfeiq5NAXm6f6Ht5166iNiO2R92OHXXjxu0uLR2UfGbt2sbk19Chh/yWkSyxtmxZzf/8z+777svvanW6/v0PCUDt2lU3ePAHjURNnJjes2cYPjx1wIC0oUNThwxJnzUrc8yYdieEEMKqVTW//nXZ7bdXhxAmTUr73vd6fvzj2S3Srd27h69+tddNN/V65ZWq3/++4rbbqlpspKws9OsXrroqKyur7WzZypXVt9xSlZMTHn00v2fPpnWGDGnc5aqqtm+Nysqm5zuI3LW3/a46gvE8+GDFbbdVffe7WTNnHvkUdATjv/DCHrfeWvflL5eFEJYuberpnOzDO2dOtxZx2XHjMn70o+zvf788hPDmm3W7d9cdwf5ee23P9lokf/3r+0KoDSH8+Me9J048fCgQAACIvaP2rzYBAACAvwWXXtTUVHHzlm1LXlrRwcqlZQd/d+c9K157Y8uWwqjjZNr7RUiWv/Zm65Wjpoc5OdmjRrasHldf3zIYt+a9DVHBrXHHH9dmUmH6WYdkXCae1FF73HaCIqG+WaCq+XIIoXD7zsefej4rK/P/XHFx3/zcgQMKOs7EJMMoLbaTfNgirZLsL3ngQFnonIsvmNG7d05padncO+4p2V8aQjhu9IjPXnPF12647ms3XPcPN33hS5+7JhnkenXVW1EqaPZ50zpfTu/VlW+ueuPtkSOGfWzOzNavrlm74dVVb44aMSSEMPX0xvJUa9dvbLHa7qLiaGdHDB/aIlHX+e2HEBJ1dW1GfHbt3lNaWpaSknLJRZ1qY5qM4xwobTrU2dk9ct5PzxQX77v3wcebn7jNWwoffWLhqJHDW2eDEq1CnEtefjVaOK+L+Z4zpjSl/VJTUyefNjFantysEXbPntnN84sd71QI4bjRjQnavXtLnnhqUX190wFM1NXdfe8jtbW1M6c1jrOmpnZPcVP35H59886f0ZjUzHg/tNKtW2PyoO7Q0zHplJOSyw88siAqoZe05r0Nr6xYlZfbZ9DATiXzKquqX1z66tLlq6IW5B18br++ecnr+e1332u9qSiaHEI4Z2oblc9anL6KisqoD3V2do9xx7ddHy5SXVPz3roNUd/nDlabMmli85FUVHyg/qcdS3Z8DiHUJhLNXxo8aMBZUycnH658/a116ze13kLymv/ozH7bCnc0v2jHjxuTvKQTtYlwODU1zY7JoXXPzjpjUvOCqQ8/9nRp6cHkw65ez4cd55T3b+f6+vq75j1cUXlIzGvBM4uLiopPmTi+RWfn9r6qktLT05IfFEI4eUIb7dc7PwmcOrEpTP/E04uab6Sisip5gTU/UB3bV7L/medefOfdde2lM5ctqy4rCwcPNr363nuNp7VFe9+dOxsvnq9/PaeiIowfX7RwYdfupvT0MGlS0+HduLHDOnidc889+U8+WfD00wV33pn/ox/l3nhjTnuJwEQiPPpoxfTpRZMmFUeJwL/7u24vvljwiU+0TAQmpaSEqVMzx41rHPOcOemXXtq08Ucfzbv++pw237tvX/3ll+8LITz9dN7o0YeMZ+jQxq1VVLR9RsrKmu7ZvLy2Q5MdbL+rujqe7dvrrrtu/8SJaf/+70dedfWIx/+5z+UMGZISQigsbCgubhxY//6NScDc3DYO19SpTVm9DRtqj8rxjyQSYd686hDC2LGpHScCN21K/Md/HGhvMrn77oPf/Oa+1v89/fSH+G0FAAB8SFQKBAAAALqgV6+es2aes/D5F6OHr656c9PWbVdf8bHMQ/sbJurq3njr3SUvLW9oaJh93rQoTNMtI2P2zHOeXLg4hLBp89Z16zeNaVbh7+Vlr0ULl1zYRpCrpqb21ZVvTn4/T1NaVr5w0UtRAbMZ06a2OdTRo4ZlZWVGQcNhQwe32VYy2dS1tp2ueM0jO+UVFd26NTWVe+6FpVFRpXsffDw3t0+PrMz09PT09LTsrKw+fXr165ffoodmVF8thFB+aAwo+bD20ERLdnZW1K3yzXfeGzVyWOH2nfMXPPuFz17dvXu7v/WmpqZ8+uqP333vIwcOlN7+x/vOmjr5jMmN+aTmyZKD5RUPPvrk3r0lIYRpZ51+Uqtafe158+01UWPKHTt3/e9tdzV/qaGhobY20dDQkJ6eFp3W7t26nTLxxNfffKe2NvHSstfObhbAmr9gYXTuWhTB6tL231699pnnloQQRo4Ydv6Ms5LhwtKygw/NfzqEMOf86c1rYnUgPzd39+49UTvg+hlnVVZW/fn++edNP/Oyi2fdfc/D0Trbd+y6+dY7B/QvyMrM3LuvZF/J/rS0tItmn9t6a5u3bNtdVJwM6m3eUrhu/cYQQu/eOWNalbTsWJ/eOXl5ffbt2x9COGXi+OQV1b17tyGDBxZu3xl1C+3STs2cPjXZyfS9dRu2Fm4fM3pk3/zcvfv2v736vbq6uhPGjRkyeEByOwueWfTZa65ItgdNXqXDhzWW8srLbbop3l69dsKJxy9/7Y01azdc+6krjxs9MvqsRKJu3v3zhw8bMnTwwBDCug2bdhcVp6amXn5JU528ZNqvzRTsPQ/MLyk5ENXtu+aqSzr+3Ms+Nvt3d9wTpeKeWvjCnFnTk2uu27A5utnPmHJqjx5ZrT/osQXPXn3lx6Ll+vr6h+Y/FS3PnnlOh+cqPPv8y9HCsKGDOlitW7eM5DkNITy/ZFnz/OvB96ulhhCqqqqbz6sdvNSekv0Hksv7Sg60ePWMySdv3bY9uoqiiqqf+j+XtWjlnHg/Sthi1jpWs1+UAV3y8vJzzzmj9TeYMxkAACAASURBVCBbp8lbKztY3vyYtAiUX3X5hbf+4c/RpVhfX3/3vY9c95lPRN17c3pmd+l6Puw4x48bs/jF5dF30IEDpXNvnzd61IhBAwoqq6reXv1eeXlFTk7PaWdNid5y2K+q5s46Y9K696PYbc4PnZ8ERo8alrxcC7fvfOCRJ2efN61XTnbx3pInn2nKCL70ymuVVdXDhgzsuJRgIpG4808PNjQ0vL36vfKKijbjs7ffXh5C2Lu3rmfPxq/s119PRO1xWzRL3bGj8aIaPjzjrrtyTz65ePbskltuSVx/fafagkcmTkxfubJxO+vXJ6YdpgTt0VFaWn/XXQf/8z/LCwsbzj47/de/7nnXXZUrVtT96U81f/rTzs5v56mnEvfd1/vBB7PfequmoaHhxBPb/tugtjZcc01xYWHDI4/0mTq1ZXg3WanuwIH2QmkN76+Z0mYJ1I6331VdHc/NN5eWlYVNm+pmzy5qsWZ05YQQrr9+f//+qSGEL3yhx3XXtfyr4IOMv1u3MHNmt7vuqg4hHDhQ17dvaghh3Lj0qA108zxf0gknNJ2m3bvrP/jxT3rhhcqiooYQwhe+0MZXW9KOHXWzZhVv3FhfXFz/s5+1kaR87LGqefNqWj+fk5N6wQUdbRkAAPgIEgoEAAAAumbCicfn9Mx+5PFnoiJPe/eW/HbuH3v1yhnQvyC3T6+amprivSWF23c2NDSkpKRccemcEcOb2oOeMO647Tt3v/XOmiiDMuf86WPHjEpNTVn+6hvvvrc+hDDtrCktUilJS15esXvP3tEjhpUcKH115RuJRF1aWtonr7okq/1wzJmnn/bc4pdaVOdKqqiofPmVlcmHTy184Ywpp/Tp3Sv5TH19/cuvvJZ8uHT5qotmn5tMRyVjLtt37Nq+Y1eLjaekpEw/+/Rkcak33lqTLIy08o23x44ZGTUYrampXfXGO9HzDQ0N77y77sQTGiv59c3Pj2IxmzZv/eXNv29oaBg7ZnQHicBI9+7drvv0JxY8s3jtug0vL3t1+aur8nL7DBzQf0D/vhWVVTt2FhXtKS4rOxhCyMhIv+TC85ufnY6teW/Ds4teipabVyBr4YTjm1rKzpw+NYTw+pvvLH/19USibsqkCXv37X/l1dej/bri0jl9ejelN7q6/eK9JdHCps1b596+dcTwof0L+u4p3rd5y7b09LTLPza7MwmhyKCBBavXrI2SN7/63z+EEHJyeg4dMjAjI+OsqZNfXtZY5y+RqEsmqNLS0q64dE63bm3/RH/vg4+dNH7ckEH9t2zbEV3tOTk9P331xzs5nubOOO2UBc8sCiGcefqk5s9PnXLq/dt3pqSkTDhpXFd3aub0M59/YWm0WmVl1Ztvv5t818ABBRc2i9BFN/if7nv0Y3Nm9unda/uOXdEtk5+fO25sY9m81NTU7t27Rads4fMvPrvopSgKHEKYPfPs3UVF0ekOIWzZWrhla2Fyy1dedmF0ATQ0NGzctLX0/YqGb77z7pDBA4YPH9I8WFbyfqatqKj4sJ/bK6fnhbNnRKGl1WvWZWZ2nzJpYo8eWZu3FD624NmoRGV7PZe379g17/75Jxw/pqGh/rXX345Gdf6Ms0eOGNreOSotO/jc4qWbNm+NHi5bvurUU07s3q3tW3VfyYHkAYma8PbKyTntlBN79MhKJBKLlixLvrRsxeszpjVGyjp4qU1VVdUbN21ds3ZD8pm33lkzoKDviBFDm0+YV1x6wW23z6uqqo4e/vm+R6edffqJ48ZEZf/WvLchmdV7a/WaiSeNS84/x3b2W/n62/X1DVNPP7V7t25r122MSj+ePGF8x9NjadnBt95572CzUOBTzy6ec/65AwcUJDPTGRkZV195yR/nPfT+Yaz6/Z33XHDetJEjh6WnpXXyek467DivuPSCex98PGqRXFdXt3bdhrXrGk9Z9+7dPn315VHFxMN+VbWQl9s7L7fPvpL9QwYPbPOY9Mzu0flJ4PKPzb77noejoOTWbdt/d8e81hssKip++tkXLp4zs+P2zTt37UleCRs3bW0dCly+vHr+/NoQQu/eqe9vuS4K7U2d2vKHjO3b60MIBQUpGRlh4sRuN96Y+dvfVt1wQ1lFRf03vtE7dM6ECekhNF7/jz9e+fnPdypH/gHddlvZI49Uf+972Zdd1iNqebxsWc2KFXUhhIce6pNcrays/tprS0MIZ5+d/u1vNw1sw4bab3+7POo1fMop3dLTw6mndnTl33jj3meeSdxxR6/LLmsjspnsuVxWFvburc/Pb9laau/exmTbnDltf0rH2++qro4nKu1aVhaWLGm3UOjatfVr19aHEGbObGOdDzj+QYMaRzh8eOPfA2PHNu7Ctm0tywaHEAYObPoXGtnZKR/8+CfddVdjcPznP694/PHqqAxrXV1DdIii/ycSYdOmurKyaLXKgoLU73635c1y0kkZ06a1EWccOdKPiQAA8NcnZeio0zuxGsCxt3XDK8d6CAAAQJNEIrHk5VffXr0mmQ5pLj09bdIpE86YfHKb9fk2bymcv2BhizdmZGRcedmFLXqJrnlvQ5SIyshIH9C/YFvhjuRLvXv3ah3CaKG8vOLWP/w5IyPjq9df2+Klp59d8s67a1u/ZdIpE8495/QQwnOLl77x1urWK5x37tknTxgXQthTvG/e/Y+2uftJU6eceuYZk/73trtap9wunHVuXX19VOuuufz83Gs/dWXUL/V3d8xLhnKSA+ukfSX7n1u8NEpntnipR4+siSeOO2PKKampLX9+7sAv/ud3nVnti5+7pldOy47AK1a+lax0FULIy+1z0QUzCvrlf5DtJxJ1t999X/N8VUpKSo8eWePGjD7nrCmpqSmd2VrS3fc+kkybDRxQ8IkrLk5/v9X1jp1Fjz7xTGWz5p75+blXXXZhi5pYjz35fFSdKy+vT01NbTJ7lJKSMnTIoMsvmZ3cYJt7/fWvfKHNMTc0NPzmljuOHzNqzqFZvRDCb+fePXTIoEsubKPP8mF3avOWbfMXPNv86k1JSTn3nKmnntzUbDS6+zIy0ltUcTvh+OPOm3FWt2Y1i7YV7rz/4SeS27ns4lnJRGZdff2DjzyZDFNG+vXNu/ySC6LijolE4je33NF68CkpKX9/4+eTx+S+h56INjLmuFHJXe7gc6O+yfc99EQUgY1WiO6FmdPPPGXiIT1VE4m639xye7Q84cRxUY4zkpnZ/YLzpo0eNby9gxxCuP3u+0ta1eH7xle/2HrN3991b5t1EHNysseMHrXy9bdav3TeuWfvP1Da3kvRXNRCZVX1LXP/2N5o/+7qy5v3m95Xsv+Oux9ovkJGRsZFs2c8+sQzrd87etSIyy4+/xjOfo89+fymzVvq6uqbT2upqalnnXFashtvm5KFRVtLSUn5h5u+0PyZt955L1kNNzJs6OCrLr+wM9dzpPPjLC09eM+DjzWPKoYQThg3ZtbMs6O79bBfVW1au27j4089/4mPXzx0yMD21unMJBCpqam9/5EFUeXRSE5O9qwZ5zzx9PPV1TVDBg+cdPJJo0cdPoTd0NBw8613Rqd1zqzpyV72kcLCxGmn7SkqasjJCaWljeU25807+KlPlYYQ/vEfs37yk0OqmvXqtaOsLEyblv7CCwUhhF276gYO3B29tGhR3rnnNpV8Kytr6NWr8ZR973tZP/5x03b27asfMWJX2fs35ZIleeec0+Vad7feWnb99WXv70X/wYM76vHaps9+du8f/1gdQmhoaKozundvfd++u0IIX/lK5s035yWfX7WqZtKk4hDCD3+Y/a//epj44w9/eODf/q38F7/o+Q//0HaKtK4ujB27a+PG+hDC0qV5rUvlXX31nvvuqw0h3HVXr898pmVo8rDbb2379rohQxrPVPP9PbLx3Hffwfnzq9v8oJdeqo22M21a+ogRaSGEK67IuuKKQ764j2D8LXzqU8Xz5tV87GMZjz3W+A9ann66cs6ckhDCqFGpGzYMaP2W/v13RiX9tm4tGDQo/YMc/6Tk9T9xYtpXv9pRuvHLX268VgsKUn7965xPfvKDBmHvuefgNdeUhhCaHwQAAOAjQigQ+KshFAgAAB9Ne4r3bS3ccfBgeXl5ZVZWZt/83L75uQP690tW1GvP3n0lhdt37d23v1/fvKFDBrZZ9ygZCszMzLzxS58u2X9gd1FxZvfuQ4cOSutEoG3VG6sXLVl6ysQTo5J1R9fGTVsfefyZUSOHTzr5xH0l+8srKmtqamsTidqa2sqqqt1Fe6qra3r3zolaXh6xHTt319XVDxxY0GakrDN27d6z/0DpwfKKjPT0nJ7Z/Qv6dtzh8UNSXV2zc1dRWlpaQb/8w9Y77LzS0oOlZWUhhL75eZ1pqNqBkv0H9u8vHTCgoM3ak9U1Nbt27UlNTR00qH+b114yFHjcqBGXXnz+rt179u7bn5/Xp73Kl5FkKLDNDFlkx87d+Xm5rQ9a0Z692T2yOj6bHe9UaVn51m3b6+vrBw4o6Nc3r8WrdfX11dU1PbIyq2tq9uzZV11d3bNndn5ebvNW1EmJurqdO4vS0tJa5HqTm9q5c/fuPXvz+vQeOKDgyM7U5i2FKSkpw4cN7vznRsngbYU7d+7ek9Ozx9Ahgwr65beempqHAm/68rWJRGLnrqK6urphQwd/wIsqro7V7FddXZOampKRkXGwvKK4eG9DQ+jdOye3T+/Dft0cXYe9nrs6zuqamm3bdpSWlQ/o37egoO8Rz/bNFW7fOWRwu4nApI4ngebq6xt27S6qrU0MGliQkZERQtiydfvAgQXdOu5peqhEom79hs39+uXl5x2S8Csvb5g+vSgqCnjddd3/8IfGyHgyLTd/fp9LLmma65LBsuYrf+lLe3/3u+qotN6LLzZNCB2EAkMId9558HOfK42Wp0xJW7as/2H/uFiwoGLkyIxx4xp3/IOHAq+9dm/UgvbohgJvuaXsxhvL2ltt7tyykpL6f/zH3snx//Sn2d/+dss1kwm24uIBLerYdXL7LZ7vOBTY/Hh2dTwtfPe7JT/5SWUI4fnn82bMaCPreWTjby6RCCNH7iwsbPj1r3t+7Wu9kk+efPKu1avrQwivv9735JMP+e6urg6ZmTuijtgHDgxKSTk6+7tsWdX3v1/au3fK17+e0zwR20J5eUPPno33wqZNBSNGHIXif0KBAADwUabiNwAAAPCB9Oub13GSoD35ebktYgGHldund26fzrYFDCGsWPlGCOGMKad0fXSHsXnLtkcefyYtLe3Si85PTU1psxrTvQ8+vnNX0Qf8oEED+3/ALQzo36/jXNpfRvfu3TrfqrjzevXq2avX0Wn42PHV1b1btxZxtI516bB3HGlq7xpoUWqxTR3vVK+c7JPGj23v1bTU1B5ZmdG+DxncRrmj5tLT0jqoSZaWmjpk8MDORJQ60Ob10/HnhhCys3uMO370uONHd/6DevTI6rg04N+4Yzj7JaOxPbN79DwW4ebIYa/nro6ze7dux3XYePcIdPJ263gSaC41NaXFGenSlBhJT09r82b8l38piRKBIYSvfKVxSt+yJRElAkMI556b1Xz9d99tLD85alTTDxzXXZcdhQLffPOQ4qZVVQ1tLkc+85mec+dWRM1nV6you+mmfb/4RV5mO6mqRCL8y7+U/Nd/Vf7oR9n//M+NU2tZWVOv1crK+hCOPNP50EMVyW+D0tLGzW7YkHj44YrkOhs21HZmU/fdd/DGG8v+6Z+y2ky8LV5c9X//b9mSJXnREfj2t8vKysIf/lD5rW/1bv51tH59bZRI+853slok0jq//RZaVy9u4cjG01WdH399fdi4sbZv37Q+fVp+4ty5ZYWFDVOnpt1wQ9M/a0lPD7/6Ve/Zs0tCCHffXd4iFLhwYeOp/MlPcqJdOyr7O3Vq5rPPHr7I5aJFldHC2WenH5VEYAjhcOcTAAA4loQCAQAAgHh659115eUVQ4YMioJNR1FVVfVD85+Oekp20KY2JSWl7xHFJfkbUV/fmPk4iqUT4UNl9uPDUFbWGCz6xS96TpnSWHnxX/+1sSv3d7+blZNzyMX21luNocBx45oSeJMnN37XT5lyyK8ehYVNGcHNm1v2vE5NDbffnjd7dnHUwvWWW6qWL999zz15xx3XsgLismVV3/lO6ZIlieaJwBDCli1N29y+va71GzvvhhuaGpFXVjYek6eeSqxa1cbzHViwoOLqq0tDCM8+W3P66bubv1RXFwoL64uKGsaOTT377MwQQo8eKf/5nz1vuung6tX1d9xx8LrrGkOZDQ3h7/9+f9Rn9hvf6HXE229h796mDGV1dejeqhjrEYynq7o0/iuv3PPII7UhhK99LfPf/q1PMpy3eHHVd75TlpMT/vSn/BblMmfNyrr88oOPPFL7059WXnxxVrJOYSIRfv7zgyGEsWNTv/SlnL/Y/iY99lhVtHDddVmHW7ezkie0vFw8EAAAPnKEAgEAAICProY2F9txoLRs2fJVNTW1I0cMzcrs/uyil0II08+actRHtX7jlmhhX8n+RF1dm60en39hWeH2nbNmnnPUP52PqPer5dS3Xzanprb23TXr++bnDh40IIRQWdn48/zQIV0uuMVR1NBQ32xZrKEjZj8+DLfckv/Zz1aNGJE+fHjjDxaLF1dFHXXHj0/9wQ/6tFj/jTcac35jxzYlqjMzwxVXZCxcWPu97zXGrSorG9asqf3e9/Yn13noodo77zx4wQVZ/funJUuyjRqVvmxZwTXXFD/3XCKEsHJl3Zgxe2bMSD/jjIyxYzNSUsLmzYmHH65+8826EMIf/tArGdvav79+8eKq22+vSm7/+98v/eUvU8aP79ajx5G0tN69u6m+42HbB7dn0aKqiy9u3OUVK1qGIJO+8pUeySPwla/0amgIX/3qwc9/vrSmpuHqq7O3bk3cfvvBBQtqQwhPPpk/YEDTnX4E208qKan/5S/Lkg/vvvvg5z7Xs/Us0qXxdFVXx//uu43r/OY3Vbffvuv//b/skSMzliyp+sUvqmbMSP/tb3NHjmzjV7Z58/p99at7f/e76ssu2/ezn+XMnp1VVlb/05+WPfdcYuzY1Mcfz09Pb/5ZH+L+JtXUhLvvbrxWr7oq+4NvMKpbeeutjdUHFy1KrFxZPWlSq5gnAABw7AgFAgAAAB9du3bviRZqag7fL+/RJxYWF+8LIazfuDl6ZuSIYf0L+h71UQ0bMihaOHCg9Ja5fxwyeFDf/Nx+ffMy0tPLDpZv37F7/cbNdXV1084+fcKJxx/1T+ejqXjfvmihorKyvXUenv/09h27QghnT518+uSTN2/dHj0/9UPocE3n7drdlLA5WF6ucGMHzH58GNLTw7nnNlWVe+216ksvbZxR7703LyPjkHBZVVV48MHGtsLHH3/I3fqnP/WrqqqP2rxu2pQYNaqNHtaf+1xpCKVf/GL3uXObOrD365f67LMFCxZU/Md/HIxaCS9alFi0KBFC43yekxN++MPsG27I6devsVBcm9t/6aXElCl7QwhbtxYMHdrZH1/q6o5mFvmyy/Z1ZrVPf7pn84c33dSroCD1V7+quP76suuvb8ztXX11tx//uPfo0YfUwTuy7RcWJk47bU/UDDfpi18s/eIXSydOTFu1qn/qod1xOz+e9iSzhumHnoeujv/nP+/1qU/tLysLIYSysvCtb5WHECZOTLvjjl6f/WzP1sHHSGZmmDs3/7TTyv77v8u//OWyEBp34TOf6X7zzbm9erXsBfzB9/ew5s+viPbiuuu65+Z+oObLIYSHH6649trGw5J02ml7c3LCpz+d+dvfqhQLAAAfCSlDR51+rMcA0ClbN7xyrIcAAAD8Re0rOXDPA49VVTXWNTntlAmnnnJiTs92q5vc//CCbYU7kg+7dcv44rWfzMz8UGqWvPHWmucWv9Teq9nZPWbPPGfkiKEfxkfzUdPQ0LBl6/aH5j+VfOaiC2aMHD60dbZs3gOP7dzZ2Klw4ICC3UXF9fX1l39s9qiRw/6yQ6ZJVVX1o08sjMKaIYSBA/vPnnl2Xm6flPayHn/zzH58qF57rXrmzL1lZSEnJzz0UO7MmVlpaTvGj08988yMCRMy8vJSb7+9IirpN3Vq2tKl/Y/6AEpK6pctq9q1q76oqC49PYwalTFqVPrYsRlZWR/WnPCJT+x54IHaEEJ9/aDkxHPYSoH//u/ZP/hB73Y3eqTKyxvWrKnJyEgZPTojO/vYT4MfhfFUV4fVq2t2705065YyeHD66NEZ6V2ptrFjR91779X265c6bly3w77xg+9vUVFdXl5aiw8qLa2fMqVo7dr6EMLixXnTp7fR2RkAAIgfoUDgr4ZQIAAA/E15+tkl77y7tvXzx48ZffGcGW2+pbTs4IOPPllSciA1NXXggILLLp71ISUCIwdKy15c+mrh9p1VVdX19fUZGek9emQV9O075bSJH0Z5Qj6y5t5xT1nZwdbPX3TBjHFjRzd/prSs/MlnFhXtKa6tTfTokTVo4IAJ48eOGD7kLzhYDrF+w+b5C55t/Xx2do8vf/5Tx2JEfx3MfnwYEonw058e+Od/bqzE9vDD+VFj1q1bE3fcUf6DH5S3WH/hwtzzz886RoM9mi68sOippxIhhLlzc5Jx5OLiuu9+tzyEMG1a+nXX9Uiu/MYbNb/+dVUI4Vvfyvrv/849dqPmIyrKmJ53XvrUqRnjx2cMGpReVJT45S/Lly2ri/pxv/32AKF3AAD4GyEUCPzVEAoEAAAAgBj4p38q+a//atFsvSGElEMXOtCZdf7qdKaPcHKvY3kEiI/8/JTi4oHHehQAAPA3rStVzgEAAAAAAI6+v9lEYHJ34rRTAAAAHGOpx3oAAAAAAAAAnQzGxSw8d2S7E7ODwIenMxUoAQCAGNI+GPiroX0wAAAAAMRJRUVDjx5/0/m2mTOLxoxJ/+Y3c8aNyzjsylu2JC67bO/Xvtbj85/PSUv7i4wPAACAv05CgcBfDaFAAAAAAAAAAADomPbBAAAAAAAAAAAAEBNCgQAAAAAAAAAAABATQoEAAAAAAAAAAAAQE0KBAAAAAAAAAAAAEBNCgQAAAAAAAAAAABATQoEAAAAAAAAAAAAQE0KBAAAAAAAAAAAAEBNCgQAAAAAAAAAAABATQoEAAAAAAAAAAAAQE0KBAAAAAAAAAAAAEBNCgQAAAAAAAAAAABATQoEAAAAAAAAAAAAQE0KBAAAAAAAAAAAAEBNCgQAAAAAAAAAAABATQoEAAAAAAAAAAAAQE0KBAAAAAAAAAAAAEBNCgQAAAAAAAAAAABATQoEAAAAAAAAAAAAQE0KBAAAAAAAAAAAAEBNCgQAAAAAAAAAAABATQoEAAAAAAAAAAAAQE0KBAAAAAAAAAAAAEBNCgQAAAAAAAAAAABATQoEAAAAAAAAAAAAQE0KBAAAAAAAAAAAAEBNCgQAAAAAAAAAAABATQoEAAAAAAAAAAAAQE0KBAAAAAAAAAAAAEBNCgQAAAAAAAAAAABATQoEAAAAAAAAAAAAQE0KBAAAAAAAAAAAAEBNCgQAAAAAAAAAAABATQoEAAAAAAAAAAAAQE0KBAAAAAAAAAAAAEBNCgQAAAAAAAAAAABATQoEAAAAAAAAAAAAQE0KBAAAAAAAAAAAAEBNCgQAAAAAAAAAAABATQoEAAAAAAAAAAAAQE0KBAAAAAAAAAAAAEBNCgQAAAAAAAAAAABATQoEAAAAAAAAAAAAQE0KBAAAAAAAAAAAAEBNCgQAAAAAAAAAAABATQoEAAAAAAAAAAAAQE0KBAAAAAAAAAAAAEBNCgQAAAAAAAAAAABATQoEAAAAAAAAAAAAQE0KBAAAAAAAAAAAAEBNCgQAAAAAAAAAAABATQoEAAAAAAAAAAAAQE0KBAAAAAAAAAAAAEBNCgQAAAAAAAAAAABATQoEAAAAAAAAAAAAQE0KBAAAAAAAAAAAAEBNCgQAAAAAAAAAAABATQoEAAAAAAAAAAAAQE0KBAAAAAAAAAAAAEBNCgQAAAAAAAAAAABATQoEAAAAAAAAAAAAQE0KBAAAAAAAAAAAAEBNCgQAAAAAAAAAAABATQoEAAAAAAAAAAAAQE0KBAAAAAAAAAAAAEBNCgQAAAAAAAAAAABATQoEAAAAAAAAAAAAQE0KBAAAAAAAAAAAAEBNCgQAAAAAAAAAAABATQoEAAAAAAAAAAAAQE0KBAAAAAAAAAAAAEBNCgQAAAAAAAAAAABATQoEAAAAAAAAAAAAQE0KBAAAAAAAAAAAAEBNCgQAAAAAAAAAAABATQoEAAAAAAAAAAAAQE0KBAAAAAAAAAAAAEBNCgQAAAAAAAAAAABATQoEAAAAAAAAAAAAQE0KBAAAAAAAAAAAAEBNCgQAAAAAAAAAAABATQoEAAAAAAAAAAAAQE0KBAAAAAAAAAAAAEBNCgQAAAAAAAAAAABATQoEAAAAAAAAAAAAQE0KBAAAAAAAAAAAAEBNCgQAAAAAAAAAAABATQoEAAAAAAAAAAAAQE0KBAAAAAAAAAAAAEBNCgQAAAAAAAAAAABATQoEAAAAAAAAAAAAQE0KBAAAAAAAAAAAAEBNCgQAAAAAAAAAAABATQoEAAAAAAAAAAAAQE0KBAAAAAAAAAAAAEBNCgQAAAAAAAAAAABATQoEAAAAAAAAAAAAQE0KBAAAAAAAAAAAAEBNCgQAAAAAAAAAAABATQoEAAAAAAAAAAAAQE0KBAAAAAAAAAAAAEBNCgQAAAAAAAAAAABATQoEAAAAAAAAAAAAQE0KBAAAAAAAAAAAAEBNCgQAAAAAAAAAAABATQoEAAAAAAAAAAAAQE0KBAAAAAAAAAAAAEBNCgQAAAAAAAAAAABATQoEAAAAAAAAAAAAQE0KBAAAAAAAAAAAAEBNCgQAAAAAAAAAAABATQoEAAAAAAAAAAAAQE0KBAAAAAAAAAAAAKsRiqgAAIABJREFUEBNCgQAAAAAAAAAAABATQoEAAAAAAAAAAAAQE0KBAAAAAAAAAAAAEBNCgQAAAAAAAAAAABATQoEAAAAAAAAAAAAQE0KBAAAAAAAAAAAAEBNCgQAAAAAAAAAAABATQoEAAAAAAAAAAAAQE0KBAAAAAAAAAAAAEBNCgQAAAAAAAAAAABATQoEAAAAAAAAAAAAQE0KBAAAAAAAAAAAAEBNCgQAAAAAAAAAAABATQoEAAAAAAAAAAAAQE0KBAAAAAAAAAAAAEBNCgQAAAAAAAAAAABATQoEAAAAAAAAAAAAQE0KBAAAAAAAAAAAAEBNCgQAAAAAAAAAAABATQoEAAAAAAAAAAAAQE0KBAAAAAAAAAAAAEBNCgQAAAAAAAAAAABATQoEAAAAAAAAAAAAQE0KBAAAAAAAAAAAAEBNCgQAAAAAAAAAAABATQoEAAAAAAAAAAAAQE0KBAAAAAAAAAAAAEBNCgQAAAAAAAAAAABATQoEAAAAAAAAAAAAQE0KBAAAAAAAAAAAAEBNCgQAAAAAAAAAAABATQoEAAAAAAAAAAAAQE0KBAAAAAAAAAAAAEBNCgQAAAAAAAAAAABATQoEAAAAAAAAAAAAQE0KBAAAAAAAAAAAAEBNCgQAAAAAAAAAAABATQoEAAAAAAAAAAAAQE0KBAAAAAAAAAAAAEBNCgQAAAAAAAAAAABATQoEAAAAAAAAAAAAQE0KBAAAAAAAAAAAAEBNCgQAAAAAAAAAAABATQoEAAAAAAAAAAAAQE0KBAAAAAAAAAAAAEBNCgQAAAAAAAAAAABATQoEAAAAAAAAAAAAQE0KBAAAAAAAAAAAAEBNCgQAAAAAAAAAAABATQoEAAAAAAAAAAAAQE0KBAAAAAAAAAAAAEBNCgQAAAAAAAAAAABATQoEAAAAAAAAAAAAQE0KBAAAAAAAAAAAAEBNCgQAAAAAAAAAAABATQoEAAAAAAAAAAAAQE0KBAAAAAAAAAAAAEBNCgQAAAAAAAAAAABATQoEAAAAAAAAAAAAQE0KBAAAAAAAAAAAAEBNCgQAAAAAAAAAAABATQoEAAAAAAAAAAAAQE0KBAAAAAAAAAAAAEBNCgQAAAAAAAAAAABATQoEAAAAAAAAAAAAQE0KBAAAAAAAAAAAAEBNCgQAAAAAAAAAAABATQoEAAAAAAAAAAAAQE0KBAAAAAAAAAAAAEBNCgQAAAAAAAAAAABATQoEAAAAAAAAAAAAQE0KBAAAAAAAAAAAAEBNCgQAAAAAAAAAAABATQoEAAAAAAAAAAAAQE0KBAAAAAAAAAAAAEBNCgQAAAAAAAAAAABATQoEAAAAAAAAAAAAQE0KBAAAAAAAAAAAAEBNCgQAAAAAAAAAAABATQoEAAAAAAAAAAAAQE0KBAAAAAAAAAAAAEBNCgQAAAAAAAAAAABATQoEAAAAAAAAAAAAQE0KBAAAAAAAAAAAAEBNCgQAAAAAAAAAAABATQoEAAAAAAAAAAAAQE0KBAAAAAAAAAAAAEBNCgQAAAAAAAAAAABATQoEAAAAAAAAAAAAQE0KBAAAAAAAAAAAAEBNCgQAAAAAAAAAAABATQoEAAAAAAAAAAAAQE0KBAAAAAAAAAAAAEBNCgQAA/59dO5ABAAAAGORvfY+vOAIAAAAAAACACSkQAAAAAAAAAAAAJqRAAAAAAAAAAAAAmJACAQAAAAAAAAAAYEIKBAAAAAAAAAAAgAkpEAAAAAAAAAAAACakQAAAAAAAAAAAAJiQAgEAAAAAAAAAAGBCCgQAAAAAAAAAAIAJKRAAAAAAAAAAAAAmpEAAAAAAAAAAAACYkAIBAAAAAAAAAABgQgoEAAAAAAAAAACACSkQAAAAAAAAAAAAJqRAAAAAAAAAAAAAmJACAQAAAAAAAAAAYEIKBAAAAAAAAAAAgAkpEAAAAAAAAAAAACakQAAAAAAAAAAAAJiQAgEAAAAAAAAAAGBCCgQAAAAAAAAAAIAJKRAAAAAAAAAAAAAmpEAAAAAAAAAAAACYkAIBAAAAAAAAAABgQgoEAAAAAAAAAACACSkQAAAAAAAAAAAAJqRAAAAAAAAAAAAAmJACAQAAAAAAAAAAYEIKBAAAAAAAAAAAgAkpEAAAAAAAAAAAACakQAAAAAAAAAAAAJiQAgEAAAAAAAAAAGBCCgQAAAAAAAAAAIAJKRAAAAAAAAAAAAAmpEAAAAAAAAAAAACYkAIBAAAAAAAAAABgQgoEAAAAAAAAAACACSkQAAAAAAAAAAAAJqRAAAAAAAAAAAAAmJACAQAAAAAAAAAAYEIKBAAAAAAAAAAAgAkpEAAAAAAAAAAAACakQAAAAAAAAAAAAJiQAgEAAAAAAAAAAGBCCgQAAAAAAAAAAIAJKRAAAAAAAAAAAAAmpEAAAAAAAAAAAACYkAIBAAAAAAAAAABgQgoEAAAAAAAAAACACSkQAAAAAAAAAAAAJqRAAAAAAAAAAAAAmJACAQAAAAAAAAAAYEIKBAAAAAAAAAAAgAkpEAAAAAAAAAAAACakQAAAAAAAAAAAAJiQAgEAAAAAAAAAAGBCCgQAAAAAAAAAAIAJKRAAAAAAAAAAAAAmpEAAAAAAAAAAAACYkAIBAAAAAAAAAABgQgoEAAAAAAAAAACACSkQAAAAAAAAAAAAJqRAAAAAAAAAAAAAmJACAQAAAAAAAAAAYEIKBAAAAAAAAAAAgAkpEAAAAAAAAAAAACakQAAAAAAAAAAAAJiQAgEAAAAAAAAAAGBCCgQAAAAAAAAAAIAJKRAAAAAAAAAAAAAmpEAAAAAAAAAAAACYkAIBAAAAAAAAAABgQgoEAAAAAAAAAACACSkQAAAAAAAAAAAAJqRAAAAAAAAAAAAAmJACAQAAAAAAAAAAYEIKBAAAAAAAAAAAgAkpEAAAAAAAAAAAACakQAAAAAAAAAAAAJiQAgEAAAAAAAAAAGBCCgQAAAAAAAAAAIAJKRAAAAAAAAAAAAAmpEAAAAAAAAAAAACYkAIBAAAAAAAAAABgQgoEAAAAAAAAAACACSkQAAAAAAAAAAAAJqRAAAAAAAAAAAAAmJACAQAAAAAAAAAAYEIKBAAAAAAAAAAAgAkpEAAAAAAAAAAAACakQAAAAAAAAAAAAJiQAgEAAAAAAAAAAGBCCgQAAAAAAAAAAIAJKRAAAAAAAAAAAAAmpEAAAAAAAAAAAACYkAIBAAAAAAAAAABgQgoEAAAAAAAAAACACSkQAAAAAAAAAAAAJqRAAAAAAAAAAAAAmJACAQAAAAAAAAAAYEIKBAAAAAAAAAAAgAkpEAAAAAAAAAAAACakQAAAAAAAAAAAAJiQAgEAAAAAAAAAAGBCCgQAAAAAAAAAAIAJKRAAAAAAAAAAAAAmpEAAAAAAAAAAAACYkAIBAAAAAAAAAABgQgoEAAAAAAAAAACACSkQAAAAAAAAAAAAJqRAAAAAAAAAAAAAmJACAQAAAAAAAAAAYEIKBAAAAAAAAAAAgAkpEAAAAAAAAAAAACakQAAAAAAAAAAAAJiQAgEAAAAAAAAAAGBCCgQAAAAAAAAAAIAJKRAAAAAAAAAAAAAmpEAAAAAAAAAAAACYkAIBAAAAAAAAAABgQgoEAAAAAAAAAACACSkQAAAAAAAAAAAAJqRAAAAAAAAAAAAAmJACAQAAAAAAAAAAYEIKBAAAAAAAAAAAgAkpEAAAAAAAAAAAACakQAAAAAAAAAAAAJiQAgEAAAAAAAAAAGBCCgQAAAAAAAAAAIAJKRAAAAAAAAAAAAAmpEAAAAAAAAAAAACYkAIBAAAAAAAAAABgQgoEAAAAAAAAAACACSkQAAAAAAAAAAAAJqRAAAAAAAAAAAAAmJACAQAAAAAAAAAAYEIKBAAAAAAAAAAAgAkpEAAAAAAAAAAAACakQAAAAAAAAAAAAJiQAgEAAAAAAAAAAGBCCgQAAAAAAAAAAIAJKRAAAAAAAAAAAAAmpEAAAAAAAAAAAACYkAIBAAAAAAAAAABgQgoEAAAAAAAAAACACSkQAAAAAAAAAAAAJqRAAAAAAAAAAAAAmJACAQAAAAAAAAAAYEIKBAAAAAAAAAAAgAkpEAAAAAAAAAAAACakQAAAAAAAAAAAAJiQAgEAAAAAAAAAAGBCCgQAAAAAAAAAAIAJKRAAAAAAAAAAAAAmpEAAAAAAAAAAAACYkAIBAAAAAAAAAABgQgoEAAAAAAAAAACACSkQAAAAAAAAAAAAJqRAAAAAAAAAAAAAmJACAQAAAAAAAAAAYEIKBAAAAAAAAAAAgAkpEAAAAAAAAAAAACakQAAAAAAAAAAAAJiQAgEAAAAAAAAAAGBCCgQAAAAAAAAAAIAJKRAAAAAAAAAAAAAmpEAAAAAAAAAAAACYkAIBAAAAAAAAAABgQgoEAAAAAAAAAACACSkQAAAAAAAAAAAAJqRAAAAAAAAAAAAAmJACAQAAAAAAAAAAYEIKBAAAAAAAAAAAgAkpEAAAAAAAAAAAACakQAAAAAAAAAAAAJiQAgEAAAAAAAAAAGBCCgQAAAAAAAAAAIAJKRAAAAAAAAAAAAAmpEAAAAAAAAAAAACYkAIBAAAAAAAAAABgQgoEAAAAAAAAAACACSkQAAAAAAAAAAAAJqRAAAAAAAAAAAAAmJACAQAAAAAAAAAAYEIKBAAAAAAAAAAAgAkpEAAAAAAAAAAAACakQAAAAAAAAAAAAJiQAgEAAAAAAAAAAGBCCgQAAAAAAAAAAIAJKRAAAAAAAAAAAAAmpEAAAAAAAAAAAACYkAIBAAAAAAAAAABgQgoEAAAAAAAAAACACSkQAAAAAAAAAAAAJqRAAAAAAAAAAAAAmJACAQAAAAAAAAAAYEIKBAAAAAAAAAAAgAkpEAAAAAAAAAAAACakQAAAAAAAAAAAAJiQAgEAAAAAAAAAAGBCCgQAAAAAAAAAAIAJKRAAAAAAAAAAAAAmpEAAAAAAAAAAAACYkAIBAAAAAAAAAABgQgoEAAAAAAAAAACACSkQAAAAAAAAAAAAJqRAAAAAAAAAAAAAmJACAQAAAAAAAAAAYEIKBAAAAAAAAAAAgAkpEAAAAAAAAAAAACakQAAAAAAAAAAAAJiQAgEAAAAAAAAAAGBCCgQAAAAAAAAAAIAJKRAAAAAAAAAAAAAmpEAAAAAAAAAAAACYkAIBAAAAAAAAAABgQgoEAAAAAAAAAACACSkQAAAAAAAAAAAAJqRAAAAAAAAAAAAAmJACAQAAAAAAAAAAYEIKBAAAAAAAAAAAgAkpEAAAAAAAAAAAACakQAAAAAAAAAAAAJiQAgEAAAAAAAAAAGBCCgQAAAAAAAAAAIAJKRAAAAAAAAAAAAAmpEAAAAAAAAAAAACYkAIBAAAAAAAAAABgQgoEAAAAAAAAAACACSkQAAAAAAAAAAAAJqRAAAAAAAAAAAAAmJACAQAAAAAAAAAAYEIKBAAAAAAAAAAAgAkpEAAAAAAAAAAAACakQAAAAAAAAAAAAJiQAgEAAAAAAAAAAGBCCgQAAAAAAAAAAIAJKRAAAAAAAAAAAAAmpEAAAAAAAAAAAACYkAIBAAAAAAAAAABgQgoEAAAAAAAAAACACSkQAAAAAAAAAAAAJqRAAAAAAAAAAAAAmJACAQAAAAAAAAAAYEIKBAAAAAAAAAAAgAkpEAAAAAAAAAAAACakQAAAAAAAAAAAAJiQAgEAAAAAAAAAAGBCCgQAAAAAAAAAAIAJKRAAAAAAAAAAAAAmpEAAAAAAAAAAAACYkAIBAAAAAAAAAABgQgoEAAAAAAAAAACACSkQAAAAAAAAAAAAJqRAAAAAAAAAAAAAmJACAQAAAAAAAAAAYEIKBAAAAAAAAAAAgAkpEAAAAAAAAAAAACakQAAAAAAAAAAAAJiQAgEAAAAAAAAAAGBCCgQAAAAAAAAAAIAJKRAAAAAAAAAAAAAmpEAAAAAAAAAAAACYkAIBAAAAAAAAAABgQgoEAAAAAAAAAACACSkQAAAAAAAAAAAAJqRAAAAAAAAAAAAAmJACAQAAAAAAAAAAYEIKBAAAAAAAAAAAgAkpEAAAAAAAAAAAACakQAAAAAAAAAAAAJiQAgEAAAAAAAAAAGBCCgQAAAAAAAAAAIAJKRAAAAAAAAAAAAAmpEAAAAAAAAAAAACYkAIBAAAAAAAAAABgQgoEAAAAAAAAAACACSkQAAAAAAAAAAAAJqRAAAAAAAAAAAAAmJACAQAAAAAAAAAAYEIKBAAAAAAAAAAAgAkpEAAAAAAAAAAAACakQAAAAAAAAAAAAJiQAgEAAAAAAAAAAGBCCgQAAAAAAAAAAIAJKRAAAAAAAAAAAAAmpEAAAAAAAAAAAACYkAIBAAAAAAAAAABgQgoEAAAAAAAAAACACSkQAAAAAAAAAAAAJqRAAAAAAAAAAAAAmJACAQAAAAAAAAAAYEIKBAAAAAAAAAAAgAkpEAAAAAAAAAAAACakQAAAAAAAAAAAAJiQAgEAAAAAAAAAAGBCCgQAAAAAAAAAAIAJKRAAAAAAAAAAAAAmpEAAAAAAAAAAAACYkAIBAAAAAAAAAABgQgoEAAAAAAAAAACACSkQAAAAAAAAAAAAJqRAAAAAAAAAAAAAmJACAQAAAAAAAAAAYEIKBAAAAAAAAAAAgAkpEAAAAAAAAAAAACakQAAAAAAAAAAAAJiQAgEAAAAAAAAAAGBCCgQAAAAAAAAAAIAJKRAAAAAAAAAAAAAmpEAAAAAAAAAAAACYkAIBAAAAAAAAAABgQgoEAAAAAAAAAACACSkQAAAAAAAAAAAAJqRAAAAAAAAAAAAAmJACAQAAAAAAAAAAYEIKBAAAAAAAAAAAgAkpEAAAAAAAAAAAACakQAAAAAAAAAAAAJiQAgEAAAAAAAAAAGBCCgQAAAAAAAAAAIAJKRAAAAAAAAAAAAAmpEAAAAAAAAAAAACYkAIBAAAAAAAAAABgQgoEAAAAAAAAAACACSkQAAAAAAAAAAAAJqRAAAAAAAAAAAAAmJACAQAAAAAAAAAAYEIKBAAAAAAAAAAAgAkpEAAAAAAAAAAAACakQAAAAAAAAAAAAJiQAgEAAAAAAAAAAGBCCgQAAAAAAAAAAIAJKRAAAAAAAAAAAAAmpEAAAAAAAAAAAACYkAIBAAAAAAAAAABgQgoEAAAAAAAAAACACSkQAAAAAAAAAAAAJqRAAAAAAAAAAAAAmJACAQAAAAAAAAAAYEIKBAAAAAAAAAAAgAkpEAAAAAAAAAAAACakQAAAAAAAAAAAAJiQAgEAAAAAAAAAAGBCCgQAAAAAAAAAAIAJKRAAAAAAAAAAAAAmpEAAAAAAAAAAAACYkAIBAAAAAAAAAABgQgoEAAAAAAAAAACACSkQAAAAAAAAAAAAJqRAAAAAAAAAAAAAmJACAQAAAAAAAAAAYEIKBAAAAAAAAAAAgAkpEAAAAAAAAAAAACakQAAAAAAAAAAAAJiQAgEAAAAAAAAAAGBCCgQAAAAAAAAAAIAJKRAAAAAAAAAAAAAmpEAAAAAAAAAAAACYkAIBAAAAAAAAAABgQgoEAAAAAAAAAACACSkQAAAAAAAAAAAAJqRAAAAAAAAAAAAAmJACAQAAAAAAAAAAYEIKBAAAAAAAAAAAgAkpEAAAAAAAAAAAACakQAAAAAAAAAAAAJiQAgEAAAAAAAAAAGBCCgQAAAAAAAAAAIAJKRAAAAAAAAAAAAAmpEAAAAAAAAAAAACYkAIBAAAAAAAAAABgQgoEAAAAAAAAAACACSkQAAAAAAAAAAAAJqRAAAAAAAAAAAAAmJACAQAAAAAAAAAAYEIKBAAAAAAAAAAAgAkpEAAAAAAAAAAAACakQAAAAAAAAAAAAJiQAgEAAAAAAAAAAGBCCgQAAAAAAAAAAIAJKRAAAAAAAAAAAAAmpEAAAAAAAAAAAACYkAIBAAAAAAAAAABgQgoEAAAAAAAAAACACSkQAAAAAAAAAAAAJqRAAAAAAAAAAAAAmJACAQAAAAAAAAAAYEIKBAAAAAAAAAAAgAkpEAAAAAAAAAAAACakQAAAAAAAAAAAAJiQAgEAAAAAAAAAAGBCCgQAAAAAAAAAAIAJKRAAAAAAAAAAAAAmpEAAAAAAAAAAAACYkAIBAAAAAAAAAABgQgoEAAAAAAAAAACACSkQAAAAAAAAAAAAJqRAAAAAAAAAAAAAmJACAQAAAAAAAAAAYEIKBAAAAAAAAAAAgAkpEAAAAAAAAAAAACakQAAAAAAAAAAAAJiQAgEAAAAAAAAAAGBCCgQAAAAAAAAAAIAJKRAAAAAAAAAAAAAmpEAAAAAAAAAAAACYkAIBAAAAAAAAAABgQgoEAAAAAAAAAACACSkQAAAAAAAAAKhdO5ABAAAAGORvfY+vOAIAJqRAAAAAAAAAAAAAmJACAQAAAAAAAAAAYEIKBAAAAAAAAAAAgAkpEAAAAAAAAAAAACakQAAAAAAAAAAAAJiQAgEAAAAAAAAAAGBCCgQAAAAAAAAAAIAJKRAAAAAAAAAAAAAmpEAAAAAAAAAAAACYkAIBAAAAAAAAAABgQgoEAAAAAAAAAACACSkQAAAAAAAAAAAAJqRAAAAAAAAAAAAAmJACAQAAAAAAAAAAYEIKBAAAAAAAAAAAgAkpEAAAAAAAAAAAACakQAAAAAAAAAAAAJiQAgEAAAAAAAAAAGBCCgQAAAAAAAAAAIAJKRAAAAAAAAAAAAAmpEAAAAAAAAAAAACYkAIBAAAAAAAAAABgQgoEAAAAAAAAAACACSkQAAAAAAAAAAAAJqRAAAAAAAAAAAAAmJACAQAAAAAAAAAAYEIKBAAAAAAAAAAAgAkpEAAAAAAAAAAAACakQAAAAAAAAAAAAJiQAgEAAAAAAAAAAGBCCgQAAAAAAAAAAIAJKRAAAAAAAAAAAAAmpEAAAAAAAAAAAACYkAIBAAAAAAAAAABgQgoEAAAAAAAAAACACSkQAAAAAAAAAAAAJqRAAAAAAAAAAAAAmJACAQAAAAAAAAAAYEIKBAAAAAAAAAAAgAkpEAAAAAAAAAAAACakQAAAAAAAAAAAAJiQAgEAAAAAAAAAAGBCCgQAAAAAAAAAAIAJKRAAAAAAAAAAAAAmpEAAAAAAAAAAAACYkAIBAAAAAAAAAABgQgoEAAAAAAAAAACACSkQAAAAAAAAAAAAJqRAAAAAAAAAAAAAmJACAQAAAAAAAAAAYEIKBAAAAAAAAAAAgAkpEAAAAAAAAAAAACakQAAAAAAAAAAAAJiQAgEAAAAAAAAAAGBCCgQAAAAAAAAAAIAJKRAAAAAAAAAAAAAmpEAAAAAAAAAAAACYkAIBAAAAAAAAAABgQgoEAAAAAAAAAACACSkQAAAAAAAAAAAAJqRAAAAAAAAAAAAAmJACAQAAAAAAAAAAYEIKBAAAAAAAAAAAgAkpEAAAAAAAAAAAACakQAAAAAAAAAAAAJiQAgEAAAAAAAAAAGBCCgQAAAAAAAAAAIAJKRAAAAAAAAAAAAAmpEAAAAAAAAAAAACYkAIBAAAAAAAAAABgQgoEAAAAAAAAAACACSkQAAAAAAAAAAAAJqRAAAAAAAAAAAAAmJACAQAAAAAAAAAAYEIKBAAAAAAAAAAAgAkpEAAAAAAAAAAAACakQAAAAAAAAAAAAJiQAgEAAAAAAAAAAGBCCgQAAAAAAAAAAIAJKRAAAAAAAAAAAAAmpEAAAAAAAAAAAACYkAIBAAAAAAAAAABgQgoEAAAAAAAAAACACSkQAAAAAAAAAAAAJqRAAAAAAAAAAAAAmJACAQAAAAAAAAAAYEIKBAAAAAAAAAAAgAkpEAAAAAAAAAAAACakQAAAAAAAAAAAAJiQAgEAAAAAAAAAAGBCCgQAAAAAAAAAAIAJKRAAAAAAAAAAAAAmpEAAAAAAAAAAAACYkAIBAAAAAAAAAABgQgoEAAAAAAAAAACACSkQAAAAAAAAAAAAJqRAAAAAAAAAAAAAmJACAQAAAAAAAAAAYEIKBAAAAAAAAAAAgAkpEAAAAAAAAAAAACakQAAAAAAAAAAAAJiQAgEAAAAAAAAAAGBCCgQAAAAAAAAAAIAJKRAAAAAAAAAAAAAmpEAAAAAAAAAAAACYkAIBAAAAAAAAAABgQgoEAAAAAAAAAACACSkQAAAAAAAAAAAAJqRAAAAAAAAAAAAAmJACAQAAAAAAAAAAYEIKBAAAAAAAAAAAgAkpEAAAAAAAAAAAACakQAAAAAAAAAAAAJiQAgEAAAAAAAAAAGBCCgQAAAAAAAAAAIAJKRAAAAAAAAAAAAAmpEAAAAAAAAAAAACYkAIBAAAAAAAAAABgQgoEAAAAAAAAAACACSkQAAAAAAAAAAAAJqRAAAAAAAAAAAAAmJACAQAAAAAAAAAAYEIKBAAAAAAAAAAAgAkpEAAAAAAAAAAAACakQAAAAAAAAAAAAJiQAgEAAAAAAAAAAGBCCgQAAAAAAAAAAIAJKRAAAAAAAAAAAAAmpEAAAAAAAAAAAACYkAIBAAAAAAAAAABgQgoEAAAAAAAAAACACSkQAAAAAAAAAAAAJqRAAAAAAAAAAAAAmJACAQAAAAAAAAAAYEIKBAAAAAAAAAAAgAkpEAAAAAAAAAAAACakQAAAAAAAAAAAAJiQAgEAAAAAAAAAAGBCCgQAAAAAAAAAAIAJKRAAAAAAAAAAAAAmpEAAAAAAAAAAAACYkAIBAAAAAAAAAABgQgoEAAAAAAAAAACACSkQAAAAAAAAAAAAJqRAAAAAAAAAAAAAmJACAQAAAAAAAAAAYEIKBAAAAAAAAAAAgAkpEAAAAAAAAAAAACakQAAAAAAAAAAAAJiQAgEAAAAAAAAAAGBCCgQAAAAAAAAAAIAJKRAAAAAAAAAAAAAmpEAAAAAAAAAAAACYkAIBAAAAAAAAAABgQgoEAAAAAAAAAACACSkQAAAAAAAAAAAAJqRAAAAAAAAAAAAAmJACAQBshuiCAAAB30lEQVQAAAAAAAAAYEIKBAAAAAAAAAAAgAkpEAAAAAAAAAAAACakQAAAAAAAAAAAAJiQAgEAAAAAAAAAAGBCCgQAAAAAAAAAAIAJKRAAAAAAAAAAAAAmpEAAAAAAAAAAAACYkAIBAAAAAAAAAABgQgoEAAAAAAAAAACACSkQAAAAAAAAAAAAJqRAAAAAAAAAAAAAmJACAQAAAAAAAAAAYEIKBAAAAAAAAAAAgAkpEAAAAAAAAAAAACakQAAAAAAAAAAAAJiQAgEAAAAAAAAAAGBCCgQAAAAAAAAAAIAJKRAAAAAAAAAAAAAmpEAAAAAAAAAAAACYkAIBAAAAAAAAAABgQgoEAAAAAAAAAACACSkQAAAAAAAAAAAAJqRAAAAAAAAAAAAAmJACAQAAAAAAAAAAYEIKBAAAAAAAAAAAgAkpEAAAAAAAAAAAACakQAAAAAAAAAAAAJiQAgEAAAAAAAAAAGBCCgQAAAAAAAAAAIAJKRAAAAAAAAAAAAAmpEAAAAAAAAAAAACYkAIBAAAAAAAAAABgQgoEAAAAAAAAAACACSkQAAAAAAAAAAAAJqRAAAAAAAAAAAAAmJACAQAAAAAAAAAAYEIKBAAAAAAAAAAAgAkpEAAAAAAAAAAAACYCcGL1uPEUQLsAAAAASUVORK5CYII="} | headers=HTTPHeaderDict({'Content-Length': '252732', 'Content-Type': 'application/json; charset=utf-8', 'cache-control': 'no-cache'})
2024-09-30 19-07-23 - remote_connection.py - remote_connection - _request - 361 - DEBUG - Finished Request
2024-09-30 19-07-23 - remote_connection.py - remote_connection - execute - 305 - DEBUG - GET http://localhost:51858/session/efbf0fb3ffcb2acc43fffe3fb1be594d/window/handles {}
2024-09-30 19-07-23 - connectionpool.py - connectionpool - _make_request - 546 - DEBUG - http://localhost:51858 "GET /session/efbf0fb3ffcb2acc43fffe3fb1be594d/window/handles HTTP/11" 200 0
2024-09-30 19-07-23 - remote_connection.py - remote_connection - _request - 334 - DEBUG - Remote response: status=200 | data={"value":["29CA5E4FDE6B3066ACAAEB176FC5BB17","FD78173E8352FD10AD6082C2554B2C4E"]} | headers=HTTPHeaderDict({'Content-Length': '81', 'Content-Type': 'application/json; charset=utf-8', 'cache-control': 'no-cache'})
2024-09-30 19-07-23 - remote_connection.py - remote_connection - _request - 361 - DEBUG - Finished Request
2024-09-30 19-07-23 - remote_connection.py - remote_connection - execute - 305 - DEBUG - POST http://localhost:51858/session/efbf0fb3ffcb2acc43fffe3fb1be594d/window {'handle': 'FD78173E8352FD10AD6082C2554B2C4E'}
2024-09-30 19-07-23 - connectionpool.py - connectionpool - _make_request - 546 - DEBUG - http://localhost:51858 "POST /session/efbf0fb3ffcb2acc43fffe3fb1be594d/window HTTP/11" 200 0
2024-09-30 19-07-23 - remote_connection.py - remote_connection - _request - 334 - DEBUG - Remote response: status=200 | data={"value":null} | headers=HTTPHeaderDict({'Content-Length': '14', 'Content-Type': 'application/json; charset=utf-8', 'cache-control': 'no-cache'})
2024-09-30 19-07-23 - remote_connection.py - remote_connection - _request - 361 - DEBUG - Finished Request
2024-09-30 19-07-23 - remote_connection.py - remote_connection - execute - 305 - DEBUG - GET http://localhost:51858/session/efbf0fb3ffcb2acc43fffe3fb1be594d/title {}
2024-09-30 19-07-33 - connectionpool.py - connectionpool - _make_request - 546 - DEBUG - http://localhost:51858 "GET /session/efbf0fb3ffcb2acc43fffe3fb1be594d/title HTTP/11" 200 0
2024-09-30 19-07-33 - remote_connection.py - remote_connection - _request - 334 - DEBUG - Remote response: status=200 | data={"value":"慕课网-程序员的梦工厂"} | headers=HTTPHeaderDict({'Content-Length': '43', 'Content-Type': 'application/json; charset=utf-8', 'cache-control': 'no-cache'})
2024-09-30 19-07-33 - remote_connection.py - remote_connection - _request - 361 - DEBUG - Finished Request
2024-09-30 19-07-33 - remote_connection.py - remote_connection - execute - 305 - DEBUG - DELETE http://localhost:51858/session/efbf0fb3ffcb2acc43fffe3fb1be594d {}
2024-09-30 19-07-33 - connectionpool.py - connectionpool - _make_request - 546 - DEBUG - http://localhost:51858 "DELETE /session/efbf0fb3ffcb2acc43fffe3fb1be594d HTTP/11" 200 0
2024-09-30 19-07-33 - remote_connection.py - remote_connection - _request - 334 - DEBUG - Remote response: status=200 | data={"value":null} | headers=HTTPHeaderDict({'Content-Length': '14', 'Content-Type': 'application/json; charset=utf-8', 'cache-control': 'no-cache'})
2024-09-30 19-07-33 - remote_connection.py - remote_connection - _request - 361 - DEBUG - Finished Request
